[0.131s] DEBUG:colcon:Command line arguments: ['/usr/bin/colcon', 'build']
[0.131s] DEBUG:colcon:Parsed command line arguments: Namespace(log_base=None, log_level=None, verb_name='build', build_base='build', install_base='install', merge_install=False, symlink_install=False, test_result_base=None, continue_on_error=False, executor='parallel', parallel_workers=12, event_handlers=None, ignore_user_meta=False, metas=['./colcon.meta'], base_paths=['.'], packages_ignore=None, packages_ignore_regex=None, paths=None, packages_up_to=None, packages_up_to_regex=None, packages_above=None, packages_above_and_dependencies=None, packages_above_depth=None, packages_select_by_dep=None, packages_skip_by_dep=None, packages_skip_up_to=None, packages_select_build_failed=False, packages_skip_build_finished=False, packages_select_test_failures=False, packages_skip_test_passed=False, packages_select=None, packages_skip=None, packages_select_regex=None, packages_skip_regex=None, packages_start=None, packages_end=None, cmake_args=None, cmake_target=None, cmake_target_skip_unavailable=False, cmake_clean_cache=False, cmake_clean_first=False, cmake_force_configure=False, ament_cmake_args=None, catkin_cmake_args=None, catkin_skip_building_tests=False, mixin_files=None, mixin=None, verb_parser=<colcon_mixin.mixin.mixin_argument.MixinArgumentDecorator object at 0x7b4d79f54370>, verb_extension=<colcon_core.verb.build.BuildVerb object at 0x7b4d79f2b6d0>, main=<bound method BuildVerb.main of <colcon_core.verb.build.BuildVerb object at 0x7b4d79f2b6d0>>, mixin_verb=('build',))
[0.331s] Level 1:colcon.colcon_core.package_discovery:discover_packages(colcon_meta) check parameters
[0.332s] INFO:colcon.colcon_metadata.package_discovery.colcon_meta:Using configuration from '/root/.colcon/metadata/default/Gazebo.meta'
[0.333s] INFO:colcon.colcon_metadata.package_discovery.colcon_meta:Using configuration from '/root/.colcon/metadata/default/fastdds.meta'
[0.334s] INFO:colcon.colcon_metadata.package_discovery.colcon_meta:Using configuration from '/root/.colcon/metadata/default/fastrtps.meta'
[0.334s] Level 1:colcon.colcon_core.package_discovery:discover_packages(recursive) check parameters
[0.334s] Level 1:colcon.colcon_core.package_discovery:discover_packages(ignore) check parameters
[0.334s] Level 1:colcon.colcon_core.package_discovery:discover_packages(path) check parameters
[0.334s] Level 1:colcon.colcon_core.package_discovery:discover_packages(colcon_meta) discover
[0.334s] Level 1:colcon.colcon_core.package_discovery:discover_packages(recursive) discover
[0.334s] INFO:colcon.colcon_core.package_discovery:Crawling recursively for packages in '/shared/ws1_stu'
[0.334s] Level 1:colcon.colcon_core.package_identification:_identify(.) by extensions ['ignore', 'ignore_ament_install']
[0.334s] Level 1:colcon.colcon_core.package_identification:_identify(.) by extension 'ignore'
[0.334s] Level 1:colcon.colcon_core.package_identification:_identify(.) by extension 'ignore_ament_install'
[0.334s] Level 1:colcon.colcon_core.package_identification:_identify(.) by extensions ['colcon_pkg']
[0.334s] Level 1:colcon.colcon_core.package_identification:_identify(.) by extension 'colcon_pkg'
[0.334s] Level 1:colcon.colcon_core.package_identification:_identify(.) by extensions ['colcon_meta']
[0.334s] Level 1:colcon.colcon_core.package_identification:_identify(.) by extension 'colcon_meta'
[0.334s] Level 1:colcon.colcon_core.package_identification:_identify(.) by extensions ['ros']
[0.335s] Level 1:colcon.colcon_core.package_identification:_identify(.) by extension 'ros'
[0.344s] Level 1:colcon.colcon_core.package_identification:_identify(.) by extensions ['cmake', 'python']
[0.345s] Level 1:colcon.colcon_core.package_identification:_identify(.) by extension 'cmake'
[0.345s] Level 1:colcon.colcon_core.package_identification:_identify(.) by extension 'python'
[0.345s] Level 1:colcon.colcon_core.package_identification:_identify(.) by extensions ['python_setup_py']
[0.345s] Level 1:colcon.colcon_core.package_identification:_identify(.) by extension 'python_setup_py'
[0.345s] Level 1:colcon.colcon_core.package_identification:_identify(build) by extensions ['ignore', 'ignore_ament_install']
[0.345s] Level 1:colcon.colcon_core.package_identification:_identify(build) by extension 'ignore'
[0.345s] Level 1:colcon.colcon_core.package_identification:_identify(build) ignored
[0.345s] Level 1:colcon.colcon_core.package_identification:_identify(install) by extensions ['ignore', 'ignore_ament_install']
[0.345s] Level 1:colcon.colcon_core.package_identification:_identify(install) by extension 'ignore'
[0.345s] Level 1:colcon.colcon_core.package_identification:_identify(install) ignored
[0.346s] Level 1:colcon.colcon_core.package_identification:_identify(log) by extensions ['ignore', 'ignore_ament_install']
[0.346s] Level 1:colcon.colcon_core.package_identification:_identify(log) by extension 'ignore'
[0.346s] Level 1:colcon.colcon_core.package_identification:_identify(log) ignored
[0.346s] Level 1:colcon.colcon_core.package_identification:_identify(src) by extensions ['ignore', 'ignore_ament_install']
[0.346s] Level 1:colcon.colcon_core.package_identification:_identify(src) by extension 'ignore'
[0.346s] Level 1:colcon.colcon_core.package_identification:_identify(src) by extension 'ignore_ament_install'
[0.346s] Level 1:colcon.colcon_core.package_identification:_identify(src) by extensions ['colcon_pkg']
[0.346s] Level 1:colcon.colcon_core.package_identification:_identify(src) by extension 'colcon_pkg'
[0.346s] Level 1:colcon.colcon_core.package_identification:_identify(src) by extensions ['colcon_meta']
[0.346s] Level 1:colcon.colcon_core.package_identification:_identify(src) by extension 'colcon_meta'
[0.346s] Level 1:colcon.colcon_core.package_identification:_identify(src) by extensions ['ros']
[0.346s] Level 1:colcon.colcon_core.package_identification:_identify(src) by extension 'ros'
[0.346s] Level 1:colcon.colcon_core.package_identification:_identify(src) by extensions ['cmake', 'python']
[0.346s] Level 1:colcon.colcon_core.package_identification:_identify(src) by extension 'cmake'
[0.346s] Level 1:colcon.colcon_core.package_identification:_identify(src) by extension 'python'
[0.346s] Level 1:colcon.colcon_core.package_identification:_identify(src) by extensions ['python_setup_py']
[0.346s] Level 1:colcon.colcon_core.package_identification:_identify(src) by extension 'python_setup_py'
[0.346s] Level 1:colcon.colcon_core.package_identification:_identify(src/cpp1_gazebo) by extensions ['ignore', 'ignore_ament_install']
[0.346s] Level 1:colcon.colcon_core.package_identification:_identify(src/cpp1_gazebo) by extension 'ignore'
[0.347s] Level 1:colcon.colcon_core.package_identification:_identify(src/cpp1_gazebo) by extension 'ignore_ament_install'
[0.347s] Level 1:colcon.colcon_core.package_identification:_identify(src/cpp1_gazebo) by extensions ['colcon_pkg']
[0.347s] Level 1:colcon.colcon_core.package_identification:_identify(src/cpp1_gazebo) by extension 'colcon_pkg'
[0.347s] Level 1:colcon.colcon_core.package_identification:_identify(src/cpp1_gazebo) by extensions ['colcon_meta']
[0.347s] Level 1:colcon.colcon_core.package_identification:_identify(src/cpp1_gazebo) by extension 'colcon_meta'
[0.347s] Level 1:colcon.colcon_core.package_identification:_identify(src/cpp1_gazebo) by extensions ['ros']
[0.347s] Level 1:colcon.colcon_core.package_identification:_identify(src/cpp1_gazebo) by extension 'ros'
[0.349s] DEBUG:colcon.colcon_core.package_identification:Package 'src/cpp1_gazebo' with type 'ros.ament_cmake' and name 'cpp1_gazebo'
[0.349s] Level 1:colcon.colcon_core.package_identification:_identify(src/cpp2_slam) by extensions ['ignore', 'ignore_ament_install']
[0.349s] Level 1:colcon.colcon_core.package_identification:_identify(src/cpp2_slam) by extension 'ignore'
[0.349s] Level 1:colcon.colcon_core.package_identification:_identify(src/cpp2_slam) by extension 'ignore_ament_install'
[0.349s] Level 1:colcon.colcon_core.package_identification:_identify(src/cpp2_slam) by extensions ['colcon_pkg']
[0.349s] Level 1:colcon.colcon_core.package_identification:_identify(src/cpp2_slam) by extension 'colcon_pkg'
[0.349s] Level 1:colcon.colcon_core.package_identification:_identify(src/cpp2_slam) by extensions ['colcon_meta']
[0.349s] Level 1:colcon.colcon_core.package_identification:_identify(src/cpp2_slam) by extension 'colcon_meta'
[0.349s] Level 1:colcon.colcon_core.package_identification:_identify(src/cpp2_slam) by extensions ['ros']
[0.349s] Level 1:colcon.colcon_core.package_identification:_identify(src/cpp2_slam) by extension 'ros'
[0.350s] DEBUG:colcon.colcon_core.package_identification:Package 'src/cpp2_slam' with type 'ros.ament_cmake' and name 'cpp2_slam'
[0.350s] Level 1:colcon.colcon_core.package_identification:_identify(src/cpp3_nav2) by extensions ['ignore', 'ignore_ament_install']
[0.350s] Level 1:colcon.colcon_core.package_identification:_identify(src/cpp3_nav2) by extension 'ignore'
[0.350s] Level 1:colcon.colcon_core.package_identification:_identify(src/cpp3_nav2) by extension 'ignore_ament_install'
[0.350s] Level 1:colcon.colcon_core.package_identification:_identify(src/cpp3_nav2) by extensions ['colcon_pkg']
[0.350s] Level 1:colcon.colcon_core.package_identification:_identify(src/cpp3_nav2) by extension 'colcon_pkg'
[0.350s] Level 1:colcon.colcon_core.package_identification:_identify(src/cpp3_nav2) by extensions ['colcon_meta']
[0.351s] Level 1:colcon.colcon_core.package_identification:_identify(src/cpp3_nav2) by extension 'colcon_meta'
[0.351s] Level 1:colcon.colcon_core.package_identification:_identify(src/cpp3_nav2) by extensions ['ros']
[0.351s] Level 1:colcon.colcon_core.package_identification:_identify(src/cpp3_nav2) by extension 'ros'
[0.351s] DEBUG:colcon.colcon_core.package_identification:Package 'src/cpp3_nav2' with type 'ros.ament_cmake' and name 'cpp3_nav2'
[0.351s] Level 1:colcon.colcon_core.package_identification:_identify(src/py1_car_application) by extensions ['ignore', 'ignore_ament_install']
[0.351s] Level 1:colcon.colcon_core.package_identification:_identify(src/py1_car_application) by extension 'ignore'
[0.351s] Level 1:colcon.colcon_core.package_identification:_identify(src/py1_car_application) by extension 'ignore_ament_install'
[0.351s] Level 1:colcon.colcon_core.package_identification:_identify(src/py1_car_application) by extensions ['colcon_pkg']
[0.351s] Level 1:colcon.colcon_core.package_identification:_identify(src/py1_car_application) by extension 'colcon_pkg'
[0.351s] Level 1:colcon.colcon_core.package_identification:_identify(src/py1_car_application) by extensions ['colcon_meta']
[0.351s] Level 1:colcon.colcon_core.package_identification:_identify(src/py1_car_application) by extension 'colcon_meta'
[0.352s] Level 1:colcon.colcon_core.package_identification:_identify(src/py1_car_application) by extensions ['ros']
[0.352s] Level 1:colcon.colcon_core.package_identification:_identify(src/py1_car_application) by extension 'ros'
[0.352s] DEBUG:colcon.colcon_core.package_identification:Package 'src/py1_car_application' with type 'ros.ament_python' and name 'py1_car_application'
[0.352s] Level 1:colcon.colcon_core.package_discovery:discover_packages(recursive) using defaults
[0.352s] Level 1:colcon.colcon_core.package_discovery:discover_packages(ignore) discover
[0.352s] Level 1:colcon.colcon_core.package_discovery:discover_packages(ignore) using defaults
[0.352s] Level 1:colcon.colcon_core.package_discovery:discover_packages(path) discover
[0.352s] Level 1:colcon.colcon_core.package_discovery:discover_packages(path) using defaults
[0.372s] Level 5:colcon.colcon_core.verb:set package 'cpp1_gazebo' build argument 'cmake_args' from command line to 'None'
[0.372s] Level 5:colcon.colcon_core.verb:set package 'cpp1_gazebo' build argument 'cmake_target' from command line to 'None'
[0.372s] Level 5:colcon.colcon_core.verb:set package 'cpp1_gazebo' build argument 'cmake_target_skip_unavailable' from command line to 'False'
[0.372s] Level 5:colcon.colcon_core.verb:set package 'cpp1_gazebo' build argument 'cmake_clean_cache' from command line to 'False'
[0.372s] Level 5:colcon.colcon_core.verb:set package 'cpp1_gazebo' build argument 'cmake_clean_first' from command line to 'False'
[0.372s] Level 5:colcon.colcon_core.verb:set package 'cpp1_gazebo' build argument 'cmake_force_configure' from command line to 'False'
[0.372s] Level 5:colcon.colcon_core.verb:set package 'cpp1_gazebo' build argument 'ament_cmake_args' from command line to 'None'
[0.372s] Level 5:colcon.colcon_core.verb:set package 'cpp1_gazebo' build argument 'catkin_cmake_args' from command line to 'None'
[0.372s] Level 5:colcon.colcon_core.verb:set package 'cpp1_gazebo' build argument 'catkin_skip_building_tests' from command line to 'False'
[0.372s] DEBUG:colcon.colcon_core.verb:Building package 'cpp1_gazebo' with the following arguments: {'ament_cmake_args': None, 'build_base': '/shared/ws1_stu/build/cpp1_gazebo', 'catkin_cmake_args': None, 'catkin_skip_building_tests': False, 'cmake_args': None, 'cmake_clean_cache': False, 'cmake_clean_first': False, 'cmake_force_configure': False, 'cmake_target': None, 'cmake_target_skip_unavailable': False, 'install_base': '/shared/ws1_stu/install/cpp1_gazebo', 'merge_install': False, 'path': '/shared/ws1_stu/src/cpp1_gazebo', 'symlink_install': False, 'test_result_base': None}
[0.372s] Level 5:colcon.colcon_core.verb:set package 'cpp2_slam' build argument 'cmake_args' from command line to 'None'
[0.372s] Level 5:colcon.colcon_core.verb:set package 'cpp2_slam' build argument 'cmake_target' from command line to 'None'
[0.372s] Level 5:colcon.colcon_core.verb:set package 'cpp2_slam' build argument 'cmake_target_skip_unavailable' from command line to 'False'
[0.372s] Level 5:colcon.colcon_core.verb:set package 'cpp2_slam' build argument 'cmake_clean_cache' from command line to 'False'
[0.373s] Level 5:colcon.colcon_core.verb:set package 'cpp2_slam' build argument 'cmake_clean_first' from command line to 'False'
[0.373s] Level 5:colcon.colcon_core.verb:set package 'cpp2_slam' build argument 'cmake_force_configure' from command line to 'False'
[0.373s] Level 5:colcon.colcon_core.verb:set package 'cpp2_slam' build argument 'ament_cmake_args' from command line to 'None'
[0.373s] Level 5:colcon.colcon_core.verb:set package 'cpp2_slam' build argument 'catkin_cmake_args' from command line to 'None'
[0.373s] Level 5:colcon.colcon_core.verb:set package 'cpp2_slam' build argument 'catkin_skip_building_tests' from command line to 'False'
[0.373s] DEBUG:colcon.colcon_core.verb:Building package 'cpp2_slam' with the following arguments: {'ament_cmake_args': None, 'build_base': '/shared/ws1_stu/build/cpp2_slam', 'catkin_cmake_args': None, 'catkin_skip_building_tests': False, 'cmake_args': None, 'cmake_clean_cache': False, 'cmake_clean_first': False, 'cmake_force_configure': False, 'cmake_target': None, 'cmake_target_skip_unavailable': False, 'install_base': '/shared/ws1_stu/install/cpp2_slam', 'merge_install': False, 'path': '/shared/ws1_stu/src/cpp2_slam', 'symlink_install': False, 'test_result_base': None}
[0.373s] Level 5:colcon.colcon_core.verb:set package 'cpp3_nav2' build argument 'cmake_args' from command line to 'None'
[0.373s] Level 5:colcon.colcon_core.verb:set package 'cpp3_nav2' build argument 'cmake_target' from command line to 'None'
[0.373s] Level 5:colcon.colcon_core.verb:set package 'cpp3_nav2' build argument 'cmake_target_skip_unavailable' from command line to 'False'
[0.373s] Level 5:colcon.colcon_core.verb:set package 'cpp3_nav2' build argument 'cmake_clean_cache' from command line to 'False'
[0.373s] Level 5:colcon.colcon_core.verb:set package 'cpp3_nav2' build argument 'cmake_clean_first' from command line to 'False'
[0.373s] Level 5:colcon.colcon_core.verb:set package 'cpp3_nav2' build argument 'cmake_force_configure' from command line to 'False'
[0.373s] Level 5:colcon.colcon_core.verb:set package 'cpp3_nav2' build argument 'ament_cmake_args' from command line to 'None'
[0.373s] Level 5:colcon.colcon_core.verb:set package 'cpp3_nav2' build argument 'catkin_cmake_args' from command line to 'None'
[0.373s] Level 5:colcon.colcon_core.verb:set package 'cpp3_nav2' build argument 'catkin_skip_building_tests' from command line to 'False'
[0.373s] DEBUG:colcon.colcon_core.verb:Building package 'cpp3_nav2' with the following arguments: {'ament_cmake_args': None, 'build_base': '/shared/ws1_stu/build/cpp3_nav2', 'catkin_cmake_args': None, 'catkin_skip_building_tests': False, 'cmake_args': None, 'cmake_clean_cache': False, 'cmake_clean_first': False, 'cmake_force_configure': False, 'cmake_target': None, 'cmake_target_skip_unavailable': False, 'install_base': '/shared/ws1_stu/install/cpp3_nav2', 'merge_install': False, 'path': '/shared/ws1_stu/src/cpp3_nav2', 'symlink_install': False, 'test_result_base': None}
[0.373s] Level 5:colcon.colcon_core.verb:set package 'py1_car_application' build argument 'cmake_args' from command line to 'None'
[0.373s] Level 5:colcon.colcon_core.verb:set package 'py1_car_application' build argument 'cmake_target' from command line to 'None'
[0.373s] Level 5:colcon.colcon_core.verb:set package 'py1_car_application' build argument 'cmake_target_skip_unavailable' from command line to 'False'
[0.373s] Level 5:colcon.colcon_core.verb:set package 'py1_car_application' build argument 'cmake_clean_cache' from command line to 'False'
[0.373s] Level 5:colcon.colcon_core.verb:set package 'py1_car_application' build argument 'cmake_clean_first' from command line to 'False'
[0.374s] Level 5:colcon.colcon_core.verb:set package 'py1_car_application' build argument 'cmake_force_configure' from command line to 'False'
[0.374s] Level 5:colcon.colcon_core.verb:set package 'py1_car_application' build argument 'ament_cmake_args' from command line to 'None'
[0.374s] Level 5:colcon.colcon_core.verb:set package 'py1_car_application' build argument 'catkin_cmake_args' from command line to 'None'
[0.374s] Level 5:colcon.colcon_core.verb:set package 'py1_car_application' build argument 'catkin_skip_building_tests' from command line to 'False'
[0.374s] DEBUG:colcon.colcon_core.verb:Building package 'py1_car_application' with the following arguments: {'ament_cmake_args': None, 'build_base': '/shared/ws1_stu/build/py1_car_application', 'catkin_cmake_args': None, 'catkin_skip_building_tests': False, 'cmake_args': None, 'cmake_clean_cache': False, 'cmake_clean_first': False, 'cmake_force_configure': False, 'cmake_target': None, 'cmake_target_skip_unavailable': False, 'install_base': '/shared/ws1_stu/install/py1_car_application', 'merge_install': False, 'path': '/shared/ws1_stu/src/py1_car_application', 'symlink_install': False, 'test_result_base': None}
[0.374s] INFO:colcon.colcon_core.executor:Executing jobs using 'parallel' executor
[0.375s] DEBUG:colcon.colcon_parallel_executor.executor.parallel:run_until_complete
[0.375s] INFO:colcon.colcon_ros.task.ament_cmake.build:Building ROS package in '/shared/ws1_stu/src/cpp1_gazebo' with build type 'ament_cmake'
[0.375s] INFO:colcon.colcon_cmake.task.cmake.build:Building CMake package in '/shared/ws1_stu/src/cpp1_gazebo'
[0.379s] INFO:colcon.colcon_core.plugin_system:Skipping extension 'colcon_core.shell.bat': Not used on non-Windows systems
[0.379s] INFO:colcon.colcon_core.shell:Skip shell extension 'powershell' for command environment: Not usable outside of PowerShell
[0.379s] DEBUG:colcon.colcon_core.shell:Skip shell extension 'dsv' for command environment
[0.386s] INFO:colcon.colcon_ros.task.ament_cmake.build:Building ROS package in '/shared/ws1_stu/src/cpp2_slam' with build type 'ament_cmake'
[0.386s] INFO:colcon.colcon_cmake.task.cmake.build:Building CMake package in '/shared/ws1_stu/src/cpp2_slam'
[0.386s] INFO:colcon.colcon_core.shell:Skip shell extension 'powershell' for command environment: Not usable outside of PowerShell
[0.386s] DEBUG:colcon.colcon_core.shell:Skip shell extension 'dsv' for command environment
[0.391s] INFO:colcon.colcon_ros.task.ament_cmake.build:Building ROS package in '/shared/ws1_stu/src/cpp3_nav2' with build type 'ament_cmake'
[0.391s] INFO:colcon.colcon_cmake.task.cmake.build:Building CMake package in '/shared/ws1_stu/src/cpp3_nav2'
[0.391s] INFO:colcon.colcon_core.shell:Skip shell extension 'powershell' for command environment: Not usable outside of PowerShell
[0.391s] DEBUG:colcon.colcon_core.shell:Skip shell extension 'dsv' for command environment
[0.396s] INFO:colcon.colcon_ros.task.ament_python.build:Building ROS package in '/shared/ws1_stu/src/py1_car_application' with build type 'ament_python'
[0.397s] Level 1:colcon.colcon_core.shell:create_environment_hook('py1_car_application', 'ament_prefix_path')
[0.397s] INFO:colcon.colcon_core.shell:Creating environment hook '/shared/ws1_stu/install/py1_car_application/share/py1_car_application/hook/ament_prefix_path.ps1'
[0.398s] INFO:colcon.colcon_core.shell:Creating environment descriptor '/shared/ws1_stu/install/py1_car_application/share/py1_car_application/hook/ament_prefix_path.dsv'
[0.399s] INFO:colcon.colcon_core.shell:Creating environment hook '/shared/ws1_stu/install/py1_car_application/share/py1_car_application/hook/ament_prefix_path.sh'
[0.400s] INFO:colcon.colcon_core.shell:Skip shell extension 'powershell' for command environment: Not usable outside of PowerShell
[0.400s] DEBUG:colcon.colcon_core.shell:Skip shell extension 'dsv' for command environment
[0.413s] DEBUG:colcon.colcon_core.event_handler.log_command:Invoking command in '/shared/ws1_stu/build/cpp1_gazebo': CMAKE_PREFIX_PATH=${CMAKE_PREFIX_PATH}:/shared/ws1_stu/install/py1_car_application:/opt/ros/humble /usr/bin/cmake --build /shared/ws1_stu/build/cpp1_gazebo -- -j12 -l12
[0.419s] DEBUG:colcon.colcon_core.event_handler.log_command:Invoking command in '/shared/ws1_stu/build/cpp2_slam': CMAKE_PREFIX_PATH=${CMAKE_PREFIX_PATH}:/shared/ws1_stu/install/py1_car_application:/opt/ros/humble /usr/bin/cmake --build /shared/ws1_stu/build/cpp2_slam -- -j12 -l12
[0.421s] DEBUG:colcon.colcon_core.event_handler.log_command:Invoking command in '/shared/ws1_stu/build/cpp3_nav2': CMAKE_PREFIX_PATH=${CMAKE_PREFIX_PATH}:/shared/ws1_stu/install/py1_car_application:/opt/ros/humble /usr/bin/cmake --build /shared/ws1_stu/build/cpp3_nav2 -- -j12 -l12
[0.696s] INFO:colcon.colcon_core.task.python.build:Building Python package in '/shared/ws1_stu/src/py1_car_application'
[0.697s] INFO:colcon.colcon_core.shell:Skip shell extension 'powershell' for command environment: Not usable outside of PowerShell
[0.697s] DEBUG:colcon.colcon_core.shell:Skip shell extension 'dsv' for command environment
[0.702s] DEBUG:colcon.colcon_core.event_handler.log_command:Invoked command in '/shared/ws1_stu/build/cpp1_gazebo' returned '0': CMAKE_PREFIX_PATH=${CMAKE_PREFIX_PATH}:/shared/ws1_stu/install/py1_car_application:/opt/ros/humble /usr/bin/cmake --build /shared/ws1_stu/build/cpp1_gazebo -- -j12 -l12
[0.715s] DEBUG:colcon.colcon_core.event_handler.log_command:Invoking command in '/shared/ws1_stu/build/cpp1_gazebo': CMAKE_PREFIX_PATH=${CMAKE_PREFIX_PATH}:/shared/ws1_stu/install/py1_car_application:/opt/ros/humble /usr/bin/cmake --install /shared/ws1_stu/build/cpp1_gazebo
[0.716s] DEBUG:colcon.colcon_core.event_handler.log_command:Invoked command in '/shared/ws1_stu/build/cpp3_nav2' returned '0': CMAKE_PREFIX_PATH=${CMAKE_PREFIX_PATH}:/shared/ws1_stu/install/py1_car_application:/opt/ros/humble /usr/bin/cmake --build /shared/ws1_stu/build/cpp3_nav2 -- -j12 -l12
[0.718s] DEBUG:colcon.colcon_core.event_handler.log_command:Invoking command in '/shared/ws1_stu/build/cpp3_nav2': CMAKE_PREFIX_PATH=${CMAKE_PREFIX_PATH}:/shared/ws1_stu/install/py1_car_application:/opt/ros/humble /usr/bin/cmake --install /shared/ws1_stu/build/cpp3_nav2
[0.718s] DEBUG:colcon.colcon_core.event_handler.log_command:Invoked command in '/shared/ws1_stu/build/cpp2_slam' returned '0': CMAKE_PREFIX_PATH=${CMAKE_PREFIX_PATH}:/shared/ws1_stu/install/py1_car_application:/opt/ros/humble /usr/bin/cmake --build /shared/ws1_stu/build/cpp2_slam -- -j12 -l12
[0.720s] DEBUG:colcon.colcon_core.event_handler.log_command:Invoking command in '/shared/ws1_stu/build/cpp2_slam': CMAKE_PREFIX_PATH=${CMAKE_PREFIX_PATH}:/shared/ws1_stu/install/py1_car_application:/opt/ros/humble /usr/bin/cmake --install /shared/ws1_stu/build/cpp2_slam
[0.735s] Level 1:colcon.colcon_core.environment:create_environment_scripts_only(cpp3_nav2)
[0.742s] DEBUG:colcon.colcon_core.event_handler.log_command:Invoked command in '/shared/ws1_stu/build/cpp3_nav2' returned '0': CMAKE_PREFIX_PATH=${CMAKE_PREFIX_PATH}:/shared/ws1_stu/install/py1_car_application:/opt/ros/humble /usr/bin/cmake --install /shared/ws1_stu/build/cpp3_nav2
[0.744s] Level 1:colcon.colcon_core.environment:checking '/shared/ws1_stu/install/cpp3_nav2' for CMake module files
[0.744s] Level 1:colcon.colcon_core.environment:checking '/shared/ws1_stu/install/cpp3_nav2' for CMake config files
[0.744s] Level 1:colcon.colcon_core.shell:create_environment_hook('cpp3_nav2', 'cmake_prefix_path')
[0.745s] INFO:colcon.colcon_core.shell:Creating environment hook '/shared/ws1_stu/install/cpp3_nav2/share/cpp3_nav2/hook/cmake_prefix_path.ps1'
[0.746s] INFO:colcon.colcon_core.shell:Creating environment descriptor '/shared/ws1_stu/install/cpp3_nav2/share/cpp3_nav2/hook/cmake_prefix_path.dsv'
[0.747s] INFO:colcon.colcon_core.shell:Creating environment hook '/shared/ws1_stu/install/cpp3_nav2/share/cpp3_nav2/hook/cmake_prefix_path.sh'
[0.748s] Level 1:colcon.colcon_core.environment:checking '/shared/ws1_stu/install/cpp3_nav2/bin'
[0.748s] Level 1:colcon.colcon_core.environment:checking '/shared/ws1_stu/install/cpp3_nav2/lib/pkgconfig/cpp3_nav2.pc'
[0.748s] Level 1:colcon.colcon_core.environment:checking '/shared/ws1_stu/install/cpp3_nav2/lib/python3.10/site-packages'
[0.749s] Level 1:colcon.colcon_core.environment:checking '/shared/ws1_stu/install/cpp3_nav2/bin'
[0.749s] INFO:colcon.colcon_core.shell:Creating package script '/shared/ws1_stu/install/cpp3_nav2/share/cpp3_nav2/package.ps1'
[0.751s] INFO:colcon.colcon_core.shell:Creating package descriptor '/shared/ws1_stu/install/cpp3_nav2/share/cpp3_nav2/package.dsv'
[0.752s] INFO:colcon.colcon_core.shell:Creating package script '/shared/ws1_stu/install/cpp3_nav2/share/cpp3_nav2/package.sh'
[0.752s] INFO:colcon.colcon_core.shell:Creating package script '/shared/ws1_stu/install/cpp3_nav2/share/cpp3_nav2/package.bash'
[0.753s] INFO:colcon.colcon_core.shell:Creating package script '/shared/ws1_stu/install/cpp3_nav2/share/cpp3_nav2/package.zsh'
[0.754s] Level 1:colcon.colcon_core.environment:create_file_with_runtime_dependencies(/shared/ws1_stu/install/cpp3_nav2/share/colcon-core/packages/cpp3_nav2)
[0.754s] Level 1:colcon.colcon_core.environment:create_environment_scripts_only(cpp3_nav2)
[0.754s] Level 1:colcon.colcon_core.environment:checking '/shared/ws1_stu/install/cpp3_nav2' for CMake module files
[0.755s] Level 1:colcon.colcon_core.environment:checking '/shared/ws1_stu/install/cpp3_nav2' for CMake config files
[0.755s] Level 1:colcon.colcon_core.shell:create_environment_hook('cpp3_nav2', 'cmake_prefix_path')
[0.755s] INFO:colcon.colcon_core.shell:Creating environment hook '/shared/ws1_stu/install/cpp3_nav2/share/cpp3_nav2/hook/cmake_prefix_path.ps1'
[0.755s] INFO:colcon.colcon_core.shell:Creating environment descriptor '/shared/ws1_stu/install/cpp3_nav2/share/cpp3_nav2/hook/cmake_prefix_path.dsv'
[0.756s] INFO:colcon.colcon_core.shell:Creating environment hook '/shared/ws1_stu/install/cpp3_nav2/share/cpp3_nav2/hook/cmake_prefix_path.sh'
[0.756s] Level 1:colcon.colcon_core.environment:checking '/shared/ws1_stu/install/cpp3_nav2/bin'
[0.756s] Level 1:colcon.colcon_core.environment:checking '/shared/ws1_stu/install/cpp3_nav2/lib/pkgconfig/cpp3_nav2.pc'
[0.756s] Level 1:colcon.colcon_core.environment:checking '/shared/ws1_stu/install/cpp3_nav2/lib/python3.10/site-packages'
[0.757s] Level 1:colcon.colcon_core.environment:checking '/shared/ws1_stu/install/cpp3_nav2/bin'
[0.757s] INFO:colcon.colcon_core.shell:Creating package script '/shared/ws1_stu/install/cpp3_nav2/share/cpp3_nav2/package.ps1'
[0.757s] INFO:colcon.colcon_core.shell:Creating package descriptor '/shared/ws1_stu/install/cpp3_nav2/share/cpp3_nav2/package.dsv'
[0.758s] INFO:colcon.colcon_core.shell:Creating package script '/shared/ws1_stu/install/cpp3_nav2/share/cpp3_nav2/package.sh'
[0.758s] INFO:colcon.colcon_core.shell:Creating package script '/shared/ws1_stu/install/cpp3_nav2/share/cpp3_nav2/package.bash'
[0.759s] INFO:colcon.colcon_core.shell:Creating package script '/shared/ws1_stu/install/cpp3_nav2/share/cpp3_nav2/package.zsh'
[0.759s] Level 1:colcon.colcon_core.environment:create_file_with_runtime_dependencies(/shared/ws1_stu/install/cpp3_nav2/share/colcon-core/packages/cpp3_nav2)
[0.763s] Level 1:colcon.colcon_core.environment:create_environment_scripts_only(cpp2_slam)
[0.764s] Level 1:colcon.colcon_core.environment:checking '/shared/ws1_stu/install/cpp2_slam' for CMake module files
[0.766s] DEBUG:colcon.colcon_core.event_handler.log_command:Invoked command in '/shared/ws1_stu/build/cpp2_slam' returned '0': CMAKE_PREFIX_PATH=${CMAKE_PREFIX_PATH}:/shared/ws1_stu/install/py1_car_application:/opt/ros/humble /usr/bin/cmake --install /shared/ws1_stu/build/cpp2_slam
[0.766s] Level 1:colcon.colcon_core.environment:checking '/shared/ws1_stu/install/cpp2_slam' for CMake config files
[0.766s] Level 1:colcon.colcon_core.shell:create_environment_hook('cpp2_slam', 'cmake_prefix_path')
[0.767s] INFO:colcon.colcon_core.shell:Creating environment hook '/shared/ws1_stu/install/cpp2_slam/share/cpp2_slam/hook/cmake_prefix_path.ps1'
[0.767s] INFO:colcon.colcon_core.shell:Creating environment descriptor '/shared/ws1_stu/install/cpp2_slam/share/cpp2_slam/hook/cmake_prefix_path.dsv'
[0.768s] INFO:colcon.colcon_core.shell:Creating environment hook '/shared/ws1_stu/install/cpp2_slam/share/cpp2_slam/hook/cmake_prefix_path.sh'
[0.768s] Level 1:colcon.colcon_core.environment:checking '/shared/ws1_stu/install/cpp2_slam/bin'
[0.768s] Level 1:colcon.colcon_core.environment:checking '/shared/ws1_stu/install/cpp2_slam/lib/pkgconfig/cpp2_slam.pc'
[0.769s] Level 1:colcon.colcon_core.environment:checking '/shared/ws1_stu/install/cpp2_slam/lib/python3.10/site-packages'
[0.769s] Level 1:colcon.colcon_core.environment:checking '/shared/ws1_stu/install/cpp2_slam/bin'
[0.769s] INFO:colcon.colcon_core.shell:Creating package script '/shared/ws1_stu/install/cpp2_slam/share/cpp2_slam/package.ps1'
[0.770s] INFO:colcon.colcon_core.shell:Creating package descriptor '/shared/ws1_stu/install/cpp2_slam/share/cpp2_slam/package.dsv'
[0.770s] INFO:colcon.colcon_core.shell:Creating package script '/shared/ws1_stu/install/cpp2_slam/share/cpp2_slam/package.sh'
[0.771s] INFO:colcon.colcon_core.shell:Creating package script '/shared/ws1_stu/install/cpp2_slam/share/cpp2_slam/package.bash'
[0.771s] INFO:colcon.colcon_core.shell:Creating package script '/shared/ws1_stu/install/cpp2_slam/share/cpp2_slam/package.zsh'
[0.772s] Level 1:colcon.colcon_core.environment:create_file_with_runtime_dependencies(/shared/ws1_stu/install/cpp2_slam/share/colcon-core/packages/cpp2_slam)
[0.772s] Level 1:colcon.colcon_core.environment:create_environment_scripts_only(cpp2_slam)
[0.772s] Level 1:colcon.colcon_core.environment:checking '/shared/ws1_stu/install/cpp2_slam' for CMake module files
[0.773s] Level 1:colcon.colcon_core.environment:checking '/shared/ws1_stu/install/cpp2_slam' for CMake config files
[0.773s] Level 1:colcon.colcon_core.shell:create_environment_hook('cpp2_slam', 'cmake_prefix_path')
[0.773s] INFO:colcon.colcon_core.shell:Creating environment hook '/shared/ws1_stu/install/cpp2_slam/share/cpp2_slam/hook/cmake_prefix_path.ps1'
[0.774s] INFO:colcon.colcon_core.shell:Creating environment descriptor '/shared/ws1_stu/install/cpp2_slam/share/cpp2_slam/hook/cmake_prefix_path.dsv'
[0.774s] INFO:colcon.colcon_core.shell:Creating environment hook '/shared/ws1_stu/install/cpp2_slam/share/cpp2_slam/hook/cmake_prefix_path.sh'
[0.775s] Level 1:colcon.colcon_core.environment:checking '/shared/ws1_stu/install/cpp2_slam/bin'
[0.775s] Level 1:colcon.colcon_core.environment:checking '/shared/ws1_stu/install/cpp2_slam/lib/pkgconfig/cpp2_slam.pc'
[0.775s] Level 1:colcon.colcon_core.environment:checking '/shared/ws1_stu/install/cpp2_slam/lib/python3.10/site-packages'
[0.775s] Level 1:colcon.colcon_core.environment:checking '/shared/ws1_stu/install/cpp2_slam/bin'
[0.776s] INFO:colcon.colcon_core.shell:Creating package script '/shared/ws1_stu/install/cpp2_slam/share/cpp2_slam/package.ps1'
[0.777s] INFO:colcon.colcon_core.shell:Creating package descriptor '/shared/ws1_stu/install/cpp2_slam/share/cpp2_slam/package.dsv'
[0.777s] INFO:colcon.colcon_core.shell:Creating package script '/shared/ws1_stu/install/cpp2_slam/share/cpp2_slam/package.sh'
[0.777s] INFO:colcon.colcon_core.shell:Creating package script '/shared/ws1_stu/install/cpp2_slam/share/cpp2_slam/package.bash'
[0.778s] INFO:colcon.colcon_core.shell:Creating package script '/shared/ws1_stu/install/cpp2_slam/share/cpp2_slam/package.zsh'
[0.778s] Level 1:colcon.colcon_core.environment:create_file_with_runtime_dependencies(/shared/ws1_stu/install/cpp2_slam/share/colcon-core/packages/cpp2_slam)
[0.779s] Level 1:colcon.colcon_core.environment:create_environment_scripts_only(cpp1_gazebo)
[0.780s] DEBUG:colcon.colcon_core.event_handler.log_command:Invoked command in '/shared/ws1_stu/build/cpp1_gazebo' returned '0': CMAKE_PREFIX_PATH=${CMAKE_PREFIX_PATH}:/shared/ws1_stu/install/py1_car_application:/opt/ros/humble /usr/bin/cmake --install /shared/ws1_stu/build/cpp1_gazebo
[0.781s] Level 1:colcon.colcon_core.environment:checking '/shared/ws1_stu/install/cpp1_gazebo' for CMake module files
[0.782s] Level 1:colcon.colcon_core.environment:checking '/shared/ws1_stu/install/cpp1_gazebo' for CMake config files
[0.783s] Level 1:colcon.colcon_core.shell:create_environment_hook('cpp1_gazebo', 'cmake_prefix_path')
[0.783s] INFO:colcon.colcon_core.shell:Creating environment hook '/shared/ws1_stu/install/cpp1_gazebo/share/cpp1_gazebo/hook/cmake_prefix_path.ps1'
[0.784s] INFO:colcon.colcon_core.shell:Creating environment descriptor '/shared/ws1_stu/install/cpp1_gazebo/share/cpp1_gazebo/hook/cmake_prefix_path.dsv'
[0.784s] INFO:colcon.colcon_core.shell:Creating environment hook '/shared/ws1_stu/install/cpp1_gazebo/share/cpp1_gazebo/hook/cmake_prefix_path.sh'
[0.785s] Level 1:colcon.colcon_core.environment:checking '/shared/ws1_stu/install/cpp1_gazebo/bin'
[0.785s] Level 1:colcon.colcon_core.environment:checking '/shared/ws1_stu/install/cpp1_gazebo/lib/pkgconfig/cpp1_gazebo.pc'
[0.785s] Level 1:colcon.colcon_core.environment:checking '/shared/ws1_stu/install/cpp1_gazebo/lib/python3.10/site-packages'
[0.786s] Level 1:colcon.colcon_core.environment:checking '/shared/ws1_stu/install/cpp1_gazebo/bin'
[0.786s] INFO:colcon.colcon_core.shell:Creating package script '/shared/ws1_stu/install/cpp1_gazebo/share/cpp1_gazebo/package.ps1'
[0.787s] INFO:colcon.colcon_core.shell:Creating package descriptor '/shared/ws1_stu/install/cpp1_gazebo/share/cpp1_gazebo/package.dsv'
[0.788s] INFO:colcon.colcon_core.shell:Creating package script '/shared/ws1_stu/install/cpp1_gazebo/share/cpp1_gazebo/package.sh'
[0.788s] INFO:colcon.colcon_core.shell:Creating package script '/shared/ws1_stu/install/cpp1_gazebo/share/cpp1_gazebo/package.bash'
[0.789s] INFO:colcon.colcon_core.shell:Creating package script '/shared/ws1_stu/install/cpp1_gazebo/share/cpp1_gazebo/package.zsh'
[0.789s] Level 1:colcon.colcon_core.environment:create_file_with_runtime_dependencies(/shared/ws1_stu/install/cpp1_gazebo/share/colcon-core/packages/cpp1_gazebo)
[0.790s] Level 1:colcon.colcon_core.environment:create_environment_scripts_only(cpp1_gazebo)
[0.790s] Level 1:colcon.colcon_core.environment:checking '/shared/ws1_stu/install/cpp1_gazebo' for CMake module files
[0.791s] Level 1:colcon.colcon_core.environment:checking '/shared/ws1_stu/install/cpp1_gazebo' for CMake config files
[0.791s] Level 1:colcon.colcon_core.shell:create_environment_hook('cpp1_gazebo', 'cmake_prefix_path')
[0.791s] INFO:colcon.colcon_core.shell:Creating environment hook '/shared/ws1_stu/install/cpp1_gazebo/share/cpp1_gazebo/hook/cmake_prefix_path.ps1'
[0.792s] INFO:colcon.colcon_core.shell:Creating environment descriptor '/shared/ws1_stu/install/cpp1_gazebo/share/cpp1_gazebo/hook/cmake_prefix_path.dsv'
[0.792s] INFO:colcon.colcon_core.shell:Creating environment hook '/shared/ws1_stu/install/cpp1_gazebo/share/cpp1_gazebo/hook/cmake_prefix_path.sh'
[0.793s] Level 1:colcon.colcon_core.environment:checking '/shared/ws1_stu/install/cpp1_gazebo/bin'
[0.793s] Level 1:colcon.colcon_core.environment:checking '/shared/ws1_stu/install/cpp1_gazebo/lib/pkgconfig/cpp1_gazebo.pc'
[0.793s] Level 1:colcon.colcon_core.environment:checking '/shared/ws1_stu/install/cpp1_gazebo/lib/python3.10/site-packages'
[0.794s] Level 1:colcon.colcon_core.environment:checking '/shared/ws1_stu/install/cpp1_gazebo/bin'
[0.794s] INFO:colcon.colcon_core.shell:Creating package script '/shared/ws1_stu/install/cpp1_gazebo/share/cpp1_gazebo/package.ps1'
[0.795s] INFO:colcon.colcon_core.shell:Creating package descriptor '/shared/ws1_stu/install/cpp1_gazebo/share/cpp1_gazebo/package.dsv'
[0.796s] INFO:colcon.colcon_core.shell:Creating package script '/shared/ws1_stu/install/cpp1_gazebo/share/cpp1_gazebo/package.sh'
[0.797s] INFO:colcon.colcon_core.shell:Creating package script '/shared/ws1_stu/install/cpp1_gazebo/share/cpp1_gazebo/package.bash'
[0.797s] INFO:colcon.colcon_core.shell:Creating package script '/shared/ws1_stu/install/cpp1_gazebo/share/cpp1_gazebo/package.zsh'
[0.798s] Level 1:colcon.colcon_core.environment:create_file_with_runtime_dependencies(/shared/ws1_stu/install/cpp1_gazebo/share/colcon-core/packages/cpp1_gazebo)
[1.162s] DEBUG:colcon.colcon_core.event_handler.log_command:Invoking command in '/shared/ws1_stu/src/py1_car_application': PYTHONPATH=/shared/ws1_stu/build/py1_car_application/prefix_override:/usr/lib/python3/dist-packages/colcon_core/task/python/colcon_distutils_commands:/shared/ws1_stu/install/py1_car_application/lib/python3.10/site-packages:${PYTHONPATH} /usr/bin/python3 -W ignore:setup.py install is deprecated -W ignore:easy_install command is deprecated setup.py egg_info --egg-base ../../build/py1_car_application build --build-base /shared/ws1_stu/build/py1_car_application/build install --record /shared/ws1_stu/build/py1_car_application/install.log --single-version-externally-managed install_data
[1.448s] Level 1:colcon.colcon_core.environment:checking '/shared/ws1_stu/install/py1_car_application' for CMake module files
[1.448s] DEBUG:colcon.colcon_core.event_handler.log_command:Invoked command in '/shared/ws1_stu/src/py1_car_application' returned '0': PYTHONPATH=/shared/ws1_stu/build/py1_car_application/prefix_override:/usr/lib/python3/dist-packages/colcon_core/task/python/colcon_distutils_commands:/shared/ws1_stu/install/py1_car_application/lib/python3.10/site-packages:${PYTHONPATH} /usr/bin/python3 -W ignore:setup.py install is deprecated -W ignore:easy_install command is deprecated setup.py egg_info --egg-base ../../build/py1_car_application build --build-base /shared/ws1_stu/build/py1_car_application/build install --record /shared/ws1_stu/build/py1_car_application/install.log --single-version-externally-managed install_data
[1.449s] Level 1:colcon.colcon_core.environment:checking '/shared/ws1_stu/install/py1_car_application' for CMake config files
[1.450s] Level 1:colcon.colcon_core.environment:checking '/shared/ws1_stu/install/py1_car_application/lib'
[1.450s] Level 1:colcon.colcon_core.environment:checking '/shared/ws1_stu/install/py1_car_application/bin'
[1.450s] Level 1:colcon.colcon_core.environment:checking '/shared/ws1_stu/install/py1_car_application/lib/pkgconfig/py1_car_application.pc'
[1.450s] Level 1:colcon.colcon_core.environment:checking '/shared/ws1_stu/install/py1_car_application/lib/python3.10/site-packages'
[1.451s] Level 1:colcon.colcon_core.shell:create_environment_hook('py1_car_application', 'pythonpath')
[1.451s] INFO:colcon.colcon_core.shell:Creating environment hook '/shared/ws1_stu/install/py1_car_application/share/py1_car_application/hook/pythonpath.ps1'
[1.451s] INFO:colcon.colcon_core.shell:Creating environment descriptor '/shared/ws1_stu/install/py1_car_application/share/py1_car_application/hook/pythonpath.dsv'
[1.452s] INFO:colcon.colcon_core.shell:Creating environment hook '/shared/ws1_stu/install/py1_car_application/share/py1_car_application/hook/pythonpath.sh'
[1.452s] Level 1:colcon.colcon_core.environment:checking '/shared/ws1_stu/install/py1_car_application/bin'
[1.452s] Level 1:colcon.colcon_core.environment:create_environment_scripts_only(py1_car_application)
[1.453s] INFO:colcon.colcon_core.shell:Creating package script '/shared/ws1_stu/install/py1_car_application/share/py1_car_application/package.ps1'
[1.453s] INFO:colcon.colcon_core.shell:Creating package descriptor '/shared/ws1_stu/install/py1_car_application/share/py1_car_application/package.dsv'
[1.453s] INFO:colcon.colcon_core.shell:Creating package script '/shared/ws1_stu/install/py1_car_application/share/py1_car_application/package.sh'
[1.454s] INFO:colcon.colcon_core.shell:Creating package script '/shared/ws1_stu/install/py1_car_application/share/py1_car_application/package.bash'
[1.454s] INFO:colcon.colcon_core.shell:Creating package script '/shared/ws1_stu/install/py1_car_application/share/py1_car_application/package.zsh'
[1.454s] Level 1:colcon.colcon_core.environment:create_file_with_runtime_dependencies(/shared/ws1_stu/install/py1_car_application/share/colcon-core/packages/py1_car_application)
[1.455s] DEBUG:colcon.colcon_parallel_executor.executor.parallel:closing loop
[1.455s] DEBUG:colcon.colcon_parallel_executor.executor.parallel:loop closed
[1.455s] DEBUG:colcon.colcon_parallel_executor.executor.parallel:run_until_complete finished with '0'
[1.455s] DEBUG:colcon.colcon_core.event_reactor:joining thread
[1.463s] INFO:colcon.colcon_core.plugin_system:Skipping extension 'colcon_notification.desktop_notification.notify_send': Could not find 'notify-send'
[1.463s] INFO:colcon.colcon_core.plugin_system:Skipping extension 'colcon_notification.desktop_notification.terminal_notifier': Not used on non-Darwin systems
[1.463s] INFO:colcon.colcon_core.plugin_system:Skipping extension 'colcon_notification.desktop_notification.win32': Not used on non-Windows systems
[1.463s] INFO:colcon.colcon_notification.desktop_notification:Sending desktop notification using 'notify2'
[1.467s] DEBUG:colcon.colcon_notification.desktop_notification.notify2:Failed to initialize notify2: org.freedesktop.DBus.Error.Spawn.ExecFailed: /usr/bin/dbus-launch terminated abnormally without any error message
[1.468s] DEBUG:colcon.colcon_core.event_reactor:joined thread
[1.468s] INFO:colcon.colcon_core.shell:Creating prefix script '/shared/ws1_stu/install/local_setup.ps1'
[1.470s] INFO:colcon.colcon_core.shell:Creating prefix util module '/shared/ws1_stu/install/_local_setup_util_ps1.py'
[1.471s] INFO:colcon.colcon_core.shell:Creating prefix chain script '/shared/ws1_stu/install/setup.ps1'
[1.472s] INFO:colcon.colcon_core.shell:Creating prefix script '/shared/ws1_stu/install/local_setup.sh'
[1.473s] INFO:colcon.colcon_core.shell:Creating prefix util module '/shared/ws1_stu/install/_local_setup_util_sh.py'
[1.473s] INFO:colcon.colcon_core.shell:Creating prefix chain script '/shared/ws1_stu/install/setup.sh'
[1.475s] INFO:colcon.colcon_core.shell:Creating prefix script '/shared/ws1_stu/install/local_setup.bash'
[1.475s] INFO:colcon.colcon_core.shell:Creating prefix chain script '/shared/ws1_stu/install/setup.bash'
[1.477s] INFO:colcon.colcon_core.shell:Creating prefix script '/shared/ws1_stu/install/local_setup.zsh'
[1.477s] INFO:colcon.colcon_core.shell:Creating prefix chain script '/shared/ws1_stu/install/setup.zsh'
