[-1783688738335051008.000s] DEBUG:colcon:Command line arguments: ['/usr/bin/colcon', 'build', '--packages-select', 'pkg02_hello_py']
[-1783688738335051008.000s] DEBUG:colcon:Parsed command line arguments: Namespace(log_base=None, log_level=None, verb_name='build', build_base='build', install_base='install', merge_install=False, symlink_install=False, test_result_base=None, continue_on_error=False, executor='parallel', parallel_workers=16, event_handlers=None, ignore_user_meta=False, metas=['./colcon.meta'], base_paths=['.'], packages_ignore=None, packages_ignore_regex=None, paths=None, packages_up_to=None, packages_up_to_regex=None, packages_above=None, packages_above_and_dependencies=None, packages_above_depth=None, packages_select_by_dep=None, packages_skip_by_dep=None, packages_skip_up_to=None, packages_select_build_failed=False, packages_skip_build_finished=False, packages_select_test_failures=False, packages_skip_test_passed=False, packages_select=['pkg02_hello_py'], packages_skip=None, packages_select_regex=None, packages_skip_regex=None, packages_start=None, packages_end=None, allow_overriding=[], cmake_args=None, cmake_target=None, cmake_target_skip_unavailable=False, cmake_clean_cache=False, cmake_clean_first=False, cmake_force_configure=False, ament_cmake_args=None, catkin_cmake_args=None, catkin_skip_building_tests=False, mixin_files=None, mixin=None, verb_parser=<colcon_mixin.mixin.mixin_argument.MixinArgumentDecorator object at 0x7f809e324050>, verb_extension=<colcon_core.verb.build.BuildVerb object at 0x7f809dd9f4d0>, main=<bound method BuildVerb.main of <colcon_core.verb.build.BuildVerb object at 0x7f809dd9f4d0>>, mixin_verb=('build',))
[-1783688738335051008.000s] Level 1:colcon.colcon_core.package_discovery:discover_packages(colcon_meta) check parameters
[-1783688738335051008.000s] Level 1:colcon.colcon_core.package_discovery:discover_packages(recursive) check parameters
[-1783688738335051008.000s] Level 1:colcon.colcon_core.package_discovery:discover_packages(ignore) check parameters
[-1783688738335051008.000s] Level 1:colcon.colcon_core.package_discovery:discover_packages(path) check parameters
[-1783688738335051008.000s] Level 1:colcon.colcon_core.package_discovery:discover_packages(colcon_meta) discover
[-1783688738335051008.000s] Level 1:colcon.colcon_core.package_discovery:discover_packages(recursive) discover
[-1783688738335051008.000s] INFO:colcon.colcon_core.package_discovery:Crawling recursively for packages in '/home/hzc/linux/ros2/ros2_stu'
[-1783688738335051008.000s] Level 1:colcon.colcon_core.package_identification:_identify(.) by extensions ['ignore', 'ignore_ament_install']
[-1783688738335051008.000s] Level 1:colcon.colcon_core.package_identification:_identify(.) by extension 'ignore'
[-1783688738335051008.000s] Level 1:colcon.colcon_core.package_identification:_identify(.) by extension 'ignore_ament_install'
[-1783688738335051008.000s] Level 1:colcon.colcon_core.package_identification:_identify(.) by extensions ['colcon_pkg']
[-1783688738335051008.000s] Level 1:colcon.colcon_core.package_identification:_identify(.) by extension 'colcon_pkg'
[-1783688738335051008.000s] Level 1:colcon.colcon_core.package_identification:_identify(.) by extensions ['colcon_meta']
[-1783688738335051008.000s] Level 1:colcon.colcon_core.package_identification:_identify(.) by extension 'colcon_meta'
[-1783688738335051008.000s] Level 1:colcon.colcon_core.package_identification:_identify(.) by extensions ['ros']
[-1783688738335051008.000s] Level 1:colcon.colcon_core.package_identification:_identify(.) by extension 'ros'
[-1783688738335051008.000s] Level 1:colcon.colcon_core.package_identification:_identify(.) by extensions ['cmake', 'python']
[-1783688738335051008.000s] Level 1:colcon.colcon_core.package_identification:_identify(.) by extension 'cmake'
[-1783688738335051008.000s] Level 1:colcon.colcon_core.package_identification:_identify(.) by extension 'python'
[-1783688738335051008.000s] Level 1:colcon.colcon_core.package_identification:_identify(.) by extensions ['python_setup_py']
[-1783688738335051008.000s] Level 1:colcon.colcon_core.package_identification:_identify(.) by extension 'python_setup_py'
[-1783688738335051008.000s] Level 1:colcon.colcon_core.package_identification:_identify(build) by extensions ['ignore', 'ignore_ament_install']
[-1783688738335051008.000s] Level 1:colcon.colcon_core.package_identification:_identify(build) by extension 'ignore'
[-1783688738335051008.000s] Level 1:colcon.colcon_core.package_identification:_identify(build) ignored
[-1783688738335051008.000s] Level 1:colcon.colcon_core.package_identification:_identify(install) by extensions ['ignore', 'ignore_ament_install']
[-1783688738335051008.000s] Level 1:colcon.colcon_core.package_identification:_identify(install) by extension 'ignore'
[-1783688738335051008.000s] Level 1:colcon.colcon_core.package_identification:_identify(install) ignored
[-1783688738335051008.000s] Level 1:colcon.colcon_core.package_identification:_identify(log) by extensions ['ignore', 'ignore_ament_install']
[-1783688738335051008.000s] Level 1:colcon.colcon_core.package_identification:_identify(log) by extension 'ignore'
[-1783688738335051008.000s] Level 1:colcon.colcon_core.package_identification:_identify(log) ignored
[-1783688738335051008.000s] Level 1:colcon.colcon_core.package_identification:_identify(src) by extensions ['ignore', 'ignore_ament_install']
[-1783688738335051008.000s] Level 1:colcon.colcon_core.package_identification:_identify(src) by extension 'ignore'
[-1783688738335051008.000s] Level 1:colcon.colcon_core.package_identification:_identify(src) by extension 'ignore_ament_install'
[-1783688738335051008.000s] Level 1:colcon.colcon_core.package_identification:_identify(src) by extensions ['colcon_pkg']
[-1783688738335051008.000s] Level 1:colcon.colcon_core.package_identification:_identify(src) by extension 'colcon_pkg'
[-1783688738335051008.000s] Level 1:colcon.colcon_core.package_identification:_identify(src) by extensions ['colcon_meta']
[-1783688738335051008.000s] Level 1:colcon.colcon_core.package_identification:_identify(src) by extension 'colcon_meta'
[-1783688738335051008.000s] Level 1:colcon.colcon_core.package_identification:_identify(src) by extensions ['ros']
[-1783688738335051008.000s] Level 1:colcon.colcon_core.package_identification:_identify(src) by extension 'ros'
[-1783688738335051008.000s] Level 1:colcon.colcon_core.package_identification:_identify(src) by extensions ['cmake', 'python']
[-1783688738335051008.000s] Level 1:colcon.colcon_core.package_identification:_identify(src) by extension 'cmake'
[-1783688738335051008.000s] Level 1:colcon.colcon_core.package_identification:_identify(src) by extension 'python'
[-1783688738335051008.000s] Level 1:colcon.colcon_core.package_identification:_identify(src) by extensions ['python_setup_py']
[-1783688738335051008.000s] Level 1:colcon.colcon_core.package_identification:_identify(src) by extension 'python_setup_py'
[-1783688738335051008.000s] Level 1:colcon.colcon_core.package_identification:_identify(src/pkg01_hello_cpp) by extensions ['ignore', 'ignore_ament_install']
[-1783688738335051008.000s] Level 1:colcon.colcon_core.package_identification:_identify(src/pkg01_hello_cpp) by extension 'ignore'
[-1783688738335051008.000s] Level 1:colcon.colcon_core.package_identification:_identify(src/pkg01_hello_cpp) by extension 'ignore_ament_install'
[-1783688738335051008.000s] Level 1:colcon.colcon_core.package_identification:_identify(src/pkg01_hello_cpp) by extensions ['colcon_pkg']
[-1783688738335051008.000s] Level 1:colcon.colcon_core.package_identification:_identify(src/pkg01_hello_cpp) by extension 'colcon_pkg'
[-1783688738335051008.000s] Level 1:colcon.colcon_core.package_identification:_identify(src/pkg01_hello_cpp) by extensions ['colcon_meta']
[-1783688738335051008.000s] Level 1:colcon.colcon_core.package_identification:_identify(src/pkg01_hello_cpp) by extension 'colcon_meta'
[-1783688738335051008.000s] Level 1:colcon.colcon_core.package_identification:_identify(src/pkg01_hello_cpp) by extensions ['ros']
[-1783688738335051008.000s] Level 1:colcon.colcon_core.package_identification:_identify(src/pkg01_hello_cpp) by extension 'ros'
[-1783688738335051008.000s] DEBUG:colcon.colcon_core.package_identification:Package 'src/pkg01_hello_cpp' with type 'ros.ament_cmake' and name 'pkg01_hello_cpp'
[-1783688738335051008.000s] Level 1:colcon.colcon_core.package_identification:_identify(src/pkg02_hello_py) by extensions ['ignore', 'ignore_ament_install']
[-1783688738335051008.000s] Level 1:colcon.colcon_core.package_identification:_identify(src/pkg02_hello_py) by extension 'ignore'
[-1783688738335051008.000s] Level 1:colcon.colcon_core.package_identification:_identify(src/pkg02_hello_py) by extension 'ignore_ament_install'
[-1783688738335051008.000s] Level 1:colcon.colcon_core.package_identification:_identify(src/pkg02_hello_py) by extensions ['colcon_pkg']
[-1783688738335051008.000s] Level 1:colcon.colcon_core.package_identification:_identify(src/pkg02_hello_py) by extension 'colcon_pkg'
[-1783688738335051008.000s] Level 1:colcon.colcon_core.package_identification:_identify(src/pkg02_hello_py) by extensions ['colcon_meta']
[-1783688738335051008.000s] Level 1:colcon.colcon_core.package_identification:_identify(src/pkg02_hello_py) by extension 'colcon_meta'
[-1783688738335051008.000s] Level 1:colcon.colcon_core.package_identification:_identify(src/pkg02_hello_py) by extensions ['ros']
[-1783688738335051008.000s] Level 1:colcon.colcon_core.package_identification:_identify(src/pkg02_hello_py) by extension 'ros'
[-1783688738335051008.000s] DEBUG:colcon.colcon_core.package_identification:Package 'src/pkg02_hello_py' with type 'ros.ament_python' and name 'pkg02_hello_py'
[-1783688738335051008.000s] Level 1:colcon.colcon_core.package_discovery:discover_packages(recursive) using defaults
[-1783688738335051008.000s] Level 1:colcon.colcon_core.package_discovery:discover_packages(ignore) discover
[-1783688738335051008.000s] Level 1:colcon.colcon_core.package_discovery:discover_packages(ignore) using defaults
[-1783688738335051008.000s] Level 1:colcon.colcon_core.package_discovery:discover_packages(path) discover
[-1783688738335051008.000s] Level 1:colcon.colcon_core.package_discovery:discover_packages(path) using defaults
[-1783688738335051008.000s] INFO:colcon.colcon_core.package_selection:Skipping not selected package 'pkg01_hello_cpp' in 'src/pkg01_hello_cpp'
[-1783688738335051008.000s] Level 1:colcon.colcon_core.package_discovery:discover_packages(prefix_path) check parameters
[-1783688738335051008.000s] Level 1:colcon.colcon_core.package_discovery:discover_packages(prefix_path) discover
[-1783688738335051008.000s] DEBUG:colcon.colcon_installed_package_information.package_discovery:Found 313 installed packages in /opt/ros/lyrical
[-1783688738335051008.000s] Level 1:colcon.colcon_core.package_discovery:discover_packages(prefix_path) using defaults
[-1783688738335051008.000s] Level 5:colcon.colcon_core.verb:set package 'pkg02_hello_py' build argument 'cmake_args' from command line to 'None'
[-1783688738335051008.000s] Level 5:colcon.colcon_core.verb:set package 'pkg02_hello_py' build argument 'cmake_target' from command line to 'None'
[-1783688738335051008.000s] Level 5:colcon.colcon_core.verb:set package 'pkg02_hello_py' build argument 'cmake_target_skip_unavailable' from command line to 'False'
[-1783688738335051008.000s] Level 5:colcon.colcon_core.verb:set package 'pkg02_hello_py' build argument 'cmake_clean_cache' from command line to 'False'
[-1783688738335051008.000s] Level 5:colcon.colcon_core.verb:set package 'pkg02_hello_py' build argument 'cmake_clean_first' from command line to 'False'
[-1783688738335051008.000s] Level 5:colcon.colcon_core.verb:set package 'pkg02_hello_py' build argument 'cmake_force_configure' from command line to 'False'
[-1783688738335051008.000s] Level 5:colcon.colcon_core.verb:set package 'pkg02_hello_py' build argument 'ament_cmake_args' from command line to 'None'
[-1783688738335051008.000s] Level 5:colcon.colcon_core.verb:set package 'pkg02_hello_py' build argument 'catkin_cmake_args' from command line to 'None'
[-1783688738335051008.000s] Level 5:colcon.colcon_core.verb:set package 'pkg02_hello_py' build argument 'catkin_skip_building_tests' from command line to 'False'
[-1783688738335051008.000s] DEBUG:colcon.colcon_core.verb:Building package 'pkg02_hello_py' with the following arguments: {'ament_cmake_args': None, 'build_base': '/home/hzc/linux/ros2/ros2_stu/build/pkg02_hello_py', 'catkin_cmake_args': None, 'catkin_skip_building_tests': False, 'cmake_args': None, 'cmake_clean_cache': False, 'cmake_clean_first': False, 'cmake_force_configure': False, 'cmake_target': None, 'cmake_target_skip_unavailable': False, 'install_base': '/home/hzc/linux/ros2/ros2_stu/install/pkg02_hello_py', 'merge_install': False, 'path': '/home/hzc/linux/ros2/ros2_stu/src/pkg02_hello_py', 'symlink_install': False, 'test_result_base': None}
[-1783688738335051008.000s] INFO:colcon.colcon_core.executor:Executing jobs using 'parallel' executor
[-1783688738335051008.000s] DEBUG:colcon.colcon_parallel_executor.executor.parallel:run_until_complete
[-1783688738335051008.000s] INFO:colcon.colcon_ros.task.ament_python.build:Building ROS package in '/home/hzc/linux/ros2/ros2_stu/src/pkg02_hello_py' with build type 'ament_python'
[-1783688738335051008.000s] Level 1:colcon.colcon_core.shell:create_environment_hook('pkg02_hello_py', 'ament_prefix_path')
[-1783688738335051008.000s] INFO:colcon.colcon_core.plugin_system:Skipping extension 'colcon_core.shell.bat': Not used on non-Windows systems
[-1783688738335051008.000s] INFO:colcon.colcon_core.shell:Creating environment hook '/home/hzc/linux/ros2/ros2_stu/install/pkg02_hello_py/share/pkg02_hello_py/hook/ament_prefix_path.ps1'
[-1783688738335051008.000s] INFO:colcon.colcon_core.shell:Creating environment descriptor '/home/hzc/linux/ros2/ros2_stu/install/pkg02_hello_py/share/pkg02_hello_py/hook/ament_prefix_path.dsv'
[-1783688738335051008.000s] INFO:colcon.colcon_core.shell:Creating environment hook '/home/hzc/linux/ros2/ros2_stu/install/pkg02_hello_py/share/pkg02_hello_py/hook/ament_prefix_path.sh'
[-1783688738335051008.000s] INFO:colcon.colcon_core.shell:Skip shell extension 'powershell' for command environment: Not usable outside of PowerShell
[-1783688738335051008.000s] DEBUG:colcon.colcon_core.shell:Skip shell extension 'dsv' for command environment
[-1783688738335051008.000s] INFO:colcon.colcon_core.task.python.build:Building Python package in '/home/hzc/linux/ros2/ros2_stu/src/pkg02_hello_py'
[-1783688738335051008.000s] INFO:colcon.colcon_core.shell:Skip shell extension 'powershell' for command environment: Not usable outside of PowerShell
[-1783688738335051008.000s] DEBUG:colcon.colcon_core.shell:Skip shell extension 'dsv' for command environment
[-1783688738335051008.000s] DEBUG:colcon.colcon_core.event_handler.log_command:Invoking command in '/home/hzc/linux/ros2/ros2_stu/src/pkg02_hello_py': DEBUGINFOD_URLS=https://debuginfod.ubuntu.com PYTHONPATH=/home/hzc/linux/ros2/ros2_stu/build/pkg02_hello_py/prefix_override:/usr/lib/python3/dist-packages/colcon_core/task/python/colcon_distutils_commands:/home/hzc/linux/ros2/ros2_stu/install/pkg02_hello_py/lib/python3.14/site-packages:${PYTHONPATH} /usr/bin/python3 -W ignore:setup.py install is deprecated -W ignore:easy_install command is deprecated setup.py egg_info --egg-base ../../build/pkg02_hello_py build --build-base /home/hzc/linux/ros2/ros2_stu/build/pkg02_hello_py/build install --record /home/hzc/linux/ros2/ros2_stu/build/pkg02_hello_py/install.log --single-version-externally-managed install_data
[-1783688738335051008.000s] DEBUG:colcon.colcon_core.event_handler.log_command:Invoked command in '/home/hzc/linux/ros2/ros2_stu/src/pkg02_hello_py' returned '0': DEBUGINFOD_URLS=https://debuginfod.ubuntu.com PYTHONPATH=/home/hzc/linux/ros2/ros2_stu/build/pkg02_hello_py/prefix_override:/usr/lib/python3/dist-packages/colcon_core/task/python/colcon_distutils_commands:/home/hzc/linux/ros2/ros2_stu/install/pkg02_hello_py/lib/python3.14/site-packages:${PYTHONPATH} /usr/bin/python3 -W ignore:setup.py install is deprecated -W ignore:easy_install command is deprecated setup.py egg_info --egg-base ../../build/pkg02_hello_py build --build-base /home/hzc/linux/ros2/ros2_stu/build/pkg02_hello_py/build install --record /home/hzc/linux/ros2/ros2_stu/build/pkg02_hello_py/install.log --single-version-externally-managed install_data
[-1783688738335051008.000s] Level 1:colcon.colcon_core.environment:checking '/home/hzc/linux/ros2/ros2_stu/install/pkg02_hello_py' for CMake module files
[-1783688738335051008.000s] Level 1:colcon.colcon_core.environment:checking '/home/hzc/linux/ros2/ros2_stu/install/pkg02_hello_py' for CMake config files
[-1783688738335051008.000s] Level 1:colcon.colcon_core.environment:checking '/home/hzc/linux/ros2/ros2_stu/install/pkg02_hello_py/lib'
[-1783688738335051008.000s] Level 1:colcon.colcon_core.environment:checking '/home/hzc/linux/ros2/ros2_stu/install/pkg02_hello_py/bin'
[-1783688738335051008.000s] Level 1:colcon.colcon_core.environment:checking '/home/hzc/linux/ros2/ros2_stu/install/pkg02_hello_py/lib/pkgconfig/pkg02_hello_py.pc'
[-1783688738335051008.000s] Level 1:colcon.colcon_core.environment:checking '/home/hzc/linux/ros2/ros2_stu/install/pkg02_hello_py/lib/python3.14/site-packages'
[-1783688738335051008.000s] Level 1:colcon.colcon_core.shell:create_environment_hook('pkg02_hello_py', 'pythonpath')
[-1783688738335051008.000s] INFO:colcon.colcon_core.shell:Creating environment hook '/home/hzc/linux/ros2/ros2_stu/install/pkg02_hello_py/share/pkg02_hello_py/hook/pythonpath.ps1'
[-1783688738335051008.000s] INFO:colcon.colcon_core.shell:Creating environment descriptor '/home/hzc/linux/ros2/ros2_stu/install/pkg02_hello_py/share/pkg02_hello_py/hook/pythonpath.dsv'
[-1783688738335051008.000s] INFO:colcon.colcon_core.shell:Creating environment hook '/home/hzc/linux/ros2/ros2_stu/install/pkg02_hello_py/share/pkg02_hello_py/hook/pythonpath.sh'
[-1783688738335051008.000s] Level 1:colcon.colcon_core.environment:checking '/home/hzc/linux/ros2/ros2_stu/install/pkg02_hello_py/bin'
[-1783688738335051008.000s] Level 1:colcon.colcon_core.environment:create_environment_scripts_only(pkg02_hello_py)
[-1783688738335051008.000s] INFO:colcon.colcon_core.shell:Creating package script '/home/hzc/linux/ros2/ros2_stu/install/pkg02_hello_py/share/pkg02_hello_py/package.ps1'
[-1783688738335051008.000s] INFO:colcon.colcon_core.shell:Creating package descriptor '/home/hzc/linux/ros2/ros2_stu/install/pkg02_hello_py/share/pkg02_hello_py/package.dsv'
[-1783688738335051008.000s] INFO:colcon.colcon_core.shell:Creating package script '/home/hzc/linux/ros2/ros2_stu/install/pkg02_hello_py/share/pkg02_hello_py/package.sh'
[-1783688738335051008.000s] INFO:colcon.colcon_core.shell:Creating package script '/home/hzc/linux/ros2/ros2_stu/install/pkg02_hello_py/share/pkg02_hello_py/package.bash'
[-1783688738335051008.000s] INFO:colcon.colcon_core.shell:Creating package script '/home/hzc/linux/ros2/ros2_stu/install/pkg02_hello_py/share/pkg02_hello_py/package.zsh'
[-1783688738335051008.000s] Level 1:colcon.colcon_core.environment:create_file_with_runtime_dependencies(/home/hzc/linux/ros2/ros2_stu/install/pkg02_hello_py/share/colcon-core/packages/pkg02_hello_py)
[-1783688738335051008.000s] DEBUG:colcon.colcon_parallel_executor.executor.parallel:closing loop
[-1783688738335051008.000s] DEBUG:colcon.colcon_parallel_executor.executor.parallel:loop closed
[-1783688738335051008.000s] DEBUG:colcon.colcon_parallel_executor.executor.parallel:run_until_complete finished with '0'
[-1783688738335051008.000s] DEBUG:colcon.colcon_core.event_reactor:joining thread
[-1783688738335051008.000s] INFO:colcon.colcon_core.plugin_system:Skipping extension 'colcon_notification.desktop_notification.terminal_notifier': Not used on non-Darwin systems
[-1783688738335051008.000s] INFO:colcon.colcon_core.plugin_system:Skipping extension 'colcon_notification.desktop_notification.win32': Not used on non-Windows systems
[-1783688738335051008.000s] INFO:colcon.colcon_notification.desktop_notification:Sending desktop notification using 'notify2'
[-1783688738335051008.000s] DEBUG:colcon.colcon_core.event_reactor:joined thread
[-1783688738335051008.000s] INFO:colcon.colcon_core.shell:Creating prefix script '/home/hzc/linux/ros2/ros2_stu/install/local_setup.ps1'
[-1783688738335051008.000s] INFO:colcon.colcon_core.shell:Creating prefix util module '/home/hzc/linux/ros2/ros2_stu/install/_local_setup_util_ps1.py'
[-1783688738335051008.000s] INFO:colcon.colcon_core.shell:Creating prefix chain script '/home/hzc/linux/ros2/ros2_stu/install/setup.ps1'
[-1783688738335051008.000s] INFO:colcon.colcon_core.shell:Creating prefix script '/home/hzc/linux/ros2/ros2_stu/install/local_setup.sh'
[-1783688738335051008.000s] INFO:colcon.colcon_core.shell:Creating prefix util module '/home/hzc/linux/ros2/ros2_stu/install/_local_setup_util_sh.py'
[-1783688738335051008.000s] INFO:colcon.colcon_core.shell:Creating prefix chain script '/home/hzc/linux/ros2/ros2_stu/install/setup.sh'
[-1783688738335051008.000s] INFO:colcon.colcon_core.shell:Creating prefix script '/home/hzc/linux/ros2/ros2_stu/install/local_setup.bash'
[-1783688738335051008.000s] INFO:colcon.colcon_core.shell:Creating prefix chain script '/home/hzc/linux/ros2/ros2_stu/install/setup.bash'
[-1783688738335051008.000s] INFO:colcon.colcon_core.shell:Creating prefix script '/home/hzc/linux/ros2/ros2_stu/install/local_setup.zsh'
[-1783688738335051008.000s] INFO:colcon.colcon_core.shell:Creating prefix chain script '/home/hzc/linux/ros2/ros2_stu/install/setup.zsh'
