[0.021s] Invoking command in '/home/hzc/linux/ros2/stu/ws01_plubming/build/cpp07_exercise': CMAKE_PREFIX_PATH=/home/hzc/linux/ros2/stu/ws01_plubming/install/base_interfeces:/home/hzc/linux/ros2/stu/ws01_plubming/install/tutorails_plumbing:/home/hzc/linux/ros2/stu/ws01_plubming/install/cpp07_exercise:/home/hzc/linux/ros2/stu/ws01_plubming/install/cpp06_time:/home/hzc/linux/ros2/stu/ws01_plubming/install/cpp05_names:/home/hzc/linux/ros2/stu/ws01_plubming/install/cpp04_param:/home/hzc/linux/ros2/stu/ws01_plubming/install/cpp03_action:/home/hzc/linux/ros2/stu/ws01_plubming/install/cpp02_service:/home/hzc/linux/ros2/stu/ws01_plubming/install/cpp01_topic:/opt/ros/lyrical/opt/gz_sim_vendor:/opt/ros/lyrical/opt/gz_sensors_vendor:/opt/ros/lyrical/opt/gz_gui_vendor:/opt/ros/lyrical/opt/gz_transport_vendor:/opt/ros/lyrical/opt/gz_physics_vendor:/opt/ros/lyrical/opt/sdformat_vendor:/opt/ros/lyrical/opt/gz_rendering_vendor:/opt/ros/lyrical/opt/gz_plugin_vendor:/opt/ros/lyrical/opt/gz_fuel_tools_vendor:/opt/ros/lyrical/opt/gz_msgs_vendor:/opt/ros/lyrical/opt/gz_common_vendor:/opt/ros/lyrical/opt/gz_math_vendor:/opt/ros/lyrical/opt/gz_utils_vendor:/opt/ros/lyrical/opt/gz_tools_vendor:/opt/ros/lyrical/opt/gz_ogre_next_vendor:/opt/ros/lyrical/opt/gz_dartsim_vendor:/opt/ros/lyrical/opt/gz_cmake_vendor:/home/hzc/linux/ros2/stu/ws01_plubming/install/py06_timer:/home/hzc/linux/ros2/stu/ws01_plubming/install/py05_names:/home/hzc/linux/ros2/stu/ws01_plubming/install/py04_param:/home/hzc/linux/ros2/stu/ws01_plubming/install/py03_action:/home/hzc/linux/ros2/stu/ws01_plubming/install/py02_seriver:/home/hzc/linux/ros2/stu/ws01_plubming/install/py01_topic:/opt/ros/lyrical DEBUGINFOD_URLS=https://debuginfod.ubuntu.com PYTHONPATH=/home/hzc/linux/ros2/stu/ws01_plubming/install/base_interfeces/lib/python3.14/site-packages:/home/hzc/linux/ros2/stu/ws01_plubming/install/py06_timer/lib/python3.14/site-packages:/home/hzc/linux/ros2/stu/ws01_plubming/install/py05_names/lib/python3.14/site-packages:/home/hzc/linux/ros2/stu/ws01_plubming/install/py04_param/lib/python3.14/site-packages:/home/hzc/linux/ros2/stu/ws01_plubming/install/py03_action/lib/python3.14/site-packages:/home/hzc/linux/ros2/stu/ws01_plubming/install/py02_seriver/lib/python3.14/site-packages:/home/hzc/linux/ros2/stu/ws01_plubming/install/py01_topic/lib/python3.14/site-packages:/opt/ros/lyrical/opt/gz_sim_vendor/lib/python:/opt/ros/lyrical/opt/gz_transport_vendor/lib/python:/opt/ros/lyrical/opt/sdformat_vendor/lib/python:/opt/ros/lyrical/opt/gz_msgs_vendor/lib/python:/opt/ros/lyrical/opt/gz_math_vendor/lib/python:/opt/ros/lyrical/lib/python3.14/site-packages /usr/bin/cmake --build /home/hzc/linux/ros2/stu/ws01_plubming/build/cpp07_exercise -- -j16 -l16
[0.055s] -- Found ament_cmake: 2.8.7 (/opt/ros/lyrical/share/ament_cmake/cmake)
[0.297s] -- Found rclcpp: 32.0.0 (/opt/ros/lyrical/share/rclcpp/cmake)
[0.318s] -- Found rosidl_generator_c: 5.2.0 (/opt/ros/lyrical/share/rosidl_generator_c/cmake)
[0.322s] -- Found rosidl_generator_cpp: 5.2.0 (/opt/ros/lyrical/share/rosidl_generator_cpp/cmake)
[0.333s] -- Using all available rosidl_typesupport_c: rosidl_typesupport_fastrtps_c;rosidl_typesupport_introspection_c
[0.343s] -- Using all available rosidl_typesupport_cpp: rosidl_typesupport_fastrtps_cpp;rosidl_typesupport_introspection_cpp
[0.408s] -- Found rmw_implementation_cmake: 7.10.1 (/opt/ros/lyrical/share/rmw_implementation_cmake/cmake)
[0.410s] -- Found rmw_fastrtps_cpp: 9.4.8 (/opt/ros/lyrical/share/rmw_fastrtps_cpp/cmake)
[0.439s] -- Using RMW implementation 'rmw_fastrtps_cpp' as default
[0.509s] -- Found turtlesim_msgs: 1.10.9 (/opt/ros/lyrical/share/turtlesim_msgs/cmake)
[0.571s] -- Found base_interfeces: 0.0.0 (/home/hzc/linux/ros2/stu/ws01_plubming/install/base_interfeces/share/base_interfeces/cmake)
[0.591s] -- Found geometry_msgs: 5.9.2 (/opt/ros/lyrical/share/geometry_msgs/cmake)
[0.623s] -- Found rclcpp_action: 32.0.0 (/opt/ros/lyrical/share/rclcpp_action/cmake)
[0.631s] -- Found ament_lint_auto: 0.20.6 (/opt/ros/lyrical/share/ament_lint_auto/cmake)
[0.745s] -- Added test 'cppcheck' to perform static code analysis on C / C++ code
[0.745s] -- Configured cppcheck include dirs: $<BUILD_INTERFACE:/home/hzc/linux/ros2/stu/ws01_plubming/src/cpp07_exercise/include>
[0.746s] -- Configured cppcheck exclude dirs and/or files: 
[0.747s] -- Added test 'flake8' to check Python code syntax and style conventions
[0.747s] -- Configured 'flake8' exclude dirs and/or files: 
[0.747s] -- Added test 'lint_cmake' to check CMake code style
[0.748s] -- Added test 'pep257' to check Python code against some of the docstring style conventions in PEP 257
[0.748s] -- Added test 'uncrustify' to check C / C++ code style
[0.748s] -- Configured uncrustify additional arguments: 
[0.748s] -- Added test 'xmllint' to check XML markup files
[0.748s] -- Configuring done (0.7s)
[0.767s] -- Generating done (0.0s)
[0.801s] -- Build files have been written to: /home/hzc/linux/ros2/stu/ws01_plubming/build/cpp07_exercise
[0.870s] [ 50%] [32mBuilding CXX object CMakeFiles/exer1_pub_sub.dir/src/exer1_pub_sub.cpp.o[0m
[8.880s] [100%] [1m[32mLinking CXX executable exer1_pub_sub[0m
[9.252s] [100%] Built target exer1_pub_sub
[9.269s] Invoked command in '/home/hzc/linux/ros2/stu/ws01_plubming/build/cpp07_exercise' returned '0': CMAKE_PREFIX_PATH=/home/hzc/linux/ros2/stu/ws01_plubming/install/base_interfeces:/home/hzc/linux/ros2/stu/ws01_plubming/install/tutorails_plumbing:/home/hzc/linux/ros2/stu/ws01_plubming/install/cpp07_exercise:/home/hzc/linux/ros2/stu/ws01_plubming/install/cpp06_time:/home/hzc/linux/ros2/stu/ws01_plubming/install/cpp05_names:/home/hzc/linux/ros2/stu/ws01_plubming/install/cpp04_param:/home/hzc/linux/ros2/stu/ws01_plubming/install/cpp03_action:/home/hzc/linux/ros2/stu/ws01_plubming/install/cpp02_service:/home/hzc/linux/ros2/stu/ws01_plubming/install/cpp01_topic:/opt/ros/lyrical/opt/gz_sim_vendor:/opt/ros/lyrical/opt/gz_sensors_vendor:/opt/ros/lyrical/opt/gz_gui_vendor:/opt/ros/lyrical/opt/gz_transport_vendor:/opt/ros/lyrical/opt/gz_physics_vendor:/opt/ros/lyrical/opt/sdformat_vendor:/opt/ros/lyrical/opt/gz_rendering_vendor:/opt/ros/lyrical/opt/gz_plugin_vendor:/opt/ros/lyrical/opt/gz_fuel_tools_vendor:/opt/ros/lyrical/opt/gz_msgs_vendor:/opt/ros/lyrical/opt/gz_common_vendor:/opt/ros/lyrical/opt/gz_math_vendor:/opt/ros/lyrical/opt/gz_utils_vendor:/opt/ros/lyrical/opt/gz_tools_vendor:/opt/ros/lyrical/opt/gz_ogre_next_vendor:/opt/ros/lyrical/opt/gz_dartsim_vendor:/opt/ros/lyrical/opt/gz_cmake_vendor:/home/hzc/linux/ros2/stu/ws01_plubming/install/py06_timer:/home/hzc/linux/ros2/stu/ws01_plubming/install/py05_names:/home/hzc/linux/ros2/stu/ws01_plubming/install/py04_param:/home/hzc/linux/ros2/stu/ws01_plubming/install/py03_action:/home/hzc/linux/ros2/stu/ws01_plubming/install/py02_seriver:/home/hzc/linux/ros2/stu/ws01_plubming/install/py01_topic:/opt/ros/lyrical DEBUGINFOD_URLS=https://debuginfod.ubuntu.com PYTHONPATH=/home/hzc/linux/ros2/stu/ws01_plubming/install/base_interfeces/lib/python3.14/site-packages:/home/hzc/linux/ros2/stu/ws01_plubming/install/py06_timer/lib/python3.14/site-packages:/home/hzc/linux/ros2/stu/ws01_plubming/install/py05_names/lib/python3.14/site-packages:/home/hzc/linux/ros2/stu/ws01_plubming/install/py04_param/lib/python3.14/site-packages:/home/hzc/linux/ros2/stu/ws01_plubming/install/py03_action/lib/python3.14/site-packages:/home/hzc/linux/ros2/stu/ws01_plubming/install/py02_seriver/lib/python3.14/site-packages:/home/hzc/linux/ros2/stu/ws01_plubming/install/py01_topic/lib/python3.14/site-packages:/opt/ros/lyrical/opt/gz_sim_vendor/lib/python:/opt/ros/lyrical/opt/gz_transport_vendor/lib/python:/opt/ros/lyrical/opt/sdformat_vendor/lib/python:/opt/ros/lyrical/opt/gz_msgs_vendor/lib/python:/opt/ros/lyrical/opt/gz_math_vendor/lib/python:/opt/ros/lyrical/lib/python3.14/site-packages /usr/bin/cmake --build /home/hzc/linux/ros2/stu/ws01_plubming/build/cpp07_exercise -- -j16 -l16
[9.283s] Invoking command in '/home/hzc/linux/ros2/stu/ws01_plubming/build/cpp07_exercise': CMAKE_PREFIX_PATH=/home/hzc/linux/ros2/stu/ws01_plubming/install/base_interfeces:/home/hzc/linux/ros2/stu/ws01_plubming/install/tutorails_plumbing:/home/hzc/linux/ros2/stu/ws01_plubming/install/cpp07_exercise:/home/hzc/linux/ros2/stu/ws01_plubming/install/cpp06_time:/home/hzc/linux/ros2/stu/ws01_plubming/install/cpp05_names:/home/hzc/linux/ros2/stu/ws01_plubming/install/cpp04_param:/home/hzc/linux/ros2/stu/ws01_plubming/install/cpp03_action:/home/hzc/linux/ros2/stu/ws01_plubming/install/cpp02_service:/home/hzc/linux/ros2/stu/ws01_plubming/install/cpp01_topic:/opt/ros/lyrical/opt/gz_sim_vendor:/opt/ros/lyrical/opt/gz_sensors_vendor:/opt/ros/lyrical/opt/gz_gui_vendor:/opt/ros/lyrical/opt/gz_transport_vendor:/opt/ros/lyrical/opt/gz_physics_vendor:/opt/ros/lyrical/opt/sdformat_vendor:/opt/ros/lyrical/opt/gz_rendering_vendor:/opt/ros/lyrical/opt/gz_plugin_vendor:/opt/ros/lyrical/opt/gz_fuel_tools_vendor:/opt/ros/lyrical/opt/gz_msgs_vendor:/opt/ros/lyrical/opt/gz_common_vendor:/opt/ros/lyrical/opt/gz_math_vendor:/opt/ros/lyrical/opt/gz_utils_vendor:/opt/ros/lyrical/opt/gz_tools_vendor:/opt/ros/lyrical/opt/gz_ogre_next_vendor:/opt/ros/lyrical/opt/gz_dartsim_vendor:/opt/ros/lyrical/opt/gz_cmake_vendor:/home/hzc/linux/ros2/stu/ws01_plubming/install/py06_timer:/home/hzc/linux/ros2/stu/ws01_plubming/install/py05_names:/home/hzc/linux/ros2/stu/ws01_plubming/install/py04_param:/home/hzc/linux/ros2/stu/ws01_plubming/install/py03_action:/home/hzc/linux/ros2/stu/ws01_plubming/install/py02_seriver:/home/hzc/linux/ros2/stu/ws01_plubming/install/py01_topic:/opt/ros/lyrical DEBUGINFOD_URLS=https://debuginfod.ubuntu.com PYTHONPATH=/home/hzc/linux/ros2/stu/ws01_plubming/install/base_interfeces/lib/python3.14/site-packages:/home/hzc/linux/ros2/stu/ws01_plubming/install/py06_timer/lib/python3.14/site-packages:/home/hzc/linux/ros2/stu/ws01_plubming/install/py05_names/lib/python3.14/site-packages:/home/hzc/linux/ros2/stu/ws01_plubming/install/py04_param/lib/python3.14/site-packages:/home/hzc/linux/ros2/stu/ws01_plubming/install/py03_action/lib/python3.14/site-packages:/home/hzc/linux/ros2/stu/ws01_plubming/install/py02_seriver/lib/python3.14/site-packages:/home/hzc/linux/ros2/stu/ws01_plubming/install/py01_topic/lib/python3.14/site-packages:/opt/ros/lyrical/opt/gz_sim_vendor/lib/python:/opt/ros/lyrical/opt/gz_transport_vendor/lib/python:/opt/ros/lyrical/opt/sdformat_vendor/lib/python:/opt/ros/lyrical/opt/gz_msgs_vendor/lib/python:/opt/ros/lyrical/opt/gz_math_vendor/lib/python:/opt/ros/lyrical/lib/python3.14/site-packages /usr/bin/cmake --install /home/hzc/linux/ros2/stu/ws01_plubming/build/cpp07_exercise
[9.294s] -- Install configuration: ""
[9.294s] -- Installing: /home/hzc/linux/ros2/stu/ws01_plubming/install/cpp07_exercise/lib/cpp07_exercise/exer1_pub_sub
[9.300s] -- Set non-toolchain portion of runtime path of "/home/hzc/linux/ros2/stu/ws01_plubming/install/cpp07_exercise/lib/cpp07_exercise/exer1_pub_sub" to ""
[9.300s] -- Up-to-date: /home/hzc/linux/ros2/stu/ws01_plubming/install/cpp07_exercise/share/cpp07_exercise/launch
[9.300s] -- Installing: /home/hzc/linux/ros2/stu/ws01_plubming/install/cpp07_exercise/share/cpp07_exercise/launch/exer1_pub_sub_launch.py
[9.301s] -- Installing: /home/hzc/linux/ros2/stu/ws01_plubming/install/cpp07_exercise/share/ament_index/resource_index/package_run_dependencies/cpp07_exercise
[9.301s] -- Installing: /home/hzc/linux/ros2/stu/ws01_plubming/install/cpp07_exercise/share/ament_index/resource_index/parent_prefix_path/cpp07_exercise
[9.301s] -- Up-to-date: /home/hzc/linux/ros2/stu/ws01_plubming/install/cpp07_exercise/share/cpp07_exercise/environment/ament_prefix_path.sh
[9.301s] -- Up-to-date: /home/hzc/linux/ros2/stu/ws01_plubming/install/cpp07_exercise/share/cpp07_exercise/environment/ament_prefix_path.dsv
[9.301s] -- Up-to-date: /home/hzc/linux/ros2/stu/ws01_plubming/install/cpp07_exercise/share/cpp07_exercise/environment/path.sh
[9.301s] -- Up-to-date: /home/hzc/linux/ros2/stu/ws01_plubming/install/cpp07_exercise/share/cpp07_exercise/environment/path.dsv
[9.301s] -- Up-to-date: /home/hzc/linux/ros2/stu/ws01_plubming/install/cpp07_exercise/share/cpp07_exercise/local_setup.bash
[9.302s] -- Up-to-date: /home/hzc/linux/ros2/stu/ws01_plubming/install/cpp07_exercise/share/cpp07_exercise/local_setup.fish
[9.302s] -- Up-to-date: /home/hzc/linux/ros2/stu/ws01_plubming/install/cpp07_exercise/share/cpp07_exercise/local_setup.sh
[9.302s] -- Up-to-date: /home/hzc/linux/ros2/stu/ws01_plubming/install/cpp07_exercise/share/cpp07_exercise/local_setup.zsh
[9.302s] -- Up-to-date: /home/hzc/linux/ros2/stu/ws01_plubming/install/cpp07_exercise/share/cpp07_exercise/local_setup.dsv
[9.302s] -- Installing: /home/hzc/linux/ros2/stu/ws01_plubming/install/cpp07_exercise/share/cpp07_exercise/package.dsv
[9.302s] -- Up-to-date: /home/hzc/linux/ros2/stu/ws01_plubming/install/cpp07_exercise/share/ament_index/resource_index/packages/cpp07_exercise
[9.302s] -- Up-to-date: /home/hzc/linux/ros2/stu/ws01_plubming/install/cpp07_exercise/share/cpp07_exercise/cmake/cpp07_exerciseConfig.cmake
[9.302s] -- Up-to-date: /home/hzc/linux/ros2/stu/ws01_plubming/install/cpp07_exercise/share/cpp07_exercise/cmake/cpp07_exerciseConfig-version.cmake
[9.302s] -- Installing: /home/hzc/linux/ros2/stu/ws01_plubming/install/cpp07_exercise/share/cpp07_exercise/package.xml
[9.304s] Invoked command in '/home/hzc/linux/ros2/stu/ws01_plubming/build/cpp07_exercise' returned '0': CMAKE_PREFIX_PATH=/home/hzc/linux/ros2/stu/ws01_plubming/install/base_interfeces:/home/hzc/linux/ros2/stu/ws01_plubming/install/tutorails_plumbing:/home/hzc/linux/ros2/stu/ws01_plubming/install/cpp07_exercise:/home/hzc/linux/ros2/stu/ws01_plubming/install/cpp06_time:/home/hzc/linux/ros2/stu/ws01_plubming/install/cpp05_names:/home/hzc/linux/ros2/stu/ws01_plubming/install/cpp04_param:/home/hzc/linux/ros2/stu/ws01_plubming/install/cpp03_action:/home/hzc/linux/ros2/stu/ws01_plubming/install/cpp02_service:/home/hzc/linux/ros2/stu/ws01_plubming/install/cpp01_topic:/opt/ros/lyrical/opt/gz_sim_vendor:/opt/ros/lyrical/opt/gz_sensors_vendor:/opt/ros/lyrical/opt/gz_gui_vendor:/opt/ros/lyrical/opt/gz_transport_vendor:/opt/ros/lyrical/opt/gz_physics_vendor:/opt/ros/lyrical/opt/sdformat_vendor:/opt/ros/lyrical/opt/gz_rendering_vendor:/opt/ros/lyrical/opt/gz_plugin_vendor:/opt/ros/lyrical/opt/gz_fuel_tools_vendor:/opt/ros/lyrical/opt/gz_msgs_vendor:/opt/ros/lyrical/opt/gz_common_vendor:/opt/ros/lyrical/opt/gz_math_vendor:/opt/ros/lyrical/opt/gz_utils_vendor:/opt/ros/lyrical/opt/gz_tools_vendor:/opt/ros/lyrical/opt/gz_ogre_next_vendor:/opt/ros/lyrical/opt/gz_dartsim_vendor:/opt/ros/lyrical/opt/gz_cmake_vendor:/home/hzc/linux/ros2/stu/ws01_plubming/install/py06_timer:/home/hzc/linux/ros2/stu/ws01_plubming/install/py05_names:/home/hzc/linux/ros2/stu/ws01_plubming/install/py04_param:/home/hzc/linux/ros2/stu/ws01_plubming/install/py03_action:/home/hzc/linux/ros2/stu/ws01_plubming/install/py02_seriver:/home/hzc/linux/ros2/stu/ws01_plubming/install/py01_topic:/opt/ros/lyrical DEBUGINFOD_URLS=https://debuginfod.ubuntu.com PYTHONPATH=/home/hzc/linux/ros2/stu/ws01_plubming/install/base_interfeces/lib/python3.14/site-packages:/home/hzc/linux/ros2/stu/ws01_plubming/install/py06_timer/lib/python3.14/site-packages:/home/hzc/linux/ros2/stu/ws01_plubming/install/py05_names/lib/python3.14/site-packages:/home/hzc/linux/ros2/stu/ws01_plubming/install/py04_param/lib/python3.14/site-packages:/home/hzc/linux/ros2/stu/ws01_plubming/install/py03_action/lib/python3.14/site-packages:/home/hzc/linux/ros2/stu/ws01_plubming/install/py02_seriver/lib/python3.14/site-packages:/home/hzc/linux/ros2/stu/ws01_plubming/install/py01_topic/lib/python3.14/site-packages:/opt/ros/lyrical/opt/gz_sim_vendor/lib/python:/opt/ros/lyrical/opt/gz_transport_vendor/lib/python:/opt/ros/lyrical/opt/sdformat_vendor/lib/python:/opt/ros/lyrical/opt/gz_msgs_vendor/lib/python:/opt/ros/lyrical/opt/gz_math_vendor/lib/python:/opt/ros/lyrical/lib/python3.14/site-packages /usr/bin/cmake --install /home/hzc/linux/ros2/stu/ws01_plubming/build/cpp07_exercise
