-- Install configuration: ""
-- Up-to-date: /shared/ws2_pluginlib/install/cpp1_gazebo/share/cpp1_gazebo/urdf
-- Up-to-date: /shared/ws2_pluginlib/install/cpp1_gazebo/share/cpp1_gazebo/urdf/first_rebot.urdf
-- Up-to-date: /shared/ws2_pluginlib/install/cpp1_gazebo/share/cpp1_gazebo/urdf/first_rebot.xacro
-- Up-to-date: /shared/ws2_pluginlib/install/cpp1_gazebo/share/cpp1_gazebo/urdf/car
-- Up-to-date: /shared/ws2_pluginlib/install/cpp1_gazebo/share/cpp1_gazebo/urdf/car/plugins
-- Up-to-date: /shared/ws2_pluginlib/install/cpp1_gazebo/share/cpp1_gazebo/urdf/car/plugins/gazebo_sensor_plugin.xacro
-- Up-to-date: /shared/ws2_pluginlib/install/cpp1_gazebo/share/cpp1_gazebo/urdf/car/plugins/gazebo_control_plugin.xacro
-- Up-to-date: /shared/ws2_pluginlib/install/cpp1_gazebo/share/cpp1_gazebo/urdf/car/sensor
-- Up-to-date: /shared/ws2_pluginlib/install/cpp1_gazebo/share/cpp1_gazebo/urdf/car/sensor/camera.urdf.xacro
-- Up-to-date: /shared/ws2_pluginlib/install/cpp1_gazebo/share/cpp1_gazebo/urdf/car/sensor/laser.urdf.xacro
-- Up-to-date: /shared/ws2_pluginlib/install/cpp1_gazebo/share/cpp1_gazebo/urdf/car/sensor/imu.urdf.xacro
-- Up-to-date: /shared/ws2_pluginlib/install/cpp1_gazebo/share/cpp1_gazebo/urdf/car/actuator
-- Up-to-date: /shared/ws2_pluginlib/install/cpp1_gazebo/share/cpp1_gazebo/urdf/car/actuator/wheel.urdf.xacro
-- Up-to-date: /shared/ws2_pluginlib/install/cpp1_gazebo/share/cpp1_gazebo/urdf/car/actuator/caster.urdf.xacro
-- Up-to-date: /shared/ws2_pluginlib/install/cpp1_gazebo/share/cpp1_gazebo/urdf/car/car.urdf.xacro
-- Up-to-date: /shared/ws2_pluginlib/install/cpp1_gazebo/share/cpp1_gazebo/urdf/car/base.urdf.xacro
-- Up-to-date: /shared/ws2_pluginlib/install/cpp1_gazebo/share/cpp1_gazebo/urdf/car/car_ros2_control.xacro
-- Up-to-date: /shared/ws2_pluginlib/install/cpp1_gazebo/share/cpp1_gazebo/urdf/car/common_inertia.xacro
-- Up-to-date: /shared/ws2_pluginlib/install/cpp1_gazebo/share/cpp1_gazebo/launch
-- Up-to-date: /shared/ws2_pluginlib/install/cpp1_gazebo/share/cpp1_gazebo/launch/display_robot.launch.py
-- Up-to-date: /shared/ws2_pluginlib/install/cpp1_gazebo/share/cpp1_gazebo/launch/gazebo_sim.launch.py
-- Up-to-date: /shared/ws2_pluginlib/install/cpp1_gazebo/share/cpp1_gazebo/config
-- Up-to-date: /shared/ws2_pluginlib/install/cpp1_gazebo/share/cpp1_gazebo/config/car_ros2_controller.yaml
-- Up-to-date: /shared/ws2_pluginlib/install/cpp1_gazebo/share/cpp1_gazebo/config/display_mode.rviz
-- Up-to-date: /shared/ws2_pluginlib/install/cpp1_gazebo/share/cpp1_gazebo/world
-- Up-to-date: /shared/ws2_pluginlib/install/cpp1_gazebo/share/cpp1_gazebo/world/home
-- Up-to-date: /shared/ws2_pluginlib/install/cpp1_gazebo/share/cpp1_gazebo/world/home/model.config
-- Up-to-date: /shared/ws2_pluginlib/install/cpp1_gazebo/share/cpp1_gazebo/world/home/model.sdf
-- Up-to-date: /shared/ws2_pluginlib/install/cpp1_gazebo/share/cpp1_gazebo/world/custom_home.world
-- Up-to-date: /shared/ws2_pluginlib/install/cpp1_gazebo/share/ament_index/resource_index/package_run_dependencies/cpp1_gazebo
-- Up-to-date: /shared/ws2_pluginlib/install/cpp1_gazebo/share/ament_index/resource_index/parent_prefix_path/cpp1_gazebo
-- Up-to-date: /shared/ws2_pluginlib/install/cpp1_gazebo/share/cpp1_gazebo/environment/ament_prefix_path.sh
-- Up-to-date: /shared/ws2_pluginlib/install/cpp1_gazebo/share/cpp1_gazebo/environment/ament_prefix_path.dsv
-- Up-to-date: /shared/ws2_pluginlib/install/cpp1_gazebo/share/cpp1_gazebo/environment/path.sh
-- Up-to-date: /shared/ws2_pluginlib/install/cpp1_gazebo/share/cpp1_gazebo/environment/path.dsv
-- Up-to-date: /shared/ws2_pluginlib/install/cpp1_gazebo/share/cpp1_gazebo/local_setup.bash
-- Up-to-date: /shared/ws2_pluginlib/install/cpp1_gazebo/share/cpp1_gazebo/local_setup.sh
-- Up-to-date: /shared/ws2_pluginlib/install/cpp1_gazebo/share/cpp1_gazebo/local_setup.zsh
-- Up-to-date: /shared/ws2_pluginlib/install/cpp1_gazebo/share/cpp1_gazebo/local_setup.dsv
-- Installing: /shared/ws2_pluginlib/install/cpp1_gazebo/share/cpp1_gazebo/package.dsv
-- Up-to-date: /shared/ws2_pluginlib/install/cpp1_gazebo/share/ament_index/resource_index/packages/cpp1_gazebo
-- Up-to-date: /shared/ws2_pluginlib/install/cpp1_gazebo/share/cpp1_gazebo/cmake/cpp1_gazeboConfig.cmake
-- Up-to-date: /shared/ws2_pluginlib/install/cpp1_gazebo/share/cpp1_gazebo/cmake/cpp1_gazeboConfig-version.cmake
-- Up-to-date: /shared/ws2_pluginlib/install/cpp1_gazebo/share/cpp1_gazebo/package.xml
