[0.047s] Invoking command in '/shared/ws2_pluginlib/build/cpp1_gazebo': CMAKE_PREFIX_PATH=${CMAKE_PREFIX_PATH}:/shared/ws2_pluginlib/install/py2_autopartol:/shared/ws2_pluginlib/install/py1_car_application:/opt/ros/humble /usr/bin/cmake --build /shared/ws2_pluginlib/build/cpp1_gazebo -- -j12 -l12
[0.644s] Invoked command in '/shared/ws2_pluginlib/build/cpp1_gazebo' returned '0': CMAKE_PREFIX_PATH=${CMAKE_PREFIX_PATH}:/shared/ws2_pluginlib/install/py2_autopartol:/shared/ws2_pluginlib/install/py1_car_application:/opt/ros/humble /usr/bin/cmake --build /shared/ws2_pluginlib/build/cpp1_gazebo -- -j12 -l12
[0.655s] Invoking command in '/shared/ws2_pluginlib/build/cpp1_gazebo': CMAKE_PREFIX_PATH=${CMAKE_PREFIX_PATH}:/shared/ws2_pluginlib/install/py2_autopartol:/shared/ws2_pluginlib/install/py1_car_application:/opt/ros/humble /usr/bin/cmake --install /shared/ws2_pluginlib/build/cpp1_gazebo
[0.668s] -- Install configuration: ""
[0.669s] -- Up-to-date: /shared/ws2_pluginlib/install/cpp1_gazebo/share/cpp1_gazebo/urdf
[0.669s] -- Up-to-date: /shared/ws2_pluginlib/install/cpp1_gazebo/share/cpp1_gazebo/urdf/first_rebot.urdf
[0.669s] -- Up-to-date: /shared/ws2_pluginlib/install/cpp1_gazebo/share/cpp1_gazebo/urdf/first_rebot.xacro
[0.669s] -- Up-to-date: /shared/ws2_pluginlib/install/cpp1_gazebo/share/cpp1_gazebo/urdf/car
[0.670s] -- Up-to-date: /shared/ws2_pluginlib/install/cpp1_gazebo/share/cpp1_gazebo/urdf/car/plugins
[0.671s] -- Up-to-date: /shared/ws2_pluginlib/install/cpp1_gazebo/share/cpp1_gazebo/urdf/car/plugins/gazebo_sensor_plugin.xacro
[0.671s] -- Up-to-date: /shared/ws2_pluginlib/install/cpp1_gazebo/share/cpp1_gazebo/urdf/car/plugins/gazebo_control_plugin.xacro
[0.673s] -- Up-to-date: /shared/ws2_pluginlib/install/cpp1_gazebo/share/cpp1_gazebo/urdf/car/sensor
[0.673s] -- Up-to-date: /shared/ws2_pluginlib/install/cpp1_gazebo/share/cpp1_gazebo/urdf/car/sensor/camera.urdf.xacro
[0.674s] -- Up-to-date: /shared/ws2_pluginlib/install/cpp1_gazebo/share/cpp1_gazebo/urdf/car/sensor/laser.urdf.xacro
[0.674s] -- Up-to-date: /shared/ws2_pluginlib/install/cpp1_gazebo/share/cpp1_gazebo/urdf/car/sensor/imu.urdf.xacro
[0.674s] -- Up-to-date: /shared/ws2_pluginlib/install/cpp1_gazebo/share/cpp1_gazebo/urdf/car/actuator
[0.674s] -- Up-to-date: /shared/ws2_pluginlib/install/cpp1_gazebo/share/cpp1_gazebo/urdf/car/actuator/wheel.urdf.xacro
[0.674s] -- Up-to-date: /shared/ws2_pluginlib/install/cpp1_gazebo/share/cpp1_gazebo/urdf/car/actuator/caster.urdf.xacro
[0.674s] -- Up-to-date: /shared/ws2_pluginlib/install/cpp1_gazebo/share/cpp1_gazebo/urdf/car/car.urdf.xacro
[0.674s] -- Up-to-date: /shared/ws2_pluginlib/install/cpp1_gazebo/share/cpp1_gazebo/urdf/car/base.urdf.xacro
[0.674s] -- Up-to-date: /shared/ws2_pluginlib/install/cpp1_gazebo/share/cpp1_gazebo/urdf/car/car_ros2_control.xacro
[0.674s] -- Up-to-date: /shared/ws2_pluginlib/install/cpp1_gazebo/share/cpp1_gazebo/urdf/car/common_inertia.xacro
[0.674s] -- Up-to-date: /shared/ws2_pluginlib/install/cpp1_gazebo/share/cpp1_gazebo/launch
[0.674s] -- Up-to-date: /shared/ws2_pluginlib/install/cpp1_gazebo/share/cpp1_gazebo/launch/display_robot.launch.py
[0.676s] -- Up-to-date: /shared/ws2_pluginlib/install/cpp1_gazebo/share/cpp1_gazebo/launch/gazebo_sim.launch.py
[0.677s] -- Up-to-date: /shared/ws2_pluginlib/install/cpp1_gazebo/share/cpp1_gazebo/config
[0.677s] -- Up-to-date: /shared/ws2_pluginlib/install/cpp1_gazebo/share/cpp1_gazebo/config/car_ros2_controller.yaml
[0.677s] -- Up-to-date: /shared/ws2_pluginlib/install/cpp1_gazebo/share/cpp1_gazebo/config/display_mode.rviz
[0.677s] -- Up-to-date: /shared/ws2_pluginlib/install/cpp1_gazebo/share/cpp1_gazebo/world
[0.677s] -- Up-to-date: /shared/ws2_pluginlib/install/cpp1_gazebo/share/cpp1_gazebo/world/home
[0.677s] -- Up-to-date: /shared/ws2_pluginlib/install/cpp1_gazebo/share/cpp1_gazebo/world/home/model.config
[0.677s] -- Up-to-date: /shared/ws2_pluginlib/install/cpp1_gazebo/share/cpp1_gazebo/world/home/model.sdf
[0.677s] -- Up-to-date: /shared/ws2_pluginlib/install/cpp1_gazebo/share/cpp1_gazebo/world/custom_home.world
[0.678s] -- Up-to-date: /shared/ws2_pluginlib/install/cpp1_gazebo/share/ament_index/resource_index/package_run_dependencies/cpp1_gazebo
[0.678s] -- Up-to-date: /shared/ws2_pluginlib/install/cpp1_gazebo/share/ament_index/resource_index/parent_prefix_path/cpp1_gazebo
[0.678s] -- Up-to-date: /shared/ws2_pluginlib/install/cpp1_gazebo/share/cpp1_gazebo/environment/ament_prefix_path.sh
[0.678s] -- Up-to-date: /shared/ws2_pluginlib/install/cpp1_gazebo/share/cpp1_gazebo/environment/ament_prefix_path.dsv
[0.678s] -- Up-to-date: /shared/ws2_pluginlib/install/cpp1_gazebo/share/cpp1_gazebo/environment/path.sh
[0.678s] -- Up-to-date: /shared/ws2_pluginlib/install/cpp1_gazebo/share/cpp1_gazebo/environment/path.dsv
[0.678s] -- Up-to-date: /shared/ws2_pluginlib/install/cpp1_gazebo/share/cpp1_gazebo/local_setup.bash
[0.678s] -- Up-to-date: /shared/ws2_pluginlib/install/cpp1_gazebo/share/cpp1_gazebo/local_setup.sh
[0.678s] -- Up-to-date: /shared/ws2_pluginlib/install/cpp1_gazebo/share/cpp1_gazebo/local_setup.zsh
[0.678s] -- Up-to-date: /shared/ws2_pluginlib/install/cpp1_gazebo/share/cpp1_gazebo/local_setup.dsv
[0.678s] -- Installing: /shared/ws2_pluginlib/install/cpp1_gazebo/share/cpp1_gazebo/package.dsv
[0.679s] -- Up-to-date: /shared/ws2_pluginlib/install/cpp1_gazebo/share/ament_index/resource_index/packages/cpp1_gazebo
[0.679s] -- Up-to-date: /shared/ws2_pluginlib/install/cpp1_gazebo/share/cpp1_gazebo/cmake/cpp1_gazeboConfig.cmake
[0.679s] -- Up-to-date: /shared/ws2_pluginlib/install/cpp1_gazebo/share/cpp1_gazebo/cmake/cpp1_gazeboConfig-version.cmake
[0.679s] -- Up-to-date: /shared/ws2_pluginlib/install/cpp1_gazebo/share/cpp1_gazebo/package.xml
[0.705s] Invoked command in '/shared/ws2_pluginlib/build/cpp1_gazebo' returned '0': CMAKE_PREFIX_PATH=${CMAKE_PREFIX_PATH}:/shared/ws2_pluginlib/install/py2_autopartol:/shared/ws2_pluginlib/install/py1_car_application:/opt/ros/humble /usr/bin/cmake --install /shared/ws2_pluginlib/build/cpp1_gazebo
