[0.015s] Invoking command in '/home/hzc/linux/ros2/stu/ws01_plubming/build/cpp05_names': CMAKE_PREFIX_PATH=${CMAKE_PREFIX_PATH}:/home/hzc/linux/ros2/stu/ws01_plubming/install/py05_names:/home/hzc/linux/ros2/stu/ws01_plubming/install/py01_topic:/home/hzc/linux/ros2/stu/ws01_plubming/install/py04_param:/home/hzc/linux/ros2/stu/ws01_plubming/install/py03_action:/home/hzc/linux/ros2/stu/ws01_plubming/install/py02_seriver:/opt/ros/lyrical DEBUGINFOD_URLS=https://debuginfod.ubuntu.com /usr/bin/cmake --build /home/hzc/linux/ros2/stu/ws01_plubming/build/cpp05_names -- -j16 -l16
[0.046s] -- Found ament_cmake: 2.8.7 (/opt/ros/lyrical/share/ament_cmake/cmake)
[0.261s] -- Found rclcpp: 32.0.0 (/opt/ros/lyrical/share/rclcpp/cmake)
[0.281s] -- Found rosidl_generator_c: 5.2.0 (/opt/ros/lyrical/share/rosidl_generator_c/cmake)
[0.286s] -- Found rosidl_generator_cpp: 5.2.0 (/opt/ros/lyrical/share/rosidl_generator_cpp/cmake)
[0.294s] -- Using all available rosidl_typesupport_c: rosidl_typesupport_fastrtps_c;rosidl_typesupport_introspection_c
[0.305s] -- Using all available rosidl_typesupport_cpp: rosidl_typesupport_fastrtps_cpp;rosidl_typesupport_introspection_cpp
[0.372s] -- Found rmw_implementation_cmake: 7.10.1 (/opt/ros/lyrical/share/rmw_implementation_cmake/cmake)
[0.373s] -- Found rmw_fastrtps_cpp: 9.4.8 (/opt/ros/lyrical/share/rmw_fastrtps_cpp/cmake)
[0.399s] -- Using RMW implementation 'rmw_fastrtps_cpp' as default
[0.468s] -- Found std_msgs: 5.9.2 (/opt/ros/lyrical/share/std_msgs/cmake)
[0.484s] -- Found ament_lint_auto: 0.20.6 (/opt/ros/lyrical/share/ament_lint_auto/cmake)
[0.586s] -- Added test 'cppcheck' to perform static code analysis on C / C++ code
[0.586s] -- Configured cppcheck include dirs: $<BUILD_INTERFACE:/home/hzc/linux/ros2/stu/ws01_plubming/src/cpp05_names/include>
[0.586s] -- Configured cppcheck exclude dirs and/or files: 
[0.586s] -- Added test 'flake8' to check Python code syntax and style conventions
[0.586s] -- Configured 'flake8' exclude dirs and/or files: 
[0.587s] -- Added test 'lint_cmake' to check CMake code style
[0.587s] -- Added test 'pep257' to check Python code against some of the docstring style conventions in PEP 257
[0.590s] -- Added test 'uncrustify' to check C / C++ code style
[0.590s] -- Configured uncrustify additional arguments: 
[0.590s] -- Added test 'xmllint' to check XML markup files
[0.590s] -- Configuring done (0.6s)
[0.604s] -- Generating done (0.0s)
[0.627s] -- Build files have been written to: /home/hzc/linux/ros2/stu/ws01_plubming/build/cpp05_names
[0.689s] [100%] Built target demo1_names
[0.704s] Invoked command in '/home/hzc/linux/ros2/stu/ws01_plubming/build/cpp05_names' returned '0': CMAKE_PREFIX_PATH=${CMAKE_PREFIX_PATH}:/home/hzc/linux/ros2/stu/ws01_plubming/install/py05_names:/home/hzc/linux/ros2/stu/ws01_plubming/install/py01_topic:/home/hzc/linux/ros2/stu/ws01_plubming/install/py04_param:/home/hzc/linux/ros2/stu/ws01_plubming/install/py03_action:/home/hzc/linux/ros2/stu/ws01_plubming/install/py02_seriver:/opt/ros/lyrical DEBUGINFOD_URLS=https://debuginfod.ubuntu.com /usr/bin/cmake --build /home/hzc/linux/ros2/stu/ws01_plubming/build/cpp05_names -- -j16 -l16
[0.719s] Invoking command in '/home/hzc/linux/ros2/stu/ws01_plubming/build/cpp05_names': CMAKE_PREFIX_PATH=${CMAKE_PREFIX_PATH}:/home/hzc/linux/ros2/stu/ws01_plubming/install/py05_names:/home/hzc/linux/ros2/stu/ws01_plubming/install/py01_topic:/home/hzc/linux/ros2/stu/ws01_plubming/install/py04_param:/home/hzc/linux/ros2/stu/ws01_plubming/install/py03_action:/home/hzc/linux/ros2/stu/ws01_plubming/install/py02_seriver:/opt/ros/lyrical DEBUGINFOD_URLS=https://debuginfod.ubuntu.com /usr/bin/cmake --install /home/hzc/linux/ros2/stu/ws01_plubming/build/cpp05_names
[0.726s] -- Install configuration: ""
[0.727s] -- Up-to-date: /home/hzc/linux/ros2/stu/ws01_plubming/install/cpp05_names/lib/cpp05_names/demo1_names
[0.727s] -- Up-to-date: /home/hzc/linux/ros2/stu/ws01_plubming/install/cpp05_names/share/cpp05_names/launch
[0.727s] -- Up-to-date: /home/hzc/linux/ros2/stu/ws01_plubming/install/cpp05_names/share/cpp05_names/launch/demo3_names_launch.yaml
[0.727s] -- Up-to-date: /home/hzc/linux/ros2/stu/ws01_plubming/install/cpp05_names/share/cpp05_names/launch/demo1_names_launch.py
[0.727s] -- Up-to-date: /home/hzc/linux/ros2/stu/ws01_plubming/install/cpp05_names/share/cpp05_names/launch/demo2_names_launch.xml
[0.727s] -- Installing: /home/hzc/linux/ros2/stu/ws01_plubming/install/cpp05_names/share/ament_index/resource_index/package_run_dependencies/cpp05_names
[0.728s] -- Up-to-date: /home/hzc/linux/ros2/stu/ws01_plubming/install/cpp05_names/share/ament_index/resource_index/parent_prefix_path/cpp05_names
[0.728s] -- Up-to-date: /home/hzc/linux/ros2/stu/ws01_plubming/install/cpp05_names/share/cpp05_names/environment/ament_prefix_path.sh
[0.728s] -- Up-to-date: /home/hzc/linux/ros2/stu/ws01_plubming/install/cpp05_names/share/cpp05_names/environment/ament_prefix_path.dsv
[0.728s] -- Up-to-date: /home/hzc/linux/ros2/stu/ws01_plubming/install/cpp05_names/share/cpp05_names/environment/path.sh
[0.728s] -- Up-to-date: /home/hzc/linux/ros2/stu/ws01_plubming/install/cpp05_names/share/cpp05_names/environment/path.dsv
[0.728s] -- Up-to-date: /home/hzc/linux/ros2/stu/ws01_plubming/install/cpp05_names/share/cpp05_names/local_setup.bash
[0.728s] -- Up-to-date: /home/hzc/linux/ros2/stu/ws01_plubming/install/cpp05_names/share/cpp05_names/local_setup.fish
[0.728s] -- Up-to-date: /home/hzc/linux/ros2/stu/ws01_plubming/install/cpp05_names/share/cpp05_names/local_setup.sh
[0.729s] -- Up-to-date: /home/hzc/linux/ros2/stu/ws01_plubming/install/cpp05_names/share/cpp05_names/local_setup.zsh
[0.729s] -- Up-to-date: /home/hzc/linux/ros2/stu/ws01_plubming/install/cpp05_names/share/cpp05_names/local_setup.dsv
[0.729s] -- Installing: /home/hzc/linux/ros2/stu/ws01_plubming/install/cpp05_names/share/cpp05_names/package.dsv
[0.729s] -- Up-to-date: /home/hzc/linux/ros2/stu/ws01_plubming/install/cpp05_names/share/ament_index/resource_index/packages/cpp05_names
[0.729s] -- Up-to-date: /home/hzc/linux/ros2/stu/ws01_plubming/install/cpp05_names/share/cpp05_names/cmake/cpp05_namesConfig.cmake
[0.729s] -- Up-to-date: /home/hzc/linux/ros2/stu/ws01_plubming/install/cpp05_names/share/cpp05_names/cmake/cpp05_namesConfig-version.cmake
[0.729s] -- Up-to-date: /home/hzc/linux/ros2/stu/ws01_plubming/install/cpp05_names/share/cpp05_names/package.xml
[0.731s] Invoked command in '/home/hzc/linux/ros2/stu/ws01_plubming/build/cpp05_names' returned '0': CMAKE_PREFIX_PATH=${CMAKE_PREFIX_PATH}:/home/hzc/linux/ros2/stu/ws01_plubming/install/py05_names:/home/hzc/linux/ros2/stu/ws01_plubming/install/py01_topic:/home/hzc/linux/ros2/stu/ws01_plubming/install/py04_param:/home/hzc/linux/ros2/stu/ws01_plubming/install/py03_action:/home/hzc/linux/ros2/stu/ws01_plubming/install/py02_seriver:/opt/ros/lyrical DEBUGINFOD_URLS=https://debuginfod.ubuntu.com /usr/bin/cmake --install /home/hzc/linux/ros2/stu/ws01_plubming/build/cpp05_names
