/home/hzc/linux/ros2/stu/ws02_tools/install/py3_tf_broadcaster/lib/python3.14/site-packages/py3_tf_broadcaster/demo2_tf_dynamic_py.py
/home/hzc/linux/ros2/stu/ws02_tools/install/py3_tf_broadcaster/lib/python3.14/site-packages/py3_tf_broadcaster/demo1_tf_static_py.py
/home/hzc/linux/ros2/stu/ws02_tools/install/py3_tf_broadcaster/lib/python3.14/site-packages/py3_tf_broadcaster/__init__.py
/home/hzc/linux/ros2/stu/ws02_tools/install/py3_tf_broadcaster/lib/python3.14/site-packages/py3_tf_broadcaster/demo3_point_tf_py.py
/home/hzc/linux/ros2/stu/ws02_tools/install/py3_tf_broadcaster/lib/python3.14/site-packages/py3_tf_broadcaster/py.typed
/home/hzc/linux/ros2/stu/ws02_tools/install/py3_tf_broadcaster/lib/python3.14/site-packages/py3_tf_broadcaster/__pycache__/demo2_tf_dynamic_py.cpython-314.pyc
/home/hzc/linux/ros2/stu/ws02_tools/install/py3_tf_broadcaster/lib/python3.14/site-packages/py3_tf_broadcaster/__pycache__/demo1_tf_static_py.cpython-314.pyc
/home/hzc/linux/ros2/stu/ws02_tools/install/py3_tf_broadcaster/lib/python3.14/site-packages/py3_tf_broadcaster/__pycache__/__init__.cpython-314.pyc
/home/hzc/linux/ros2/stu/ws02_tools/install/py3_tf_broadcaster/lib/python3.14/site-packages/py3_tf_broadcaster/__pycache__/demo3_point_tf_py.cpython-314.pyc
/home/hzc/linux/ros2/stu/ws02_tools/install/py3_tf_broadcaster/share/ament_index/resource_index/packages/py3_tf_broadcaster
/home/hzc/linux/ros2/stu/ws02_tools/install/py3_tf_broadcaster/share/py3_tf_broadcaster/package.xml
/home/hzc/linux/ros2/stu/ws02_tools/install/py3_tf_broadcaster/lib/python3.14/site-packages/py3_tf_broadcaster-0.0.0-py3.14.egg-info/entry_points.txt
/home/hzc/linux/ros2/stu/ws02_tools/install/py3_tf_broadcaster/lib/python3.14/site-packages/py3_tf_broadcaster-0.0.0-py3.14.egg-info/zip-safe
/home/hzc/linux/ros2/stu/ws02_tools/install/py3_tf_broadcaster/lib/python3.14/site-packages/py3_tf_broadcaster-0.0.0-py3.14.egg-info/dependency_links.txt
/home/hzc/linux/ros2/stu/ws02_tools/install/py3_tf_broadcaster/lib/python3.14/site-packages/py3_tf_broadcaster-0.0.0-py3.14.egg-info/PKG-INFO
/home/hzc/linux/ros2/stu/ws02_tools/install/py3_tf_broadcaster/lib/python3.14/site-packages/py3_tf_broadcaster-0.0.0-py3.14.egg-info/requires.txt
/home/hzc/linux/ros2/stu/ws02_tools/install/py3_tf_broadcaster/lib/python3.14/site-packages/py3_tf_broadcaster-0.0.0-py3.14.egg-info/top_level.txt
/home/hzc/linux/ros2/stu/ws02_tools/install/py3_tf_broadcaster/lib/python3.14/site-packages/py3_tf_broadcaster-0.0.0-py3.14.egg-info/SOURCES.txt
/home/hzc/linux/ros2/stu/ws02_tools/install/py3_tf_broadcaster/lib/py3_tf_broadcaster/demo1_tf_static_py
/home/hzc/linux/ros2/stu/ws02_tools/install/py3_tf_broadcaster/lib/py3_tf_broadcaster/demo2_tf_dynamic_py
/home/hzc/linux/ros2/stu/ws02_tools/install/py3_tf_broadcaster/lib/py3_tf_broadcaster/demo3_point_tf_py
