[1.804s] Invoking command in '/home/hzc/linux/ros2/stu/ws02_tools/src/py3_tf_broadcaster': DEBUGINFOD_URLS=https://debuginfod.ubuntu.com PYTHONPATH=/home/hzc/linux/ros2/stu/ws02_tools/build/py3_tf_broadcaster/prefix_override:/usr/lib/python3/dist-packages/colcon_core/task/python/colcon_distutils_commands:/home/hzc/linux/ros2/stu/ws02_tools/install/py3_tf_broadcaster/lib/python3.14/site-packages:${PYTHONPATH} /usr/bin/python3 -W ignore:setup.py install is deprecated -W ignore:easy_install command is deprecated setup.py egg_info --egg-base ../../build/py3_tf_broadcaster build --build-base /home/hzc/linux/ros2/stu/ws02_tools/build/py3_tf_broadcaster/build install --record /home/hzc/linux/ros2/stu/ws02_tools/build/py3_tf_broadcaster/install.log --single-version-externally-managed install_data
[2.155s] running egg_info
[2.178s] writing ../../build/py3_tf_broadcaster/py3_tf_broadcaster.egg-info/PKG-INFO
[2.179s] writing dependency_links to ../../build/py3_tf_broadcaster/py3_tf_broadcaster.egg-info/dependency_links.txt
[2.179s] writing entry points to ../../build/py3_tf_broadcaster/py3_tf_broadcaster.egg-info/entry_points.txt
[2.179s] writing requirements to ../../build/py3_tf_broadcaster/py3_tf_broadcaster.egg-info/requires.txt
[2.179s] writing top-level names to ../../build/py3_tf_broadcaster/py3_tf_broadcaster.egg-info/top_level.txt
[2.230s] reading manifest file '../../build/py3_tf_broadcaster/py3_tf_broadcaster.egg-info/SOURCES.txt'
[2.231s] writing manifest file '../../build/py3_tf_broadcaster/py3_tf_broadcaster.egg-info/SOURCES.txt'
[2.231s] running build
[2.231s] running build_py
[2.231s] copying py3_tf_broadcaster/demo2_tf_dynamic_py.py -> /home/hzc/linux/ros2/stu/ws02_tools/build/py3_tf_broadcaster/build/lib/py3_tf_broadcaster
[2.231s] copying py3_tf_broadcaster/demo1_tf_static_py.py -> /home/hzc/linux/ros2/stu/ws02_tools/build/py3_tf_broadcaster/build/lib/py3_tf_broadcaster
[2.232s] copying py3_tf_broadcaster/__init__.py -> /home/hzc/linux/ros2/stu/ws02_tools/build/py3_tf_broadcaster/build/lib/py3_tf_broadcaster
[2.232s] copying py3_tf_broadcaster/demo3_point_tf_py.py -> /home/hzc/linux/ros2/stu/ws02_tools/build/py3_tf_broadcaster/build/lib/py3_tf_broadcaster
[2.232s] copying py3_tf_broadcaster/py.typed -> /home/hzc/linux/ros2/stu/ws02_tools/build/py3_tf_broadcaster/build/lib/py3_tf_broadcaster
[2.232s] running install
[2.236s] running install_lib
[2.259s] running install_data
[2.260s] copying resource/py3_tf_broadcaster -> /home/hzc/linux/ros2/stu/ws02_tools/install/py3_tf_broadcaster/share/ament_index/resource_index/packages
[2.260s] copying package.xml -> /home/hzc/linux/ros2/stu/ws02_tools/install/py3_tf_broadcaster/share/py3_tf_broadcaster
[2.260s] running install_egg_info
[2.284s] removing '/home/hzc/linux/ros2/stu/ws02_tools/install/py3_tf_broadcaster/lib/python3.14/site-packages/py3_tf_broadcaster-0.0.0-py3.14.egg-info' (and everything under it)
[2.284s] Copying ../../build/py3_tf_broadcaster/py3_tf_broadcaster.egg-info to /home/hzc/linux/ros2/stu/ws02_tools/install/py3_tf_broadcaster/lib/python3.14/site-packages/py3_tf_broadcaster-0.0.0-py3.14.egg-info
[2.285s] running install_scripts
[2.397s] Installing demo1_tf_static_py script to /home/hzc/linux/ros2/stu/ws02_tools/install/py3_tf_broadcaster/lib/py3_tf_broadcaster
[2.398s] Installing demo2_tf_dynamic_py script to /home/hzc/linux/ros2/stu/ws02_tools/install/py3_tf_broadcaster/lib/py3_tf_broadcaster
[2.398s] Installing demo3_point_tf_py script to /home/hzc/linux/ros2/stu/ws02_tools/install/py3_tf_broadcaster/lib/py3_tf_broadcaster
[2.398s] writing list of installed files to '/home/hzc/linux/ros2/stu/ws02_tools/build/py3_tf_broadcaster/install.log'
[2.445s] Invoked command in '/home/hzc/linux/ros2/stu/ws02_tools/src/py3_tf_broadcaster' returned '0': DEBUGINFOD_URLS=https://debuginfod.ubuntu.com PYTHONPATH=/home/hzc/linux/ros2/stu/ws02_tools/build/py3_tf_broadcaster/prefix_override:/usr/lib/python3/dist-packages/colcon_core/task/python/colcon_distutils_commands:/home/hzc/linux/ros2/stu/ws02_tools/install/py3_tf_broadcaster/lib/python3.14/site-packages:${PYTHONPATH} /usr/bin/python3 -W ignore:setup.py install is deprecated -W ignore:easy_install command is deprecated setup.py egg_info --egg-base ../../build/py3_tf_broadcaster build --build-base /home/hzc/linux/ros2/stu/ws02_tools/build/py3_tf_broadcaster/build install --record /home/hzc/linux/ros2/stu/ws02_tools/build/py3_tf_broadcaster/install.log --single-version-externally-managed install_data
