/shared/ws1_stu/install/py1_car_application/lib/python3.10/site-packages/py1_car_application/nav_to_pose.py
/shared/ws1_stu/install/py1_car_application/lib/python3.10/site-packages/py1_car_application/nav_to_poses.py
/shared/ws1_stu/install/py1_car_application/lib/python3.10/site-packages/py1_car_application/car_init_pose.py
/shared/ws1_stu/install/py1_car_application/lib/python3.10/site-packages/py1_car_application/car_get_pose.py
/shared/ws1_stu/install/py1_car_application/lib/python3.10/site-packages/py1_car_application/__init__.py
/shared/ws1_stu/install/py1_car_application/lib/python3.10/site-packages/py1_car_application/__pycache__/nav_to_pose.cpython-310.pyc
/shared/ws1_stu/install/py1_car_application/lib/python3.10/site-packages/py1_car_application/__pycache__/nav_to_poses.cpython-310.pyc
/shared/ws1_stu/install/py1_car_application/lib/python3.10/site-packages/py1_car_application/__pycache__/car_init_pose.cpython-310.pyc
/shared/ws1_stu/install/py1_car_application/lib/python3.10/site-packages/py1_car_application/__pycache__/car_get_pose.cpython-310.pyc
/shared/ws1_stu/install/py1_car_application/lib/python3.10/site-packages/py1_car_application/__pycache__/__init__.cpython-310.pyc
/shared/ws1_stu/install/py1_car_application/share/ament_index/resource_index/packages/py1_car_application
/shared/ws1_stu/install/py1_car_application/share/py1_car_application/package.xml
/shared/ws1_stu/install/py1_car_application/lib/python3.10/site-packages/py1_car_application-0.0.0-py3.10.egg-info/entry_points.txt
/shared/ws1_stu/install/py1_car_application/lib/python3.10/site-packages/py1_car_application-0.0.0-py3.10.egg-info/zip-safe
/shared/ws1_stu/install/py1_car_application/lib/python3.10/site-packages/py1_car_application-0.0.0-py3.10.egg-info/dependency_links.txt
/shared/ws1_stu/install/py1_car_application/lib/python3.10/site-packages/py1_car_application-0.0.0-py3.10.egg-info/PKG-INFO
/shared/ws1_stu/install/py1_car_application/lib/python3.10/site-packages/py1_car_application-0.0.0-py3.10.egg-info/requires.txt
/shared/ws1_stu/install/py1_car_application/lib/python3.10/site-packages/py1_car_application-0.0.0-py3.10.egg-info/top_level.txt
/shared/ws1_stu/install/py1_car_application/lib/python3.10/site-packages/py1_car_application-0.0.0-py3.10.egg-info/SOURCES.txt
/shared/ws1_stu/install/py1_car_application/lib/py1_car_application/car_get_pose
/shared/ws1_stu/install/py1_car_application/lib/py1_car_application/car_init_pose
/shared/ws1_stu/install/py1_car_application/lib/py1_car_application/nav_to_pose
/shared/ws1_stu/install/py1_car_application/lib/py1_car_application/nav_to_poses
