[0.782s] Invoking command in '/home/hzc/linux/ros2/stu/ws02_tools/src/py6_service_face': CMAKE_PREFIX_PATH=/home/hzc/linux/ros2/stu/ws02_tools/install/base_interfaces:/home/hzc/linux/ros2/stu/ws02_tools/install/cpp7_gazebo:/home/hzc/linux/ros2/stu/ws02_tools/install/cpp6_urdf:/home/hzc/linux/ros2/stu/ws02_tools/install/cpp5_exercise:/home/hzc/linux/ros2/stu/ws02_tools/install/cpp4_tf_listener:/home/hzc/linux/ros2/stu/ws02_tools/install/cpp3_tf_broadcaster:/home/hzc/linux/ros2/stu/ws02_tools/install/cpp2_rosbag:/home/hzc/linux/ros2/stu/ws02_tools/install/cpp1_launch:/opt/ros/lyrical/opt/gz_sim_vendor:/opt/ros/lyrical/opt/gz_sensors_vendor:/opt/ros/lyrical/opt/gz_gui_vendor:/opt/ros/lyrical/opt/gz_transport_vendor:/opt/ros/lyrical/opt/gz_physics_vendor:/opt/ros/lyrical/opt/sdformat_vendor:/opt/ros/lyrical/opt/gz_rendering_vendor:/opt/ros/lyrical/opt/gz_plugin_vendor:/opt/ros/lyrical/opt/gz_fuel_tools_vendor:/opt/ros/lyrical/opt/gz_msgs_vendor:/opt/ros/lyrical/opt/gz_common_vendor:/opt/ros/lyrical/opt/gz_math_vendor:/opt/ros/lyrical/opt/gz_utils_vendor:/opt/ros/lyrical/opt/gz_tools_vendor:/opt/ros/lyrical/opt/gz_ogre_next_vendor:/opt/ros/lyrical/opt/gz_dartsim_vendor:/opt/ros/lyrical/opt/gz_cmake_vendor DEBUGINFOD_URLS=https://debuginfod.ubuntu.com PYTHONPATH=/home/hzc/linux/ros2/stu/ws02_tools/build/py6_service_face/prefix_override:/home/hzc/linux/ros2/stu/ws02_tools/src/face/lib/python3.14/site-packages/colcon_core/task/python/colcon_distutils_commands:/home/hzc/linux/ros2/stu/ws02_tools/install/py6_service_face/lib/python3.14/site-packages:/home/hzc/linux/ros2/stu/ws02_tools/install/base_interfaces/lib/python3.14/site-packages:/home/hzc/linux/ros2/stu/ws02_tools/install/py6_service_face/lib/python3.14/site-packages:/home/hzc/linux/ros2/stu/ws02_tools/install/py5_exercise/lib/python3.14/site-packages:/home/hzc/linux/ros2/stu/ws02_tools/install/py3_tf_broadcaster/lib/python3.14/site-packages:/home/hzc/linux/ros2/stu/ws02_tools/install/py1_launch/lib/python3.14/site-packages:/opt/ros/lyrical/opt/gz_sim_vendor/lib/python:/opt/ros/lyrical/opt/gz_transport_vendor/lib/python:/opt/ros/lyrical/opt/sdformat_vendor/lib/python:/opt/ros/lyrical/opt/gz_msgs_vendor/lib/python:/opt/ros/lyrical/opt/gz_math_vendor/lib/python:/opt/ros/lyrical/lib/python3.14/site-packages /home/hzc/linux/ros2/stu/ws02_tools/src/face/bin/python3 -W ignore:setup.py install is deprecated -W ignore:easy_install command is deprecated setup.py egg_info --egg-base ../../build/py6_service_face build --build-base /home/hzc/linux/ros2/stu/ws02_tools/build/py6_service_face/build install --record /home/hzc/linux/ros2/stu/ws02_tools/build/py6_service_face/install.log --install-scripts $base/lib/py6_service_face --single-version-externally-managed install_data
[1.070s] running egg_info
[1.091s] writing ../../build/py6_service_face/py6_service_face.egg-info/PKG-INFO
[1.091s] writing dependency_links to ../../build/py6_service_face/py6_service_face.egg-info/dependency_links.txt
[1.091s] writing entry points to ../../build/py6_service_face/py6_service_face.egg-info/entry_points.txt
[1.092s] writing requirements to ../../build/py6_service_face/py6_service_face.egg-info/requires.txt
[1.092s] writing top-level names to ../../build/py6_service_face/py6_service_face.egg-info/top_level.txt
[1.137s] reading manifest file '../../build/py6_service_face/py6_service_face.egg-info/SOURCES.txt'
[1.138s] adding license file 'LICENSE'
[1.138s] writing manifest file '../../build/py6_service_face/py6_service_face.egg-info/SOURCES.txt'
[1.138s] running build
[1.139s] running build_py
[1.139s] copying py6_service_face/__init__.py -> /home/hzc/linux/ros2/stu/ws02_tools/build/py6_service_face/build/lib/py6_service_face
[1.139s] copying py6_service_face/learn_face_detect.py -> /home/hzc/linux/ros2/stu/ws02_tools/build/py6_service_face/build/lib/py6_service_face
[1.139s] copying py6_service_face/py.typed -> /home/hzc/linux/ros2/stu/ws02_tools/build/py6_service_face/build/lib/py6_service_face
[1.140s] running install
[1.143s] running install_lib
[1.164s] running install_data
[1.165s] copying resource/py6_service_face -> /home/hzc/linux/ros2/stu/ws02_tools/install/py6_service_face/share/ament_index/resource_index/packages
[1.165s] copying package.xml -> /home/hzc/linux/ros2/stu/ws02_tools/install/py6_service_face/share/py6_service_face
[1.165s] copying resource/image.jpg -> /home/hzc/linux/ros2/stu/ws02_tools/install/py6_service_face/share/py6_service_face/resource
[1.166s] running install_egg_info
[1.190s] removing '/home/hzc/linux/ros2/stu/ws02_tools/install/py6_service_face/lib/python3.14/site-packages/py6_service_face-0.0.0-py3.14.egg-info' (and everything under it)
[1.190s] Copying ../../build/py6_service_face/py6_service_face.egg-info to /home/hzc/linux/ros2/stu/ws02_tools/install/py6_service_face/lib/python3.14/site-packages/py6_service_face-0.0.0-py3.14.egg-info
[1.191s] running install_scripts
[1.296s] Installing py6_service_face script to /home/hzc/linux/ros2/stu/ws02_tools/install/py6_service_face/lib/py6_service_face
[1.297s] writing list of installed files to '/home/hzc/linux/ros2/stu/ws02_tools/build/py6_service_face/install.log'
[1.332s] Invoked command in '/home/hzc/linux/ros2/stu/ws02_tools/src/py6_service_face' returned '0': CMAKE_PREFIX_PATH=/home/hzc/linux/ros2/stu/ws02_tools/install/base_interfaces:/home/hzc/linux/ros2/stu/ws02_tools/install/cpp7_gazebo:/home/hzc/linux/ros2/stu/ws02_tools/install/cpp6_urdf:/home/hzc/linux/ros2/stu/ws02_tools/install/cpp5_exercise:/home/hzc/linux/ros2/stu/ws02_tools/install/cpp4_tf_listener:/home/hzc/linux/ros2/stu/ws02_tools/install/cpp3_tf_broadcaster:/home/hzc/linux/ros2/stu/ws02_tools/install/cpp2_rosbag:/home/hzc/linux/ros2/stu/ws02_tools/install/cpp1_launch:/opt/ros/lyrical/opt/gz_sim_vendor:/opt/ros/lyrical/opt/gz_sensors_vendor:/opt/ros/lyrical/opt/gz_gui_vendor:/opt/ros/lyrical/opt/gz_transport_vendor:/opt/ros/lyrical/opt/gz_physics_vendor:/opt/ros/lyrical/opt/sdformat_vendor:/opt/ros/lyrical/opt/gz_rendering_vendor:/opt/ros/lyrical/opt/gz_plugin_vendor:/opt/ros/lyrical/opt/gz_fuel_tools_vendor:/opt/ros/lyrical/opt/gz_msgs_vendor:/opt/ros/lyrical/opt/gz_common_vendor:/opt/ros/lyrical/opt/gz_math_vendor:/opt/ros/lyrical/opt/gz_utils_vendor:/opt/ros/lyrical/opt/gz_tools_vendor:/opt/ros/lyrical/opt/gz_ogre_next_vendor:/opt/ros/lyrical/opt/gz_dartsim_vendor:/opt/ros/lyrical/opt/gz_cmake_vendor DEBUGINFOD_URLS=https://debuginfod.ubuntu.com PYTHONPATH=/home/hzc/linux/ros2/stu/ws02_tools/build/py6_service_face/prefix_override:/home/hzc/linux/ros2/stu/ws02_tools/src/face/lib/python3.14/site-packages/colcon_core/task/python/colcon_distutils_commands:/home/hzc/linux/ros2/stu/ws02_tools/install/py6_service_face/lib/python3.14/site-packages:/home/hzc/linux/ros2/stu/ws02_tools/install/base_interfaces/lib/python3.14/site-packages:/home/hzc/linux/ros2/stu/ws02_tools/install/py6_service_face/lib/python3.14/site-packages:/home/hzc/linux/ros2/stu/ws02_tools/install/py5_exercise/lib/python3.14/site-packages:/home/hzc/linux/ros2/stu/ws02_tools/install/py3_tf_broadcaster/lib/python3.14/site-packages:/home/hzc/linux/ros2/stu/ws02_tools/install/py1_launch/lib/python3.14/site-packages:/opt/ros/lyrical/opt/gz_sim_vendor/lib/python:/opt/ros/lyrical/opt/gz_transport_vendor/lib/python:/opt/ros/lyrical/opt/sdformat_vendor/lib/python:/opt/ros/lyrical/opt/gz_msgs_vendor/lib/python:/opt/ros/lyrical/opt/gz_math_vendor/lib/python:/opt/ros/lyrical/lib/python3.14/site-packages /home/hzc/linux/ros2/stu/ws02_tools/src/face/bin/python3 -W ignore:setup.py install is deprecated -W ignore:easy_install command is deprecated setup.py egg_info --egg-base ../../build/py6_service_face build --build-base /home/hzc/linux/ros2/stu/ws02_tools/build/py6_service_face/build install --record /home/hzc/linux/ros2/stu/ws02_tools/build/py6_service_face/install.log --install-scripts $base/lib/py6_service_face --single-version-externally-managed install_data
