[0.011s] Invoking command in '/shared/ws1_stu/build/cpp2_slam': CMAKE_PREFIX_PATH=${CMAKE_PREFIX_PATH}:/opt/ros/humble /usr/bin/cmake /shared/ws1_stu/src/cpp2_slam -DCMAKE_INSTALL_PREFIX=/shared/ws1_stu/install/cpp2_slam
[0.104s] -- The C compiler identification is GNU 11.4.0
[0.186s] -- The CXX compiler identification is GNU 11.4.0
[0.195s] -- Detecting C compiler ABI info
[0.269s] -- Detecting C compiler ABI info - done
[0.273s] -- Check for working C compiler: /usr/bin/cc - skipped
[0.273s] -- Detecting C compile features
[0.281s] -- Detecting C compile features - done
[0.281s] -- Detecting CXX compiler ABI info
[0.359s] -- Detecting CXX compiler ABI info - done
[0.364s] -- Check for working CXX compiler: /usr/bin/c++ - skipped
[0.364s] -- Detecting CXX compile features
[0.365s] -- Detecting CXX compile features - done
[0.372s] -- Found ament_cmake: 1.3.14 (/opt/ros/humble/share/ament_cmake/cmake)
[0.510s] -- Found Python3: /usr/bin/python3 (found version "3.10.12") found components: Interpreter 
[0.608s] -- Found ament_lint_auto: 0.12.15 (/opt/ros/humble/share/ament_lint_auto/cmake)
[0.681s] -- Added test 'flake8' to check Python code syntax and style conventions
[0.682s] -- Added test 'lint_cmake' to check CMake code style
[0.683s] -- Added test 'pep257' to check Python code against some of the docstring style conventions in PEP 257
[0.685s] -- Added test 'xmllint' to check XML markup files
[0.687s] -- Configuring done
[0.690s] -- Generating done
[0.691s] -- Build files have been written to: /shared/ws1_stu/build/cpp2_slam
[0.696s] Invoked command in '/shared/ws1_stu/build/cpp2_slam' returned '0': CMAKE_PREFIX_PATH=${CMAKE_PREFIX_PATH}:/opt/ros/humble /usr/bin/cmake /shared/ws1_stu/src/cpp2_slam -DCMAKE_INSTALL_PREFIX=/shared/ws1_stu/install/cpp2_slam
[0.697s] Invoking command in '/shared/ws1_stu/build/cpp2_slam': CMAKE_PREFIX_PATH=${CMAKE_PREFIX_PATH}:/opt/ros/humble /usr/bin/cmake --build /shared/ws1_stu/build/cpp2_slam -- -j12 -l12
[0.734s] Invoked command in '/shared/ws1_stu/build/cpp2_slam' returned '0': CMAKE_PREFIX_PATH=${CMAKE_PREFIX_PATH}:/opt/ros/humble /usr/bin/cmake --build /shared/ws1_stu/build/cpp2_slam -- -j12 -l12
[0.736s] Invoking command in '/shared/ws1_stu/build/cpp2_slam': CMAKE_PREFIX_PATH=${CMAKE_PREFIX_PATH}:/opt/ros/humble /usr/bin/cmake --install /shared/ws1_stu/build/cpp2_slam
[0.743s] -- Install configuration: ""
[0.743s] -- Installing: /shared/ws1_stu/install/cpp2_slam/share/cpp2_slam/urdf
[0.743s] -- Installing: /shared/ws1_stu/install/cpp2_slam/share/cpp2_slam/urdf/first_rebot.urdf
[0.743s] -- Installing: /shared/ws1_stu/install/cpp2_slam/share/cpp2_slam/urdf/first_rebot.xacro
[0.743s] -- Installing: /shared/ws1_stu/install/cpp2_slam/share/cpp2_slam/urdf/car
[0.743s] -- Installing: /shared/ws1_stu/install/cpp2_slam/share/cpp2_slam/urdf/car/plugins
[0.743s] -- Installing: /shared/ws1_stu/install/cpp2_slam/share/cpp2_slam/urdf/car/plugins/gazebo_sensor_plugin.xacro
[0.743s] -- Installing: /shared/ws1_stu/install/cpp2_slam/share/cpp2_slam/urdf/car/plugins/gazebo_control_plugin.xacro
[0.744s] -- Installing: /shared/ws1_stu/install/cpp2_slam/share/cpp2_slam/urdf/car/sensor
[0.744s] -- Installing: /shared/ws1_stu/install/cpp2_slam/share/cpp2_slam/urdf/car/sensor/camera.urdf.xacro
[0.744s] -- Installing: /shared/ws1_stu/install/cpp2_slam/share/cpp2_slam/urdf/car/sensor/laser.urdf.xacro
[0.744s] -- Installing: /shared/ws1_stu/install/cpp2_slam/share/cpp2_slam/urdf/car/sensor/imu.urdf.xacro
[0.744s] -- Installing: /shared/ws1_stu/install/cpp2_slam/share/cpp2_slam/urdf/car/actuator
[0.744s] -- Installing: /shared/ws1_stu/install/cpp2_slam/share/cpp2_slam/urdf/car/actuator/wheel.urdf.xacro
[0.744s] -- Installing: /shared/ws1_stu/install/cpp2_slam/share/cpp2_slam/urdf/car/actuator/caster.urdf.xacro
[0.744s] -- Installing: /shared/ws1_stu/install/cpp2_slam/share/cpp2_slam/urdf/car/car.urdf.xacro
[0.744s] -- Installing: /shared/ws1_stu/install/cpp2_slam/share/cpp2_slam/urdf/car/base.urdf.xacro
[0.744s] -- Installing: /shared/ws1_stu/install/cpp2_slam/share/cpp2_slam/urdf/car/car_ros2_control.xacro
[0.744s] -- Installing: /shared/ws1_stu/install/cpp2_slam/share/cpp2_slam/urdf/car/common_inertia.xacro
[0.745s] -- Installing: /shared/ws1_stu/install/cpp2_slam/share/cpp2_slam/launch
[0.745s] -- Installing: /shared/ws1_stu/install/cpp2_slam/share/cpp2_slam/launch/display_robot.launch.py
[0.745s] -- Installing: /shared/ws1_stu/install/cpp2_slam/share/cpp2_slam/launch/gazebo_sim.launch.py
[0.745s] -- Installing: /shared/ws1_stu/install/cpp2_slam/share/cpp2_slam/config
[0.745s] -- Installing: /shared/ws1_stu/install/cpp2_slam/share/cpp2_slam/config/car_ros2_controller.yaml
[0.745s] -- Installing: /shared/ws1_stu/install/cpp2_slam/share/cpp2_slam/config/display_mode.rviz
[0.745s] -- Installing: /shared/ws1_stu/install/cpp2_slam/share/cpp2_slam/world
[0.745s] -- Installing: /shared/ws1_stu/install/cpp2_slam/share/cpp2_slam/world/home
[0.745s] -- Installing: /shared/ws1_stu/install/cpp2_slam/share/cpp2_slam/world/home/model.config
[0.745s] -- Installing: /shared/ws1_stu/install/cpp2_slam/share/cpp2_slam/world/home/model.sdf
[0.745s] -- Installing: /shared/ws1_stu/install/cpp2_slam/share/cpp2_slam/world/custom_home.world
[0.746s] -- Installing: /shared/ws1_stu/install/cpp2_slam/share/ament_index/resource_index/package_run_dependencies/cpp2_slam
[0.746s] -- Installing: /shared/ws1_stu/install/cpp2_slam/share/ament_index/resource_index/parent_prefix_path/cpp2_slam
[0.746s] -- Installing: /shared/ws1_stu/install/cpp2_slam/share/cpp2_slam/environment/ament_prefix_path.sh
[0.746s] -- Installing: /shared/ws1_stu/install/cpp2_slam/share/cpp2_slam/environment/ament_prefix_path.dsv
[0.746s] -- Installing: /shared/ws1_stu/install/cpp2_slam/share/cpp2_slam/environment/path.sh
[0.746s] -- Installing: /shared/ws1_stu/install/cpp2_slam/share/cpp2_slam/environment/path.dsv
[0.747s] -- Installing: /shared/ws1_stu/install/cpp2_slam/share/cpp2_slam/local_setup.bash
[0.747s] -- Installing: /shared/ws1_stu/install/cpp2_slam/share/cpp2_slam/local_setup.sh
[0.747s] -- Installing: /shared/ws1_stu/install/cpp2_slam/share/cpp2_slam/local_setup.zsh
[0.747s] -- Installing: /shared/ws1_stu/install/cpp2_slam/share/cpp2_slam/local_setup.dsv
[0.747s] -- Installing: /shared/ws1_stu/install/cpp2_slam/share/cpp2_slam/package.dsv
[0.747s] -- Installing: /shared/ws1_stu/install/cpp2_slam/share/ament_index/resource_index/packages/cpp2_slam
[0.747s] -- Installing: /shared/ws1_stu/install/cpp2_slam/share/cpp2_slam/cmake/cpp2_slamConfig.cmake
[0.748s] -- Installing: /shared/ws1_stu/install/cpp2_slam/share/cpp2_slam/cmake/cpp2_slamConfig-version.cmake
[0.748s] -- Installing: /shared/ws1_stu/install/cpp2_slam/share/cpp2_slam/package.xml
[0.750s] Invoked command in '/shared/ws1_stu/build/cpp2_slam' returned '0': CMAKE_PREFIX_PATH=${CMAKE_PREFIX_PATH}:/opt/ros/humble /usr/bin/cmake --install /shared/ws1_stu/build/cpp2_slam
