[0.015s] Invoking command in '/home/hzc/linux/ros2/stu/ws01_plubming/build/cpp02_service': CMAKE_PREFIX_PATH=${CMAKE_PREFIX_PATH}:/home/hzc/linux/ros2/stu/ws01_plubming/install/cpp02_seriver:/home/hzc/linux/ros2/stu/ws01_plubming/install/py01_topic:/opt/ros/lyrical DEBUGINFOD_URLS=https://debuginfod.ubuntu.com /usr/bin/cmake --build /home/hzc/linux/ros2/stu/ws01_plubming/build/cpp02_service -- -j16 -l16
[0.082s] [ 25%] [32mBuilding CXX object CMakeFiles/demo1_server.dir/src/demo1_server.cpp.o[0m
[0.089s] [ 75%] Built target demo1_client
[4.982s] [100%] [1m[32mLinking CXX executable demo1_server[0m
[5.145s] [100%] Built target demo1_server
[5.163s] Invoked command in '/home/hzc/linux/ros2/stu/ws01_plubming/build/cpp02_service' returned '0': CMAKE_PREFIX_PATH=${CMAKE_PREFIX_PATH}:/home/hzc/linux/ros2/stu/ws01_plubming/install/cpp02_seriver:/home/hzc/linux/ros2/stu/ws01_plubming/install/py01_topic:/opt/ros/lyrical DEBUGINFOD_URLS=https://debuginfod.ubuntu.com /usr/bin/cmake --build /home/hzc/linux/ros2/stu/ws01_plubming/build/cpp02_service -- -j16 -l16
[5.176s] Invoking command in '/home/hzc/linux/ros2/stu/ws01_plubming/build/cpp02_service': CMAKE_PREFIX_PATH=${CMAKE_PREFIX_PATH}:/home/hzc/linux/ros2/stu/ws01_plubming/install/cpp02_seriver:/home/hzc/linux/ros2/stu/ws01_plubming/install/py01_topic:/opt/ros/lyrical DEBUGINFOD_URLS=https://debuginfod.ubuntu.com /usr/bin/cmake --install /home/hzc/linux/ros2/stu/ws01_plubming/build/cpp02_service
[5.186s] -- Install configuration: ""
[5.186s] -- Installing: /home/hzc/linux/ros2/stu/ws01_plubming/install/cpp02_service/lib/cpp02_service/demo1_server
[5.187s] -- Set non-toolchain portion of runtime path of "/home/hzc/linux/ros2/stu/ws01_plubming/install/cpp02_service/lib/cpp02_service/demo1_server" to ""
[5.188s] -- Installing: /home/hzc/linux/ros2/stu/ws01_plubming/install/cpp02_service/lib/cpp02_service/demo1_client
[5.188s] -- Set non-toolchain portion of runtime path of "/home/hzc/linux/ros2/stu/ws01_plubming/install/cpp02_service/lib/cpp02_service/demo1_client" to ""
[5.188s] -- Installing: /home/hzc/linux/ros2/stu/ws01_plubming/install/cpp02_service/share/ament_index/resource_index/package_run_dependencies/cpp02_service
[5.188s] -- Installing: /home/hzc/linux/ros2/stu/ws01_plubming/install/cpp02_service/share/ament_index/resource_index/parent_prefix_path/cpp02_service
[5.188s] -- Installing: /home/hzc/linux/ros2/stu/ws01_plubming/install/cpp02_service/share/cpp02_service/environment/ament_prefix_path.sh
[5.189s] -- Installing: /home/hzc/linux/ros2/stu/ws01_plubming/install/cpp02_service/share/cpp02_service/environment/ament_prefix_path.dsv
[5.189s] -- Installing: /home/hzc/linux/ros2/stu/ws01_plubming/install/cpp02_service/share/cpp02_service/environment/path.sh
[5.189s] -- Installing: /home/hzc/linux/ros2/stu/ws01_plubming/install/cpp02_service/share/cpp02_service/environment/path.dsv
[5.189s] -- Installing: /home/hzc/linux/ros2/stu/ws01_plubming/install/cpp02_service/share/cpp02_service/local_setup.bash
[5.189s] -- Installing: /home/hzc/linux/ros2/stu/ws01_plubming/install/cpp02_service/share/cpp02_service/local_setup.fish
[5.189s] -- Installing: /home/hzc/linux/ros2/stu/ws01_plubming/install/cpp02_service/share/cpp02_service/local_setup.sh
[5.190s] -- Installing: /home/hzc/linux/ros2/stu/ws01_plubming/install/cpp02_service/share/cpp02_service/local_setup.zsh
[5.190s] -- Installing: /home/hzc/linux/ros2/stu/ws01_plubming/install/cpp02_service/share/cpp02_service/local_setup.dsv
[5.190s] -- Installing: /home/hzc/linux/ros2/stu/ws01_plubming/install/cpp02_service/share/cpp02_service/package.dsv
[5.190s] -- Installing: /home/hzc/linux/ros2/stu/ws01_plubming/install/cpp02_service/share/ament_index/resource_index/packages/cpp02_service
[5.191s] -- Installing: /home/hzc/linux/ros2/stu/ws01_plubming/install/cpp02_service/share/cpp02_service/cmake/cpp02_serviceConfig.cmake
[5.191s] -- Installing: /home/hzc/linux/ros2/stu/ws01_plubming/install/cpp02_service/share/cpp02_service/cmake/cpp02_serviceConfig-version.cmake
[5.191s] -- Installing: /home/hzc/linux/ros2/stu/ws01_plubming/install/cpp02_service/share/cpp02_service/package.xml
[5.194s] Invoked command in '/home/hzc/linux/ros2/stu/ws01_plubming/build/cpp02_service' returned '0': CMAKE_PREFIX_PATH=${CMAKE_PREFIX_PATH}:/home/hzc/linux/ros2/stu/ws01_plubming/install/cpp02_seriver:/home/hzc/linux/ros2/stu/ws01_plubming/install/py01_topic:/opt/ros/lyrical DEBUGINFOD_URLS=https://debuginfod.ubuntu.com /usr/bin/cmake --install /home/hzc/linux/ros2/stu/ws01_plubming/build/cpp02_service
