[0.017s] Invoking command in '/home/hzc/linux/ros2/stu/ws01_plubming/build/base_interfeces': CMAKE_PREFIX_PATH=${CMAKE_PREFIX_PATH}:/home/hzc/linux/ros2/stu/ws01_plubming/install/py02_seriver:/home/hzc/linux/ros2/stu/ws01_plubming/install/py01_topic:/opt/ros/lyrical DEBUGINFOD_URLS=https://debuginfod.ubuntu.com /usr/bin/cmake --build /home/hzc/linux/ros2/stu/ws01_plubming/build/base_interfeces -- -j16 -l16
[0.049s] -- Found ament_cmake: 2.8.7 (/opt/ros/lyrical/share/ament_cmake/cmake)
[0.155s] -- Found rosidl_default_generators: 1.8.1 (/opt/ros/lyrical/share/rosidl_default_generators/cmake)
[0.157s] -- Using all available rosidl_typesupport_c: rosidl_typesupport_fastrtps_c;rosidl_typesupport_introspection_c
[0.176s] -- Using all available rosidl_typesupport_cpp: rosidl_typesupport_fastrtps_cpp;rosidl_typesupport_introspection_cpp
[0.196s] -- Found rosidl_adapter: 5.2.0 (/opt/ros/lyrical/share/rosidl_adapter/cmake)
[0.616s] -- Using all available rosidl_typesupport_c: rosidl_typesupport_fastrtps_c;rosidl_typesupport_introspection_c
[0.721s] -- Using all available rosidl_typesupport_cpp: rosidl_typesupport_fastrtps_cpp;rosidl_typesupport_introspection_cpp
[0.970s] -- Found Python3: /usr/bin/python3 (found version "3.14.4") found components: Interpreter Development NumPy Development.Module Development.Embed
[1.004s] -- Found Python3: /usr/bin/python3 (found version "3.14.4") found components: Interpreter
[1.005s] -- Found ament_lint_auto: 0.20.6 (/opt/ros/lyrical/share/ament_lint_auto/cmake)
[1.012s] -- Configuring done (1.0s)
[1.065s] -- Generating done (0.1s)
[1.087s] -- Build files have been written to: /home/hzc/linux/ros2/stu/ws01_plubming/build/base_interfeces
[1.130s] [  3%] [1m[34mGenerating Rust code for ROS interfaces[0m
[1.130s] [  3%] [1m[34mGenerating type hashes for ROS interfaces[0m
[1.366s] [  3%] Built target base_interfeces__rosidl_generator_type_description
[1.379s] [  5%] [1m[34mGenerating C code for ROS interfaces[0m
[1.394s] [  7%] [1m[34mGenerating C++ code for ROS interfaces[0m
[1.424s] [  7%] Built target base_interfeces__rs
[1.930s] [  7%] Built target base_interfeces__cpp
[2.035s] [ 16%] [32mBuilding C object CMakeFiles/base_interfeces__rosidl_generator_c.dir/rosidl_generator_c/base_interfeces/srv/detail/addints__functions.c.o[0m
[2.035s] [ 16%] [32mBuilding C object CMakeFiles/base_interfeces__rosidl_generator_c.dir/rosidl_generator_c/base_interfeces/msg/detail/student__functions.c.o[0m
[2.036s] [ 20%] [32mBuilding C object CMakeFiles/base_interfeces__rosidl_generator_c.dir/rosidl_generator_c/base_interfeces/srv/detail/addints__type_support.c.o[0m
[2.036s] [ 20%] [32mBuilding C object CMakeFiles/base_interfeces__rosidl_generator_c.dir/rosidl_generator_c/base_interfeces/msg/detail/student__type_support.c.o[0m
[2.036s] [ 16%] [32mBuilding C object CMakeFiles/base_interfeces__rosidl_generator_c.dir/rosidl_generator_c/base_interfeces/srv/detail/addints__description.c.o[0m
[2.036s] [ 20%] [32mBuilding C object CMakeFiles/base_interfeces__rosidl_generator_c.dir/rosidl_generator_c/base_interfeces/msg/detail/student__description.c.o[0m
[2.036s] [ 20%] [32mBuilding C object CMakeFiles/base_interfeces__rosidl_generator_c.dir/rosidl_generator_c/base_interfeces/action/detail/progress__description.c.o[0m
[2.036s] [ 21%] [32mBuilding C object CMakeFiles/base_interfeces__rosidl_generator_c.dir/rosidl_generator_c/base_interfeces/action/detail/progress__functions.c.o[0m
[2.036s] [ 23%] [32mBuilding C object CMakeFiles/base_interfeces__rosidl_generator_c.dir/rosidl_generator_c/base_interfeces/action/detail/progress__type_support.c.o[0m
[2.181s] [ 25%] [1m[32mLinking C shared library libbase_interfeces__rosidl_generator_c.so[0m
[2.230s] [ 25%] Built target base_interfeces__rosidl_generator_c
[2.243s] [ 32%] [1m[34mGenerating C type support for eProsima Fast-RTPS[0m
[2.243s] [ 32%] [1m[34mGenerating C type support dispatch for ROS interfaces[0m
[2.243s] [ 32%] [1m[34mGenerating C++ type support for eProsima Fast-RTPS[0m
[2.244s] [ 32%] [1m[34mGenerating C++ type support dispatch for ROS interfaces[0m
[2.244s] [ 36%] [1m[34mGenerating C++ introspection for ROS interfaces[0m
[2.244s] [ 36%] [1m[34mGenerating C introspection for ROS interfaces[0m
[2.621s] [ 40%] [32mBuilding CXX object CMakeFiles/base_interfeces__rosidl_typesupport_c.dir/rosidl_typesupport_c/base_interfeces/msg/student__type_support.cpp.o[0m
[2.622s] [ 40%] [32mBuilding CXX object CMakeFiles/base_interfeces__rosidl_typesupport_c.dir/rosidl_typesupport_c/base_interfeces/srv/addints__type_support.cpp.o[0m
[2.625s] [ 41%] [32mBuilding CXX object CMakeFiles/base_interfeces__rosidl_typesupport_c.dir/rosidl_typesupport_c/base_interfeces/action/progress__type_support.cpp.o[0m
[2.640s] [ 43%] [32mBuilding CXX object CMakeFiles/base_interfeces__rosidl_typesupport_cpp.dir/rosidl_typesupport_cpp/base_interfeces/msg/student__type_support.cpp.o[0m
[2.645s] [ 45%] [32mBuilding CXX object CMakeFiles/base_interfeces__rosidl_typesupport_cpp.dir/rosidl_typesupport_cpp/base_interfeces/srv/addints__type_support.cpp.o[0m
[2.717s] [ 47%] [1m[32mLinking CXX shared library libbase_interfeces__rosidl_typesupport_c.so[0m
[2.751s] [ 49%] [32mBuilding CXX object CMakeFiles/base_interfeces__rosidl_typesupport_introspection_cpp.dir/rosidl_typesupport_introspection_cpp/base_interfeces/msg/detail/student__type_support.cpp.o[0m
[2.752s] [ 50%] [32mBuilding CXX object CMakeFiles/base_interfeces__rosidl_typesupport_introspection_cpp.dir/rosidl_typesupport_introspection_cpp/base_interfeces/srv/detail/addints__type_support.cpp.o[0m
[2.791s] [ 50%] Built target base_interfeces__rosidl_typesupport_c
[2.814s] [ 52%] [32mBuilding C object CMakeFiles/base_interfeces__rosidl_typesupport_introspection_c.dir/rosidl_typesupport_introspection_c/base_interfeces/msg/detail/student__type_support.c.o[0m
[2.814s] [ 54%] [32mBuilding C object CMakeFiles/base_interfeces__rosidl_typesupport_introspection_c.dir/rosidl_typesupport_introspection_c/base_interfeces/action/detail/progress__type_support.c.o[0m
[2.815s] [ 56%] [32mBuilding C object CMakeFiles/base_interfeces__rosidl_typesupport_introspection_c.dir/rosidl_typesupport_introspection_c/base_interfeces/srv/detail/addints__type_support.c.o[0m
[2.916s] [ 58%] [1m[32mLinking C shared library libbase_interfeces__rosidl_typesupport_introspection_c.so[0m
[2.983s] [ 58%] Built target base_interfeces__rosidl_typesupport_introspection_c
[3.075s] [ 60%] [32mBuilding CXX object CMakeFiles/base_interfeces__rosidl_typesupport_fastrtps_cpp.dir/rosidl_typesupport_fastrtps_cpp/base_interfeces/srv/detail/dds_fastrtps/addints__type_support.cpp.o[0m
[3.076s] [ 61%] [32mBuilding CXX object CMakeFiles/base_interfeces__rosidl_typesupport_fastrtps_cpp.dir/rosidl_typesupport_fastrtps_cpp/base_interfeces/msg/detail/dds_fastrtps/student__type_support.cpp.o[0m
[3.076s] [ 63%] [32mBuilding CXX object CMakeFiles/base_interfeces__rosidl_typesupport_fastrtps_cpp.dir/rosidl_typesupport_fastrtps_cpp/base_interfeces/action/detail/dds_fastrtps/progress__type_support.cpp.o[0m
[3.212s] [ 65%] [32mBuilding CXX object CMakeFiles/base_interfeces__rosidl_typesupport_cpp.dir/rosidl_typesupport_cpp/base_interfeces/action/progress__type_support.cpp.o[0m
[3.266s] [ 67%] [32mBuilding CXX object CMakeFiles/base_interfeces__rosidl_typesupport_fastrtps_c.dir/rosidl_typesupport_fastrtps_c/base_interfeces/msg/detail/student__type_support_c.cpp.o[0m
[3.267s] [ 69%] [32mBuilding CXX object CMakeFiles/base_interfeces__rosidl_typesupport_fastrtps_c.dir/rosidl_typesupport_fastrtps_c/base_interfeces/action/detail/progress__type_support_c.cpp.o[0m
[3.270s] [ 70%] [32mBuilding CXX object CMakeFiles/base_interfeces__rosidl_typesupport_fastrtps_c.dir/rosidl_typesupport_fastrtps_c/base_interfeces/srv/detail/addints__type_support_c.cpp.o[0m
[3.364s] [ 72%] [32mBuilding CXX object CMakeFiles/base_interfeces__rosidl_typesupport_introspection_cpp.dir/rosidl_typesupport_introspection_cpp/base_interfeces/action/detail/progress__type_support.cpp.o[0m
[4.224s] [ 74%] [1m[32mLinking CXX shared library libbase_interfeces__rosidl_typesupport_fastrtps_c.so[0m
[4.259s] [ 76%] [1m[32mLinking CXX shared library libbase_interfeces__rosidl_typesupport_cpp.so[0m
[4.334s] [ 76%] Built target base_interfeces__rosidl_typesupport_fastrtps_c
[4.363s] [ 76%] Built target base_interfeces__rosidl_typesupport_cpp
[4.401s] [ 78%] [1m[32mLinking CXX shared library libbase_interfeces__rosidl_typesupport_fastrtps_cpp.so[0m
[4.434s] [ 80%] [1m[32mLinking CXX shared library libbase_interfeces__rosidl_typesupport_introspection_cpp.so[0m
[4.506s] [ 80%] Built target base_interfeces__rosidl_typesupport_fastrtps_cpp
[4.535s] [ 80%] Built target base_interfeces__rosidl_typesupport_introspection_cpp
[4.562s] [ 80%] Built target base_interfeces
[4.589s] [ 81%] [1m[34mGenerating Python code for ROS interfaces[0m
[5.661s] [ 81%] Built target base_interfeces__py
[5.697s] [ 87%] [32mBuilding C object CMakeFiles/base_interfeces__rosidl_generator_py.dir/rosidl_generator_py/base_interfeces/action/_progress_s.c.o[0m
[5.697s] [ 87%] [32mBuilding C object CMakeFiles/base_interfeces__rosidl_generator_py.dir/rosidl_generator_py/base_interfeces/msg/_student_s.c.o[0m
[5.697s] [ 87%] [32mBuilding C object CMakeFiles/base_interfeces__rosidl_generator_py.dir/rosidl_generator_py/base_interfeces/srv/_addints_s.c.o[0m
[5.700s] [ 87%] Built target ament_cmake_python_sync_base_interfeces
[5.920s] [ 89%] [1m[32mLinking C shared library libbase_interfeces__rosidl_generator_py.so[0m
[5.972s] running egg_info
[5.976s] [ 89%] Built target base_interfeces__rosidl_generator_py
[5.994s] writing base_interfeces.egg-info/PKG-INFO
[5.995s] writing dependency_links to base_interfeces.egg-info/dependency_links.txt
[5.995s] writing top-level names to base_interfeces.egg-info/top_level.txt
[6.008s] [ 92%] [32mBuilding C object CMakeFiles/base_interfeces_s__rosidl_typesupport_introspection_c.dir/rosidl_generator_py/base_interfeces/_base_interfeces_s.ep.rosidl_typesupport_introspection_c.c.o[0m
[6.009s] [ 92%] [32mBuilding C object CMakeFiles/base_interfeces_s__rosidl_typesupport_fastrtps_c.dir/rosidl_generator_py/base_interfeces/_base_interfeces_s.ep.rosidl_typesupport_fastrtps_c.c.o[0m
[6.009s] [ 94%] [32mBuilding C object CMakeFiles/base_interfeces_s__rosidl_typesupport_c.dir/rosidl_generator_py/base_interfeces/_base_interfeces_s.ep.rosidl_typesupport_c.c.o[0m
[6.063s] reading manifest file 'base_interfeces.egg-info/SOURCES.txt'
[6.064s] writing manifest file 'base_interfeces.egg-info/SOURCES.txt'
[6.107s] [ 94%] Built target ament_cmake_python_build_base_interfeces_egg
[6.164s] [ 98%] [1m[32mLinking C shared module rosidl_generator_py/base_interfeces/base_interfeces_s__rosidl_typesupport_fastrtps_c.so[0m
[6.164s] [ 98%] [1m[32mLinking C shared module rosidl_generator_py/base_interfeces/base_interfeces_s__rosidl_typesupport_c.so[0m
[6.164s] [100%] [1m[32mLinking C shared module rosidl_generator_py/base_interfeces/base_interfeces_s__rosidl_typesupport_introspection_c.so[0m
[6.203s] [100%] Built target base_interfeces_s__rosidl_typesupport_fastrtps_c
[6.203s] [100%] Built target base_interfeces_s__rosidl_typesupport_c
[6.203s] [100%] Built target base_interfeces_s__rosidl_typesupport_introspection_c
[6.223s] Invoked command in '/home/hzc/linux/ros2/stu/ws01_plubming/build/base_interfeces' returned '0': CMAKE_PREFIX_PATH=${CMAKE_PREFIX_PATH}:/home/hzc/linux/ros2/stu/ws01_plubming/install/py02_seriver:/home/hzc/linux/ros2/stu/ws01_plubming/install/py01_topic:/opt/ros/lyrical DEBUGINFOD_URLS=https://debuginfod.ubuntu.com /usr/bin/cmake --build /home/hzc/linux/ros2/stu/ws01_plubming/build/base_interfeces -- -j16 -l16
[6.238s] Invoking command in '/home/hzc/linux/ros2/stu/ws01_plubming/build/base_interfeces': CMAKE_PREFIX_PATH=${CMAKE_PREFIX_PATH}:/home/hzc/linux/ros2/stu/ws01_plubming/install/py02_seriver:/home/hzc/linux/ros2/stu/ws01_plubming/install/py01_topic:/opt/ros/lyrical DEBUGINFOD_URLS=https://debuginfod.ubuntu.com /usr/bin/cmake --install /home/hzc/linux/ros2/stu/ws01_plubming/build/base_interfeces
[6.253s] -- Install configuration: ""
[6.253s] -- Installing: /home/hzc/linux/ros2/stu/ws01_plubming/install/base_interfeces/share/ament_index/resource_index/rosidl_interfaces/base_interfeces
[6.253s] -- Installing: /home/hzc/linux/ros2/stu/ws01_plubming/install/base_interfeces/share/base_interfeces/msg/Student.json
[6.253s] -- Installing: /home/hzc/linux/ros2/stu/ws01_plubming/install/base_interfeces/share/base_interfeces/srv/Addints.json
[6.253s] -- Installing: /home/hzc/linux/ros2/stu/ws01_plubming/install/base_interfeces/share/base_interfeces/action/Progress.json
[6.254s] -- Up-to-date: /home/hzc/linux/ros2/stu/ws01_plubming/install/base_interfeces/include/base_interfeces/base_interfeces
[6.254s] -- Installing: /home/hzc/linux/ros2/stu/ws01_plubming/install/base_interfeces/include/base_interfeces/base_interfeces/action
[6.254s] -- Installing: /home/hzc/linux/ros2/stu/ws01_plubming/install/base_interfeces/include/base_interfeces/base_interfeces/action/progress.h
[6.254s] -- Installing: /home/hzc/linux/ros2/stu/ws01_plubming/install/base_interfeces/include/base_interfeces/base_interfeces/action/detail
[6.254s] -- Installing: /home/hzc/linux/ros2/stu/ws01_plubming/install/base_interfeces/include/base_interfeces/base_interfeces/action/detail/progress__functions.c
[6.254s] -- Installing: /home/hzc/linux/ros2/stu/ws01_plubming/install/base_interfeces/include/base_interfeces/base_interfeces/action/detail/progress__description.c
[6.255s] -- Installing: /home/hzc/linux/ros2/stu/ws01_plubming/install/base_interfeces/include/base_interfeces/base_interfeces/action/detail/progress__functions.h
[6.255s] -- Installing: /home/hzc/linux/ros2/stu/ws01_plubming/install/base_interfeces/include/base_interfeces/base_interfeces/action/detail/progress__type_support.h
[6.255s] -- Installing: /home/hzc/linux/ros2/stu/ws01_plubming/install/base_interfeces/include/base_interfeces/base_interfeces/action/detail/progress__type_support.c
[6.255s] -- Installing: /home/hzc/linux/ros2/stu/ws01_plubming/install/base_interfeces/include/base_interfeces/base_interfeces/action/detail/progress__struct.h
[6.256s] -- Up-to-date: /home/hzc/linux/ros2/stu/ws01_plubming/install/base_interfeces/include/base_interfeces/base_interfeces/srv
[6.256s] -- Up-to-date: /home/hzc/linux/ros2/stu/ws01_plubming/install/base_interfeces/include/base_interfeces/base_interfeces/srv/detail
[6.256s] -- Installing: /home/hzc/linux/ros2/stu/ws01_plubming/install/base_interfeces/include/base_interfeces/base_interfeces/srv/detail/addints__functions.h
[6.256s] -- Installing: /home/hzc/linux/ros2/stu/ws01_plubming/install/base_interfeces/include/base_interfeces/base_interfeces/srv/detail/addints__functions.c
[6.256s] -- Installing: /home/hzc/linux/ros2/stu/ws01_plubming/install/base_interfeces/include/base_interfeces/base_interfeces/srv/detail/addints__struct.h
[6.256s] -- Installing: /home/hzc/linux/ros2/stu/ws01_plubming/install/base_interfeces/include/base_interfeces/base_interfeces/srv/detail/addints__description.c
[6.257s] -- Installing: /home/hzc/linux/ros2/stu/ws01_plubming/install/base_interfeces/include/base_interfeces/base_interfeces/srv/detail/addints__type_support.c
[6.257s] -- Installing: /home/hzc/linux/ros2/stu/ws01_plubming/install/base_interfeces/include/base_interfeces/base_interfeces/srv/detail/addints__type_support.h
[6.257s] -- Installing: /home/hzc/linux/ros2/stu/ws01_plubming/install/base_interfeces/include/base_interfeces/base_interfeces/srv/addints.h
[6.257s] -- Up-to-date: /home/hzc/linux/ros2/stu/ws01_plubming/install/base_interfeces/include/base_interfeces/base_interfeces/msg
[6.257s] -- Up-to-date: /home/hzc/linux/ros2/stu/ws01_plubming/install/base_interfeces/include/base_interfeces/base_interfeces/msg/rosidl_generator_c__visibility_control.h
[6.258s] -- Up-to-date: /home/hzc/linux/ros2/stu/ws01_plubming/install/base_interfeces/include/base_interfeces/base_interfeces/msg/detail
[6.258s] -- Installing: /home/hzc/linux/ros2/stu/ws01_plubming/install/base_interfeces/include/base_interfeces/base_interfeces/msg/detail/student__functions.h
[6.258s] -- Installing: /home/hzc/linux/ros2/stu/ws01_plubming/install/base_interfeces/include/base_interfeces/base_interfeces/msg/detail/student__functions.c
[6.258s] -- Installing: /home/hzc/linux/ros2/stu/ws01_plubming/install/base_interfeces/include/base_interfeces/base_interfeces/msg/detail/student__struct.h
[6.259s] -- Installing: /home/hzc/linux/ros2/stu/ws01_plubming/install/base_interfeces/include/base_interfeces/base_interfeces/msg/detail/student__description.c
[6.259s] -- Installing: /home/hzc/linux/ros2/stu/ws01_plubming/install/base_interfeces/include/base_interfeces/base_interfeces/msg/detail/student__type_support.h
[6.259s] -- Installing: /home/hzc/linux/ros2/stu/ws01_plubming/install/base_interfeces/include/base_interfeces/base_interfeces/msg/detail/student__type_support.c
[6.259s] -- Installing: /home/hzc/linux/ros2/stu/ws01_plubming/install/base_interfeces/include/base_interfeces/base_interfeces/msg/student.h
[6.259s] -- Up-to-date: /home/hzc/linux/ros2/stu/ws01_plubming/install/base_interfeces/share/base_interfeces/environment/library_path.sh
[6.259s] -- Up-to-date: /home/hzc/linux/ros2/stu/ws01_plubming/install/base_interfeces/share/base_interfeces/environment/library_path.dsv
[6.260s] -- Installing: /home/hzc/linux/ros2/stu/ws01_plubming/install/base_interfeces/lib/libbase_interfeces__rosidl_generator_c.so
[6.260s] -- Set non-toolchain portion of runtime path of "/home/hzc/linux/ros2/stu/ws01_plubming/install/base_interfeces/lib/libbase_interfeces__rosidl_generator_c.so" to ""
[6.260s] -- Up-to-date: /home/hzc/linux/ros2/stu/ws01_plubming/install/base_interfeces/include/base_interfeces/base_interfeces
[6.260s] -- Up-to-date: /home/hzc/linux/ros2/stu/ws01_plubming/install/base_interfeces/include/base_interfeces/base_interfeces/action
[6.261s] -- Up-to-date: /home/hzc/linux/ros2/stu/ws01_plubming/install/base_interfeces/include/base_interfeces/base_interfeces/action/detail
[6.261s] -- Installing: /home/hzc/linux/ros2/stu/ws01_plubming/install/base_interfeces/include/base_interfeces/base_interfeces/action/detail/progress__rosidl_typesupport_fastrtps_c.h
[6.261s] -- Up-to-date: /home/hzc/linux/ros2/stu/ws01_plubming/install/base_interfeces/include/base_interfeces/base_interfeces/srv
[6.261s] -- Up-to-date: /home/hzc/linux/ros2/stu/ws01_plubming/install/base_interfeces/include/base_interfeces/base_interfeces/srv/detail
[6.261s] -- Installing: /home/hzc/linux/ros2/stu/ws01_plubming/install/base_interfeces/include/base_interfeces/base_interfeces/srv/detail/addints__rosidl_typesupport_fastrtps_c.h
[6.261s] -- Up-to-date: /home/hzc/linux/ros2/stu/ws01_plubming/install/base_interfeces/include/base_interfeces/base_interfeces/msg
[6.261s] -- Up-to-date: /home/hzc/linux/ros2/stu/ws01_plubming/install/base_interfeces/include/base_interfeces/base_interfeces/msg/detail
[6.262s] -- Installing: /home/hzc/linux/ros2/stu/ws01_plubming/install/base_interfeces/include/base_interfeces/base_interfeces/msg/detail/student__rosidl_typesupport_fastrtps_c.h
[6.262s] -- Up-to-date: /home/hzc/linux/ros2/stu/ws01_plubming/install/base_interfeces/include/base_interfeces/base_interfeces/msg/rosidl_typesupport_fastrtps_c__visibility_control.h
[6.262s] -- Installing: /home/hzc/linux/ros2/stu/ws01_plubming/install/base_interfeces/lib/libbase_interfeces__rosidl_typesupport_fastrtps_c.so
[6.265s] -- Set non-toolchain portion of runtime path of "/home/hzc/linux/ros2/stu/ws01_plubming/install/base_interfeces/lib/libbase_interfeces__rosidl_typesupport_fastrtps_c.so" to ""
[6.265s] -- Up-to-date: /home/hzc/linux/ros2/stu/ws01_plubming/install/base_interfeces/include/base_interfeces/base_interfeces
[6.265s] -- Up-to-date: /home/hzc/linux/ros2/stu/ws01_plubming/install/base_interfeces/include/base_interfeces/base_interfeces/action
[6.266s] -- Up-to-date: /home/hzc/linux/ros2/stu/ws01_plubming/install/base_interfeces/include/base_interfeces/base_interfeces/action/detail
[6.266s] -- Installing: /home/hzc/linux/ros2/stu/ws01_plubming/install/base_interfeces/include/base_interfeces/base_interfeces/action/detail/progress__rosidl_typesupport_introspection_c.h
[6.266s] -- Installing: /home/hzc/linux/ros2/stu/ws01_plubming/install/base_interfeces/include/base_interfeces/base_interfeces/action/detail/progress__type_support.c
[6.266s] -- Up-to-date: /home/hzc/linux/ros2/stu/ws01_plubming/install/base_interfeces/include/base_interfeces/base_interfeces/srv
[6.266s] -- Up-to-date: /home/hzc/linux/ros2/stu/ws01_plubming/install/base_interfeces/include/base_interfeces/base_interfeces/srv/detail
[6.266s] -- Installing: /home/hzc/linux/ros2/stu/ws01_plubming/install/base_interfeces/include/base_interfeces/base_interfeces/srv/detail/addints__type_support.c
[6.266s] -- Installing: /home/hzc/linux/ros2/stu/ws01_plubming/install/base_interfeces/include/base_interfeces/base_interfeces/srv/detail/addints__rosidl_typesupport_introspection_c.h
[6.267s] -- Up-to-date: /home/hzc/linux/ros2/stu/ws01_plubming/install/base_interfeces/include/base_interfeces/base_interfeces/msg
[6.267s] -- Up-to-date: /home/hzc/linux/ros2/stu/ws01_plubming/install/base_interfeces/include/base_interfeces/base_interfeces/msg/detail
[6.267s] -- Installing: /home/hzc/linux/ros2/stu/ws01_plubming/install/base_interfeces/include/base_interfeces/base_interfeces/msg/detail/student__rosidl_typesupport_introspection_c.h
[6.267s] -- Installing: /home/hzc/linux/ros2/stu/ws01_plubming/install/base_interfeces/include/base_interfeces/base_interfeces/msg/detail/student__type_support.c
[6.267s] -- Up-to-date: /home/hzc/linux/ros2/stu/ws01_plubming/install/base_interfeces/include/base_interfeces/base_interfeces/msg/rosidl_typesupport_introspection_c__visibility_control.h
[6.267s] -- Installing: /home/hzc/linux/ros2/stu/ws01_plubming/install/base_interfeces/lib/libbase_interfeces__rosidl_typesupport_introspection_c.so
[6.268s] -- Set non-toolchain portion of runtime path of "/home/hzc/linux/ros2/stu/ws01_plubming/install/base_interfeces/lib/libbase_interfeces__rosidl_typesupport_introspection_c.so" to ""
[6.268s] -- Installing: /home/hzc/linux/ros2/stu/ws01_plubming/install/base_interfeces/lib/libbase_interfeces__rosidl_typesupport_c.so
[6.268s] -- Set non-toolchain portion of runtime path of "/home/hzc/linux/ros2/stu/ws01_plubming/install/base_interfeces/lib/libbase_interfeces__rosidl_typesupport_c.so" to ""
[6.268s] -- Up-to-date: /home/hzc/linux/ros2/stu/ws01_plubming/install/base_interfeces/include/base_interfeces/base_interfeces
[6.268s] -- Up-to-date: /home/hzc/linux/ros2/stu/ws01_plubming/install/base_interfeces/include/base_interfeces/base_interfeces/action
[6.268s] -- Installing: /home/hzc/linux/ros2/stu/ws01_plubming/install/base_interfeces/include/base_interfeces/base_interfeces/action/progress.hpp
[6.268s] -- Up-to-date: /home/hzc/linux/ros2/stu/ws01_plubming/install/base_interfeces/include/base_interfeces/base_interfeces/action/detail
[6.268s] -- Installing: /home/hzc/linux/ros2/stu/ws01_plubming/install/base_interfeces/include/base_interfeces/base_interfeces/action/detail/progress__type_support.hpp
[6.269s] -- Installing: /home/hzc/linux/ros2/stu/ws01_plubming/install/base_interfeces/include/base_interfeces/base_interfeces/action/detail/progress__traits.hpp
[6.269s] -- Installing: /home/hzc/linux/ros2/stu/ws01_plubming/install/base_interfeces/include/base_interfeces/base_interfeces/action/detail/progress__struct.hpp
[6.269s] -- Installing: /home/hzc/linux/ros2/stu/ws01_plubming/install/base_interfeces/include/base_interfeces/base_interfeces/action/detail/progress__builder.hpp
[6.269s] -- Up-to-date: /home/hzc/linux/ros2/stu/ws01_plubming/install/base_interfeces/include/base_interfeces/base_interfeces/srv
[6.269s] -- Installing: /home/hzc/linux/ros2/stu/ws01_plubming/install/base_interfeces/include/base_interfeces/base_interfeces/srv/addints.hpp
[6.269s] -- Up-to-date: /home/hzc/linux/ros2/stu/ws01_plubming/install/base_interfeces/include/base_interfeces/base_interfeces/srv/detail
[6.269s] -- Installing: /home/hzc/linux/ros2/stu/ws01_plubming/install/base_interfeces/include/base_interfeces/base_interfeces/srv/detail/addints__type_support.hpp
[6.269s] -- Installing: /home/hzc/linux/ros2/stu/ws01_plubming/install/base_interfeces/include/base_interfeces/base_interfeces/srv/detail/addints__traits.hpp
[6.270s] -- Installing: /home/hzc/linux/ros2/stu/ws01_plubming/install/base_interfeces/include/base_interfeces/base_interfeces/srv/detail/addints__struct.hpp
[6.270s] -- Installing: /home/hzc/linux/ros2/stu/ws01_plubming/install/base_interfeces/include/base_interfeces/base_interfeces/srv/detail/addints__builder.hpp
[6.270s] -- Up-to-date: /home/hzc/linux/ros2/stu/ws01_plubming/install/base_interfeces/include/base_interfeces/base_interfeces/msg
[6.270s] -- Installing: /home/hzc/linux/ros2/stu/ws01_plubming/install/base_interfeces/include/base_interfeces/base_interfeces/msg/rosidl_generator_cpp__visibility_control.hpp
[6.270s] -- Installing: /home/hzc/linux/ros2/stu/ws01_plubming/install/base_interfeces/include/base_interfeces/base_interfeces/msg/student.hpp
[6.270s] -- Up-to-date: /home/hzc/linux/ros2/stu/ws01_plubming/install/base_interfeces/include/base_interfeces/base_interfeces/msg/detail
[6.270s] -- Installing: /home/hzc/linux/ros2/stu/ws01_plubming/install/base_interfeces/include/base_interfeces/base_interfeces/msg/detail/student__struct.hpp
[6.270s] -- Installing: /home/hzc/linux/ros2/stu/ws01_plubming/install/base_interfeces/include/base_interfeces/base_interfeces/msg/detail/student__type_support.hpp
[6.270s] -- Installing: /home/hzc/linux/ros2/stu/ws01_plubming/install/base_interfeces/include/base_interfeces/base_interfeces/msg/detail/student__traits.hpp
[6.271s] -- Installing: /home/hzc/linux/ros2/stu/ws01_plubming/install/base_interfeces/include/base_interfeces/base_interfeces/msg/detail/student__builder.hpp
[6.271s] -- Up-to-date: /home/hzc/linux/ros2/stu/ws01_plubming/install/base_interfeces/include/base_interfeces/base_interfeces
[6.271s] -- Up-to-date: /home/hzc/linux/ros2/stu/ws01_plubming/install/base_interfeces/include/base_interfeces/base_interfeces/action
[6.271s] -- Up-to-date: /home/hzc/linux/ros2/stu/ws01_plubming/install/base_interfeces/include/base_interfeces/base_interfeces/action/detail
[6.271s] -- Installing: /home/hzc/linux/ros2/stu/ws01_plubming/install/base_interfeces/include/base_interfeces/base_interfeces/action/detail/progress__rosidl_typesupport_fastrtps_cpp.hpp
[6.271s] -- Installing: /home/hzc/linux/ros2/stu/ws01_plubming/install/base_interfeces/include/base_interfeces/base_interfeces/action/detail/dds_fastrtps
[6.271s] -- Up-to-date: /home/hzc/linux/ros2/stu/ws01_plubming/install/base_interfeces/include/base_interfeces/base_interfeces/srv
[6.271s] -- Up-to-date: /home/hzc/linux/ros2/stu/ws01_plubming/install/base_interfeces/include/base_interfeces/base_interfeces/srv/detail
[6.271s] -- Installing: /home/hzc/linux/ros2/stu/ws01_plubming/install/base_interfeces/include/base_interfeces/base_interfeces/srv/detail/addints__rosidl_typesupport_fastrtps_cpp.hpp
[6.271s] -- Up-to-date: /home/hzc/linux/ros2/stu/ws01_plubming/install/base_interfeces/include/base_interfeces/base_interfeces/srv/detail/dds_fastrtps
[6.272s] -- Up-to-date: /home/hzc/linux/ros2/stu/ws01_plubming/install/base_interfeces/include/base_interfeces/base_interfeces/msg
[6.272s] -- Up-to-date: /home/hzc/linux/ros2/stu/ws01_plubming/install/base_interfeces/include/base_interfeces/base_interfeces/msg/rosidl_typesupport_fastrtps_cpp__visibility_control.h
[6.272s] -- Up-to-date: /home/hzc/linux/ros2/stu/ws01_plubming/install/base_interfeces/include/base_interfeces/base_interfeces/msg/detail
[6.272s] -- Installing: /home/hzc/linux/ros2/stu/ws01_plubming/install/base_interfeces/include/base_interfeces/base_interfeces/msg/detail/student__rosidl_typesupport_fastrtps_cpp.hpp
[6.272s] -- Up-to-date: /home/hzc/linux/ros2/stu/ws01_plubming/install/base_interfeces/include/base_interfeces/base_interfeces/msg/detail/dds_fastrtps
[6.272s] -- Installing: /home/hzc/linux/ros2/stu/ws01_plubming/install/base_interfeces/lib/libbase_interfeces__rosidl_typesupport_fastrtps_cpp.so
[6.272s] -- Set non-toolchain portion of runtime path of "/home/hzc/linux/ros2/stu/ws01_plubming/install/base_interfeces/lib/libbase_interfeces__rosidl_typesupport_fastrtps_cpp.so" to ""
[6.272s] -- Up-to-date: /home/hzc/linux/ros2/stu/ws01_plubming/install/base_interfeces/include/base_interfeces/base_interfeces
[6.273s] -- Up-to-date: /home/hzc/linux/ros2/stu/ws01_plubming/install/base_interfeces/include/base_interfeces/base_interfeces/action
[6.273s] -- Up-to-date: /home/hzc/linux/ros2/stu/ws01_plubming/install/base_interfeces/include/base_interfeces/base_interfeces/action/detail
[6.273s] -- Installing: /home/hzc/linux/ros2/stu/ws01_plubming/install/base_interfeces/include/base_interfeces/base_interfeces/action/detail/progress__type_support.cpp
[6.273s] -- Installing: /home/hzc/linux/ros2/stu/ws01_plubming/install/base_interfeces/include/base_interfeces/base_interfeces/action/detail/progress__rosidl_typesupport_introspection_cpp.hpp
[6.273s] -- Up-to-date: /home/hzc/linux/ros2/stu/ws01_plubming/install/base_interfeces/include/base_interfeces/base_interfeces/srv
[6.273s] -- Up-to-date: /home/hzc/linux/ros2/stu/ws01_plubming/install/base_interfeces/include/base_interfeces/base_interfeces/srv/detail
[6.273s] -- Installing: /home/hzc/linux/ros2/stu/ws01_plubming/install/base_interfeces/include/base_interfeces/base_interfeces/srv/detail/addints__type_support.cpp
[6.273s] -- Installing: /home/hzc/linux/ros2/stu/ws01_plubming/install/base_interfeces/include/base_interfeces/base_interfeces/srv/detail/addints__rosidl_typesupport_introspection_cpp.hpp
[6.273s] -- Up-to-date: /home/hzc/linux/ros2/stu/ws01_plubming/install/base_interfeces/include/base_interfeces/base_interfeces/msg
[6.273s] -- Up-to-date: /home/hzc/linux/ros2/stu/ws01_plubming/install/base_interfeces/include/base_interfeces/base_interfeces/msg/detail
[6.273s] -- Installing: /home/hzc/linux/ros2/stu/ws01_plubming/install/base_interfeces/include/base_interfeces/base_interfeces/msg/detail/student__type_support.cpp
[6.274s] -- Installing: /home/hzc/linux/ros2/stu/ws01_plubming/install/base_interfeces/include/base_interfeces/base_interfeces/msg/detail/student__rosidl_typesupport_introspection_cpp.hpp
[6.274s] -- Installing: /home/hzc/linux/ros2/stu/ws01_plubming/install/base_interfeces/lib/libbase_interfeces__rosidl_typesupport_introspection_cpp.so
[6.274s] -- Set non-toolchain portion of runtime path of "/home/hzc/linux/ros2/stu/ws01_plubming/install/base_interfeces/lib/libbase_interfeces__rosidl_typesupport_introspection_cpp.so" to ""
[6.274s] -- Installing: /home/hzc/linux/ros2/stu/ws01_plubming/install/base_interfeces/lib/libbase_interfeces__rosidl_typesupport_cpp.so
[6.274s] -- Set non-toolchain portion of runtime path of "/home/hzc/linux/ros2/stu/ws01_plubming/install/base_interfeces/lib/libbase_interfeces__rosidl_typesupport_cpp.so" to ""
[6.275s] -- Up-to-date: /home/hzc/linux/ros2/stu/ws01_plubming/install/base_interfeces/share/base_interfeces/environment/pythonpath.sh
[6.275s] -- Up-to-date: /home/hzc/linux/ros2/stu/ws01_plubming/install/base_interfeces/share/base_interfeces/environment/pythonpath.dsv
[6.275s] -- Installing: /home/hzc/linux/ros2/stu/ws01_plubming/install/base_interfeces/lib/python3.14/site-packages/base_interfeces/base_interfeces_s__rosidl_typesupport_fastrtps_c.so
[6.276s] -- Set non-toolchain portion of runtime path of "/home/hzc/linux/ros2/stu/ws01_plubming/install/base_interfeces/lib/python3.14/site-packages/base_interfeces/base_interfeces_s__rosidl_typesupport_fastrtps_c.so" to ""
[6.276s] -- Installing: /home/hzc/linux/ros2/stu/ws01_plubming/install/base_interfeces/lib/python3.14/site-packages/base_interfeces/base_interfeces_s__rosidl_typesupport_introspection_c.so
[6.276s] -- Set non-toolchain portion of runtime path of "/home/hzc/linux/ros2/stu/ws01_plubming/install/base_interfeces/lib/python3.14/site-packages/base_interfeces/base_interfeces_s__rosidl_typesupport_introspection_c.so" to ""
[6.277s] -- Installing: /home/hzc/linux/ros2/stu/ws01_plubming/install/base_interfeces/lib/python3.14/site-packages/base_interfeces/base_interfeces_s__rosidl_typesupport_c.so
[6.277s] -- Set non-toolchain portion of runtime path of "/home/hzc/linux/ros2/stu/ws01_plubming/install/base_interfeces/lib/python3.14/site-packages/base_interfeces/base_interfeces_s__rosidl_typesupport_c.so" to ""
[6.277s] -- Installing: /home/hzc/linux/ros2/stu/ws01_plubming/install/base_interfeces/lib/libbase_interfeces__rosidl_generator_py.so
[6.278s] -- Set non-toolchain portion of runtime path of "/home/hzc/linux/ros2/stu/ws01_plubming/install/base_interfeces/lib/libbase_interfeces__rosidl_generator_py.so" to ""
[6.278s] -- Up-to-date: /home/hzc/linux/ros2/stu/ws01_plubming/install/base_interfeces/share/ament_index/resource_index/rust_packages/base_interfeces
[6.278s] -- Up-to-date: /home/hzc/linux/ros2/stu/ws01_plubming/install/base_interfeces/share/base_interfeces/rust
[6.278s] -- Up-to-date: /home/hzc/linux/ros2/stu/ws01_plubming/install/base_interfeces/share/base_interfeces/rust/src
[6.278s] -- Installing: /home/hzc/linux/ros2/stu/ws01_plubming/install/base_interfeces/share/base_interfeces/rust/src/action
[6.279s] -- Installing: /home/hzc/linux/ros2/stu/ws01_plubming/install/base_interfeces/share/base_interfeces/rust/src/action/rmw.rs
[6.279s] -- Up-to-date: /home/hzc/linux/ros2/stu/ws01_plubming/install/base_interfeces/share/base_interfeces/rust/src/srv
[6.279s] -- Installing: /home/hzc/linux/ros2/stu/ws01_plubming/install/base_interfeces/share/base_interfeces/rust/src/srv/rmw.rs
[6.279s] -- Installing: /home/hzc/linux/ros2/stu/ws01_plubming/install/base_interfeces/share/base_interfeces/rust/src/action.rs
[6.279s] -- Installing: /home/hzc/linux/ros2/stu/ws01_plubming/install/base_interfeces/share/base_interfeces/rust/src/msg.rs
[6.279s] -- Installing: /home/hzc/linux/ros2/stu/ws01_plubming/install/base_interfeces/share/base_interfeces/rust/src/srv.rs
[6.279s] -- Installing: /home/hzc/linux/ros2/stu/ws01_plubming/install/base_interfeces/share/base_interfeces/rust/src/lib.rs
[6.279s] -- Up-to-date: /home/hzc/linux/ros2/stu/ws01_plubming/install/base_interfeces/share/base_interfeces/rust/src/msg
[6.279s] -- Installing: /home/hzc/linux/ros2/stu/ws01_plubming/install/base_interfeces/share/base_interfeces/rust/src/msg/rmw.rs
[6.279s] -- Installing: /home/hzc/linux/ros2/stu/ws01_plubming/install/base_interfeces/share/base_interfeces/rust/build.rs
[6.280s] -- Installing: /home/hzc/linux/ros2/stu/ws01_plubming/install/base_interfeces/share/base_interfeces/rust/Cargo.toml
[6.280s] -- Up-to-date: /home/hzc/linux/ros2/stu/ws01_plubming/install/base_interfeces/share/base_interfeces/msg/Student.idl
[6.280s] -- Up-to-date: /home/hzc/linux/ros2/stu/ws01_plubming/install/base_interfeces/share/base_interfeces/srv/Addints.idl
[6.280s] -- Installing: /home/hzc/linux/ros2/stu/ws01_plubming/install/base_interfeces/share/base_interfeces/action/Progress.idl
[6.280s] -- Up-to-date: /home/hzc/linux/ros2/stu/ws01_plubming/install/base_interfeces/share/base_interfeces/msg/Student.msg
[6.280s] -- Up-to-date: /home/hzc/linux/ros2/stu/ws01_plubming/install/base_interfeces/share/base_interfeces/srv/Addints.srv
[6.280s] -- Installing: /home/hzc/linux/ros2/stu/ws01_plubming/install/base_interfeces/share/base_interfeces/action/Progress.action
[6.280s] -- Installing: /home/hzc/linux/ros2/stu/ws01_plubming/install/base_interfeces/share/ament_index/resource_index/package_run_dependencies/base_interfeces
[6.280s] -- Installing: /home/hzc/linux/ros2/stu/ws01_plubming/install/base_interfeces/share/ament_index/resource_index/parent_prefix_path/base_interfeces
[6.280s] -- Up-to-date: /home/hzc/linux/ros2/stu/ws01_plubming/install/base_interfeces/share/base_interfeces/environment/ament_prefix_path.sh
[6.281s] -- Up-to-date: /home/hzc/linux/ros2/stu/ws01_plubming/install/base_interfeces/share/base_interfeces/environment/ament_prefix_path.dsv
[6.281s] -- Up-to-date: /home/hzc/linux/ros2/stu/ws01_plubming/install/base_interfeces/share/base_interfeces/environment/path.sh
[6.281s] -- Up-to-date: /home/hzc/linux/ros2/stu/ws01_plubming/install/base_interfeces/share/base_interfeces/environment/path.dsv
[6.281s] -- Up-to-date: /home/hzc/linux/ros2/stu/ws01_plubming/install/base_interfeces/share/base_interfeces/local_setup.bash
[6.281s] -- Up-to-date: /home/hzc/linux/ros2/stu/ws01_plubming/install/base_interfeces/share/base_interfeces/local_setup.fish
[6.281s] -- Up-to-date: /home/hzc/linux/ros2/stu/ws01_plubming/install/base_interfeces/share/base_interfeces/local_setup.sh
[6.281s] -- Up-to-date: /home/hzc/linux/ros2/stu/ws01_plubming/install/base_interfeces/share/base_interfeces/local_setup.zsh
[6.281s] -- Up-to-date: /home/hzc/linux/ros2/stu/ws01_plubming/install/base_interfeces/share/base_interfeces/local_setup.dsv
[6.281s] -- Installing: /home/hzc/linux/ros2/stu/ws01_plubming/install/base_interfeces/share/base_interfeces/package.dsv
[6.281s] -- Up-to-date: /home/hzc/linux/ros2/stu/ws01_plubming/install/base_interfeces/share/ament_index/resource_index/packages/base_interfeces
[6.282s] -- Old export file "/home/hzc/linux/ros2/stu/ws01_plubming/install/base_interfeces/share/base_interfeces/cmake/export_base_interfeces__rosidl_generator_cExport.cmake" will be replaced.  Removing files [/home/hzc/linux/ros2/stu/ws01_plubming/install/base_interfeces/share/base_interfeces/cmake/export_base_interfeces__rosidl_generator_cExport-noconfig.cmake].
[6.282s] -- Installing: /home/hzc/linux/ros2/stu/ws01_plubming/install/base_interfeces/share/base_interfeces/cmake/export_base_interfeces__rosidl_generator_cExport.cmake
[6.282s] -- Installing: /home/hzc/linux/ros2/stu/ws01_plubming/install/base_interfeces/share/base_interfeces/cmake/export_base_interfeces__rosidl_generator_cExport-noconfig.cmake
[6.282s] -- Old export file "/home/hzc/linux/ros2/stu/ws01_plubming/install/base_interfeces/share/base_interfeces/cmake/export_base_interfeces__rosidl_typesupport_fastrtps_cExport.cmake" will be replaced.  Removing files [/home/hzc/linux/ros2/stu/ws01_plubming/install/base_interfeces/share/base_interfeces/cmake/export_base_interfeces__rosidl_typesupport_fastrtps_cExport-noconfig.cmake].
[6.282s] -- Installing: /home/hzc/linux/ros2/stu/ws01_plubming/install/base_interfeces/share/base_interfeces/cmake/export_base_interfeces__rosidl_typesupport_fastrtps_cExport.cmake
[6.282s] -- Installing: /home/hzc/linux/ros2/stu/ws01_plubming/install/base_interfeces/share/base_interfeces/cmake/export_base_interfeces__rosidl_typesupport_fastrtps_cExport-noconfig.cmake
[6.282s] -- Old export file "/home/hzc/linux/ros2/stu/ws01_plubming/install/base_interfeces/share/base_interfeces/cmake/base_interfeces__rosidl_typesupport_introspection_cExport.cmake" will be replaced.  Removing files [/home/hzc/linux/ros2/stu/ws01_plubming/install/base_interfeces/share/base_interfeces/cmake/base_interfeces__rosidl_typesupport_introspection_cExport-noconfig.cmake].
[6.282s] -- Installing: /home/hzc/linux/ros2/stu/ws01_plubming/install/base_interfeces/share/base_interfeces/cmake/base_interfeces__rosidl_typesupport_introspection_cExport.cmake
[6.282s] -- Installing: /home/hzc/linux/ros2/stu/ws01_plubming/install/base_interfeces/share/base_interfeces/cmake/base_interfeces__rosidl_typesupport_introspection_cExport-noconfig.cmake
[6.283s] -- Old export file "/home/hzc/linux/ros2/stu/ws01_plubming/install/base_interfeces/share/base_interfeces/cmake/base_interfeces__rosidl_typesupport_cExport.cmake" will be replaced.  Removing files [/home/hzc/linux/ros2/stu/ws01_plubming/install/base_interfeces/share/base_interfeces/cmake/base_interfeces__rosidl_typesupport_cExport-noconfig.cmake].
[6.283s] -- Installing: /home/hzc/linux/ros2/stu/ws01_plubming/install/base_interfeces/share/base_interfeces/cmake/base_interfeces__rosidl_typesupport_cExport.cmake
[6.283s] -- Installing: /home/hzc/linux/ros2/stu/ws01_plubming/install/base_interfeces/share/base_interfeces/cmake/base_interfeces__rosidl_typesupport_cExport-noconfig.cmake
[6.283s] -- Installing: /home/hzc/linux/ros2/stu/ws01_plubming/install/base_interfeces/share/base_interfeces/cmake/export_base_interfeces__rosidl_generator_cppExport.cmake
[6.283s] -- Old export file "/home/hzc/linux/ros2/stu/ws01_plubming/install/base_interfeces/share/base_interfeces/cmake/export_base_interfeces__rosidl_typesupport_fastrtps_cppExport.cmake" will be replaced.  Removing files [/home/hzc/linux/ros2/stu/ws01_plubming/install/base_interfeces/share/base_interfeces/cmake/export_base_interfeces__rosidl_typesupport_fastrtps_cppExport-noconfig.cmake].
[6.284s] -- Installing: /home/hzc/linux/ros2/stu/ws01_plubming/install/base_interfeces/share/base_interfeces/cmake/export_base_interfeces__rosidl_typesupport_fastrtps_cppExport.cmake
[6.284s] -- Installing: /home/hzc/linux/ros2/stu/ws01_plubming/install/base_interfeces/share/base_interfeces/cmake/export_base_interfeces__rosidl_typesupport_fastrtps_cppExport-noconfig.cmake
[6.284s] -- Old export file "/home/hzc/linux/ros2/stu/ws01_plubming/install/base_interfeces/share/base_interfeces/cmake/base_interfeces__rosidl_typesupport_introspection_cppExport.cmake" will be replaced.  Removing files [/home/hzc/linux/ros2/stu/ws01_plubming/install/base_interfeces/share/base_interfeces/cmake/base_interfeces__rosidl_typesupport_introspection_cppExport-noconfig.cmake].
[6.284s] -- Installing: /home/hzc/linux/ros2/stu/ws01_plubming/install/base_interfeces/share/base_interfeces/cmake/base_interfeces__rosidl_typesupport_introspection_cppExport.cmake
[6.285s] -- Installing: /home/hzc/linux/ros2/stu/ws01_plubming/install/base_interfeces/share/base_interfeces/cmake/base_interfeces__rosidl_typesupport_introspection_cppExport-noconfig.cmake
[6.285s] -- Old export file "/home/hzc/linux/ros2/stu/ws01_plubming/install/base_interfeces/share/base_interfeces/cmake/base_interfeces__rosidl_typesupport_cppExport.cmake" will be replaced.  Removing files [/home/hzc/linux/ros2/stu/ws01_plubming/install/base_interfeces/share/base_interfeces/cmake/base_interfeces__rosidl_typesupport_cppExport-noconfig.cmake].
[6.285s] -- Installing: /home/hzc/linux/ros2/stu/ws01_plubming/install/base_interfeces/share/base_interfeces/cmake/base_interfeces__rosidl_typesupport_cppExport.cmake
[6.285s] -- Installing: /home/hzc/linux/ros2/stu/ws01_plubming/install/base_interfeces/share/base_interfeces/cmake/base_interfeces__rosidl_typesupport_cppExport-noconfig.cmake
[6.285s] -- Up-to-date: /home/hzc/linux/ros2/stu/ws01_plubming/install/base_interfeces/share/base_interfeces/cmake/export_base_interfeces__rosidl_generator_pyExport.cmake
[6.285s] -- Installing: /home/hzc/linux/ros2/stu/ws01_plubming/install/base_interfeces/share/base_interfeces/cmake/export_base_interfeces__rosidl_generator_pyExport-noconfig.cmake
[6.285s] -- Up-to-date: /home/hzc/linux/ros2/stu/ws01_plubming/install/base_interfeces/lib/python3.14/site-packages/base_interfeces-0.0.0-py3.14.egg-info
[6.286s] -- Installing: /home/hzc/linux/ros2/stu/ws01_plubming/install/base_interfeces/lib/python3.14/site-packages/base_interfeces-0.0.0-py3.14.egg-info/dependency_links.txt
[6.286s] -- Installing: /home/hzc/linux/ros2/stu/ws01_plubming/install/base_interfeces/lib/python3.14/site-packages/base_interfeces-0.0.0-py3.14.egg-info/PKG-INFO
[6.286s] -- Installing: /home/hzc/linux/ros2/stu/ws01_plubming/install/base_interfeces/lib/python3.14/site-packages/base_interfeces-0.0.0-py3.14.egg-info/top_level.txt
[6.286s] -- Installing: /home/hzc/linux/ros2/stu/ws01_plubming/install/base_interfeces/lib/python3.14/site-packages/base_interfeces-0.0.0-py3.14.egg-info/SOURCES.txt
[6.286s] -- Up-to-date: /home/hzc/linux/ros2/stu/ws01_plubming/install/base_interfeces/lib/python3.14/site-packages/base_interfeces
[6.286s] -- Installing: /home/hzc/linux/ros2/stu/ws01_plubming/install/base_interfeces/lib/python3.14/site-packages/base_interfeces/_base_interfeces_s.ep.rosidl_typesupport_introspection_c.c
[6.286s] -- Installing: /home/hzc/linux/ros2/stu/ws01_plubming/install/base_interfeces/lib/python3.14/site-packages/base_interfeces/action
[6.286s] -- Installing: /home/hzc/linux/ros2/stu/ws01_plubming/install/base_interfeces/lib/python3.14/site-packages/base_interfeces/action/_progress.py
[6.287s] -- Installing: /home/hzc/linux/ros2/stu/ws01_plubming/install/base_interfeces/lib/python3.14/site-packages/base_interfeces/action/__init__.py
[6.287s] -- Installing: /home/hzc/linux/ros2/stu/ws01_plubming/install/base_interfeces/lib/python3.14/site-packages/base_interfeces/action/_progress_s.c
[6.287s] -- Up-to-date: /home/hzc/linux/ros2/stu/ws01_plubming/install/base_interfeces/lib/python3.14/site-packages/base_interfeces/srv
[6.287s] -- Installing: /home/hzc/linux/ros2/stu/ws01_plubming/install/base_interfeces/lib/python3.14/site-packages/base_interfeces/srv/_addints_s.c
[6.287s] -- Installing: /home/hzc/linux/ros2/stu/ws01_plubming/install/base_interfeces/lib/python3.14/site-packages/base_interfeces/srv/_addints.py
[6.288s] -- Installing: /home/hzc/linux/ros2/stu/ws01_plubming/install/base_interfeces/lib/python3.14/site-packages/base_interfeces/srv/__init__.py
[6.288s] -- Up-to-date: /home/hzc/linux/ros2/stu/ws01_plubming/install/base_interfeces/lib/python3.14/site-packages/base_interfeces/base_interfeces_s__rosidl_typesupport_introspection_c.so
[6.288s] -- Installing: /home/hzc/linux/ros2/stu/ws01_plubming/install/base_interfeces/lib/python3.14/site-packages/base_interfeces/_base_interfeces_s.ep.rosidl_typesupport_c.c
[6.288s] -- Installing: /home/hzc/linux/ros2/stu/ws01_plubming/install/base_interfeces/lib/python3.14/site-packages/base_interfeces/py.typed
[6.289s] -- Up-to-date: /home/hzc/linux/ros2/stu/ws01_plubming/install/base_interfeces/lib/python3.14/site-packages/base_interfeces/base_interfeces_s__rosidl_typesupport_fastrtps_c.so
[6.289s] -- Installing: /home/hzc/linux/ros2/stu/ws01_plubming/install/base_interfeces/lib/python3.14/site-packages/base_interfeces/__init__.py
[6.289s] -- Up-to-date: /home/hzc/linux/ros2/stu/ws01_plubming/install/base_interfeces/lib/python3.14/site-packages/base_interfeces/base_interfeces_s__rosidl_typesupport_c.so
[6.289s] -- Installing: /home/hzc/linux/ros2/stu/ws01_plubming/install/base_interfeces/lib/python3.14/site-packages/base_interfeces/_base_interfeces_s.ep.rosidl_typesupport_fastrtps_c.c
[6.289s] -- Up-to-date: /home/hzc/linux/ros2/stu/ws01_plubming/install/base_interfeces/lib/python3.14/site-packages/base_interfeces/msg
[6.289s] -- Installing: /home/hzc/linux/ros2/stu/ws01_plubming/install/base_interfeces/lib/python3.14/site-packages/base_interfeces/msg/_student_s.c
[6.290s] -- Installing: /home/hzc/linux/ros2/stu/ws01_plubming/install/base_interfeces/lib/python3.14/site-packages/base_interfeces/msg/_student.py
[6.290s] -- Installing: /home/hzc/linux/ros2/stu/ws01_plubming/install/base_interfeces/lib/python3.14/site-packages/base_interfeces/msg/__init__.py
[6.365s] Listing '/home/hzc/linux/ros2/stu/ws01_plubming/install/base_interfeces/lib/python3.14/site-packages/base_interfeces'...
[6.365s] Compiling '/home/hzc/linux/ros2/stu/ws01_plubming/install/base_interfeces/lib/python3.14/site-packages/base_interfeces/__init__.py'...
[6.365s] Listing '/home/hzc/linux/ros2/stu/ws01_plubming/install/base_interfeces/lib/python3.14/site-packages/base_interfeces/action'...
[6.365s] Compiling '/home/hzc/linux/ros2/stu/ws01_plubming/install/base_interfeces/lib/python3.14/site-packages/base_interfeces/action/__init__.py'...
[6.366s] Compiling '/home/hzc/linux/ros2/stu/ws01_plubming/install/base_interfeces/lib/python3.14/site-packages/base_interfeces/action/_progress.py'...
[6.366s] Listing '/home/hzc/linux/ros2/stu/ws01_plubming/install/base_interfeces/lib/python3.14/site-packages/base_interfeces/msg'...
[6.366s] Compiling '/home/hzc/linux/ros2/stu/ws01_plubming/install/base_interfeces/lib/python3.14/site-packages/base_interfeces/msg/__init__.py'...
[6.366s] Compiling '/home/hzc/linux/ros2/stu/ws01_plubming/install/base_interfeces/lib/python3.14/site-packages/base_interfeces/msg/_student.py'...
[6.366s] Listing '/home/hzc/linux/ros2/stu/ws01_plubming/install/base_interfeces/lib/python3.14/site-packages/base_interfeces/srv'...
[6.366s] Compiling '/home/hzc/linux/ros2/stu/ws01_plubming/install/base_interfeces/lib/python3.14/site-packages/base_interfeces/srv/__init__.py'...
[6.366s] Compiling '/home/hzc/linux/ros2/stu/ws01_plubming/install/base_interfeces/lib/python3.14/site-packages/base_interfeces/srv/_addints.py'...
[6.375s] -- Installing: /home/hzc/linux/ros2/stu/ws01_plubming/install/base_interfeces/share/base_interfeces/cmake/rosidl_cmake-extras.cmake
[6.375s] -- Installing: /home/hzc/linux/ros2/stu/ws01_plubming/install/base_interfeces/share/base_interfeces/cmake/ament_cmake_export_dependencies-extras.cmake
[6.375s] -- Up-to-date: /home/hzc/linux/ros2/stu/ws01_plubming/install/base_interfeces/share/base_interfeces/cmake/ament_cmake_export_include_directories-extras.cmake
[6.375s] -- Up-to-date: /home/hzc/linux/ros2/stu/ws01_plubming/install/base_interfeces/share/base_interfeces/cmake/ament_cmake_export_libraries-extras.cmake
[6.375s] -- Up-to-date: /home/hzc/linux/ros2/stu/ws01_plubming/install/base_interfeces/share/base_interfeces/cmake/ament_cmake_export_targets-extras.cmake
[6.376s] -- Up-to-date: /home/hzc/linux/ros2/stu/ws01_plubming/install/base_interfeces/share/base_interfeces/cmake/rosidl_cmake_export_typesupport_targets-extras.cmake
[6.376s] -- Up-to-date: /home/hzc/linux/ros2/stu/ws01_plubming/install/base_interfeces/share/base_interfeces/cmake/rosidl_cmake_export_typesupport_libraries-extras.cmake
[6.376s] -- Up-to-date: /home/hzc/linux/ros2/stu/ws01_plubming/install/base_interfeces/share/base_interfeces/cmake/rosidl_cmake_aggregate_target-extras.cmake
[6.376s] -- Up-to-date: /home/hzc/linux/ros2/stu/ws01_plubming/install/base_interfeces/share/base_interfeces/cmake/base_interfecesConfig.cmake
[6.376s] -- Up-to-date: /home/hzc/linux/ros2/stu/ws01_plubming/install/base_interfeces/share/base_interfeces/cmake/base_interfecesConfig-version.cmake
[6.376s] -- Installing: /home/hzc/linux/ros2/stu/ws01_plubming/install/base_interfeces/share/base_interfeces/package.xml
[6.379s] Invoked command in '/home/hzc/linux/ros2/stu/ws01_plubming/build/base_interfeces' returned '0': CMAKE_PREFIX_PATH=${CMAKE_PREFIX_PATH}:/home/hzc/linux/ros2/stu/ws01_plubming/install/py02_seriver:/home/hzc/linux/ros2/stu/ws01_plubming/install/py01_topic:/opt/ros/lyrical DEBUGINFOD_URLS=https://debuginfod.ubuntu.com /usr/bin/cmake --install /home/hzc/linux/ros2/stu/ws01_plubming/build/base_interfeces
