[0.013s] Invoking command in '/home/hzc/linux/ros2/stu/ws01_plubming/build/cpp04_param': CMAKE_PREFIX_PATH=${CMAKE_PREFIX_PATH}:/home/hzc/linux/ros2/stu/ws01_plubming/install/py03_action:/home/hzc/linux/ros2/stu/ws01_plubming/install/py02_seriver:/home/hzc/linux/ros2/stu/ws01_plubming/install/py01_topic:/opt/ros/lyrical DEBUGINFOD_URLS=https://debuginfod.ubuntu.com /usr/bin/cmake /home/hzc/linux/ros2/stu/ws01_plubming/src/cpp04_param -DCMAKE_INSTALL_PREFIX=/home/hzc/linux/ros2/stu/ws01_plubming/install/cpp04_param
[0.099s] -- The C compiler identification is GNU 15.2.0
[0.179s] -- The CXX compiler identification is GNU 15.2.0
[0.198s] -- Detecting C compiler ABI info
[0.302s] -- Detecting C compiler ABI info - done
[0.321s] -- Check for working C compiler: /usr/bin/cc - skipped
[0.321s] -- Detecting C compile features
[0.321s] -- Detecting C compile features - done
[0.340s] -- Detecting CXX compiler ABI info
[0.463s] -- Detecting CXX compiler ABI info - done
[0.479s] -- Check for working CXX compiler: /usr/bin/c++ - skipped
[0.479s] -- Detecting CXX compile features
[0.479s] -- Detecting CXX compile features - done
[0.508s] -- Found ament_cmake: 2.8.7 (/opt/ros/lyrical/share/ament_cmake/cmake)
[1.455s] -- Found rclcpp: 32.0.0 (/opt/ros/lyrical/share/rclcpp/cmake)
[1.545s] -- Found rosidl_generator_c: 5.2.0 (/opt/ros/lyrical/share/rosidl_generator_c/cmake)
[1.572s] -- Found rosidl_generator_cpp: 5.2.0 (/opt/ros/lyrical/share/rosidl_generator_cpp/cmake)
[1.619s] -- Using all available rosidl_typesupport_c: rosidl_typesupport_fastrtps_c;rosidl_typesupport_introspection_c
[1.654s] -- Using all available rosidl_typesupport_cpp: rosidl_typesupport_fastrtps_cpp;rosidl_typesupport_introspection_cpp
[1.787s] -- Found rmw_implementation_cmake: 7.10.1 (/opt/ros/lyrical/share/rmw_implementation_cmake/cmake)
[1.796s] -- Found rmw_fastrtps_cpp: 9.4.8 (/opt/ros/lyrical/share/rmw_fastrtps_cpp/cmake)
[1.862s] -- Using RMW implementation 'rmw_fastrtps_cpp' as default
[1.990s] -- Found ament_lint_auto: 0.20.6 (/opt/ros/lyrical/share/ament_lint_auto/cmake)
[2.175s] -- Added test 'cppcheck' to perform static code analysis on C / C++ code
[2.175s] -- Configured cppcheck include dirs: $<BUILD_INTERFACE:/home/hzc/linux/ros2/stu/ws01_plubming/src/cpp04_param/include>
[2.176s] -- Configured cppcheck exclude dirs and/or files: 
[2.178s] -- Added test 'lint_cmake' to check CMake code style
[2.181s] -- Added test 'uncrustify' to check C / C++ code style
[2.181s] -- Configured uncrustify additional arguments: 
[2.183s] -- Added test 'xmllint' to check XML markup files
[2.188s] -- Configuring done (2.2s)
[2.199s] -- Generating done (0.0s)
[2.225s] -- Build files have been written to: /home/hzc/linux/ros2/stu/ws01_plubming/build/cpp04_param
[2.239s] Invoked command in '/home/hzc/linux/ros2/stu/ws01_plubming/build/cpp04_param' returned '0': CMAKE_PREFIX_PATH=${CMAKE_PREFIX_PATH}:/home/hzc/linux/ros2/stu/ws01_plubming/install/py03_action:/home/hzc/linux/ros2/stu/ws01_plubming/install/py02_seriver:/home/hzc/linux/ros2/stu/ws01_plubming/install/py01_topic:/opt/ros/lyrical DEBUGINFOD_URLS=https://debuginfod.ubuntu.com /usr/bin/cmake /home/hzc/linux/ros2/stu/ws01_plubming/src/cpp04_param -DCMAKE_INSTALL_PREFIX=/home/hzc/linux/ros2/stu/ws01_plubming/install/cpp04_param
[2.241s] Invoking command in '/home/hzc/linux/ros2/stu/ws01_plubming/build/cpp04_param': CMAKE_PREFIX_PATH=${CMAKE_PREFIX_PATH}:/home/hzc/linux/ros2/stu/ws01_plubming/install/py03_action:/home/hzc/linux/ros2/stu/ws01_plubming/install/py02_seriver:/home/hzc/linux/ros2/stu/ws01_plubming/install/py01_topic:/opt/ros/lyrical DEBUGINFOD_URLS=https://debuginfod.ubuntu.com /usr/bin/cmake --build /home/hzc/linux/ros2/stu/ws01_plubming/build/cpp04_param -- -j16 -l16
[2.305s] [ 50%] [32mBuilding CXX object CMakeFiles/demo0_param.dir/src/demo0_param.cpp.o[0m
[4.809s] [01m[K/home/hzc/linux/ros2/stu/ws01_plubming/src/cpp04_param/src/demo0_param.cpp:[m[K In constructor ‘[01m[KMyParam::[01;32m[KMyParam[m[K()[m[K’:
[4.810s] [01m[K/home/hzc/linux/ros2/stu/ws01_plubming/src/cpp04_param/src/demo0_param.cpp:24:25:[m[K [01;31m[Kerror: [m[Kredeclaration of ‘[01m[Krclcpp::Parameter p1[m[K’
[4.810s]    24 |       rclcpp::Parameter [01;31m[Kp1[m[K("height",1.68);
[4.810s]       |                         [01;31m[K^~[m[K
[4.810s] [01m[K/home/hzc/linux/ros2/stu/ws01_plubming/src/cpp04_param/src/demo0_param.cpp:23:25:[m[K [01;36m[Knote: [m[K‘[01m[Krclcpp::Parameter p1[m[K’ previously declared here
[4.810s]    23 |       rclcpp::Parameter [01;36m[Kp1[m[K("car_name","tiger");
[4.810s]       |                         [01;36m[K^~[m[K
[4.810s] [01m[K/home/hzc/linux/ros2/stu/ws01_plubming/src/cpp04_param/src/demo0_param.cpp:25:25:[m[K [01;31m[Kerror: [m[Kredeclaration of ‘[01m[Krclcpp::Parameter p1[m[K’
[4.810s]    25 |       rclcpp::Parameter [01;31m[Kp1[m[K("wheels",4);
[4.810s]       |                         [01;31m[K^~[m[K
[4.811s] [01m[K/home/hzc/linux/ros2/stu/ws01_plubming/src/cpp04_param/src/demo0_param.cpp:23:25:[m[K [01;36m[Knote: [m[K‘[01m[Krclcpp::Parameter p1[m[K’ previously declared here
[4.811s]    23 |       rclcpp::Parameter [01;36m[Kp1[m[K("car_name","tiger");
[4.811s]       |                         [01;36m[K^~[m[K
[4.816s] In file included from [01m[K/opt/ros/lyrical/include/rclcpp/rclcpp/logging.hpp:22[m[K,
[4.816s]                  from [01m[K/opt/ros/lyrical/include/rclcpp/rclcpp/copy_all_parameter_values.hpp:27[m[K,
[4.816s]                  from [01m[K/opt/ros/lyrical/include/rclcpp/rclcpp/rclcpp.hpp:173[m[K,
[4.816s]                  from [01m[K/home/hzc/linux/ros2/stu/ws01_plubming/src/cpp04_param/src/demo0_param.cpp:13[m[K:
[4.816s] [01m[K/home/hzc/linux/ros2/stu/ws01_plubming/src/cpp04_param/src/demo0_param.cpp:28:54:[m[K [01;31m[Kerror: [m[K‘[01m[Kp2[m[K’ was not declared in this scope; did you mean ‘[01m[Kp1[m[K’?
[4.816s]    28 |       RCLCPP_INFO(this->get_logger(),"height = %.2f",[01;31m[Kp2[m[K.as_double());
[4.816s]       |                                                      [01;31m[K^~[m[K
[4.822s] [01m[K/home/hzc/linux/ros2/stu/ws01_plubming/src/cpp04_param/src/demo0_param.cpp:29:52:[m[K [01;31m[Kerror: [m[K‘[01m[Kp3[m[K’ was not declared in this scope; did you mean ‘[01m[Kp1[m[K’?
[4.822s]    29 |       RCLCPP_INFO(this->get_logger(),"wheels = %d",[01;31m[Kp3[m[K.as_int());
[4.822s]       |                                                    [01;31m[K^~[m[K
[6.011s] gmake[2]: *** [CMakeFiles/demo0_param.dir/build.make:79：CMakeFiles/demo0_param.dir/src/demo0_param.cpp.o] 错误 1
[6.012s] gmake[1]: *** [CMakeFiles/Makefile2:153：CMakeFiles/demo0_param.dir/all] 错误 2
[6.012s] gmake: *** [Makefile:146：all] 错误 2
[6.015s] Invoked command in '/home/hzc/linux/ros2/stu/ws01_plubming/build/cpp04_param' returned '2': CMAKE_PREFIX_PATH=${CMAKE_PREFIX_PATH}:/home/hzc/linux/ros2/stu/ws01_plubming/install/py03_action:/home/hzc/linux/ros2/stu/ws01_plubming/install/py02_seriver:/home/hzc/linux/ros2/stu/ws01_plubming/install/py01_topic:/opt/ros/lyrical DEBUGINFOD_URLS=https://debuginfod.ubuntu.com /usr/bin/cmake --build /home/hzc/linux/ros2/stu/ws01_plubming/build/cpp04_param -- -j16 -l16
