[1.792s] Invoking command in '/home/hzc/linux/ros2/stu/ws02_tools/src/py4_tf_listener': DEBUGINFOD_URLS=https://debuginfod.ubuntu.com PYTHONPATH=/home/hzc/linux/ros2/stu/ws02_tools/build/py4_tf_listener/prefix_override:/usr/lib/python3/dist-packages/colcon_core/task/python/colcon_distutils_commands:/home/hzc/linux/ros2/stu/ws02_tools/install/py4_tf_listener/lib/python3.14/site-packages:${PYTHONPATH} /usr/bin/python3 -W ignore:setup.py install is deprecated -W ignore:easy_install command is deprecated setup.py egg_info --egg-base ../../build/py4_tf_listener build --build-base /home/hzc/linux/ros2/stu/ws02_tools/build/py4_tf_listener/build install --record /home/hzc/linux/ros2/stu/ws02_tools/build/py4_tf_listener/install.log --single-version-externally-managed install_data
[2.148s] running egg_info
[2.178s] writing ../../build/py4_tf_listener/py4_tf_listener.egg-info/PKG-INFO
[2.178s] writing dependency_links to ../../build/py4_tf_listener/py4_tf_listener.egg-info/dependency_links.txt
[2.179s] writing entry points to ../../build/py4_tf_listener/py4_tf_listener.egg-info/entry_points.txt
[2.179s] writing requirements to ../../build/py4_tf_listener/py4_tf_listener.egg-info/requires.txt
[2.179s] writing top-level names to ../../build/py4_tf_listener/py4_tf_listener.egg-info/top_level.txt
[2.233s] reading manifest file '../../build/py4_tf_listener/py4_tf_listener.egg-info/SOURCES.txt'
[2.235s] writing manifest file '../../build/py4_tf_listener/py4_tf_listener.egg-info/SOURCES.txt'
[2.235s] running build
[2.235s] running build_py
[2.235s] copying py4_tf_listener/demo1_tf_listener_py.py -> /home/hzc/linux/ros2/stu/ws02_tools/build/py4_tf_listener/build/lib/py4_tf_listener
[2.235s] copying py4_tf_listener/__init__.py -> /home/hzc/linux/ros2/stu/ws02_tools/build/py4_tf_listener/build/lib/py4_tf_listener
[2.236s] copying py4_tf_listener/py.typed -> /home/hzc/linux/ros2/stu/ws02_tools/build/py4_tf_listener/build/lib/py4_tf_listener
[2.236s] running install
[2.241s] running install_lib
[2.265s] running install_data
[2.265s] copying resource/py4_tf_listener -> /home/hzc/linux/ros2/stu/ws02_tools/install/py4_tf_listener/share/ament_index/resource_index/packages
[2.266s] copying package.xml -> /home/hzc/linux/ros2/stu/ws02_tools/install/py4_tf_listener/share/py4_tf_listener
[2.266s] running install_egg_info
[2.288s] removing '/home/hzc/linux/ros2/stu/ws02_tools/install/py4_tf_listener/lib/python3.14/site-packages/py4_tf_listener-0.0.0-py3.14.egg-info' (and everything under it)
[2.289s] Copying ../../build/py4_tf_listener/py4_tf_listener.egg-info to /home/hzc/linux/ros2/stu/ws02_tools/install/py4_tf_listener/lib/python3.14/site-packages/py4_tf_listener-0.0.0-py3.14.egg-info
[2.290s] running install_scripts
[2.400s] Installing demo1_tf_listener_py script to /home/hzc/linux/ros2/stu/ws02_tools/install/py4_tf_listener/lib/py4_tf_listener
[2.400s] writing list of installed files to '/home/hzc/linux/ros2/stu/ws02_tools/build/py4_tf_listener/install.log'
[2.445s] Invoked command in '/home/hzc/linux/ros2/stu/ws02_tools/src/py4_tf_listener' returned '0': DEBUGINFOD_URLS=https://debuginfod.ubuntu.com PYTHONPATH=/home/hzc/linux/ros2/stu/ws02_tools/build/py4_tf_listener/prefix_override:/usr/lib/python3/dist-packages/colcon_core/task/python/colcon_distutils_commands:/home/hzc/linux/ros2/stu/ws02_tools/install/py4_tf_listener/lib/python3.14/site-packages:${PYTHONPATH} /usr/bin/python3 -W ignore:setup.py install is deprecated -W ignore:easy_install command is deprecated setup.py egg_info --egg-base ../../build/py4_tf_listener build --build-base /home/hzc/linux/ros2/stu/ws02_tools/build/py4_tf_listener/build install --record /home/hzc/linux/ros2/stu/ws02_tools/build/py4_tf_listener/install.log --single-version-externally-managed install_data
