In file included from [01m[K/shared/ws1_stu/build/autopartol_interfaces/rosidl_generator_c/autopartol_interfaces/srv/detail/speech_text__functions.h:19[m[K,
                 from [01m[K/shared/ws1_stu/build/autopartol_interfaces/rosidl_generator_c/autopartol_interfaces/srv/detail/speech_text__functions.c:4[m[K:
[01m[K/shared/ws1_stu/build/autopartol_interfaces/rosidl_generator_c/autopartol_interfaces/srv/detail/speech_text__struct.h:22:10:[m[K [01;31m[Kfatal error: [m[Kautopartol_interfaces/msg/detail/string__struct.h: No such file or directory
   22 | #include [01;31m[K"autopartol_interfaces/msg/detail/string__struct.h"[m[K
      |          [01;31m[K^~~~~~~~~~~~~~~~~~~~~~~~~~~~~~~~~~~~~~~~~~~~~~~~~~~[m[K
compilation terminated.
gmake[2]: *** [CMakeFiles/autopartol_interfaces__rosidl_generator_c.dir/build.make:105: CMakeFiles/autopartol_interfaces__rosidl_generator_c.dir/rosidl_generator_c/autopartol_interfaces/srv/detail/speech_text__functions.c.o] Error 1
gmake[1]: *** [CMakeFiles/Makefile2:232: CMakeFiles/autopartol_interfaces__rosidl_generator_c.dir/all] Error 2
gmake[1]: *** Waiting for unfinished jobs....
In file included from [01m[K/shared/ws1_stu/build/autopartol_interfaces/rosidl_typesupport_cpp/autopartol_interfaces/srv/speech_text__type_support.cpp:7[m[K:
[01m[K/shared/ws1_stu/build/autopartol_interfaces/rosidl_generator_cpp/autopartol_interfaces/srv/detail/speech_text__struct.hpp:21:10:[m[K [01;31m[Kfatal error: [m[Kautopartol_interfaces/msg/detail/string__struct.hpp: No such file or directory
   21 | #include [01;31m[K"autopartol_interfaces/msg/detail/string__struct.hpp"[m[K
      |          [01;31m[K^~~~~~~~~~~~~~~~~~~~~~~~~~~~~~~~~~~~~~~~~~~~~~~~~~~~~[m[K
compilation terminated.
gmake[2]: *** [CMakeFiles/autopartol_interfaces__rosidl_typesupport_cpp.dir/build.make:86: CMakeFiles/autopartol_interfaces__rosidl_typesupport_cpp.dir/rosidl_typesupport_cpp/autopartol_interfaces/srv/speech_text__type_support.cpp.o] Error 1
gmake[1]: *** [CMakeFiles/Makefile2:414: CMakeFiles/autopartol_interfaces__rosidl_typesupport_cpp.dir/all] Error 2
In file included from [01m[K/shared/ws1_stu/build/autopartol_interfaces/rosidl_typesupport_fastrtps_cpp/autopartol_interfaces/srv/detail/speech_text__rosidl_typesupport_fastrtps_cpp.hpp:11[m[K,
                 from [01m[K/shared/ws1_stu/build/autopartol_interfaces/rosidl_typesupport_fastrtps_cpp/autopartol_interfaces/srv/detail/dds_fastrtps/speech_text__type_support.cpp:4[m[K:
[01m[K/shared/ws1_stu/build/autopartol_interfaces/rosidl_generator_cpp/autopartol_interfaces/srv/detail/speech_text__struct.hpp:21:10:[m[K [01;31m[Kfatal error: [m[Kautopartol_interfaces/msg/detail/string__struct.hpp: No such file or directory
   21 | #include [01;31m[K"autopartol_interfaces/msg/detail/string__struct.hpp"[m[K
      |          [01;31m[K^~~~~~~~~~~~~~~~~~~~~~~~~~~~~~~~~~~~~~~~~~~~~~~~~~~~~[m[K
compilation terminated.
gmake[2]: *** [CMakeFiles/autopartol_interfaces__rosidl_typesupport_fastrtps_cpp.dir/build.make:91: CMakeFiles/autopartol_interfaces__rosidl_typesupport_fastrtps_cpp.dir/rosidl_typesupport_fastrtps_cpp/autopartol_interfaces/srv/detail/dds_fastrtps/speech_text__type_support.cpp.o] Error 1
gmake[1]: *** [CMakeFiles/Makefile2:362: CMakeFiles/autopartol_interfaces__rosidl_typesupport_fastrtps_cpp.dir/all] Error 2
In file included from [01m[K/shared/ws1_stu/build/autopartol_interfaces/rosidl_typesupport_introspection_cpp/autopartol_interfaces/srv/detail/speech_text__type_support.cpp:12[m[K:
[01m[K/shared/ws1_stu/build/autopartol_interfaces/rosidl_generator_cpp/autopartol_interfaces/srv/detail/speech_text__struct.hpp:21:10:[m[K [01;31m[Kfatal error: [m[Kautopartol_interfaces/msg/detail/string__struct.hpp: No such file or directory
   21 | #include [01;31m[K"autopartol_interfaces/msg/detail/string__struct.hpp"[m[K
      |          [01;31m[K^~~~~~~~~~~~~~~~~~~~~~~~~~~~~~~~~~~~~~~~~~~~~~~~~~~~~[m[K
compilation terminated.
gmake[2]: *** [CMakeFiles/autopartol_interfaces__rosidl_typesupport_introspection_cpp.dir/build.make:91: CMakeFiles/autopartol_interfaces__rosidl_typesupport_introspection_cpp.dir/rosidl_typesupport_introspection_cpp/autopartol_interfaces/srv/detail/speech_text__type_support.cpp.o] Error 1
gmake[1]: *** [CMakeFiles/Makefile2:388: CMakeFiles/autopartol_interfaces__rosidl_typesupport_introspection_cpp.dir/all] Error 2
gmake: *** [Makefile:146: all] Error 2
