-- The C compiler identification is GNU 11.4.0
-- The CXX compiler identification is GNU 11.4.0
-- Detecting C compiler ABI info
-- Detecting C compiler ABI info - done
-- Check for working C compiler: /usr/bin/cc - skipped
-- Detecting C compile features
-- Detecting C compile features - done
-- Detecting CXX compiler ABI info
-- Detecting CXX compiler ABI info - done
-- Check for working CXX compiler: /usr/bin/c++ - skipped
-- Detecting CXX compile features
-- Detecting CXX compile features - done
-- Found ament_cmake: 1.3.14 (/opt/ros/humble/share/ament_cmake/cmake)
-- Found Python3: /usr/bin/python3 (found version "3.10.12") found components: Interpreter 
-- Found rosidl_default_generators: 1.2.1 (/opt/ros/humble/share/rosidl_default_generators/cmake)
-- Using all available rosidl_typesupport_c: rosidl_typesupport_fastrtps_c;rosidl_typesupport_introspection_c
-- Found rosidl_adapter: 3.1.8 (/opt/ros/humble/share/rosidl_adapter/cmake)
-- Using all available rosidl_typesupport_cpp: rosidl_typesupport_fastrtps_cpp;rosidl_typesupport_introspection_cpp
-- Found ament_cmake_ros: 0.10.0 (/opt/ros/humble/share/ament_cmake_ros/cmake)
-- Using all available rosidl_typesupport_c: rosidl_typesupport_fastrtps_c;rosidl_typesupport_introspection_c
-- Using all available rosidl_typesupport_cpp: rosidl_typesupport_fastrtps_cpp;rosidl_typesupport_introspection_cpp
-- Found PythonInterp: /usr/bin/python3 (found suitable version "3.10.12", minimum required is "3.6") 
-- Found python_cmake_module: 0.10.0 (/opt/ros/humble/share/python_cmake_module/cmake)
-- Found PythonLibs: /usr/lib/x86_64-linux-gnu/libpython3.10.so (found suitable version "3.10.12", minimum required is "3.5") 
-- Using PYTHON_EXECUTABLE: /usr/bin/python3
-- Using PYTHON_INCLUDE_DIRS: /usr/include/python3.10
-- Using PYTHON_LIBRARIES: /usr/lib/x86_64-linux-gnu/libpython3.10.so
-- Found PythonExtra: .so  
-- Found ament_lint_auto: 0.12.15 (/opt/ros/humble/share/ament_lint_auto/cmake)
-- Added test 'lint_cmake' to check CMake code style
-- Added test 'xmllint' to check XML markup files
-- Configuring done
-- Generating done
-- Build files have been written to: /shared/ws1_stu/build/autopartol_interfaces
[  3%] [34m[1mGenerating C code for ROS interfaces[0m
[  6%] [34m[1mGenerating Rust code for ROS interfaces[0m
[  9%] [34m[1mGenerating C++ code for ROS interfaces[0m
[  9%] Built target ament_cmake_python_copy_autopartol_interfaces
running egg_info
creating autopartol_interfaces.egg-info
writing autopartol_interfaces.egg-info/PKG-INFO
writing dependency_links to autopartol_interfaces.egg-info/dependency_links.txt
writing top-level names to autopartol_interfaces.egg-info/top_level.txt
[  9%] Built target autopartol_interfaces__rs
writing manifest file 'autopartol_interfaces.egg-info/SOURCES.txt'
reading manifest file 'autopartol_interfaces.egg-info/SOURCES.txt'
writing manifest file 'autopartol_interfaces.egg-info/SOURCES.txt'
[  9%] Built target autopartol_interfaces__cpp
[ 12%] [34m[1mGenerating C++ type support for eProsima Fast-RTPS[0m
[ 18%] [34m[1mGenerating C++ introspection for ROS interfaces[0m
[ 18%] [34m[1mGenerating C++ type support dispatch for ROS interfaces[0m
[ 21%] [32mBuilding C object CMakeFiles/autopartol_interfaces__rosidl_generator_c.dir/rosidl_generator_c/autopartol_interfaces/srv/detail/speech_text__functions.c.o[0m
[ 21%] Built target ament_cmake_python_build_autopartol_interfaces_egg
In file included from [01m[K/shared/ws1_stu/build/autopartol_interfaces/rosidl_generator_c/autopartol_interfaces/srv/detail/speech_text__functions.h:19[m[K,
                 from [01m[K/shared/ws1_stu/build/autopartol_interfaces/rosidl_generator_c/autopartol_interfaces/srv/detail/speech_text__functions.c:4[m[K:
[01m[K/shared/ws1_stu/build/autopartol_interfaces/rosidl_generator_c/autopartol_interfaces/srv/detail/speech_text__struct.h:22:10:[m[K [01;31m[Kfatal error: [m[Kautopartol_interfaces/msg/detail/string__struct.h: No such file or directory
   22 | #include [01;31m[K"autopartol_interfaces/msg/detail/string__struct.h"[m[K
      |          [01;31m[K^~~~~~~~~~~~~~~~~~~~~~~~~~~~~~~~~~~~~~~~~~~~~~~~~~~[m[K
compilation terminated.
gmake[2]: *** [CMakeFiles/autopartol_interfaces__rosidl_generator_c.dir/build.make:105: CMakeFiles/autopartol_interfaces__rosidl_generator_c.dir/rosidl_generator_c/autopartol_interfaces/srv/detail/speech_text__functions.c.o] Error 1
gmake[1]: *** [CMakeFiles/Makefile2:232: CMakeFiles/autopartol_interfaces__rosidl_generator_c.dir/all] Error 2
gmake[1]: *** Waiting for unfinished jobs....
[ 25%] [32mBuilding CXX object CMakeFiles/autopartol_interfaces__rosidl_typesupport_cpp.dir/rosidl_typesupport_cpp/autopartol_interfaces/srv/speech_text__type_support.cpp.o[0m
[ 31%] [32mBuilding CXX object CMakeFiles/autopartol_interfaces__rosidl_typesupport_introspection_cpp.dir/rosidl_typesupport_introspection_cpp/autopartol_interfaces/srv/detail/speech_text__type_support.cpp.o[0m
[ 31%] [32mBuilding CXX object CMakeFiles/autopartol_interfaces__rosidl_typesupport_fastrtps_cpp.dir/rosidl_typesupport_fastrtps_cpp/autopartol_interfaces/srv/detail/dds_fastrtps/speech_text__type_support.cpp.o[0m
In file included from [01m[K/shared/ws1_stu/build/autopartol_interfaces/rosidl_typesupport_cpp/autopartol_interfaces/srv/speech_text__type_support.cpp:7[m[K:
[01m[K/shared/ws1_stu/build/autopartol_interfaces/rosidl_generator_cpp/autopartol_interfaces/srv/detail/speech_text__struct.hpp:21:10:[m[K [01;31m[Kfatal error: [m[Kautopartol_interfaces/msg/detail/string__struct.hpp: No such file or directory
   21 | #include [01;31m[K"autopartol_interfaces/msg/detail/string__struct.hpp"[m[K
      |          [01;31m[K^~~~~~~~~~~~~~~~~~~~~~~~~~~~~~~~~~~~~~~~~~~~~~~~~~~~~[m[K
compilation terminated.
gmake[2]: *** [CMakeFiles/autopartol_interfaces__rosidl_typesupport_cpp.dir/build.make:86: CMakeFiles/autopartol_interfaces__rosidl_typesupport_cpp.dir/rosidl_typesupport_cpp/autopartol_interfaces/srv/speech_text__type_support.cpp.o] Error 1
gmake[1]: *** [CMakeFiles/Makefile2:414: CMakeFiles/autopartol_interfaces__rosidl_typesupport_cpp.dir/all] Error 2
In file included from [01m[K/shared/ws1_stu/build/autopartol_interfaces/rosidl_typesupport_fastrtps_cpp/autopartol_interfaces/srv/detail/speech_text__rosidl_typesupport_fastrtps_cpp.hpp:11[m[K,
                 from [01m[K/shared/ws1_stu/build/autopartol_interfaces/rosidl_typesupport_fastrtps_cpp/autopartol_interfaces/srv/detail/dds_fastrtps/speech_text__type_support.cpp:4[m[K:
[01m[K/shared/ws1_stu/build/autopartol_interfaces/rosidl_generator_cpp/autopartol_interfaces/srv/detail/speech_text__struct.hpp:21:10:[m[K [01;31m[Kfatal error: [m[Kautopartol_interfaces/msg/detail/string__struct.hpp: No such file or directory
   21 | #include [01;31m[K"autopartol_interfaces/msg/detail/string__struct.hpp"[m[K
      |          [01;31m[K^~~~~~~~~~~~~~~~~~~~~~~~~~~~~~~~~~~~~~~~~~~~~~~~~~~~~[m[K
compilation terminated.
gmake[2]: *** [CMakeFiles/autopartol_interfaces__rosidl_typesupport_fastrtps_cpp.dir/build.make:91: CMakeFiles/autopartol_interfaces__rosidl_typesupport_fastrtps_cpp.dir/rosidl_typesupport_fastrtps_cpp/autopartol_interfaces/srv/detail/dds_fastrtps/speech_text__type_support.cpp.o] Error 1
gmake[1]: *** [CMakeFiles/Makefile2:362: CMakeFiles/autopartol_interfaces__rosidl_typesupport_fastrtps_cpp.dir/all] Error 2
In file included from [01m[K/shared/ws1_stu/build/autopartol_interfaces/rosidl_typesupport_introspection_cpp/autopartol_interfaces/srv/detail/speech_text__type_support.cpp:12[m[K:
[01m[K/shared/ws1_stu/build/autopartol_interfaces/rosidl_generator_cpp/autopartol_interfaces/srv/detail/speech_text__struct.hpp:21:10:[m[K [01;31m[Kfatal error: [m[Kautopartol_interfaces/msg/detail/string__struct.hpp: No such file or directory
   21 | #include [01;31m[K"autopartol_interfaces/msg/detail/string__struct.hpp"[m[K
      |          [01;31m[K^~~~~~~~~~~~~~~~~~~~~~~~~~~~~~~~~~~~~~~~~~~~~~~~~~~~~[m[K
compilation terminated.
gmake[2]: *** [CMakeFiles/autopartol_interfaces__rosidl_typesupport_introspection_cpp.dir/build.make:91: CMakeFiles/autopartol_interfaces__rosidl_typesupport_introspection_cpp.dir/rosidl_typesupport_introspection_cpp/autopartol_interfaces/srv/detail/speech_text__type_support.cpp.o] Error 1
gmake[1]: *** [CMakeFiles/Makefile2:388: CMakeFiles/autopartol_interfaces__rosidl_typesupport_introspection_cpp.dir/all] Error 2
gmake: *** [Makefile:146: all] Error 2
