[0.059s] Invoking command in '/shared/ws1_stu/build/autopartol_interfaces': CMAKE_PREFIX_PATH=${CMAKE_PREFIX_PATH}:/shared/ws1_stu/install/py2_autopartol:/shared/ws1_stu/install/py1_car_application:/shared/ws1_stu/install/autopartol_car:/opt/ros/humble /usr/bin/cmake /shared/ws1_stu/src/autopartol_interfaces -DCMAKE_INSTALL_PREFIX=/shared/ws1_stu/install/autopartol_interfaces
[0.569s] -- The C compiler identification is GNU 11.4.0
[0.569s] -- The CXX compiler identification is GNU 11.4.0
[0.570s] -- Detecting C compiler ABI info
[0.570s] -- Detecting C compiler ABI info - done
[0.571s] -- Check for working C compiler: /usr/bin/cc - skipped
[0.571s] -- Detecting C compile features
[0.571s] -- Detecting C compile features - done
[0.572s] -- Detecting CXX compiler ABI info
[0.572s] -- Detecting CXX compiler ABI info - done
[0.572s] -- Check for working CXX compiler: /usr/bin/c++ - skipped
[0.573s] -- Detecting CXX compile features
[0.573s] -- Detecting CXX compile features - done
[0.573s] -- Found ament_cmake: 1.3.14 (/opt/ros/humble/share/ament_cmake/cmake)
[0.642s] -- Found Python3: /usr/bin/python3 (found version "3.10.12") found components: Interpreter 
[0.795s] -- Found rosidl_default_generators: 1.2.1 (/opt/ros/humble/share/rosidl_default_generators/cmake)
[0.802s] -- Using all available rosidl_typesupport_c: rosidl_typesupport_fastrtps_c;rosidl_typesupport_introspection_c
[0.817s] -- Found rosidl_adapter: 3.1.8 (/opt/ros/humble/share/rosidl_adapter/cmake)
[0.890s] -- Using all available rosidl_typesupport_cpp: rosidl_typesupport_fastrtps_cpp;rosidl_typesupport_introspection_cpp
[1.196s] -- Found ament_cmake_ros: 0.10.0 (/opt/ros/humble/share/ament_cmake_ros/cmake)
[1.392s] -- Using all available rosidl_typesupport_c: rosidl_typesupport_fastrtps_c;rosidl_typesupport_introspection_c
[1.635s] -- Using all available rosidl_typesupport_cpp: rosidl_typesupport_fastrtps_cpp;rosidl_typesupport_introspection_cpp
[1.656s] -- Found PythonInterp: /usr/bin/python3 (found suitable version "3.10.12", minimum required is "3.6") 
[1.661s] -- Found python_cmake_module: 0.10.0 (/opt/ros/humble/share/python_cmake_module/cmake)
[1.688s] -- Found PythonLibs: /usr/lib/x86_64-linux-gnu/libpython3.10.so (found suitable version "3.10.12", minimum required is "3.5") 
[1.689s] -- Using PYTHON_EXECUTABLE: /usr/bin/python3
[1.689s] -- Using PYTHON_INCLUDE_DIRS: /usr/include/python3.10
[1.689s] -- Using PYTHON_LIBRARIES: /usr/lib/x86_64-linux-gnu/libpython3.10.so
[1.710s] -- Found PythonExtra: .so  
[1.804s] -- Found ament_lint_auto: 0.12.15 (/opt/ros/humble/share/ament_lint_auto/cmake)
[1.842s] -- Added test 'lint_cmake' to check CMake code style
[1.843s] -- Added test 'xmllint' to check XML markup files
[1.847s] -- Configuring done
[1.878s] -- Generating done
[1.887s] -- Build files have been written to: /shared/ws1_stu/build/autopartol_interfaces
[1.898s] Invoked command in '/shared/ws1_stu/build/autopartol_interfaces' returned '0': CMAKE_PREFIX_PATH=${CMAKE_PREFIX_PATH}:/shared/ws1_stu/install/py2_autopartol:/shared/ws1_stu/install/py1_car_application:/shared/ws1_stu/install/autopartol_car:/opt/ros/humble /usr/bin/cmake /shared/ws1_stu/src/autopartol_interfaces -DCMAKE_INSTALL_PREFIX=/shared/ws1_stu/install/autopartol_interfaces
[1.899s] Invoking command in '/shared/ws1_stu/build/autopartol_interfaces': CMAKE_PREFIX_PATH=${CMAKE_PREFIX_PATH}:/shared/ws1_stu/install/py2_autopartol:/shared/ws1_stu/install/py1_car_application:/shared/ws1_stu/install/autopartol_car:/opt/ros/humble /usr/bin/cmake --build /shared/ws1_stu/build/autopartol_interfaces -- -j12 -l12
[1.942s] [  3%] [34m[1mGenerating C code for ROS interfaces[0m
[1.954s] [  6%] [34m[1mGenerating Rust code for ROS interfaces[0m
[1.954s] [  9%] [34m[1mGenerating C++ code for ROS interfaces[0m
[1.967s] [  9%] Built target ament_cmake_python_copy_autopartol_interfaces
[2.209s] running egg_info
[2.209s] creating autopartol_interfaces.egg-info
[2.210s] writing autopartol_interfaces.egg-info/PKG-INFO
[2.210s] writing dependency_links to autopartol_interfaces.egg-info/dependency_links.txt
[2.211s] writing top-level names to autopartol_interfaces.egg-info/top_level.txt
[2.211s] [  9%] Built target autopartol_interfaces__rs
[2.211s] writing manifest file 'autopartol_interfaces.egg-info/SOURCES.txt'
[2.213s] reading manifest file 'autopartol_interfaces.egg-info/SOURCES.txt'
[2.213s] writing manifest file 'autopartol_interfaces.egg-info/SOURCES.txt'
[2.236s] [  9%] Built target autopartol_interfaces__cpp
[2.247s] [ 12%] [34m[1mGenerating C++ type support for eProsima Fast-RTPS[0m
[2.249s] [ 18%] [34m[1mGenerating C++ introspection for ROS interfaces[0m
[2.249s] [ 18%] [34m[1mGenerating C++ type support dispatch for ROS interfaces[0m
[2.264s] [ 21%] [32mBuilding C object CMakeFiles/autopartol_interfaces__rosidl_generator_c.dir/rosidl_generator_c/autopartol_interfaces/srv/detail/speech_text__functions.c.o[0m
[2.275s] [ 21%] Built target ament_cmake_python_build_autopartol_interfaces_egg
[2.293s] In file included from [01m[K/shared/ws1_stu/build/autopartol_interfaces/rosidl_generator_c/autopartol_interfaces/srv/detail/speech_text__functions.h:19[m[K,
[2.293s]                  from [01m[K/shared/ws1_stu/build/autopartol_interfaces/rosidl_generator_c/autopartol_interfaces/srv/detail/speech_text__functions.c:4[m[K:
[2.294s] [01m[K/shared/ws1_stu/build/autopartol_interfaces/rosidl_generator_c/autopartol_interfaces/srv/detail/speech_text__struct.h:22:10:[m[K [01;31m[Kfatal error: [m[Kautopartol_interfaces/msg/detail/string__struct.h: No such file or directory
[2.294s]    22 | #include [01;31m[K"autopartol_interfaces/msg/detail/string__struct.h"[m[K
[2.294s]       |          [01;31m[K^~~~~~~~~~~~~~~~~~~~~~~~~~~~~~~~~~~~~~~~~~~~~~~~~~~[m[K
[2.294s] compilation terminated.
[2.294s] gmake[2]: *** [CMakeFiles/autopartol_interfaces__rosidl_generator_c.dir/build.make:105: CMakeFiles/autopartol_interfaces__rosidl_generator_c.dir/rosidl_generator_c/autopartol_interfaces/srv/detail/speech_text__functions.c.o] Error 1
[2.294s] gmake[1]: *** [CMakeFiles/Makefile2:232: CMakeFiles/autopartol_interfaces__rosidl_generator_c.dir/all] Error 2
[2.295s] gmake[1]: *** Waiting for unfinished jobs....
[2.478s] [ 25%] [32mBuilding CXX object CMakeFiles/autopartol_interfaces__rosidl_typesupport_cpp.dir/rosidl_typesupport_cpp/autopartol_interfaces/srv/speech_text__type_support.cpp.o[0m
[2.515s] [ 31%] [32mBuilding CXX object CMakeFiles/autopartol_interfaces__rosidl_typesupport_introspection_cpp.dir/rosidl_typesupport_introspection_cpp/autopartol_interfaces/srv/detail/speech_text__type_support.cpp.o[0m
[2.515s] [ 31%] [32mBuilding CXX object CMakeFiles/autopartol_interfaces__rosidl_typesupport_fastrtps_cpp.dir/rosidl_typesupport_fastrtps_cpp/autopartol_interfaces/srv/detail/dds_fastrtps/speech_text__type_support.cpp.o[0m
[2.563s] In file included from [01m[K/shared/ws1_stu/build/autopartol_interfaces/rosidl_typesupport_cpp/autopartol_interfaces/srv/speech_text__type_support.cpp:7[m[K:
[2.564s] [01m[K/shared/ws1_stu/build/autopartol_interfaces/rosidl_generator_cpp/autopartol_interfaces/srv/detail/speech_text__struct.hpp:21:10:[m[K [01;31m[Kfatal error: [m[Kautopartol_interfaces/msg/detail/string__struct.hpp: No such file or directory
[2.564s]    21 | #include [01;31m[K"autopartol_interfaces/msg/detail/string__struct.hpp"[m[K
[2.564s]       |          [01;31m[K^~~~~~~~~~~~~~~~~~~~~~~~~~~~~~~~~~~~~~~~~~~~~~~~~~~~~[m[K
[2.564s] compilation terminated.
[2.565s] gmake[2]: *** [CMakeFiles/autopartol_interfaces__rosidl_typesupport_cpp.dir/build.make:86: CMakeFiles/autopartol_interfaces__rosidl_typesupport_cpp.dir/rosidl_typesupport_cpp/autopartol_interfaces/srv/speech_text__type_support.cpp.o] Error 1
[2.566s] gmake[1]: *** [CMakeFiles/Makefile2:414: CMakeFiles/autopartol_interfaces__rosidl_typesupport_cpp.dir/all] Error 2
[2.573s] In file included from [01m[K/shared/ws1_stu/build/autopartol_interfaces/rosidl_typesupport_fastrtps_cpp/autopartol_interfaces/srv/detail/speech_text__rosidl_typesupport_fastrtps_cpp.hpp:11[m[K,
[2.574s]                  from [01m[K/shared/ws1_stu/build/autopartol_interfaces/rosidl_typesupport_fastrtps_cpp/autopartol_interfaces/srv/detail/dds_fastrtps/speech_text__type_support.cpp:4[m[K:
[2.574s] [01m[K/shared/ws1_stu/build/autopartol_interfaces/rosidl_generator_cpp/autopartol_interfaces/srv/detail/speech_text__struct.hpp:21:10:[m[K [01;31m[Kfatal error: [m[Kautopartol_interfaces/msg/detail/string__struct.hpp: No such file or directory
[2.574s]    21 | #include [01;31m[K"autopartol_interfaces/msg/detail/string__struct.hpp"[m[K
[2.574s]       |          [01;31m[K^~~~~~~~~~~~~~~~~~~~~~~~~~~~~~~~~~~~~~~~~~~~~~~~~~~~~[m[K
[2.574s] compilation terminated.
[2.575s] gmake[2]: *** [CMakeFiles/autopartol_interfaces__rosidl_typesupport_fastrtps_cpp.dir/build.make:91: CMakeFiles/autopartol_interfaces__rosidl_typesupport_fastrtps_cpp.dir/rosidl_typesupport_fastrtps_cpp/autopartol_interfaces/srv/detail/dds_fastrtps/speech_text__type_support.cpp.o] Error 1
[2.575s] gmake[1]: *** [CMakeFiles/Makefile2:362: CMakeFiles/autopartol_interfaces__rosidl_typesupport_fastrtps_cpp.dir/all] Error 2
[2.583s] In file included from [01m[K/shared/ws1_stu/build/autopartol_interfaces/rosidl_typesupport_introspection_cpp/autopartol_interfaces/srv/detail/speech_text__type_support.cpp:12[m[K:
[2.583s] [01m[K/shared/ws1_stu/build/autopartol_interfaces/rosidl_generator_cpp/autopartol_interfaces/srv/detail/speech_text__struct.hpp:21:10:[m[K [01;31m[Kfatal error: [m[Kautopartol_interfaces/msg/detail/string__struct.hpp: No such file or directory
[2.583s]    21 | #include [01;31m[K"autopartol_interfaces/msg/detail/string__struct.hpp"[m[K
[2.583s]       |          [01;31m[K^~~~~~~~~~~~~~~~~~~~~~~~~~~~~~~~~~~~~~~~~~~~~~~~~~~~~[m[K
[2.583s] compilation terminated.
[2.585s] gmake[2]: *** [CMakeFiles/autopartol_interfaces__rosidl_typesupport_introspection_cpp.dir/build.make:91: CMakeFiles/autopartol_interfaces__rosidl_typesupport_introspection_cpp.dir/rosidl_typesupport_introspection_cpp/autopartol_interfaces/srv/detail/speech_text__type_support.cpp.o] Error 1
[2.585s] gmake[1]: *** [CMakeFiles/Makefile2:388: CMakeFiles/autopartol_interfaces__rosidl_typesupport_introspection_cpp.dir/all] Error 2
[2.585s] gmake: *** [Makefile:146: all] Error 2
[2.589s] Invoked command in '/shared/ws1_stu/build/autopartol_interfaces' returned '2': CMAKE_PREFIX_PATH=${CMAKE_PREFIX_PATH}:/shared/ws1_stu/install/py2_autopartol:/shared/ws1_stu/install/py1_car_application:/shared/ws1_stu/install/autopartol_car:/opt/ros/humble /usr/bin/cmake --build /shared/ws1_stu/build/autopartol_interfaces -- -j12 -l12
