[ 50%] [32mBuilding CXX object CMakeFiles/demo1_tf_listener.dir/src/demo1_tf_listener.cpp.o[0m
[100%] [1m[32mLinking CXX executable demo1_tf_listener[0m
[100%] Built target demo1_tf_listener
-- Install configuration: ""
-- Installing: /home/hzc/linux/ros2/stu/ws02_tools/install/cpp4_tf_listener/lib/cpp4_tf_listener/demo1_tf_listener
-- Set non-toolchain portion of runtime path of "/home/hzc/linux/ros2/stu/ws02_tools/install/cpp4_tf_listener/lib/cpp4_tf_listener/demo1_tf_listener" to ""
-- Installing: /home/hzc/linux/ros2/stu/ws02_tools/install/cpp4_tf_listener/share/ament_index/resource_index/package_run_dependencies/cpp4_tf_listener
-- Installing: /home/hzc/linux/ros2/stu/ws02_tools/install/cpp4_tf_listener/share/ament_index/resource_index/parent_prefix_path/cpp4_tf_listener
-- Installing: /home/hzc/linux/ros2/stu/ws02_tools/install/cpp4_tf_listener/share/cpp4_tf_listener/environment/ament_prefix_path.sh
-- Installing: /home/hzc/linux/ros2/stu/ws02_tools/install/cpp4_tf_listener/share/cpp4_tf_listener/environment/ament_prefix_path.dsv
-- Installing: /home/hzc/linux/ros2/stu/ws02_tools/install/cpp4_tf_listener/share/cpp4_tf_listener/environment/path.sh
-- Installing: /home/hzc/linux/ros2/stu/ws02_tools/install/cpp4_tf_listener/share/cpp4_tf_listener/environment/path.dsv
-- Installing: /home/hzc/linux/ros2/stu/ws02_tools/install/cpp4_tf_listener/share/cpp4_tf_listener/local_setup.bash
-- Installing: /home/hzc/linux/ros2/stu/ws02_tools/install/cpp4_tf_listener/share/cpp4_tf_listener/local_setup.fish
-- Installing: /home/hzc/linux/ros2/stu/ws02_tools/install/cpp4_tf_listener/share/cpp4_tf_listener/local_setup.sh
-- Installing: /home/hzc/linux/ros2/stu/ws02_tools/install/cpp4_tf_listener/share/cpp4_tf_listener/local_setup.zsh
-- Installing: /home/hzc/linux/ros2/stu/ws02_tools/install/cpp4_tf_listener/share/cpp4_tf_listener/local_setup.dsv
-- Installing: /home/hzc/linux/ros2/stu/ws02_tools/install/cpp4_tf_listener/share/cpp4_tf_listener/package.dsv
-- Installing: /home/hzc/linux/ros2/stu/ws02_tools/install/cpp4_tf_listener/share/ament_index/resource_index/packages/cpp4_tf_listener
-- Installing: /home/hzc/linux/ros2/stu/ws02_tools/install/cpp4_tf_listener/share/cpp4_tf_listener/cmake/cpp4_tf_listenerConfig.cmake
-- Installing: /home/hzc/linux/ros2/stu/ws02_tools/install/cpp4_tf_listener/share/cpp4_tf_listener/cmake/cpp4_tf_listenerConfig-version.cmake
-- Installing: /home/hzc/linux/ros2/stu/ws02_tools/install/cpp4_tf_listener/share/cpp4_tf_listener/package.xml
