[0.014s] Invoking command in '/home/hzc/linux/ros2/stu/ws02_tools/build/cpp4_tf_listener': CMAKE_PREFIX_PATH=${CMAKE_PREFIX_PATH}:/home/hzc/linux/ros2/stu/ws02_tools/install/py3_tf_broadcaster:/home/hzc/linux/ros2/stu/ws02_tools/install/py1_launch:/opt/ros/lyrical DEBUGINFOD_URLS=https://debuginfod.ubuntu.com /usr/bin/cmake --build /home/hzc/linux/ros2/stu/ws02_tools/build/cpp4_tf_listener -- -j16 -l16
[0.106s] [ 50%] [32mBuilding CXX object CMakeFiles/demo1_tf_listener.dir/src/demo1_tf_listener.cpp.o[0m
[2.701s] In file included from [01m[K/opt/ros/lyrical/include/rclcpp/rclcpp/logging.hpp:22[m[K,
[2.701s]                  from [01m[K/opt/ros/lyrical/include/rclcpp/rclcpp/copy_all_parameter_values.hpp:27[m[K,
[2.701s]                  from [01m[K/opt/ros/lyrical/include/rclcpp/rclcpp/rclcpp.hpp:173[m[K,
[2.701s]                  from [01m[K/home/hzc/linux/ros2/stu/ws02_tools/src/cpp4_tf_listener/src/demo1_tf_listener.cpp:12[m[K:
[2.701s] [01m[K/home/hzc/linux/ros2/stu/ws02_tools/src/cpp4_tf_listener/src/demo1_tf_listener.cpp:[m[K In member function ‘[01m[Kvoid TFListener::[01;32m[Kon_timer[m[K()[m[K’:
[2.701s] [01m[K/home/hzc/linux/ros2/stu/ws02_tools/src/cpp4_tf_listener/src/demo1_tf_listener.cpp:36:13:[m[K [01;35m[Kwarning: [m[Kformat ‘[01m[K[01;32m[K%s[m[K[m[K’ expects argument of type ‘[01m[K[01;32m[Kchar*[m[K[m[K’, but argument 5 has type ‘[01m[K[01;34m[Kstd_msgs::msg::Header_<std::allocator<void> >::_frame_id_type[m[K’ {aka ‘[01m[K[01;34m[Kstd::__cxx11::basic_string<char>[m[K’}[m[K [[01;35m[K]8;;https://gcc.gnu.org/onlinedocs/gcc-15.2.0/gcc/Warning-Options.html#index-Wformat-Wformat=]8;;[m[K]
[2.701s]    36 |             [01;32m[K"[m[K[01;32m[K新[m[K[01;32m[K坐[m[K[01;32m[K标[m[K[01;32m[K帧[m[K[01;32m[K:[m[K[01;32m[K父[m[K[01;32m[K坐[m[K[01;32m[K标[m[K[01;32m[K系[m[K[01;32m[K:[m[K[01;32m[K%[m[K[01;32m[Ks[m[K[01;32m[K,[m[K[01;32m[K子[m[K[01;32m[K坐[m[K[01;32m[K标[m[K[01;32m[K系[m[K[01;32m[K:[m[K[01;32m[K%[m[K[01;32m[Ks[m[K[01;32m[K,[m[K[01;32m[K偏[m[K[01;32m[K移[m[K[01;32m[K量[m[K[01;32m[K([m[K[01;32m[K%[m[K[01;32m[K.[m[K[01;32m[K2[m[K[01;32m[Kf[m[K[01;32m[K,[m[K[01;32m[K%[m[K[01;32m[K.[m[K[01;32m[K2[m[K[01;32m[Kf[m[K[01;32m[K,[m[K[01;32m[K%[m[K[01;32m[K.[m[K[01;32m[K2[m[K[01;32m[Kf[m[K[01;32m[K)[m[K[01;32m[K"[m[K,
[2.701s]       |             [01;32m[K^[m[K[01;32m[K~[m[K[01;32m[K~[m[K[01;32m[K~[m[K[01;32m[K~[m[K[01;32m[K~[m[K[01;32m[K~[m[K[01;32m[K~[m[K[01;32m[K~[m[K[01;32m[K~[m[K[01;32m[K~[m[K[01;32m[K~[m[K[01;32m[K~[m[K[01;32m[K~[m[K[01;32m[K~[m[K[01;32m[K~[m[K[01;32m[K~[m[K[01;32m[K~[m[K[01;32m[K~[m[K[01;32m[K~[m[K[01;32m[K~[m[K[01;32m[K~[m[K[01;32m[K~[m[K[01;32m[K~[m[K[01;32m[K~[m[K[01;32m[K~[m[K[01;32m[K~[m[K[01;32m[K~[m[K[01;32m[K~[m[K[01;32m[K~[m[K[01;32m[K~[m[K[01;32m[K~[m[K[01;32m[K~[m[K[01;32m[K~[m[K[01;32m[K~[m[K[01;32m[K~[m[K[01;32m[K~[m[K[01;32m[K~[m[K[01;32m[K~[m[K[01;32m[K~[m[K[01;32m[K~[m[K[01;32m[K~[m[K[01;32m[K~[m[K[01;32m[K~[m[K[01;32m[K~[m[K[01;32m[K~[m[K[01;32m[K~[m[K[01;32m[K~[m[K[01;32m[K~[m[K[01;32m[K~[m[K[01;32m[K~[m[K[01;32m[K~[m[K[01;32m[K~[m[K[01;32m[K~[m[K[01;32m[K~[m[K[01;32m[K~[m[K[01;32m[K~[m[K
[2.702s] [01m[K/home/hzc/linux/ros2/stu/ws02_tools/src/cpp4_tf_listener/src/demo1_tf_listener.cpp:36:33:[m[K [01;36m[Knote: [m[Kformat string is defined here
[2.702s]    36 |             "新坐标帧:父坐标系:[01;32m[K%[m[K[01;32m[Ks[m[K,子坐标系:%s,偏移量(%.2f,%.2f,%.2f)",
[2.702s]       |                                [01;32m[K~[m[K[01;32m[K^[m[K
[2.702s]       |                                 [01;32m[K|[m[K
[2.702s]       |                                 [01;32m[Kchar*[m[K
[2.702s] [01m[K/home/hzc/linux/ros2/stu/ws02_tools/src/cpp4_tf_listener/src/demo1_tf_listener.cpp:36:13:[m[K [01;35m[Kwarning: [m[Kformat ‘[01m[K[01;32m[K%s[m[K[m[K’ expects argument of type ‘[01m[K[01;32m[Kchar*[m[K[m[K’, but argument 6 has type ‘[01m[K[01;34m[Kgeometry_msgs::msg::TransformStamped_<std::allocator<void> >::_child_frame_id_type[m[K’ {aka ‘[01m[K[01;34m[Kstd::__cxx11::basic_string<char>[m[K’}[m[K [[01;35m[K]8;;https://gcc.gnu.org/onlinedocs/gcc-15.2.0/gcc/Warning-Options.html#index-Wformat-Wformat=]8;;[m[K]
[2.702s]    36 |             [01;32m[K"[m[K[01;32m[K新[m[K[01;32m[K坐[m[K[01;32m[K标[m[K[01;32m[K帧[m[K[01;32m[K:[m[K[01;32m[K父[m[K[01;32m[K坐[m[K[01;32m[K标[m[K[01;32m[K系[m[K[01;32m[K:[m[K[01;32m[K%[m[K[01;32m[Ks[m[K[01;32m[K,[m[K[01;32m[K子[m[K[01;32m[K坐[m[K[01;32m[K标[m[K[01;32m[K系[m[K[01;32m[K:[m[K[01;32m[K%[m[K[01;32m[Ks[m[K[01;32m[K,[m[K[01;32m[K偏[m[K[01;32m[K移[m[K[01;32m[K量[m[K[01;32m[K([m[K[01;32m[K%[m[K[01;32m[K.[m[K[01;32m[K2[m[K[01;32m[Kf[m[K[01;32m[K,[m[K[01;32m[K%[m[K[01;32m[K.[m[K[01;32m[K2[m[K[01;32m[Kf[m[K[01;32m[K,[m[K[01;32m[K%[m[K[01;32m[K.[m[K[01;32m[K2[m[K[01;32m[Kf[m[K[01;32m[K)[m[K[01;32m[K"[m[K,
[2.703s]       |             [01;32m[K^[m[K[01;32m[K~[m[K[01;32m[K~[m[K[01;32m[K~[m[K[01;32m[K~[m[K[01;32m[K~[m[K[01;32m[K~[m[K[01;32m[K~[m[K[01;32m[K~[m[K[01;32m[K~[m[K[01;32m[K~[m[K[01;32m[K~[m[K[01;32m[K~[m[K[01;32m[K~[m[K[01;32m[K~[m[K[01;32m[K~[m[K[01;32m[K~[m[K[01;32m[K~[m[K[01;32m[K~[m[K[01;32m[K~[m[K[01;32m[K~[m[K[01;32m[K~[m[K[01;32m[K~[m[K[01;32m[K~[m[K[01;32m[K~[m[K[01;32m[K~[m[K[01;32m[K~[m[K[01;32m[K~[m[K[01;32m[K~[m[K[01;32m[K~[m[K[01;32m[K~[m[K[01;32m[K~[m[K[01;32m[K~[m[K[01;32m[K~[m[K[01;32m[K~[m[K[01;32m[K~[m[K[01;32m[K~[m[K[01;32m[K~[m[K[01;32m[K~[m[K[01;32m[K~[m[K[01;32m[K~[m[K[01;32m[K~[m[K[01;32m[K~[m[K[01;32m[K~[m[K[01;32m[K~[m[K[01;32m[K~[m[K[01;32m[K~[m[K[01;32m[K~[m[K[01;32m[K~[m[K[01;32m[K~[m[K[01;32m[K~[m[K[01;32m[K~[m[K[01;32m[K~[m[K[01;32m[K~[m[K[01;32m[K~[m[K[01;32m[K~[m[K[01;32m[K~[m[K
[2.703s] [01m[K/home/hzc/linux/ros2/stu/ws02_tools/src/cpp4_tf_listener/src/demo1_tf_listener.cpp:36:45:[m[K [01;36m[Knote: [m[Kformat string is defined here
[2.703s]    36 |             "新坐标帧:父坐标系:%s,子坐标系:[01;32m[K%[m[K[01;32m[Ks[m[K,偏移量(%.2f,%.2f,%.2f)",
[2.703s]       |                                            [01;32m[K~[m[K[01;32m[K^[m[K
[2.703s]       |                                             [01;32m[K|[m[K
[2.703s]       |                                             [01;32m[Kchar*[m[K
[8.212s] [100%] [1m[32mLinking CXX executable demo1_tf_listener[0m
[8.562s] [100%] Built target demo1_tf_listener
[8.576s] Invoked command in '/home/hzc/linux/ros2/stu/ws02_tools/build/cpp4_tf_listener' returned '0': CMAKE_PREFIX_PATH=${CMAKE_PREFIX_PATH}:/home/hzc/linux/ros2/stu/ws02_tools/install/py3_tf_broadcaster:/home/hzc/linux/ros2/stu/ws02_tools/install/py1_launch:/opt/ros/lyrical DEBUGINFOD_URLS=https://debuginfod.ubuntu.com /usr/bin/cmake --build /home/hzc/linux/ros2/stu/ws02_tools/build/cpp4_tf_listener -- -j16 -l16
[8.591s] Invoking command in '/home/hzc/linux/ros2/stu/ws02_tools/build/cpp4_tf_listener': CMAKE_PREFIX_PATH=${CMAKE_PREFIX_PATH}:/home/hzc/linux/ros2/stu/ws02_tools/install/py3_tf_broadcaster:/home/hzc/linux/ros2/stu/ws02_tools/install/py1_launch:/opt/ros/lyrical DEBUGINFOD_URLS=https://debuginfod.ubuntu.com /usr/bin/cmake --install /home/hzc/linux/ros2/stu/ws02_tools/build/cpp4_tf_listener
[8.603s] -- Install configuration: ""
[8.603s] -- Installing: /home/hzc/linux/ros2/stu/ws02_tools/install/cpp4_tf_listener/lib/cpp4_tf_listener/demo1_tf_listener
[8.608s] -- Set non-toolchain portion of runtime path of "/home/hzc/linux/ros2/stu/ws02_tools/install/cpp4_tf_listener/lib/cpp4_tf_listener/demo1_tf_listener" to ""
[8.608s] -- Installing: /home/hzc/linux/ros2/stu/ws02_tools/install/cpp4_tf_listener/share/ament_index/resource_index/package_run_dependencies/cpp4_tf_listener
[8.608s] -- Installing: /home/hzc/linux/ros2/stu/ws02_tools/install/cpp4_tf_listener/share/ament_index/resource_index/parent_prefix_path/cpp4_tf_listener
[8.608s] -- Installing: /home/hzc/linux/ros2/stu/ws02_tools/install/cpp4_tf_listener/share/cpp4_tf_listener/environment/ament_prefix_path.sh
[8.608s] -- Installing: /home/hzc/linux/ros2/stu/ws02_tools/install/cpp4_tf_listener/share/cpp4_tf_listener/environment/ament_prefix_path.dsv
[8.608s] -- Installing: /home/hzc/linux/ros2/stu/ws02_tools/install/cpp4_tf_listener/share/cpp4_tf_listener/environment/path.sh
[8.609s] -- Installing: /home/hzc/linux/ros2/stu/ws02_tools/install/cpp4_tf_listener/share/cpp4_tf_listener/environment/path.dsv
[8.609s] -- Installing: /home/hzc/linux/ros2/stu/ws02_tools/install/cpp4_tf_listener/share/cpp4_tf_listener/local_setup.bash
[8.609s] -- Installing: /home/hzc/linux/ros2/stu/ws02_tools/install/cpp4_tf_listener/share/cpp4_tf_listener/local_setup.fish
[8.610s] -- Installing: /home/hzc/linux/ros2/stu/ws02_tools/install/cpp4_tf_listener/share/cpp4_tf_listener/local_setup.sh
[8.610s] -- Installing: /home/hzc/linux/ros2/stu/ws02_tools/install/cpp4_tf_listener/share/cpp4_tf_listener/local_setup.zsh
[8.610s] -- Installing: /home/hzc/linux/ros2/stu/ws02_tools/install/cpp4_tf_listener/share/cpp4_tf_listener/local_setup.dsv
[8.610s] -- Installing: /home/hzc/linux/ros2/stu/ws02_tools/install/cpp4_tf_listener/share/cpp4_tf_listener/package.dsv
[8.610s] -- Installing: /home/hzc/linux/ros2/stu/ws02_tools/install/cpp4_tf_listener/share/ament_index/resource_index/packages/cpp4_tf_listener
[8.611s] -- Installing: /home/hzc/linux/ros2/stu/ws02_tools/install/cpp4_tf_listener/share/cpp4_tf_listener/cmake/cpp4_tf_listenerConfig.cmake
[8.611s] -- Installing: /home/hzc/linux/ros2/stu/ws02_tools/install/cpp4_tf_listener/share/cpp4_tf_listener/cmake/cpp4_tf_listenerConfig-version.cmake
[8.611s] -- Installing: /home/hzc/linux/ros2/stu/ws02_tools/install/cpp4_tf_listener/share/cpp4_tf_listener/package.xml
[8.615s] Invoked command in '/home/hzc/linux/ros2/stu/ws02_tools/build/cpp4_tf_listener' returned '0': CMAKE_PREFIX_PATH=${CMAKE_PREFIX_PATH}:/home/hzc/linux/ros2/stu/ws02_tools/install/py3_tf_broadcaster:/home/hzc/linux/ros2/stu/ws02_tools/install/py1_launch:/opt/ros/lyrical DEBUGINFOD_URLS=https://debuginfod.ubuntu.com /usr/bin/cmake --install /home/hzc/linux/ros2/stu/ws02_tools/build/cpp4_tf_listener
