[0.058s] Invoking command in '/home/hzc/linux/ros2/stu/ws02_tools/build/base_interfaces': CMAKE_PREFIX_PATH=${CMAKE_PREFIX_PATH}:/opt/ros/lyrical DEBUGINFOD_URLS=https://debuginfod.ubuntu.com /usr/bin/cmake --build /home/hzc/linux/ros2/stu/ws02_tools/build/base_interfaces -- -j12 -l12
[0.686s] [  2%] Built target base_interfaces__rosidl_generator_type_description
[0.686s] [  5%] Built target base_interfaces__rs
[0.687s] [  8%] Built target base_interfaces__cpp
[0.687s] [ 22%] Built target base_interfaces__rosidl_generator_c
[0.687s] [ 31%] Built target base_interfaces__rosidl_typesupport_fastrtps_cpp
[0.688s] [ 40%] Built target base_interfaces__rosidl_typesupport_fastrtps_c
[0.688s] [ 48%] Built target base_interfaces__rosidl_typesupport_introspection_cpp
[0.688s] [ 57%] Built target base_interfaces__rosidl_typesupport_cpp
[0.689s] [ 65%] Built target base_interfaces__rosidl_typesupport_c
[0.689s] [ 74%] Built target base_interfaces__rosidl_typesupport_introspection_c
[0.690s] [ 74%] Built target base_interfaces
[0.690s] [ 77%] Built target base_interfaces__py
[0.690s] [ 82%] Built target base_interfaces__rosidl_generator_py
[0.690s] [ 82%] Built target ament_cmake_python_sync_base_interfaces
[0.690s] [ 88%] Built target base_interfaces_s__rosidl_typesupport_fastrtps_c
[0.691s] [ 94%] Built target base_interfaces_s__rosidl_typesupport_introspection_c
[0.691s] [100%] Built target base_interfaces_s__rosidl_typesupport_c
[0.768s] running egg_info
[0.796s] writing base_interfaces.egg-info/PKG-INFO
[0.796s] writing dependency_links to base_interfaces.egg-info/dependency_links.txt
[0.797s] writing top-level names to base_interfaces.egg-info/top_level.txt
[0.884s] reading manifest file 'base_interfaces.egg-info/SOURCES.txt'
[0.884s] writing manifest file 'base_interfaces.egg-info/SOURCES.txt'
[0.968s] [100%] Built target ament_cmake_python_build_base_interfaces_egg
[1.226s] Invoked command in '/home/hzc/linux/ros2/stu/ws02_tools/build/base_interfaces' returned '0': CMAKE_PREFIX_PATH=${CMAKE_PREFIX_PATH}:/opt/ros/lyrical DEBUGINFOD_URLS=https://debuginfod.ubuntu.com /usr/bin/cmake --build /home/hzc/linux/ros2/stu/ws02_tools/build/base_interfaces -- -j12 -l12
[1.228s] Invoking command in '/home/hzc/linux/ros2/stu/ws02_tools/build/base_interfaces': CMAKE_PREFIX_PATH=${CMAKE_PREFIX_PATH}:/opt/ros/lyrical DEBUGINFOD_URLS=https://debuginfod.ubuntu.com /usr/bin/cmake --install /home/hzc/linux/ros2/stu/ws02_tools/build/base_interfaces
[1.248s] -- Install configuration: ""
[1.248s] -- Up-to-date: /home/hzc/linux/ros2/stu/ws02_tools/install/base_interfaces/share/ament_index/resource_index/rosidl_interfaces/base_interfaces
[1.248s] -- Up-to-date: /home/hzc/linux/ros2/stu/ws02_tools/install/base_interfaces/share/base_interfaces/srv/FaceDetector.json
[1.248s] -- Up-to-date: /home/hzc/linux/ros2/stu/ws02_tools/install/base_interfaces/include/base_interfaces/base_interfaces
[1.249s] -- Up-to-date: /home/hzc/linux/ros2/stu/ws02_tools/install/base_interfaces/include/base_interfaces/base_interfaces/srv
[1.249s] -- Up-to-date: /home/hzc/linux/ros2/stu/ws02_tools/install/base_interfaces/include/base_interfaces/base_interfaces/srv/detail
[1.249s] -- Up-to-date: /home/hzc/linux/ros2/stu/ws02_tools/install/base_interfaces/include/base_interfaces/base_interfaces/srv/detail/face_detector__functions.c
[1.249s] -- Up-to-date: /home/hzc/linux/ros2/stu/ws02_tools/install/base_interfaces/include/base_interfaces/base_interfaces/srv/detail/face_detector__type_support.c
[1.249s] -- Up-to-date: /home/hzc/linux/ros2/stu/ws02_tools/install/base_interfaces/include/base_interfaces/base_interfaces/srv/detail/face_detector__description.c
[1.249s] -- Up-to-date: /home/hzc/linux/ros2/stu/ws02_tools/install/base_interfaces/include/base_interfaces/base_interfaces/srv/detail/face_detector__type_support.h
[1.249s] -- Up-to-date: /home/hzc/linux/ros2/stu/ws02_tools/install/base_interfaces/include/base_interfaces/base_interfaces/srv/detail/face_detector__struct.h
[1.249s] -- Up-to-date: /home/hzc/linux/ros2/stu/ws02_tools/install/base_interfaces/include/base_interfaces/base_interfaces/srv/detail/face_detector__functions.h
[1.249s] -- Up-to-date: /home/hzc/linux/ros2/stu/ws02_tools/install/base_interfaces/include/base_interfaces/base_interfaces/srv/face_detector.h
[1.249s] -- Up-to-date: /home/hzc/linux/ros2/stu/ws02_tools/install/base_interfaces/include/base_interfaces/base_interfaces/msg
[1.250s] -- Up-to-date: /home/hzc/linux/ros2/stu/ws02_tools/install/base_interfaces/include/base_interfaces/base_interfaces/msg/rosidl_generator_c__visibility_control.h
[1.252s] -- Up-to-date: /home/hzc/linux/ros2/stu/ws02_tools/install/base_interfaces/share/base_interfaces/environment/library_path.sh
[1.252s] -- Up-to-date: /home/hzc/linux/ros2/stu/ws02_tools/install/base_interfaces/share/base_interfaces/environment/library_path.dsv
[1.252s] -- Up-to-date: /home/hzc/linux/ros2/stu/ws02_tools/install/base_interfaces/lib/libbase_interfaces__rosidl_generator_c.so
[1.253s] -- Up-to-date: /home/hzc/linux/ros2/stu/ws02_tools/install/base_interfaces/include/base_interfaces/base_interfaces
[1.254s] -- Up-to-date: /home/hzc/linux/ros2/stu/ws02_tools/install/base_interfaces/include/base_interfaces/base_interfaces/srv
[1.254s] -- Up-to-date: /home/hzc/linux/ros2/stu/ws02_tools/install/base_interfaces/include/base_interfaces/base_interfaces/srv/detail
[1.254s] -- Up-to-date: /home/hzc/linux/ros2/stu/ws02_tools/install/base_interfaces/include/base_interfaces/base_interfaces/srv/detail/face_detector__rosidl_typesupport_fastrtps_c.h
[1.254s] -- Up-to-date: /home/hzc/linux/ros2/stu/ws02_tools/install/base_interfaces/include/base_interfaces/base_interfaces/msg
[1.255s] -- Up-to-date: /home/hzc/linux/ros2/stu/ws02_tools/install/base_interfaces/include/base_interfaces/base_interfaces/msg/rosidl_typesupport_fastrtps_c__visibility_control.h
[1.255s] -- Up-to-date: /home/hzc/linux/ros2/stu/ws02_tools/install/base_interfaces/lib/libbase_interfaces__rosidl_typesupport_fastrtps_c.so
[1.257s] -- Up-to-date: /home/hzc/linux/ros2/stu/ws02_tools/install/base_interfaces/include/base_interfaces/base_interfaces
[1.257s] -- Up-to-date: /home/hzc/linux/ros2/stu/ws02_tools/install/base_interfaces/include/base_interfaces/base_interfaces/srv
[1.257s] -- Up-to-date: /home/hzc/linux/ros2/stu/ws02_tools/install/base_interfaces/include/base_interfaces/base_interfaces/srv/face_detector.hpp
[1.257s] -- Up-to-date: /home/hzc/linux/ros2/stu/ws02_tools/install/base_interfaces/include/base_interfaces/base_interfaces/srv/detail
[1.258s] -- Up-to-date: /home/hzc/linux/ros2/stu/ws02_tools/install/base_interfaces/include/base_interfaces/base_interfaces/srv/detail/face_detector__builder.hpp
[1.258s] -- Up-to-date: /home/hzc/linux/ros2/stu/ws02_tools/install/base_interfaces/include/base_interfaces/base_interfaces/srv/detail/face_detector__type_support.hpp
[1.258s] -- Up-to-date: /home/hzc/linux/ros2/stu/ws02_tools/install/base_interfaces/include/base_interfaces/base_interfaces/srv/detail/face_detector__struct.hpp
[1.258s] -- Up-to-date: /home/hzc/linux/ros2/stu/ws02_tools/install/base_interfaces/include/base_interfaces/base_interfaces/srv/detail/face_detector__traits.hpp
[1.258s] -- Up-to-date: /home/hzc/linux/ros2/stu/ws02_tools/install/base_interfaces/include/base_interfaces/base_interfaces/msg
[1.258s] -- Up-to-date: /home/hzc/linux/ros2/stu/ws02_tools/install/base_interfaces/include/base_interfaces/base_interfaces/msg/rosidl_generator_cpp__visibility_control.hpp
[1.258s] -- Up-to-date: /home/hzc/linux/ros2/stu/ws02_tools/install/base_interfaces/include/base_interfaces/base_interfaces
[1.258s] -- Up-to-date: /home/hzc/linux/ros2/stu/ws02_tools/install/base_interfaces/include/base_interfaces/base_interfaces/srv
[1.258s] -- Up-to-date: /home/hzc/linux/ros2/stu/ws02_tools/install/base_interfaces/include/base_interfaces/base_interfaces/srv/detail
[1.258s] -- Up-to-date: /home/hzc/linux/ros2/stu/ws02_tools/install/base_interfaces/include/base_interfaces/base_interfaces/srv/detail/face_detector__rosidl_typesupport_fastrtps_cpp.hpp
[1.259s] -- Up-to-date: /home/hzc/linux/ros2/stu/ws02_tools/install/base_interfaces/include/base_interfaces/base_interfaces/srv/detail/dds_fastrtps
[1.263s] -- Up-to-date: /home/hzc/linux/ros2/stu/ws02_tools/install/base_interfaces/include/base_interfaces/base_interfaces/msg
[1.263s] -- Up-to-date: /home/hzc/linux/ros2/stu/ws02_tools/install/base_interfaces/include/base_interfaces/base_interfaces/msg/rosidl_typesupport_fastrtps_cpp__visibility_control.h
[1.263s] -- Up-to-date: /home/hzc/linux/ros2/stu/ws02_tools/install/base_interfaces/lib/libbase_interfaces__rosidl_typesupport_fastrtps_cpp.so
[1.263s] -- Up-to-date: /home/hzc/linux/ros2/stu/ws02_tools/install/base_interfaces/include/base_interfaces/base_interfaces
[1.264s] -- Up-to-date: /home/hzc/linux/ros2/stu/ws02_tools/install/base_interfaces/include/base_interfaces/base_interfaces/srv
[1.264s] -- Up-to-date: /home/hzc/linux/ros2/stu/ws02_tools/install/base_interfaces/include/base_interfaces/base_interfaces/srv/detail
[1.264s] -- Up-to-date: /home/hzc/linux/ros2/stu/ws02_tools/install/base_interfaces/include/base_interfaces/base_interfaces/srv/detail/face_detector__rosidl_typesupport_introspection_c.h
[1.264s] -- Up-to-date: /home/hzc/linux/ros2/stu/ws02_tools/install/base_interfaces/include/base_interfaces/base_interfaces/srv/detail/face_detector__type_support.c
[1.264s] -- Up-to-date: /home/hzc/linux/ros2/stu/ws02_tools/install/base_interfaces/include/base_interfaces/base_interfaces/msg
[1.264s] -- Up-to-date: /home/hzc/linux/ros2/stu/ws02_tools/install/base_interfaces/include/base_interfaces/base_interfaces/msg/rosidl_typesupport_introspection_c__visibility_control.h
[1.264s] -- Up-to-date: /home/hzc/linux/ros2/stu/ws02_tools/install/base_interfaces/lib/libbase_interfaces__rosidl_typesupport_introspection_c.so
[1.264s] -- Up-to-date: /home/hzc/linux/ros2/stu/ws02_tools/install/base_interfaces/lib/libbase_interfaces__rosidl_typesupport_c.so
[1.264s] -- Up-to-date: /home/hzc/linux/ros2/stu/ws02_tools/install/base_interfaces/include/base_interfaces/base_interfaces
[1.265s] -- Up-to-date: /home/hzc/linux/ros2/stu/ws02_tools/install/base_interfaces/include/base_interfaces/base_interfaces/srv
[1.265s] -- Up-to-date: /home/hzc/linux/ros2/stu/ws02_tools/install/base_interfaces/include/base_interfaces/base_interfaces/srv/detail
[1.265s] -- Up-to-date: /home/hzc/linux/ros2/stu/ws02_tools/install/base_interfaces/include/base_interfaces/base_interfaces/srv/detail/face_detector__type_support.cpp
[1.267s] -- Up-to-date: /home/hzc/linux/ros2/stu/ws02_tools/install/base_interfaces/include/base_interfaces/base_interfaces/srv/detail/face_detector__rosidl_typesupport_introspection_cpp.hpp
[1.268s] -- Up-to-date: /home/hzc/linux/ros2/stu/ws02_tools/install/base_interfaces/lib/libbase_interfaces__rosidl_typesupport_introspection_cpp.so
[1.269s] -- Up-to-date: /home/hzc/linux/ros2/stu/ws02_tools/install/base_interfaces/lib/libbase_interfaces__rosidl_typesupport_cpp.so
[1.269s] -- Up-to-date: /home/hzc/linux/ros2/stu/ws02_tools/install/base_interfaces/share/base_interfaces/environment/pythonpath.sh
[1.270s] -- Up-to-date: /home/hzc/linux/ros2/stu/ws02_tools/install/base_interfaces/share/base_interfaces/environment/pythonpath.dsv
[1.271s] -- Up-to-date: /home/hzc/linux/ros2/stu/ws02_tools/install/base_interfaces/lib/python3.14/site-packages/base_interfaces/base_interfaces_s__rosidl_typesupport_fastrtps_c.so
[1.274s] -- Up-to-date: /home/hzc/linux/ros2/stu/ws02_tools/install/base_interfaces/lib/python3.14/site-packages/base_interfaces/base_interfaces_s__rosidl_typesupport_introspection_c.so
[1.275s] -- Up-to-date: /home/hzc/linux/ros2/stu/ws02_tools/install/base_interfaces/lib/python3.14/site-packages/base_interfaces/base_interfaces_s__rosidl_typesupport_c.so
[1.276s] -- Up-to-date: /home/hzc/linux/ros2/stu/ws02_tools/install/base_interfaces/lib/libbase_interfaces__rosidl_generator_py.so
[1.276s] -- Up-to-date: /home/hzc/linux/ros2/stu/ws02_tools/install/base_interfaces/share/ament_index/resource_index/rust_packages/base_interfaces
[1.277s] -- Up-to-date: /home/hzc/linux/ros2/stu/ws02_tools/install/base_interfaces/share/base_interfaces/rust
[1.277s] -- Up-to-date: /home/hzc/linux/ros2/stu/ws02_tools/install/base_interfaces/share/base_interfaces/rust/src
[1.277s] -- Up-to-date: /home/hzc/linux/ros2/stu/ws02_tools/install/base_interfaces/share/base_interfaces/rust/src/srv
[1.277s] -- Up-to-date: /home/hzc/linux/ros2/stu/ws02_tools/install/base_interfaces/share/base_interfaces/rust/src/srv/rmw.rs
[1.277s] -- Up-to-date: /home/hzc/linux/ros2/stu/ws02_tools/install/base_interfaces/share/base_interfaces/rust/src/srv.rs
[1.277s] -- Up-to-date: /home/hzc/linux/ros2/stu/ws02_tools/install/base_interfaces/share/base_interfaces/rust/src/lib.rs
[1.277s] -- Up-to-date: /home/hzc/linux/ros2/stu/ws02_tools/install/base_interfaces/share/base_interfaces/rust/build.rs
[1.278s] -- Up-to-date: /home/hzc/linux/ros2/stu/ws02_tools/install/base_interfaces/share/base_interfaces/rust/Cargo.toml
[1.278s] -- Up-to-date: /home/hzc/linux/ros2/stu/ws02_tools/install/base_interfaces/share/base_interfaces/srv/FaceDetector.idl
[1.278s] -- Up-to-date: /home/hzc/linux/ros2/stu/ws02_tools/install/base_interfaces/share/base_interfaces/srv/FaceDetector.srv
[1.278s] -- Up-to-date: /home/hzc/linux/ros2/stu/ws02_tools/install/base_interfaces/share/ament_index/resource_index/package_run_dependencies/base_interfaces
[1.278s] -- Up-to-date: /home/hzc/linux/ros2/stu/ws02_tools/install/base_interfaces/share/ament_index/resource_index/parent_prefix_path/base_interfaces
[1.280s] -- Up-to-date: /home/hzc/linux/ros2/stu/ws02_tools/install/base_interfaces/share/base_interfaces/environment/ament_prefix_path.sh
[1.281s] -- Up-to-date: /home/hzc/linux/ros2/stu/ws02_tools/install/base_interfaces/share/base_interfaces/environment/ament_prefix_path.dsv
[1.281s] -- Up-to-date: /home/hzc/linux/ros2/stu/ws02_tools/install/base_interfaces/share/base_interfaces/environment/path.sh
[1.281s] -- Up-to-date: /home/hzc/linux/ros2/stu/ws02_tools/install/base_interfaces/share/base_interfaces/environment/path.dsv
[1.281s] -- Up-to-date: /home/hzc/linux/ros2/stu/ws02_tools/install/base_interfaces/share/base_interfaces/local_setup.bash
[1.281s] -- Up-to-date: /home/hzc/linux/ros2/stu/ws02_tools/install/base_interfaces/share/base_interfaces/local_setup.fish
[1.281s] -- Up-to-date: /home/hzc/linux/ros2/stu/ws02_tools/install/base_interfaces/share/base_interfaces/local_setup.sh
[1.281s] -- Up-to-date: /home/hzc/linux/ros2/stu/ws02_tools/install/base_interfaces/share/base_interfaces/local_setup.zsh
[1.282s] -- Up-to-date: /home/hzc/linux/ros2/stu/ws02_tools/install/base_interfaces/share/base_interfaces/local_setup.dsv
[1.282s] -- Installing: /home/hzc/linux/ros2/stu/ws02_tools/install/base_interfaces/share/base_interfaces/package.dsv
[1.282s] -- Up-to-date: /home/hzc/linux/ros2/stu/ws02_tools/install/base_interfaces/share/ament_index/resource_index/packages/base_interfaces
[1.282s] -- Up-to-date: /home/hzc/linux/ros2/stu/ws02_tools/install/base_interfaces/share/base_interfaces/cmake/export_base_interfaces__rosidl_generator_cExport.cmake
[1.282s] -- Up-to-date: /home/hzc/linux/ros2/stu/ws02_tools/install/base_interfaces/share/base_interfaces/cmake/export_base_interfaces__rosidl_generator_cExport-noconfig.cmake
[1.282s] -- Up-to-date: /home/hzc/linux/ros2/stu/ws02_tools/install/base_interfaces/share/base_interfaces/cmake/export_base_interfaces__rosidl_typesupport_fastrtps_cExport.cmake
[1.282s] -- Up-to-date: /home/hzc/linux/ros2/stu/ws02_tools/install/base_interfaces/share/base_interfaces/cmake/export_base_interfaces__rosidl_typesupport_fastrtps_cExport-noconfig.cmake
[1.283s] -- Up-to-date: /home/hzc/linux/ros2/stu/ws02_tools/install/base_interfaces/share/base_interfaces/cmake/export_base_interfaces__rosidl_generator_cppExport.cmake
[1.283s] -- Up-to-date: /home/hzc/linux/ros2/stu/ws02_tools/install/base_interfaces/share/base_interfaces/cmake/export_base_interfaces__rosidl_typesupport_fastrtps_cppExport.cmake
[1.283s] -- Up-to-date: /home/hzc/linux/ros2/stu/ws02_tools/install/base_interfaces/share/base_interfaces/cmake/export_base_interfaces__rosidl_typesupport_fastrtps_cppExport-noconfig.cmake
[1.284s] -- Up-to-date: /home/hzc/linux/ros2/stu/ws02_tools/install/base_interfaces/share/base_interfaces/cmake/base_interfaces__rosidl_typesupport_introspection_cExport.cmake
[1.284s] -- Up-to-date: /home/hzc/linux/ros2/stu/ws02_tools/install/base_interfaces/share/base_interfaces/cmake/base_interfaces__rosidl_typesupport_introspection_cExport-noconfig.cmake
[1.285s] -- Up-to-date: /home/hzc/linux/ros2/stu/ws02_tools/install/base_interfaces/share/base_interfaces/cmake/base_interfaces__rosidl_typesupport_cExport.cmake
[1.285s] -- Up-to-date: /home/hzc/linux/ros2/stu/ws02_tools/install/base_interfaces/share/base_interfaces/cmake/base_interfaces__rosidl_typesupport_cExport-noconfig.cmake
[1.285s] -- Up-to-date: /home/hzc/linux/ros2/stu/ws02_tools/install/base_interfaces/share/base_interfaces/cmake/base_interfaces__rosidl_typesupport_introspection_cppExport.cmake
[1.285s] -- Up-to-date: /home/hzc/linux/ros2/stu/ws02_tools/install/base_interfaces/share/base_interfaces/cmake/base_interfaces__rosidl_typesupport_introspection_cppExport-noconfig.cmake
[1.287s] -- Up-to-date: /home/hzc/linux/ros2/stu/ws02_tools/install/base_interfaces/share/base_interfaces/cmake/base_interfaces__rosidl_typesupport_cppExport.cmake
[1.287s] -- Up-to-date: /home/hzc/linux/ros2/stu/ws02_tools/install/base_interfaces/share/base_interfaces/cmake/base_interfaces__rosidl_typesupport_cppExport-noconfig.cmake
[1.288s] -- Up-to-date: /home/hzc/linux/ros2/stu/ws02_tools/install/base_interfaces/share/base_interfaces/cmake/export_base_interfaces__rosidl_generator_pyExport.cmake
[1.288s] -- Up-to-date: /home/hzc/linux/ros2/stu/ws02_tools/install/base_interfaces/share/base_interfaces/cmake/export_base_interfaces__rosidl_generator_pyExport-noconfig.cmake
[1.288s] -- Up-to-date: /home/hzc/linux/ros2/stu/ws02_tools/install/base_interfaces/lib/python3.14/site-packages/base_interfaces-0.0.0-py3.14.egg-info
[1.288s] -- Installing: /home/hzc/linux/ros2/stu/ws02_tools/install/base_interfaces/lib/python3.14/site-packages/base_interfaces-0.0.0-py3.14.egg-info/dependency_links.txt
[1.288s] -- Installing: /home/hzc/linux/ros2/stu/ws02_tools/install/base_interfaces/lib/python3.14/site-packages/base_interfaces-0.0.0-py3.14.egg-info/PKG-INFO
[1.288s] -- Installing: /home/hzc/linux/ros2/stu/ws02_tools/install/base_interfaces/lib/python3.14/site-packages/base_interfaces-0.0.0-py3.14.egg-info/top_level.txt
[1.288s] -- Installing: /home/hzc/linux/ros2/stu/ws02_tools/install/base_interfaces/lib/python3.14/site-packages/base_interfaces-0.0.0-py3.14.egg-info/SOURCES.txt
[1.289s] -- Up-to-date: /home/hzc/linux/ros2/stu/ws02_tools/install/base_interfaces/lib/python3.14/site-packages/base_interfaces
[1.289s] -- Up-to-date: /home/hzc/linux/ros2/stu/ws02_tools/install/base_interfaces/lib/python3.14/site-packages/base_interfaces/srv
[1.289s] -- Up-to-date: /home/hzc/linux/ros2/stu/ws02_tools/install/base_interfaces/lib/python3.14/site-packages/base_interfaces/srv/_face_detector.py
[1.292s] -- Up-to-date: /home/hzc/linux/ros2/stu/ws02_tools/install/base_interfaces/lib/python3.14/site-packages/base_interfaces/srv/__init__.py
[1.292s] -- Up-to-date: /home/hzc/linux/ros2/stu/ws02_tools/install/base_interfaces/lib/python3.14/site-packages/base_interfaces/srv/_face_detector_s.c
[1.292s] -- Up-to-date: /home/hzc/linux/ros2/stu/ws02_tools/install/base_interfaces/lib/python3.14/site-packages/base_interfaces/py.typed
[1.293s] -- Up-to-date: /home/hzc/linux/ros2/stu/ws02_tools/install/base_interfaces/lib/python3.14/site-packages/base_interfaces/base_interfaces_s__rosidl_typesupport_introspection_c.so
[1.293s] -- Up-to-date: /home/hzc/linux/ros2/stu/ws02_tools/install/base_interfaces/lib/python3.14/site-packages/base_interfaces/__init__.py
[1.293s] -- Up-to-date: /home/hzc/linux/ros2/stu/ws02_tools/install/base_interfaces/lib/python3.14/site-packages/base_interfaces/base_interfaces_s__rosidl_typesupport_c.so
[1.293s] -- Up-to-date: /home/hzc/linux/ros2/stu/ws02_tools/install/base_interfaces/lib/python3.14/site-packages/base_interfaces/_base_interfaces_s.ep.rosidl_typesupport_fastrtps_c.c
[1.293s] -- Up-to-date: /home/hzc/linux/ros2/stu/ws02_tools/install/base_interfaces/lib/python3.14/site-packages/base_interfaces/base_interfaces_s__rosidl_typesupport_fastrtps_c.so
[1.293s] -- Up-to-date: /home/hzc/linux/ros2/stu/ws02_tools/install/base_interfaces/lib/python3.14/site-packages/base_interfaces/_base_interfaces_s.ep.rosidl_typesupport_introspection_c.c
[1.293s] -- Up-to-date: /home/hzc/linux/ros2/stu/ws02_tools/install/base_interfaces/lib/python3.14/site-packages/base_interfaces/_base_interfaces_s.ep.rosidl_typesupport_c.c
[1.372s] Listing '/home/hzc/linux/ros2/stu/ws02_tools/install/base_interfaces/lib/python3.14/site-packages/base_interfaces'...
[1.372s] Listing '/home/hzc/linux/ros2/stu/ws02_tools/install/base_interfaces/lib/python3.14/site-packages/base_interfaces/srv'...
[1.390s] -- Up-to-date: /home/hzc/linux/ros2/stu/ws02_tools/install/base_interfaces/share/base_interfaces/cmake/rosidl_cmake-extras.cmake
[1.390s] -- Up-to-date: /home/hzc/linux/ros2/stu/ws02_tools/install/base_interfaces/share/base_interfaces/cmake/ament_cmake_export_dependencies-extras.cmake
[1.391s] -- Up-to-date: /home/hzc/linux/ros2/stu/ws02_tools/install/base_interfaces/share/base_interfaces/cmake/ament_cmake_export_include_directories-extras.cmake
[1.391s] -- Up-to-date: /home/hzc/linux/ros2/stu/ws02_tools/install/base_interfaces/share/base_interfaces/cmake/ament_cmake_export_libraries-extras.cmake
[1.391s] -- Up-to-date: /home/hzc/linux/ros2/stu/ws02_tools/install/base_interfaces/share/base_interfaces/cmake/ament_cmake_export_targets-extras.cmake
[1.391s] -- Up-to-date: /home/hzc/linux/ros2/stu/ws02_tools/install/base_interfaces/share/base_interfaces/cmake/rosidl_cmake_export_typesupport_targets-extras.cmake
[1.391s] -- Up-to-date: /home/hzc/linux/ros2/stu/ws02_tools/install/base_interfaces/share/base_interfaces/cmake/rosidl_cmake_export_typesupport_libraries-extras.cmake
[1.391s] -- Up-to-date: /home/hzc/linux/ros2/stu/ws02_tools/install/base_interfaces/share/base_interfaces/cmake/rosidl_cmake_aggregate_target-extras.cmake
[1.391s] -- Up-to-date: /home/hzc/linux/ros2/stu/ws02_tools/install/base_interfaces/share/base_interfaces/cmake/base_interfacesConfig.cmake
[1.391s] -- Up-to-date: /home/hzc/linux/ros2/stu/ws02_tools/install/base_interfaces/share/base_interfaces/cmake/base_interfacesConfig-version.cmake
[1.395s] -- Up-to-date: /home/hzc/linux/ros2/stu/ws02_tools/install/base_interfaces/share/base_interfaces/package.xml
[2.403s] Invoked command in '/home/hzc/linux/ros2/stu/ws02_tools/build/base_interfaces' returned '0': CMAKE_PREFIX_PATH=${CMAKE_PREFIX_PATH}:/opt/ros/lyrical DEBUGINFOD_URLS=https://debuginfod.ubuntu.com /usr/bin/cmake --install /home/hzc/linux/ros2/stu/ws02_tools/build/base_interfaces
