[0.818s] Invoking command in '/home/hzc/linux/ros2/stu/ws01_plubming/src/py02_seriver': CMAKE_PREFIX_PATH=/home/hzc/linux/ros2/stu/ws01_plubming/install/base_interfeces:/home/hzc/linux/ros2/stu/ws01_plubming/install/cpp02_service:/home/hzc/linux/ros2/stu/ws01_plubming/install/cpp01_topic:/opt/ros/lyrical/opt/gz_sim_vendor:/opt/ros/lyrical/opt/gz_sensors_vendor:/opt/ros/lyrical/opt/gz_gui_vendor:/opt/ros/lyrical/opt/gz_transport_vendor:/opt/ros/lyrical/opt/gz_physics_vendor:/opt/ros/lyrical/opt/sdformat_vendor:/opt/ros/lyrical/opt/gz_rendering_vendor:/opt/ros/lyrical/opt/gz_plugin_vendor:/opt/ros/lyrical/opt/gz_fuel_tools_vendor:/opt/ros/lyrical/opt/gz_msgs_vendor:/opt/ros/lyrical/opt/gz_common_vendor:/opt/ros/lyrical/opt/gz_math_vendor:/opt/ros/lyrical/opt/gz_utils_vendor:/opt/ros/lyrical/opt/gz_tools_vendor:/opt/ros/lyrical/opt/gz_ogre_next_vendor:/opt/ros/lyrical/opt/gz_dartsim_vendor:/opt/ros/lyrical/opt/gz_cmake_vendor DEBUGINFOD_URLS=https://debuginfod.ubuntu.com PYTHONPATH=/home/hzc/linux/ros2/stu/ws01_plubming/build/py02_seriver/prefix_override:/usr/lib/python3/dist-packages/colcon_core/task/python/colcon_distutils_commands:/home/hzc/linux/ros2/stu/ws01_plubming/install/py02_seriver/lib/python3.14/site-packages:/home/hzc/linux/ros2/stu/ws01_plubming/install/base_interfeces/lib/python3.14/site-packages:/home/hzc/linux/ros2/stu/ws01_plubming/install/py02_seriver/lib/python3.14/site-packages:/home/hzc/linux/ros2/stu/ws01_plubming/install/py01_topic/lib/python3.14/site-packages:/opt/ros/lyrical/opt/gz_sim_vendor/lib/python:/opt/ros/lyrical/opt/gz_transport_vendor/lib/python:/opt/ros/lyrical/opt/sdformat_vendor/lib/python:/opt/ros/lyrical/opt/gz_msgs_vendor/lib/python:/opt/ros/lyrical/opt/gz_math_vendor/lib/python:/opt/ros/lyrical/lib/python3.14/site-packages /usr/bin/python3 -W ignore:setup.py install is deprecated -W ignore:easy_install command is deprecated setup.py egg_info --egg-base ../../build/py02_seriver build --build-base /home/hzc/linux/ros2/stu/ws01_plubming/build/py02_seriver/build install --record /home/hzc/linux/ros2/stu/ws01_plubming/build/py02_seriver/install.log --single-version-externally-managed install_data
[1.123s] running egg_info
[1.143s] creating ../../build/py02_seriver/py02_seriver.egg-info
[1.143s] writing ../../build/py02_seriver/py02_seriver.egg-info/PKG-INFO
[1.144s] writing dependency_links to ../../build/py02_seriver/py02_seriver.egg-info/dependency_links.txt
[1.144s] writing entry points to ../../build/py02_seriver/py02_seriver.egg-info/entry_points.txt
[1.144s] writing requirements to ../../build/py02_seriver/py02_seriver.egg-info/requires.txt
[1.144s] writing top-level names to ../../build/py02_seriver/py02_seriver.egg-info/top_level.txt
[1.145s] writing manifest file '../../build/py02_seriver/py02_seriver.egg-info/SOURCES.txt'
[1.189s] reading manifest file '../../build/py02_seriver/py02_seriver.egg-info/SOURCES.txt'
[1.189s] writing manifest file '../../build/py02_seriver/py02_seriver.egg-info/SOURCES.txt'
[1.190s] running build
[1.190s] running build_py
[1.190s] creating /home/hzc/linux/ros2/stu/ws01_plubming/build/py02_seriver/build/lib/py02_seriver
[1.190s] copying py02_seriver/demo1_client_py.py -> /home/hzc/linux/ros2/stu/ws01_plubming/build/py02_seriver/build/lib/py02_seriver
[1.190s] copying py02_seriver/demo1_server_py.py -> /home/hzc/linux/ros2/stu/ws01_plubming/build/py02_seriver/build/lib/py02_seriver
[1.190s] copying py02_seriver/__init__.py -> /home/hzc/linux/ros2/stu/ws01_plubming/build/py02_seriver/build/lib/py02_seriver
[1.190s] copying py02_seriver/py.typed -> /home/hzc/linux/ros2/stu/ws01_plubming/build/py02_seriver/build/lib/py02_seriver
[1.191s] running install
[1.194s] running install_lib
[1.216s] creating /home/hzc/linux/ros2/stu/ws01_plubming/install/py02_seriver/lib/python3.14/site-packages/py02_seriver
[1.216s] copying /home/hzc/linux/ros2/stu/ws01_plubming/build/py02_seriver/build/lib/py02_seriver/demo1_client_py.py -> /home/hzc/linux/ros2/stu/ws01_plubming/install/py02_seriver/lib/python3.14/site-packages/py02_seriver
[1.216s] copying /home/hzc/linux/ros2/stu/ws01_plubming/build/py02_seriver/build/lib/py02_seriver/demo1_server_py.py -> /home/hzc/linux/ros2/stu/ws01_plubming/install/py02_seriver/lib/python3.14/site-packages/py02_seriver
[1.217s] copying /home/hzc/linux/ros2/stu/ws01_plubming/build/py02_seriver/build/lib/py02_seriver/py.typed -> /home/hzc/linux/ros2/stu/ws01_plubming/install/py02_seriver/lib/python3.14/site-packages/py02_seriver
[1.217s] copying /home/hzc/linux/ros2/stu/ws01_plubming/build/py02_seriver/build/lib/py02_seriver/__init__.py -> /home/hzc/linux/ros2/stu/ws01_plubming/install/py02_seriver/lib/python3.14/site-packages/py02_seriver
[1.217s] byte-compiling /home/hzc/linux/ros2/stu/ws01_plubming/install/py02_seriver/lib/python3.14/site-packages/py02_seriver/demo1_client_py.py to demo1_client_py.cpython-314.pyc
[1.218s] byte-compiling /home/hzc/linux/ros2/stu/ws01_plubming/install/py02_seriver/lib/python3.14/site-packages/py02_seriver/demo1_server_py.py to demo1_server_py.cpython-314.pyc
[1.218s] byte-compiling /home/hzc/linux/ros2/stu/ws01_plubming/install/py02_seriver/lib/python3.14/site-packages/py02_seriver/__init__.py to __init__.cpython-314.pyc
[1.218s] running install_data
[1.218s] creating /home/hzc/linux/ros2/stu/ws01_plubming/install/py02_seriver/share/ament_index/resource_index/packages
[1.218s] copying resource/py02_seriver -> /home/hzc/linux/ros2/stu/ws01_plubming/install/py02_seriver/share/ament_index/resource_index/packages
[1.219s] copying package.xml -> /home/hzc/linux/ros2/stu/ws01_plubming/install/py02_seriver/share/py02_seriver
[1.219s] running install_egg_info
[1.241s] Copying ../../build/py02_seriver/py02_seriver.egg-info to /home/hzc/linux/ros2/stu/ws01_plubming/install/py02_seriver/lib/python3.14/site-packages/py02_seriver-0.0.0-py3.14.egg-info
[1.243s] running install_scripts
[1.350s] Installing demo1_client_py script to /home/hzc/linux/ros2/stu/ws01_plubming/install/py02_seriver/lib/py02_seriver
[1.350s] Installing demo1_server_py script to /home/hzc/linux/ros2/stu/ws01_plubming/install/py02_seriver/lib/py02_seriver
[1.351s] writing list of installed files to '/home/hzc/linux/ros2/stu/ws01_plubming/build/py02_seriver/install.log'
[1.394s] Invoked command in '/home/hzc/linux/ros2/stu/ws01_plubming/src/py02_seriver' returned '0': CMAKE_PREFIX_PATH=/home/hzc/linux/ros2/stu/ws01_plubming/install/base_interfeces:/home/hzc/linux/ros2/stu/ws01_plubming/install/cpp02_service:/home/hzc/linux/ros2/stu/ws01_plubming/install/cpp01_topic:/opt/ros/lyrical/opt/gz_sim_vendor:/opt/ros/lyrical/opt/gz_sensors_vendor:/opt/ros/lyrical/opt/gz_gui_vendor:/opt/ros/lyrical/opt/gz_transport_vendor:/opt/ros/lyrical/opt/gz_physics_vendor:/opt/ros/lyrical/opt/sdformat_vendor:/opt/ros/lyrical/opt/gz_rendering_vendor:/opt/ros/lyrical/opt/gz_plugin_vendor:/opt/ros/lyrical/opt/gz_fuel_tools_vendor:/opt/ros/lyrical/opt/gz_msgs_vendor:/opt/ros/lyrical/opt/gz_common_vendor:/opt/ros/lyrical/opt/gz_math_vendor:/opt/ros/lyrical/opt/gz_utils_vendor:/opt/ros/lyrical/opt/gz_tools_vendor:/opt/ros/lyrical/opt/gz_ogre_next_vendor:/opt/ros/lyrical/opt/gz_dartsim_vendor:/opt/ros/lyrical/opt/gz_cmake_vendor DEBUGINFOD_URLS=https://debuginfod.ubuntu.com PYTHONPATH=/home/hzc/linux/ros2/stu/ws01_plubming/build/py02_seriver/prefix_override:/usr/lib/python3/dist-packages/colcon_core/task/python/colcon_distutils_commands:/home/hzc/linux/ros2/stu/ws01_plubming/install/py02_seriver/lib/python3.14/site-packages:/home/hzc/linux/ros2/stu/ws01_plubming/install/base_interfeces/lib/python3.14/site-packages:/home/hzc/linux/ros2/stu/ws01_plubming/install/py02_seriver/lib/python3.14/site-packages:/home/hzc/linux/ros2/stu/ws01_plubming/install/py01_topic/lib/python3.14/site-packages:/opt/ros/lyrical/opt/gz_sim_vendor/lib/python:/opt/ros/lyrical/opt/gz_transport_vendor/lib/python:/opt/ros/lyrical/opt/sdformat_vendor/lib/python:/opt/ros/lyrical/opt/gz_msgs_vendor/lib/python:/opt/ros/lyrical/opt/gz_math_vendor/lib/python:/opt/ros/lyrical/lib/python3.14/site-packages /usr/bin/python3 -W ignore:setup.py install is deprecated -W ignore:easy_install command is deprecated setup.py egg_info --egg-base ../../build/py02_seriver build --build-base /home/hzc/linux/ros2/stu/ws01_plubming/build/py02_seriver/build install --record /home/hzc/linux/ros2/stu/ws01_plubming/build/py02_seriver/install.log --single-version-externally-managed install_data
