[0.018s] Invoking command in '/home/hzc/linux/ros2/stu/ws01_plubming/build/cpp07_exercise': CMAKE_PREFIX_PATH=/home/hzc/linux/ros2/stu/ws01_plubming/install/base_interfeces:/home/hzc/linux/ros2/stu/ws01_plubming/install/tutorails_plumbing:/home/hzc/linux/ros2/stu/ws01_plubming/install/cpp07_exercise:/home/hzc/linux/ros2/stu/ws01_plubming/install/cpp06_time:/home/hzc/linux/ros2/stu/ws01_plubming/install/cpp05_names:/home/hzc/linux/ros2/stu/ws01_plubming/install/cpp04_param:/home/hzc/linux/ros2/stu/ws01_plubming/install/cpp03_action:/home/hzc/linux/ros2/stu/ws01_plubming/install/cpp02_service:/home/hzc/linux/ros2/stu/ws01_plubming/install/cpp01_topic:/opt/ros/lyrical/opt/gz_sim_vendor:/opt/ros/lyrical/opt/gz_sensors_vendor:/opt/ros/lyrical/opt/gz_gui_vendor:/opt/ros/lyrical/opt/gz_transport_vendor:/opt/ros/lyrical/opt/gz_physics_vendor:/opt/ros/lyrical/opt/sdformat_vendor:/opt/ros/lyrical/opt/gz_rendering_vendor:/opt/ros/lyrical/opt/gz_plugin_vendor:/opt/ros/lyrical/opt/gz_fuel_tools_vendor:/opt/ros/lyrical/opt/gz_msgs_vendor:/opt/ros/lyrical/opt/gz_common_vendor:/opt/ros/lyrical/opt/gz_math_vendor:/opt/ros/lyrical/opt/gz_utils_vendor:/opt/ros/lyrical/opt/gz_tools_vendor:/opt/ros/lyrical/opt/gz_ogre_next_vendor:/opt/ros/lyrical/opt/gz_dartsim_vendor:/opt/ros/lyrical/opt/gz_cmake_vendor:/home/hzc/linux/ros2/stu/ws01_plubming/install/py06_timer:/home/hzc/linux/ros2/stu/ws01_plubming/install/py05_names:/home/hzc/linux/ros2/stu/ws01_plubming/install/py04_param:/home/hzc/linux/ros2/stu/ws01_plubming/install/py03_action:/home/hzc/linux/ros2/stu/ws01_plubming/install/py02_seriver:/home/hzc/linux/ros2/stu/ws01_plubming/install/py01_topic:/opt/ros/lyrical DEBUGINFOD_URLS=https://debuginfod.ubuntu.com PYTHONPATH=/home/hzc/linux/ros2/stu/ws01_plubming/install/base_interfeces/lib/python3.14/site-packages:/home/hzc/linux/ros2/stu/ws01_plubming/install/py06_timer/lib/python3.14/site-packages:/home/hzc/linux/ros2/stu/ws01_plubming/install/py05_names/lib/python3.14/site-packages:/home/hzc/linux/ros2/stu/ws01_plubming/install/py04_param/lib/python3.14/site-packages:/home/hzc/linux/ros2/stu/ws01_plubming/install/py03_action/lib/python3.14/site-packages:/home/hzc/linux/ros2/stu/ws01_plubming/install/py02_seriver/lib/python3.14/site-packages:/home/hzc/linux/ros2/stu/ws01_plubming/install/py01_topic/lib/python3.14/site-packages:/opt/ros/lyrical/opt/gz_sim_vendor/lib/python:/opt/ros/lyrical/opt/gz_transport_vendor/lib/python:/opt/ros/lyrical/opt/sdformat_vendor/lib/python:/opt/ros/lyrical/opt/gz_msgs_vendor/lib/python:/opt/ros/lyrical/opt/gz_math_vendor/lib/python:/opt/ros/lyrical/lib/python3.14/site-packages /usr/bin/cmake --build /home/hzc/linux/ros2/stu/ws01_plubming/build/cpp07_exercise -- -j16 -l16
[0.051s] -- Found ament_cmake: 2.8.7 (/opt/ros/lyrical/share/ament_cmake/cmake)
[0.276s] -- Found rclcpp: 32.0.0 (/opt/ros/lyrical/share/rclcpp/cmake)
[0.303s] -- Found rosidl_generator_c: 5.2.0 (/opt/ros/lyrical/share/rosidl_generator_c/cmake)
[0.310s] -- Found rosidl_generator_cpp: 5.2.0 (/opt/ros/lyrical/share/rosidl_generator_cpp/cmake)
[0.320s] -- Using all available rosidl_typesupport_c: rosidl_typesupport_fastrtps_c;rosidl_typesupport_introspection_c
[0.330s] -- Using all available rosidl_typesupport_cpp: rosidl_typesupport_fastrtps_cpp;rosidl_typesupport_introspection_cpp
[0.394s] -- Found rmw_implementation_cmake: 7.10.1 (/opt/ros/lyrical/share/rmw_implementation_cmake/cmake)
[0.396s] -- Found rmw_fastrtps_cpp: 9.4.8 (/opt/ros/lyrical/share/rmw_fastrtps_cpp/cmake)
[0.429s] -- Using RMW implementation 'rmw_fastrtps_cpp' as default
[0.502s] -- Found turtlesim_msgs: 1.10.9 (/opt/ros/lyrical/share/turtlesim_msgs/cmake)
[0.557s] -- Found base_interfeces: 0.0.0 (/home/hzc/linux/ros2/stu/ws01_plubming/install/base_interfeces/share/base_interfeces/cmake)
[0.578s] -- Found geometry_msgs: 5.9.2 (/opt/ros/lyrical/share/geometry_msgs/cmake)
[0.613s] -- Found rclcpp_action: 32.0.0 (/opt/ros/lyrical/share/rclcpp_action/cmake)
[0.622s] [31mCMake Error at CMakeLists.txt:61 (target_include_directories):
[0.622s]   Cannot specify include directories for target
[0.622s]   "exer1_clexer2_action_clientient" which is not built by this project.
[0.623s] 
[0.623s] [0m
[0.623s] -- Found ament_lint_auto: 0.20.6 (/opt/ros/lyrical/share/ament_lint_auto/cmake)
[0.743s] -- Added test 'cppcheck' to perform static code analysis on C / C++ code
[0.743s] -- Configured cppcheck include dirs: $<BUILD_INTERFACE:/home/hzc/linux/ros2/stu/ws01_plubming/src/cpp07_exercise/include>
[0.743s] -- Configured cppcheck exclude dirs and/or files: 
[0.744s] -- Added test 'flake8' to check Python code syntax and style conventions
[0.744s] -- Configured 'flake8' exclude dirs and/or files: 
[0.744s] -- Added test 'lint_cmake' to check CMake code style
[0.745s] -- Added test 'pep257' to check Python code against some of the docstring style conventions in PEP 257
[0.746s] -- Added test 'uncrustify' to check C / C++ code style
[0.746s] -- Configured uncrustify additional arguments: 
[0.746s] -- Added test 'xmllint' to check XML markup files
[0.747s] -- Configuring incomplete, errors occurred!
[0.754s] gmake: *** [Makefile:349：cmake_check_build_system] 错误 1
[0.757s] Invoked command in '/home/hzc/linux/ros2/stu/ws01_plubming/build/cpp07_exercise' returned '2': CMAKE_PREFIX_PATH=/home/hzc/linux/ros2/stu/ws01_plubming/install/base_interfeces:/home/hzc/linux/ros2/stu/ws01_plubming/install/tutorails_plumbing:/home/hzc/linux/ros2/stu/ws01_plubming/install/cpp07_exercise:/home/hzc/linux/ros2/stu/ws01_plubming/install/cpp06_time:/home/hzc/linux/ros2/stu/ws01_plubming/install/cpp05_names:/home/hzc/linux/ros2/stu/ws01_plubming/install/cpp04_param:/home/hzc/linux/ros2/stu/ws01_plubming/install/cpp03_action:/home/hzc/linux/ros2/stu/ws01_plubming/install/cpp02_service:/home/hzc/linux/ros2/stu/ws01_plubming/install/cpp01_topic:/opt/ros/lyrical/opt/gz_sim_vendor:/opt/ros/lyrical/opt/gz_sensors_vendor:/opt/ros/lyrical/opt/gz_gui_vendor:/opt/ros/lyrical/opt/gz_transport_vendor:/opt/ros/lyrical/opt/gz_physics_vendor:/opt/ros/lyrical/opt/sdformat_vendor:/opt/ros/lyrical/opt/gz_rendering_vendor:/opt/ros/lyrical/opt/gz_plugin_vendor:/opt/ros/lyrical/opt/gz_fuel_tools_vendor:/opt/ros/lyrical/opt/gz_msgs_vendor:/opt/ros/lyrical/opt/gz_common_vendor:/opt/ros/lyrical/opt/gz_math_vendor:/opt/ros/lyrical/opt/gz_utils_vendor:/opt/ros/lyrical/opt/gz_tools_vendor:/opt/ros/lyrical/opt/gz_ogre_next_vendor:/opt/ros/lyrical/opt/gz_dartsim_vendor:/opt/ros/lyrical/opt/gz_cmake_vendor:/home/hzc/linux/ros2/stu/ws01_plubming/install/py06_timer:/home/hzc/linux/ros2/stu/ws01_plubming/install/py05_names:/home/hzc/linux/ros2/stu/ws01_plubming/install/py04_param:/home/hzc/linux/ros2/stu/ws01_plubming/install/py03_action:/home/hzc/linux/ros2/stu/ws01_plubming/install/py02_seriver:/home/hzc/linux/ros2/stu/ws01_plubming/install/py01_topic:/opt/ros/lyrical DEBUGINFOD_URLS=https://debuginfod.ubuntu.com PYTHONPATH=/home/hzc/linux/ros2/stu/ws01_plubming/install/base_interfeces/lib/python3.14/site-packages:/home/hzc/linux/ros2/stu/ws01_plubming/install/py06_timer/lib/python3.14/site-packages:/home/hzc/linux/ros2/stu/ws01_plubming/install/py05_names/lib/python3.14/site-packages:/home/hzc/linux/ros2/stu/ws01_plubming/install/py04_param/lib/python3.14/site-packages:/home/hzc/linux/ros2/stu/ws01_plubming/install/py03_action/lib/python3.14/site-packages:/home/hzc/linux/ros2/stu/ws01_plubming/install/py02_seriver/lib/python3.14/site-packages:/home/hzc/linux/ros2/stu/ws01_plubming/install/py01_topic/lib/python3.14/site-packages:/opt/ros/lyrical/opt/gz_sim_vendor/lib/python:/opt/ros/lyrical/opt/gz_transport_vendor/lib/python:/opt/ros/lyrical/opt/sdformat_vendor/lib/python:/opt/ros/lyrical/opt/gz_msgs_vendor/lib/python:/opt/ros/lyrical/opt/gz_math_vendor/lib/python:/opt/ros/lyrical/lib/python3.14/site-packages /usr/bin/cmake --build /home/hzc/linux/ros2/stu/ws01_plubming/build/cpp07_exercise -- -j16 -l16
