-- Found ament_cmake: 2.8.7 (/opt/ros/lyrical/share/ament_cmake/cmake)
-- Found rclcpp: 32.0.0 (/opt/ros/lyrical/share/rclcpp/cmake)
-- Found rosidl_generator_c: 5.2.0 (/opt/ros/lyrical/share/rosidl_generator_c/cmake)
-- Found rosidl_generator_cpp: 5.2.0 (/opt/ros/lyrical/share/rosidl_generator_cpp/cmake)
-- Using all available rosidl_typesupport_c: rosidl_typesupport_fastrtps_c;rosidl_typesupport_introspection_c
-- Using all available rosidl_typesupport_cpp: rosidl_typesupport_fastrtps_cpp;rosidl_typesupport_introspection_cpp
-- Found rmw_implementation_cmake: 7.10.1 (/opt/ros/lyrical/share/rmw_implementation_cmake/cmake)
-- Found rmw_fastrtps_cpp: 9.4.8 (/opt/ros/lyrical/share/rmw_fastrtps_cpp/cmake)
-- Using RMW implementation 'rmw_fastrtps_cpp' as default
-- Found base_interfeces: 0.0.0 (/home/hzc/linux/ros2/stu/ws01_plubming/install/base_interfeces/share/base_interfeces/cmake)
-- Found ament_lint_auto: 0.20.6 (/opt/ros/lyrical/share/ament_lint_auto/cmake)
-- Added test 'cppcheck' to perform static code analysis on C / C++ code
-- Configured cppcheck include dirs: $<BUILD_INTERFACE:/home/hzc/linux/ros2/stu/ws01_plubming/src/cpp02_service/include>
-- Configured cppcheck exclude dirs and/or files: 
-- Added test 'lint_cmake' to check CMake code style
-- Added test 'uncrustify' to check C / C++ code style
-- Configured uncrustify additional arguments: 
-- Added test 'xmllint' to check XML markup files
-- Configuring done (0.7s)
-- Generating done (0.0s)
-- Build files have been written to: /home/hzc/linux/ros2/stu/ws01_plubming/build/cpp02_service
[ 50%] [32mBuilding CXX object CMakeFiles/demo1_client.dir/src/demo1_client.cpp.o[0m
[ 50%] [32mBuilding CXX object CMakeFiles/demo1_server.dir/src/demo1_server.cpp.o[0m
[ 75%] [1m[32mLinking CXX executable demo1_server[0m
[100%] [1m[32mLinking CXX executable demo1_client[0m
[100%] Built target demo1_server
[100%] Built target demo1_client
-- Install configuration: ""
-- Installing: /home/hzc/linux/ros2/stu/ws01_plubming/install/cpp02_service/lib/cpp02_service/demo1_server
-- Set non-toolchain portion of runtime path of "/home/hzc/linux/ros2/stu/ws01_plubming/install/cpp02_service/lib/cpp02_service/demo1_server" to ""
-- Installing: /home/hzc/linux/ros2/stu/ws01_plubming/install/cpp02_service/lib/cpp02_service/demo1_client
-- Set non-toolchain portion of runtime path of "/home/hzc/linux/ros2/stu/ws01_plubming/install/cpp02_service/lib/cpp02_service/demo1_client" to ""
-- Up-to-date: /home/hzc/linux/ros2/stu/ws01_plubming/install/cpp02_service/share/ament_index/resource_index/package_run_dependencies/cpp02_service
-- Installing: /home/hzc/linux/ros2/stu/ws01_plubming/install/cpp02_service/share/ament_index/resource_index/parent_prefix_path/cpp02_service
-- Up-to-date: /home/hzc/linux/ros2/stu/ws01_plubming/install/cpp02_service/share/cpp02_service/environment/ament_prefix_path.sh
-- Up-to-date: /home/hzc/linux/ros2/stu/ws01_plubming/install/cpp02_service/share/cpp02_service/environment/ament_prefix_path.dsv
-- Up-to-date: /home/hzc/linux/ros2/stu/ws01_plubming/install/cpp02_service/share/cpp02_service/environment/path.sh
-- Up-to-date: /home/hzc/linux/ros2/stu/ws01_plubming/install/cpp02_service/share/cpp02_service/environment/path.dsv
-- Up-to-date: /home/hzc/linux/ros2/stu/ws01_plubming/install/cpp02_service/share/cpp02_service/local_setup.bash
-- Up-to-date: /home/hzc/linux/ros2/stu/ws01_plubming/install/cpp02_service/share/cpp02_service/local_setup.fish
-- Up-to-date: /home/hzc/linux/ros2/stu/ws01_plubming/install/cpp02_service/share/cpp02_service/local_setup.sh
-- Up-to-date: /home/hzc/linux/ros2/stu/ws01_plubming/install/cpp02_service/share/cpp02_service/local_setup.zsh
-- Up-to-date: /home/hzc/linux/ros2/stu/ws01_plubming/install/cpp02_service/share/cpp02_service/local_setup.dsv
-- Installing: /home/hzc/linux/ros2/stu/ws01_plubming/install/cpp02_service/share/cpp02_service/package.dsv
-- Up-to-date: /home/hzc/linux/ros2/stu/ws01_plubming/install/cpp02_service/share/ament_index/resource_index/packages/cpp02_service
-- Up-to-date: /home/hzc/linux/ros2/stu/ws01_plubming/install/cpp02_service/share/cpp02_service/cmake/cpp02_serviceConfig.cmake
-- Up-to-date: /home/hzc/linux/ros2/stu/ws01_plubming/install/cpp02_service/share/cpp02_service/cmake/cpp02_serviceConfig-version.cmake
-- Up-to-date: /home/hzc/linux/ros2/stu/ws01_plubming/install/cpp02_service/share/cpp02_service/package.xml
