-- Found ament_cmake: 2.8.7 (/opt/ros/lyrical/share/ament_cmake/cmake)
-- Found rclcpp: 32.0.0 (/opt/ros/lyrical/share/rclcpp/cmake)
-- Found rosidl_generator_c: 5.2.0 (/opt/ros/lyrical/share/rosidl_generator_c/cmake)
-- Found rosidl_generator_cpp: 5.2.0 (/opt/ros/lyrical/share/rosidl_generator_cpp/cmake)
-- Using all available rosidl_typesupport_c: rosidl_typesupport_fastrtps_c;rosidl_typesupport_introspection_c
-- Using all available rosidl_typesupport_cpp: rosidl_typesupport_fastrtps_cpp;rosidl_typesupport_introspection_cpp
-- Found rmw_implementation_cmake: 7.10.1 (/opt/ros/lyrical/share/rmw_implementation_cmake/cmake)
-- Found rmw_fastrtps_cpp: 9.4.8 (/opt/ros/lyrical/share/rmw_fastrtps_cpp/cmake)
-- Using RMW implementation 'rmw_fastrtps_cpp' as default
[31mCMake Error at CMakeLists.txt:11 (find_package):
  By not providing "Findturtlesim_msg.cmake" in CMAKE_MODULE_PATH this
  project has asked CMake to find a package configuration file provided by
  "turtlesim_msg", but CMake did not find one.

  Could not find a package configuration file provided by "turtlesim_msg"
  with any of the following names:

    turtlesim_msgConfig.cmake
    turtlesim_msg-config.cmake

  Add the installation prefix of "turtlesim_msg" to CMAKE_PREFIX_PATH or set
  "turtlesim_msg_DIR" to a directory containing one of the above files.  If
  "turtlesim_msg" provides a separate development package or SDK, be sure it
  has been installed.

[0m
-- Configuring incomplete, errors occurred!
gmake: *** [Makefile:267：cmake_check_build_system] 错误 1
