-- Found ament_cmake: 2.8.7 (/opt/ros/lyrical/share/ament_cmake/cmake)
-- Found rclcpp: 32.0.0 (/opt/ros/lyrical/share/rclcpp/cmake)
-- Found rosidl_generator_c: 5.2.0 (/opt/ros/lyrical/share/rosidl_generator_c/cmake)
-- Found rosidl_generator_cpp: 5.2.0 (/opt/ros/lyrical/share/rosidl_generator_cpp/cmake)
-- Using all available rosidl_typesupport_c: rosidl_typesupport_fastrtps_c;rosidl_typesupport_introspection_c
-- Using all available rosidl_typesupport_cpp: rosidl_typesupport_fastrtps_cpp;rosidl_typesupport_introspection_cpp
-- Found rmw_implementation_cmake: 7.10.1 (/opt/ros/lyrical/share/rmw_implementation_cmake/cmake)
-- Found rmw_fastrtps_cpp: 9.4.8 (/opt/ros/lyrical/share/rmw_fastrtps_cpp/cmake)
-- Using RMW implementation 'rmw_fastrtps_cpp' as default
-- Found ament_lint_auto: 0.20.6 (/opt/ros/lyrical/share/ament_lint_auto/cmake)
-- Added test 'cppcheck' to perform static code analysis on C / C++ code
-- Configured cppcheck include dirs: $<BUILD_INTERFACE:/home/hzc/linux/ros2/stu/ws01_plubming/src/cpp05_names/include>
-- Configured cppcheck exclude dirs and/or files: 
-- Added test 'flake8' to check Python code syntax and style conventions
-- Configured 'flake8' exclude dirs and/or files: 
-- Added test 'lint_cmake' to check CMake code style
-- Added test 'pep257' to check Python code against some of the docstring style conventions in PEP 257
-- Added test 'uncrustify' to check C / C++ code style
-- Configured uncrustify additional arguments: 
-- Added test 'xmllint' to check XML markup files
-- Configuring done (0.5s)
-- Generating done (0.0s)
-- Build files have been written to: /home/hzc/linux/ros2/stu/ws01_plubming/build/cpp05_names
[ 50%] [32mBuilding CXX object CMakeFiles/demo1_names.dir/src/demo1_names.cpp.o[0m
[100%] [1m[32mLinking CXX executable demo1_names[0m
[100%] Built target demo1_names
-- Install configuration: ""
-- Installing: /home/hzc/linux/ros2/stu/ws01_plubming/install/cpp05_names/lib/cpp05_names/demo1_names
-- Set non-toolchain portion of runtime path of "/home/hzc/linux/ros2/stu/ws01_plubming/install/cpp05_names/lib/cpp05_names/demo1_names" to ""
-- Installing: /home/hzc/linux/ros2/stu/ws01_plubming/install/cpp05_names/share/cpp05_names/launch
-- Installing: /home/hzc/linux/ros2/stu/ws01_plubming/install/cpp05_names/share/cpp05_names/launch/demo1_names_launch.py
-- Installing: /home/hzc/linux/ros2/stu/ws01_plubming/install/cpp05_names/share/ament_index/resource_index/package_run_dependencies/cpp05_names
-- Installing: /home/hzc/linux/ros2/stu/ws01_plubming/install/cpp05_names/share/ament_index/resource_index/parent_prefix_path/cpp05_names
-- Installing: /home/hzc/linux/ros2/stu/ws01_plubming/install/cpp05_names/share/cpp05_names/environment/ament_prefix_path.sh
-- Installing: /home/hzc/linux/ros2/stu/ws01_plubming/install/cpp05_names/share/cpp05_names/environment/ament_prefix_path.dsv
-- Installing: /home/hzc/linux/ros2/stu/ws01_plubming/install/cpp05_names/share/cpp05_names/environment/path.sh
-- Installing: /home/hzc/linux/ros2/stu/ws01_plubming/install/cpp05_names/share/cpp05_names/environment/path.dsv
-- Installing: /home/hzc/linux/ros2/stu/ws01_plubming/install/cpp05_names/share/cpp05_names/local_setup.bash
-- Installing: /home/hzc/linux/ros2/stu/ws01_plubming/install/cpp05_names/share/cpp05_names/local_setup.fish
-- Installing: /home/hzc/linux/ros2/stu/ws01_plubming/install/cpp05_names/share/cpp05_names/local_setup.sh
-- Installing: /home/hzc/linux/ros2/stu/ws01_plubming/install/cpp05_names/share/cpp05_names/local_setup.zsh
-- Installing: /home/hzc/linux/ros2/stu/ws01_plubming/install/cpp05_names/share/cpp05_names/local_setup.dsv
-- Installing: /home/hzc/linux/ros2/stu/ws01_plubming/install/cpp05_names/share/cpp05_names/package.dsv
-- Installing: /home/hzc/linux/ros2/stu/ws01_plubming/install/cpp05_names/share/ament_index/resource_index/packages/cpp05_names
-- Installing: /home/hzc/linux/ros2/stu/ws01_plubming/install/cpp05_names/share/cpp05_names/cmake/cpp05_namesConfig.cmake
-- Installing: /home/hzc/linux/ros2/stu/ws01_plubming/install/cpp05_names/share/cpp05_names/cmake/cpp05_namesConfig-version.cmake
-- Installing: /home/hzc/linux/ros2/stu/ws01_plubming/install/cpp05_names/share/cpp05_names/package.xml
