[0.013s] Invoking command in '/home/hzc/linux/ros2/stu/ws01_plubming/build/cpp02_service': CMAKE_PREFIX_PATH=${CMAKE_PREFIX_PATH}:/home/hzc/linux/ros2/stu/ws01_plubming/install/cpp02_seriver:/home/hzc/linux/ros2/stu/ws01_plubming/install/py01_topic:/opt/ros/lyrical DEBUGINFOD_URLS=https://debuginfod.ubuntu.com /usr/bin/cmake --build /home/hzc/linux/ros2/stu/ws01_plubming/build/cpp02_service -- -j16 -l16
[0.046s] -- Found ament_cmake: 2.8.7 (/opt/ros/lyrical/share/ament_cmake/cmake)
[0.249s] -- Found rclcpp: 32.0.0 (/opt/ros/lyrical/share/rclcpp/cmake)
[0.268s] -- Found rosidl_generator_c: 5.2.0 (/opt/ros/lyrical/share/rosidl_generator_c/cmake)
[0.272s] -- Found rosidl_generator_cpp: 5.2.0 (/opt/ros/lyrical/share/rosidl_generator_cpp/cmake)
[0.281s] -- Using all available rosidl_typesupport_c: rosidl_typesupport_fastrtps_c;rosidl_typesupport_introspection_c
[0.291s] -- Using all available rosidl_typesupport_cpp: rosidl_typesupport_fastrtps_cpp;rosidl_typesupport_introspection_cpp
[0.350s] -- Found rmw_implementation_cmake: 7.10.1 (/opt/ros/lyrical/share/rmw_implementation_cmake/cmake)
[0.351s] -- Found rmw_fastrtps_cpp: 9.4.8 (/opt/ros/lyrical/share/rmw_fastrtps_cpp/cmake)
[0.384s] -- Using RMW implementation 'rmw_fastrtps_cpp' as default
[0.454s] -- Found base_interfeces: 0.0.0 (/home/hzc/linux/ros2/stu/ws01_plubming/install/base_interfeces/share/base_interfeces/cmake)
[0.470s] -- Found ament_lint_auto: 0.20.6 (/opt/ros/lyrical/share/ament_lint_auto/cmake)
[0.577s] -- Added test 'cppcheck' to perform static code analysis on C / C++ code
[0.577s] -- Configured cppcheck include dirs: $<BUILD_INTERFACE:/home/hzc/linux/ros2/stu/ws01_plubming/src/cpp02_service/include>
[0.577s] -- Configured cppcheck exclude dirs and/or files: 
[0.577s] -- Added test 'lint_cmake' to check CMake code style
[0.578s] -- Added test 'uncrustify' to check C / C++ code style
[0.578s] -- Configured uncrustify additional arguments: 
[0.579s] -- Added test 'xmllint' to check XML markup files
[0.579s] -- Configuring done (0.5s)
[0.597s] -- Generating done (0.0s)
[0.622s] -- Build files have been written to: /home/hzc/linux/ros2/stu/ws01_plubming/build/cpp02_service
[0.665s] [ 25%] [32mBuilding CXX object CMakeFiles/demo1_server.dir/src/demo1_server.cpp.o[0m
[0.692s] [ 50%] [32mBuilding CXX object CMakeFiles/demo1_client.dir/src/demo1_client.cpp.o[0m
[0.991s] [01m[K/home/hzc/linux/ros2/stu/ws01_plubming/src/cpp02_service/src/demo1_server.cpp:13:10:[m[K [01;31m[Kfatal error: [m[Kbase_interfeces/srv/add_ints.hpp: 没有那个文件或目录
[0.991s]    13 | #include [01;31m[K"base_interfeces/srv/add_ints.hpp"[m[K
[0.991s]       |          [01;31m[K^~~~~~~~~~~~~~~~~~~~~~~~~~~~~~~~~~[m[K
[0.991s] compilation terminated.
[0.998s] gmake[2]: *** [CMakeFiles/demo1_server.dir/build.make:79：CMakeFiles/demo1_server.dir/src/demo1_server.cpp.o] 错误 1
[0.998s] gmake[1]: *** [CMakeFiles/Makefile2:156：CMakeFiles/demo1_server.dir/all] 错误 2
[0.998s] gmake[1]: *** 正在等待未完成的任务....
[4.078s] [ 75%] [1m[32mLinking CXX executable demo1_client[0m
[4.200s] [ 75%] Built target demo1_client
[4.202s] gmake: *** [Makefile:146：all] 错误 2
[4.205s] Invoked command in '/home/hzc/linux/ros2/stu/ws01_plubming/build/cpp02_service' returned '2': CMAKE_PREFIX_PATH=${CMAKE_PREFIX_PATH}:/home/hzc/linux/ros2/stu/ws01_plubming/install/cpp02_seriver:/home/hzc/linux/ros2/stu/ws01_plubming/install/py01_topic:/opt/ros/lyrical DEBUGINFOD_URLS=https://debuginfod.ubuntu.com /usr/bin/cmake --build /home/hzc/linux/ros2/stu/ws01_plubming/build/cpp02_service -- -j16 -l16
