[0.987s] Invoking command in '/shared/ws1_stu/src/autopartol_car': PYTHONPATH=/shared/ws1_stu/build/autopartol_car/prefix_override:/usr/lib/python3/dist-packages/colcon_core/task/python/colcon_distutils_commands:/shared/ws1_stu/install/autopartol_car/lib/python3.10/site-packages:${PYTHONPATH} /usr/bin/python3 -W ignore:setup.py install is deprecated -W ignore:easy_install command is deprecated setup.py egg_info --egg-base ../../build/autopartol_car build --build-base /shared/ws1_stu/build/autopartol_car/build install --record /shared/ws1_stu/build/autopartol_car/install.log --single-version-externally-managed install_data
[1.177s] running egg_info
[1.177s] writing ../../build/autopartol_car/autopartol_car.egg-info/PKG-INFO
[1.177s] writing dependency_links to ../../build/autopartol_car/autopartol_car.egg-info/dependency_links.txt
[1.177s] writing entry points to ../../build/autopartol_car/autopartol_car.egg-info/entry_points.txt
[1.178s] writing requirements to ../../build/autopartol_car/autopartol_car.egg-info/requires.txt
[1.178s] writing top-level names to ../../build/autopartol_car/autopartol_car.egg-info/top_level.txt
[1.179s] reading manifest file '../../build/autopartol_car/autopartol_car.egg-info/SOURCES.txt'
[1.180s] writing manifest file '../../build/autopartol_car/autopartol_car.egg-info/SOURCES.txt'
[1.180s] running build
[1.181s] running build_py
[1.181s] running install
[1.182s] running install_lib
[1.182s] running install_data
[1.182s] running install_egg_info
[1.184s] removing '/shared/ws1_stu/install/autopartol_car/lib/python3.10/site-packages/autopartol_car-0.0.0-py3.10.egg-info' (and everything under it)
[1.184s] Copying ../../build/autopartol_car/autopartol_car.egg-info to /shared/ws1_stu/install/autopartol_car/lib/python3.10/site-packages/autopartol_car-0.0.0-py3.10.egg-info
[1.185s] running install_scripts
[1.204s] writing list of installed files to '/shared/ws1_stu/build/autopartol_car/install.log'
[1.262s] Invoked command in '/shared/ws1_stu/src/autopartol_car' returned '0': PYTHONPATH=/shared/ws1_stu/build/autopartol_car/prefix_override:/usr/lib/python3/dist-packages/colcon_core/task/python/colcon_distutils_commands:/shared/ws1_stu/install/autopartol_car/lib/python3.10/site-packages:${PYTHONPATH} /usr/bin/python3 -W ignore:setup.py install is deprecated -W ignore:easy_install command is deprecated setup.py egg_info --egg-base ../../build/autopartol_car build --build-base /shared/ws1_stu/build/autopartol_car/build install --record /shared/ws1_stu/build/autopartol_car/install.log --single-version-externally-managed install_data
