[1.936s] Invoking command in '/home/hzc/linux/ros2/stu/ws02_tools/src/py1_launch': DEBUGINFOD_URLS=https://debuginfod.ubuntu.com PYTHONPATH=/home/hzc/linux/ros2/stu/ws02_tools/build/py1_launch/prefix_override:/usr/lib/python3/dist-packages/colcon_core/task/python/colcon_distutils_commands:/home/hzc/linux/ros2/stu/ws02_tools/install/py1_launch/lib/python3.14/site-packages:${PYTHONPATH} /usr/bin/python3 -W ignore:setup.py install is deprecated -W ignore:easy_install command is deprecated setup.py egg_info --egg-base ../../build/py1_launch build --build-base /home/hzc/linux/ros2/stu/ws02_tools/build/py1_launch/build install --record /home/hzc/linux/ros2/stu/ws02_tools/build/py1_launch/install.log --single-version-externally-managed install_data
[2.277s] running egg_info
[2.304s] writing ../../build/py1_launch/py1_launch.egg-info/PKG-INFO
[2.305s] writing dependency_links to ../../build/py1_launch/py1_launch.egg-info/dependency_links.txt
[2.305s] writing requirements to ../../build/py1_launch/py1_launch.egg-info/requires.txt
[2.306s] writing top-level names to ../../build/py1_launch/py1_launch.egg-info/top_level.txt
[2.365s] reading manifest file '../../build/py1_launch/py1_launch.egg-info/SOURCES.txt'
[2.366s] writing manifest file '../../build/py1_launch/py1_launch.egg-info/SOURCES.txt'
[2.366s] running build
[2.367s] running build_py
[2.367s] copying py1_launch/__init__.py -> /home/hzc/linux/ros2/stu/ws02_tools/build/py1_launch/build/lib/py1_launch
[2.367s] copying py1_launch/py.typed -> /home/hzc/linux/ros2/stu/ws02_tools/build/py1_launch/build/lib/py1_launch
[2.367s] running install
[2.374s] running install_lib
[2.403s] running install_data
[2.403s] copying resource/py1_launch -> /home/hzc/linux/ros2/stu/ws02_tools/install/py1_launch/share/ament_index/resource_index/packages
[2.403s] copying package.xml -> /home/hzc/linux/ros2/stu/ws02_tools/install/py1_launch/share/py1_launch
[2.403s] copying launch/py/py1_helloword_launch.py -> /home/hzc/linux/ros2/stu/ws02_tools/install/py1_launch/share/py1_launch
[2.403s] copying launch/xml/xml1_helloword_launch.xml -> /home/hzc/linux/ros2/stu/ws02_tools/install/py1_launch/share/py1_launch
[2.404s] copying launch/yaml/yaml1_helloword_launch.yaml -> /home/hzc/linux/ros2/stu/ws02_tools/install/py1_launch/share/py1_launch
[2.404s] running install_egg_info
[2.432s] removing '/home/hzc/linux/ros2/stu/ws02_tools/install/py1_launch/lib/python3.14/site-packages/py1_launch-0.0.0-py3.14.egg-info' (and everything under it)
[2.433s] Copying ../../build/py1_launch/py1_launch.egg-info to /home/hzc/linux/ros2/stu/ws02_tools/install/py1_launch/lib/python3.14/site-packages/py1_launch-0.0.0-py3.14.egg-info
[2.434s] running install_scripts
[2.579s] writing list of installed files to '/home/hzc/linux/ros2/stu/ws02_tools/build/py1_launch/install.log'
[2.661s] Invoked command in '/home/hzc/linux/ros2/stu/ws02_tools/src/py1_launch' returned '0': DEBUGINFOD_URLS=https://debuginfod.ubuntu.com PYTHONPATH=/home/hzc/linux/ros2/stu/ws02_tools/build/py1_launch/prefix_override:/usr/lib/python3/dist-packages/colcon_core/task/python/colcon_distutils_commands:/home/hzc/linux/ros2/stu/ws02_tools/install/py1_launch/lib/python3.14/site-packages:${PYTHONPATH} /usr/bin/python3 -W ignore:setup.py install is deprecated -W ignore:easy_install command is deprecated setup.py egg_info --egg-base ../../build/py1_launch build --build-base /home/hzc/linux/ros2/stu/ws02_tools/build/py1_launch/build install --record /home/hzc/linux/ros2/stu/ws02_tools/build/py1_launch/install.log --single-version-externally-managed install_data
