[ 16%] [32mBuilding CXX object CMakeFiles/exer2_tf_broadcaster.dir/src/exer2_tf_broadcaster.cpp.o[0m
[ 33%] [32mBuilding CXX object CMakeFiles/exer3_tf_listener.dir/src/exer3_tf_listener.cpp.o[0m
[ 66%] Built target exer1_spawn
[ 83%] [1m[32mLinking CXX executable exer3_tf_listener[0m
[100%] [1m[32mLinking CXX executable exer2_tf_broadcaster[0m
[100%] Built target exer3_tf_listener
[100%] Built target exer2_tf_broadcaster
-- Install configuration: ""
-- Installing: /home/hzc/linux/ros2/stu/ws02_tools/install/cpp5_exercise/lib/cpp5_exercise/exer1_spawn
-- Set non-toolchain portion of runtime path of "/home/hzc/linux/ros2/stu/ws02_tools/install/cpp5_exercise/lib/cpp5_exercise/exer1_spawn" to ""
-- Installing: /home/hzc/linux/ros2/stu/ws02_tools/install/cpp5_exercise/lib/cpp5_exercise/exer2_tf_broadcaster
-- Set non-toolchain portion of runtime path of "/home/hzc/linux/ros2/stu/ws02_tools/install/cpp5_exercise/lib/cpp5_exercise/exer2_tf_broadcaster" to ""
-- Installing: /home/hzc/linux/ros2/stu/ws02_tools/install/cpp5_exercise/lib/cpp5_exercise/exer3_tf_listener
-- Set non-toolchain portion of runtime path of "/home/hzc/linux/ros2/stu/ws02_tools/install/cpp5_exercise/lib/cpp5_exercise/exer3_tf_listener" to ""
-- Installing: /home/hzc/linux/ros2/stu/ws02_tools/install/cpp5_exercise/share/cpp5_exercise/launch
-- Installing: /home/hzc/linux/ros2/stu/ws02_tools/install/cpp5_exercise/share/ament_index/resource_index/package_run_dependencies/cpp5_exercise
-- Installing: /home/hzc/linux/ros2/stu/ws02_tools/install/cpp5_exercise/share/ament_index/resource_index/parent_prefix_path/cpp5_exercise
-- Installing: /home/hzc/linux/ros2/stu/ws02_tools/install/cpp5_exercise/share/cpp5_exercise/environment/ament_prefix_path.sh
-- Installing: /home/hzc/linux/ros2/stu/ws02_tools/install/cpp5_exercise/share/cpp5_exercise/environment/ament_prefix_path.dsv
-- Installing: /home/hzc/linux/ros2/stu/ws02_tools/install/cpp5_exercise/share/cpp5_exercise/environment/path.sh
-- Installing: /home/hzc/linux/ros2/stu/ws02_tools/install/cpp5_exercise/share/cpp5_exercise/environment/path.dsv
-- Installing: /home/hzc/linux/ros2/stu/ws02_tools/install/cpp5_exercise/share/cpp5_exercise/local_setup.bash
-- Installing: /home/hzc/linux/ros2/stu/ws02_tools/install/cpp5_exercise/share/cpp5_exercise/local_setup.fish
-- Installing: /home/hzc/linux/ros2/stu/ws02_tools/install/cpp5_exercise/share/cpp5_exercise/local_setup.sh
-- Installing: /home/hzc/linux/ros2/stu/ws02_tools/install/cpp5_exercise/share/cpp5_exercise/local_setup.zsh
-- Installing: /home/hzc/linux/ros2/stu/ws02_tools/install/cpp5_exercise/share/cpp5_exercise/local_setup.dsv
-- Installing: /home/hzc/linux/ros2/stu/ws02_tools/install/cpp5_exercise/share/cpp5_exercise/package.dsv
-- Installing: /home/hzc/linux/ros2/stu/ws02_tools/install/cpp5_exercise/share/ament_index/resource_index/packages/cpp5_exercise
-- Installing: /home/hzc/linux/ros2/stu/ws02_tools/install/cpp5_exercise/share/cpp5_exercise/cmake/cpp5_exerciseConfig.cmake
-- Installing: /home/hzc/linux/ros2/stu/ws02_tools/install/cpp5_exercise/share/cpp5_exercise/cmake/cpp5_exerciseConfig-version.cmake
-- Installing: /home/hzc/linux/ros2/stu/ws02_tools/install/cpp5_exercise/share/cpp5_exercise/package.xml
