-- Install configuration: ""
-- Up-to-date: /shared/ws1_stu/install/cpp2_slam/share/cpp2_slam/urdf
-- Up-to-date: /shared/ws1_stu/install/cpp2_slam/share/cpp2_slam/urdf/first_rebot.urdf
-- Up-to-date: /shared/ws1_stu/install/cpp2_slam/share/cpp2_slam/urdf/first_rebot.xacro
-- Up-to-date: /shared/ws1_stu/install/cpp2_slam/share/cpp2_slam/urdf/car
-- Up-to-date: /shared/ws1_stu/install/cpp2_slam/share/cpp2_slam/urdf/car/plugins
-- Up-to-date: /shared/ws1_stu/install/cpp2_slam/share/cpp2_slam/urdf/car/plugins/gazebo_sensor_plugin.xacro
-- Up-to-date: /shared/ws1_stu/install/cpp2_slam/share/cpp2_slam/urdf/car/plugins/gazebo_control_plugin.xacro
-- Up-to-date: /shared/ws1_stu/install/cpp2_slam/share/cpp2_slam/urdf/car/sensor
-- Up-to-date: /shared/ws1_stu/install/cpp2_slam/share/cpp2_slam/urdf/car/sensor/camera.urdf.xacro
-- Up-to-date: /shared/ws1_stu/install/cpp2_slam/share/cpp2_slam/urdf/car/sensor/laser.urdf.xacro
-- Up-to-date: /shared/ws1_stu/install/cpp2_slam/share/cpp2_slam/urdf/car/sensor/imu.urdf.xacro
-- Up-to-date: /shared/ws1_stu/install/cpp2_slam/share/cpp2_slam/urdf/car/actuator
-- Up-to-date: /shared/ws1_stu/install/cpp2_slam/share/cpp2_slam/urdf/car/actuator/wheel.urdf.xacro
-- Up-to-date: /shared/ws1_stu/install/cpp2_slam/share/cpp2_slam/urdf/car/actuator/caster.urdf.xacro
-- Up-to-date: /shared/ws1_stu/install/cpp2_slam/share/cpp2_slam/urdf/car/car.urdf.xacro
-- Up-to-date: /shared/ws1_stu/install/cpp2_slam/share/cpp2_slam/urdf/car/base.urdf.xacro
-- Up-to-date: /shared/ws1_stu/install/cpp2_slam/share/cpp2_slam/urdf/car/car_ros2_control.xacro
-- Up-to-date: /shared/ws1_stu/install/cpp2_slam/share/cpp2_slam/urdf/car/common_inertia.xacro
-- Up-to-date: /shared/ws1_stu/install/cpp2_slam/share/cpp2_slam/launch
-- Up-to-date: /shared/ws1_stu/install/cpp2_slam/share/cpp2_slam/launch/display_robot.launch.py
-- Up-to-date: /shared/ws1_stu/install/cpp2_slam/share/cpp2_slam/launch/gazebo_sim.launch.py
-- Up-to-date: /shared/ws1_stu/install/cpp2_slam/share/cpp2_slam/config
-- Up-to-date: /shared/ws1_stu/install/cpp2_slam/share/cpp2_slam/config/car_ros2_controller.yaml
-- Up-to-date: /shared/ws1_stu/install/cpp2_slam/share/cpp2_slam/config/display_mode.rviz
-- Up-to-date: /shared/ws1_stu/install/cpp2_slam/share/cpp2_slam/world
-- Up-to-date: /shared/ws1_stu/install/cpp2_slam/share/cpp2_slam/world/custom_home1.world
-- Up-to-date: /shared/ws1_stu/install/cpp2_slam/share/cpp2_slam/world/home
-- Up-to-date: /shared/ws1_stu/install/cpp2_slam/share/cpp2_slam/world/home/model.config
-- Up-to-date: /shared/ws1_stu/install/cpp2_slam/share/cpp2_slam/world/home/model.sdf
-- Up-to-date: /shared/ws1_stu/install/cpp2_slam/share/cpp2_slam/world/custom_home.world
-- Up-to-date: /shared/ws1_stu/install/cpp2_slam/share/ament_index/resource_index/package_run_dependencies/cpp2_slam
-- Up-to-date: /shared/ws1_stu/install/cpp2_slam/share/ament_index/resource_index/parent_prefix_path/cpp2_slam
-- Up-to-date: /shared/ws1_stu/install/cpp2_slam/share/cpp2_slam/environment/ament_prefix_path.sh
-- Up-to-date: /shared/ws1_stu/install/cpp2_slam/share/cpp2_slam/environment/ament_prefix_path.dsv
-- Up-to-date: /shared/ws1_stu/install/cpp2_slam/share/cpp2_slam/environment/path.sh
-- Up-to-date: /shared/ws1_stu/install/cpp2_slam/share/cpp2_slam/environment/path.dsv
-- Up-to-date: /shared/ws1_stu/install/cpp2_slam/share/cpp2_slam/local_setup.bash
-- Up-to-date: /shared/ws1_stu/install/cpp2_slam/share/cpp2_slam/local_setup.sh
-- Up-to-date: /shared/ws1_stu/install/cpp2_slam/share/cpp2_slam/local_setup.zsh
-- Up-to-date: /shared/ws1_stu/install/cpp2_slam/share/cpp2_slam/local_setup.dsv
-- Installing: /shared/ws1_stu/install/cpp2_slam/share/cpp2_slam/package.dsv
-- Up-to-date: /shared/ws1_stu/install/cpp2_slam/share/ament_index/resource_index/packages/cpp2_slam
-- Up-to-date: /shared/ws1_stu/install/cpp2_slam/share/cpp2_slam/cmake/cpp2_slamConfig.cmake
-- Up-to-date: /shared/ws1_stu/install/cpp2_slam/share/cpp2_slam/cmake/cpp2_slamConfig-version.cmake
-- Up-to-date: /shared/ws1_stu/install/cpp2_slam/share/cpp2_slam/package.xml
