[0.042s] Invoking command in '/shared/ws1_stu/build/cpp3_nav2': CMAKE_PREFIX_PATH=/opt/ros/humble /usr/bin/cmake --build /shared/ws1_stu/build/cpp3_nav2 -- -j12 -l12
[0.312s] -- Found ament_cmake: 1.3.14 (/opt/ros/humble/share/ament_cmake/cmake)
[0.312s] -- Found ament_lint_auto: 0.12.15 (/opt/ros/humble/share/ament_lint_auto/cmake)
[0.312s] -- Added test 'flake8' to check Python code syntax and style conventions
[0.312s] -- Added test 'lint_cmake' to check CMake code style
[0.312s] -- Added test 'pep257' to check Python code against some of the docstring style conventions in PEP 257
[0.312s] -- Added test 'xmllint' to check XML markup files
[0.312s] -- Configuring done
[0.312s] -- Generating done
[0.312s] -- Build files have been written to: /shared/ws1_stu/build/cpp3_nav2
[0.564s] Invoked command in '/shared/ws1_stu/build/cpp3_nav2' returned '0': CMAKE_PREFIX_PATH=/opt/ros/humble /usr/bin/cmake --build /shared/ws1_stu/build/cpp3_nav2 -- -j12 -l12
[0.564s] Invoking command in '/shared/ws1_stu/build/cpp3_nav2': CMAKE_PREFIX_PATH=/opt/ros/humble /usr/bin/cmake --install /shared/ws1_stu/build/cpp3_nav2
[0.585s] -- Install configuration: ""
[0.585s] -- Up-to-date: /shared/ws1_stu/install/cpp3_nav2/share/cpp3_nav2/launch
[0.585s] -- Up-to-date: /shared/ws1_stu/install/cpp3_nav2/share/cpp3_nav2/launch/navigation2.launch.py
[0.586s] -- Up-to-date: /shared/ws1_stu/install/cpp3_nav2/share/cpp3_nav2/config
[0.586s] -- Up-to-date: /shared/ws1_stu/install/cpp3_nav2/share/cpp3_nav2/config/nav2_params.yaml
[0.587s] -- Up-to-date: /shared/ws1_stu/install/cpp3_nav2/share/cpp3_nav2/maps
[0.587s] -- Up-to-date: /shared/ws1_stu/install/cpp3_nav2/share/cpp3_nav2/maps/room (副本).pgm
[0.588s] -- Up-to-date: /shared/ws1_stu/install/cpp3_nav2/share/cpp3_nav2/maps/room.pgm
[0.588s] -- Up-to-date: /shared/ws1_stu/install/cpp3_nav2/share/cpp3_nav2/maps/room.yaml
[0.588s] -- Up-to-date: /shared/ws1_stu/install/cpp3_nav2/share/cpp3_nav2/rviz
[0.589s] -- Up-to-date: /shared/ws1_stu/install/cpp3_nav2/share/cpp3_nav2/rviz/nav2_default_view.rviz
[0.589s] -- Up-to-date: /shared/ws1_stu/install/cpp3_nav2/share/ament_index/resource_index/package_run_dependencies/cpp3_nav2
[0.589s] -- Installing: /shared/ws1_stu/install/cpp3_nav2/share/ament_index/resource_index/parent_prefix_path/cpp3_nav2
[0.589s] -- Up-to-date: /shared/ws1_stu/install/cpp3_nav2/share/cpp3_nav2/environment/ament_prefix_path.sh
[0.589s] -- Installing: /shared/ws1_stu/install/cpp3_nav2/share/cpp3_nav2/environment/ament_prefix_path.dsv
[0.589s] -- Up-to-date: /shared/ws1_stu/install/cpp3_nav2/share/cpp3_nav2/environment/path.sh
[0.590s] -- Installing: /shared/ws1_stu/install/cpp3_nav2/share/cpp3_nav2/environment/path.dsv
[0.590s] -- Up-to-date: /shared/ws1_stu/install/cpp3_nav2/share/cpp3_nav2/local_setup.bash
[0.590s] -- Up-to-date: /shared/ws1_stu/install/cpp3_nav2/share/cpp3_nav2/local_setup.sh
[0.590s] -- Up-to-date: /shared/ws1_stu/install/cpp3_nav2/share/cpp3_nav2/local_setup.zsh
[0.590s] -- Installing: /shared/ws1_stu/install/cpp3_nav2/share/cpp3_nav2/local_setup.dsv
[0.590s] -- Installing: /shared/ws1_stu/install/cpp3_nav2/share/cpp3_nav2/package.dsv
[0.590s] -- Up-to-date: /shared/ws1_stu/install/cpp3_nav2/share/ament_index/resource_index/packages/cpp3_nav2
[0.591s] -- Up-to-date: /shared/ws1_stu/install/cpp3_nav2/share/cpp3_nav2/cmake/cpp3_nav2Config.cmake
[0.591s] -- Up-to-date: /shared/ws1_stu/install/cpp3_nav2/share/cpp3_nav2/cmake/cpp3_nav2Config-version.cmake
[0.591s] -- Up-to-date: /shared/ws1_stu/install/cpp3_nav2/share/cpp3_nav2/package.xml
[0.613s] Invoked command in '/shared/ws1_stu/build/cpp3_nav2' returned '0': CMAKE_PREFIX_PATH=/opt/ros/humble /usr/bin/cmake --install /shared/ws1_stu/build/cpp3_nav2
