running egg_info
creating ../../build/py05_names/py05_names.egg-info
writing ../../build/py05_names/py05_names.egg-info/PKG-INFO
writing dependency_links to ../../build/py05_names/py05_names.egg-info/dependency_links.txt
writing entry points to ../../build/py05_names/py05_names.egg-info/entry_points.txt
writing requirements to ../../build/py05_names/py05_names.egg-info/requires.txt
writing top-level names to ../../build/py05_names/py05_names.egg-info/top_level.txt
writing manifest file '../../build/py05_names/py05_names.egg-info/SOURCES.txt'
reading manifest file '../../build/py05_names/py05_names.egg-info/SOURCES.txt'
writing manifest file '../../build/py05_names/py05_names.egg-info/SOURCES.txt'
running build
running build_py
creating /home/hzc/linux/ros2/stu/ws01_plubming/build/py05_names/build/lib/py05_names
copying py05_names/__init__.py -> /home/hzc/linux/ros2/stu/ws01_plubming/build/py05_names/build/lib/py05_names
copying py05_names/demo1_names_py.py -> /home/hzc/linux/ros2/stu/ws01_plubming/build/py05_names/build/lib/py05_names
copying py05_names/py.typed -> /home/hzc/linux/ros2/stu/ws01_plubming/build/py05_names/build/lib/py05_names
running install
running install_lib
creating /home/hzc/linux/ros2/stu/ws01_plubming/install/py05_names/lib/python3.14/site-packages/py05_names
copying /home/hzc/linux/ros2/stu/ws01_plubming/build/py05_names/build/lib/py05_names/py.typed -> /home/hzc/linux/ros2/stu/ws01_plubming/install/py05_names/lib/python3.14/site-packages/py05_names
copying /home/hzc/linux/ros2/stu/ws01_plubming/build/py05_names/build/lib/py05_names/__init__.py -> /home/hzc/linux/ros2/stu/ws01_plubming/install/py05_names/lib/python3.14/site-packages/py05_names
copying /home/hzc/linux/ros2/stu/ws01_plubming/build/py05_names/build/lib/py05_names/demo1_names_py.py -> /home/hzc/linux/ros2/stu/ws01_plubming/install/py05_names/lib/python3.14/site-packages/py05_names
byte-compiling /home/hzc/linux/ros2/stu/ws01_plubming/install/py05_names/lib/python3.14/site-packages/py05_names/__init__.py to __init__.cpython-314.pyc
byte-compiling /home/hzc/linux/ros2/stu/ws01_plubming/install/py05_names/lib/python3.14/site-packages/py05_names/demo1_names_py.py to demo1_names_py.cpython-314.pyc
running install_data
creating /home/hzc/linux/ros2/stu/ws01_plubming/install/py05_names/share/ament_index/resource_index/packages
copying resource/py05_names -> /home/hzc/linux/ros2/stu/ws01_plubming/install/py05_names/share/ament_index/resource_index/packages
copying package.xml -> /home/hzc/linux/ros2/stu/ws01_plubming/install/py05_names/share/py05_names
running install_egg_info
Copying ../../build/py05_names/py05_names.egg-info to /home/hzc/linux/ros2/stu/ws01_plubming/install/py05_names/lib/python3.14/site-packages/py05_names-0.0.0-py3.14.egg-info
running install_scripts
Installing demo1_names_py script to /home/hzc/linux/ros2/stu/ws01_plubming/install/py05_names/lib/py05_names
writing list of installed files to '/home/hzc/linux/ros2/stu/ws01_plubming/build/py05_names/install.log'
