[0.222s] Invoking command in '/shared/ws1_stu/build/cpp3_nav2': CMAKE_PREFIX_PATH=${CMAKE_PREFIX_PATH}:/shared/ws1_stu/install/py2_autopartol:/shared/ws1_stu/install/py1_car_application:/shared/ws1_stu/install/autopartol_car:/opt/ros/humble /usr/bin/cmake --build /shared/ws1_stu/build/cpp3_nav2 -- -j12 -l12
[0.652s] Invoked command in '/shared/ws1_stu/build/cpp3_nav2' returned '0': CMAKE_PREFIX_PATH=${CMAKE_PREFIX_PATH}:/shared/ws1_stu/install/py2_autopartol:/shared/ws1_stu/install/py1_car_application:/shared/ws1_stu/install/autopartol_car:/opt/ros/humble /usr/bin/cmake --build /shared/ws1_stu/build/cpp3_nav2 -- -j12 -l12
[0.653s] Invoking command in '/shared/ws1_stu/build/cpp3_nav2': CMAKE_PREFIX_PATH=${CMAKE_PREFIX_PATH}:/shared/ws1_stu/install/py2_autopartol:/shared/ws1_stu/install/py1_car_application:/shared/ws1_stu/install/autopartol_car:/opt/ros/humble /usr/bin/cmake --install /shared/ws1_stu/build/cpp3_nav2
[0.672s] -- Install configuration: ""
[0.672s] -- Up-to-date: /shared/ws1_stu/install/cpp3_nav2/share/cpp3_nav2/launch
[0.672s] -- Up-to-date: /shared/ws1_stu/install/cpp3_nav2/share/cpp3_nav2/launch/navigation2.launch.py
[0.672s] -- Up-to-date: /shared/ws1_stu/install/cpp3_nav2/share/cpp3_nav2/config
[0.673s] -- Up-to-date: /shared/ws1_stu/install/cpp3_nav2/share/cpp3_nav2/config/nav2_params.yaml
[0.674s] -- Up-to-date: /shared/ws1_stu/install/cpp3_nav2/share/cpp3_nav2/maps
[0.675s] -- Up-to-date: /shared/ws1_stu/install/cpp3_nav2/share/cpp3_nav2/maps/room (副本).pgm
[0.675s] -- Up-to-date: /shared/ws1_stu/install/cpp3_nav2/share/cpp3_nav2/maps/room.pgm
[0.675s] -- Up-to-date: /shared/ws1_stu/install/cpp3_nav2/share/cpp3_nav2/maps/room.yaml
[0.676s] -- Up-to-date: /shared/ws1_stu/install/cpp3_nav2/share/cpp3_nav2/rviz
[0.676s] -- Up-to-date: /shared/ws1_stu/install/cpp3_nav2/share/cpp3_nav2/rviz/nav2_default_view.rviz
[0.676s] -- Up-to-date: /shared/ws1_stu/install/cpp3_nav2/share/ament_index/resource_index/package_run_dependencies/cpp3_nav2
[0.677s] -- Up-to-date: /shared/ws1_stu/install/cpp3_nav2/share/ament_index/resource_index/parent_prefix_path/cpp3_nav2
[0.677s] -- Up-to-date: /shared/ws1_stu/install/cpp3_nav2/share/cpp3_nav2/environment/ament_prefix_path.sh
[0.677s] -- Up-to-date: /shared/ws1_stu/install/cpp3_nav2/share/cpp3_nav2/environment/ament_prefix_path.dsv
[0.679s] -- Up-to-date: /shared/ws1_stu/install/cpp3_nav2/share/cpp3_nav2/environment/path.sh
[0.679s] -- Up-to-date: /shared/ws1_stu/install/cpp3_nav2/share/cpp3_nav2/environment/path.dsv
[0.679s] -- Up-to-date: /shared/ws1_stu/install/cpp3_nav2/share/cpp3_nav2/local_setup.bash
[0.680s] -- Up-to-date: /shared/ws1_stu/install/cpp3_nav2/share/cpp3_nav2/local_setup.sh
[0.680s] -- Up-to-date: /shared/ws1_stu/install/cpp3_nav2/share/cpp3_nav2/local_setup.zsh
[0.680s] -- Up-to-date: /shared/ws1_stu/install/cpp3_nav2/share/cpp3_nav2/local_setup.dsv
[0.680s] -- Installing: /shared/ws1_stu/install/cpp3_nav2/share/cpp3_nav2/package.dsv
[0.681s] -- Up-to-date: /shared/ws1_stu/install/cpp3_nav2/share/ament_index/resource_index/packages/cpp3_nav2
[0.681s] -- Up-to-date: /shared/ws1_stu/install/cpp3_nav2/share/cpp3_nav2/cmake/cpp3_nav2Config.cmake
[0.682s] -- Up-to-date: /shared/ws1_stu/install/cpp3_nav2/share/cpp3_nav2/cmake/cpp3_nav2Config-version.cmake
[0.682s] -- Up-to-date: /shared/ws1_stu/install/cpp3_nav2/share/cpp3_nav2/package.xml
[0.708s] Invoked command in '/shared/ws1_stu/build/cpp3_nav2' returned '0': CMAKE_PREFIX_PATH=${CMAKE_PREFIX_PATH}:/shared/ws1_stu/install/py2_autopartol:/shared/ws1_stu/install/py1_car_application:/shared/ws1_stu/install/autopartol_car:/opt/ros/humble /usr/bin/cmake --install /shared/ws1_stu/build/cpp3_nav2
