[0.013s] Invoking command in '/shared/ws1_stu/build/cpp3_nav2': CMAKE_PREFIX_PATH=/opt/ros/humble /usr/bin/cmake /shared/ws1_stu/src/cpp3_nav2 -DCMAKE_INSTALL_PREFIX=/shared/ws1_stu/install/cpp3_nav2
[0.111s] -- The C compiler identification is GNU 11.4.0
[0.188s] -- The CXX compiler identification is GNU 11.4.0
[0.198s] -- Detecting C compiler ABI info
[0.266s] -- Detecting C compiler ABI info - done
[0.271s] -- Check for working C compiler: /usr/bin/cc - skipped
[0.272s] -- Detecting C compile features
[0.272s] -- Detecting C compile features - done
[0.275s] -- Detecting CXX compiler ABI info
[0.351s] -- Detecting CXX compiler ABI info - done
[0.360s] -- Check for working CXX compiler: /usr/bin/c++ - skipped
[0.360s] -- Detecting CXX compile features
[0.361s] -- Detecting CXX compile features - done
[0.368s] -- Found ament_cmake: 1.3.14 (/opt/ros/humble/share/ament_cmake/cmake)
[0.504s] -- Found Python3: /usr/bin/python3 (found version "3.10.12") found components: Interpreter 
[0.604s] -- Found ament_lint_auto: 0.12.15 (/opt/ros/humble/share/ament_lint_auto/cmake)
[0.678s] -- Added test 'flake8' to check Python code syntax and style conventions
[0.678s] -- Added test 'lint_cmake' to check CMake code style
[0.678s] -- Added test 'pep257' to check Python code against some of the docstring style conventions in PEP 257
[0.680s] -- Added test 'xmllint' to check XML markup files
[0.681s] -- Configuring done
[0.684s] -- Generating done
[0.686s] -- Build files have been written to: /shared/ws1_stu/build/cpp3_nav2
[0.691s] Invoked command in '/shared/ws1_stu/build/cpp3_nav2' returned '0': CMAKE_PREFIX_PATH=/opt/ros/humble /usr/bin/cmake /shared/ws1_stu/src/cpp3_nav2 -DCMAKE_INSTALL_PREFIX=/shared/ws1_stu/install/cpp3_nav2
[0.693s] Invoking command in '/shared/ws1_stu/build/cpp3_nav2': CMAKE_PREFIX_PATH=/opt/ros/humble /usr/bin/cmake --build /shared/ws1_stu/build/cpp3_nav2 -- -j12 -l12
[0.733s] Invoked command in '/shared/ws1_stu/build/cpp3_nav2' returned '0': CMAKE_PREFIX_PATH=/opt/ros/humble /usr/bin/cmake --build /shared/ws1_stu/build/cpp3_nav2 -- -j12 -l12
[0.734s] Invoking command in '/shared/ws1_stu/build/cpp3_nav2': CMAKE_PREFIX_PATH=/opt/ros/humble /usr/bin/cmake --install /shared/ws1_stu/build/cpp3_nav2
[0.742s] -- Install configuration: ""
[0.742s] -- Installing: /shared/ws1_stu/install/cpp3_nav2/share/{$PROJECT_NAME}/launch
[0.742s] -- Installing: /shared/ws1_stu/install/cpp3_nav2/share/{$PROJECT_NAME}/launch/navigation2.launch.py
[0.742s] -- Installing: /shared/ws1_stu/install/cpp3_nav2/share/{$PROJECT_NAME}/config
[0.742s] -- Installing: /shared/ws1_stu/install/cpp3_nav2/share/{$PROJECT_NAME}/config/nav2_params.yaml
[0.742s] -- Installing: /shared/ws1_stu/install/cpp3_nav2/share/{$PROJECT_NAME}/maps
[0.742s] -- Installing: /shared/ws1_stu/install/cpp3_nav2/share/{$PROJECT_NAME}/maps/room.pgm
[0.743s] -- Installing: /shared/ws1_stu/install/cpp3_nav2/share/{$PROJECT_NAME}/maps/room.yaml
[0.743s] -- Installing: /shared/ws1_stu/install/cpp3_nav2/share/ament_index/resource_index/package_run_dependencies/cpp3_nav2
[0.743s] -- Installing: /shared/ws1_stu/install/cpp3_nav2/share/ament_index/resource_index/parent_prefix_path/cpp3_nav2
[0.743s] -- Installing: /shared/ws1_stu/install/cpp3_nav2/share/cpp3_nav2/environment/ament_prefix_path.sh
[0.744s] -- Installing: /shared/ws1_stu/install/cpp3_nav2/share/cpp3_nav2/environment/ament_prefix_path.dsv
[0.744s] -- Installing: /shared/ws1_stu/install/cpp3_nav2/share/cpp3_nav2/environment/path.sh
[0.744s] -- Installing: /shared/ws1_stu/install/cpp3_nav2/share/cpp3_nav2/environment/path.dsv
[0.744s] -- Installing: /shared/ws1_stu/install/cpp3_nav2/share/cpp3_nav2/local_setup.bash
[0.744s] -- Installing: /shared/ws1_stu/install/cpp3_nav2/share/cpp3_nav2/local_setup.sh
[0.744s] -- Installing: /shared/ws1_stu/install/cpp3_nav2/share/cpp3_nav2/local_setup.zsh
[0.744s] -- Installing: /shared/ws1_stu/install/cpp3_nav2/share/cpp3_nav2/local_setup.dsv
[0.745s] -- Installing: /shared/ws1_stu/install/cpp3_nav2/share/cpp3_nav2/package.dsv
[0.745s] -- Installing: /shared/ws1_stu/install/cpp3_nav2/share/ament_index/resource_index/packages/cpp3_nav2
[0.745s] -- Installing: /shared/ws1_stu/install/cpp3_nav2/share/cpp3_nav2/cmake/cpp3_nav2Config.cmake
[0.745s] -- Installing: /shared/ws1_stu/install/cpp3_nav2/share/cpp3_nav2/cmake/cpp3_nav2Config-version.cmake
[0.745s] -- Installing: /shared/ws1_stu/install/cpp3_nav2/share/cpp3_nav2/package.xml
[0.748s] Invoked command in '/shared/ws1_stu/build/cpp3_nav2' returned '0': CMAKE_PREFIX_PATH=/opt/ros/humble /usr/bin/cmake --install /shared/ws1_stu/build/cpp3_nav2
