[0.061s] Invoking command in '/home/hzc/linux/ros2/stu/ws02_tools/build/cpp2_rosbag': CMAKE_PREFIX_PATH=${CMAKE_PREFIX_PATH}:/opt/ros/lyrical DEBUGINFOD_URLS=https://debuginfod.ubuntu.com /usr/bin/cmake --build /home/hzc/linux/ros2/stu/ws02_tools/build/cpp2_rosbag -- -j12 -l12
[0.624s] [ 50%] Built target demo1_writer
[0.624s] [100%] Built target demo1_reader
[0.637s] Invoked command in '/home/hzc/linux/ros2/stu/ws02_tools/build/cpp2_rosbag' returned '0': CMAKE_PREFIX_PATH=${CMAKE_PREFIX_PATH}:/opt/ros/lyrical DEBUGINFOD_URLS=https://debuginfod.ubuntu.com /usr/bin/cmake --build /home/hzc/linux/ros2/stu/ws02_tools/build/cpp2_rosbag -- -j12 -l12
[0.638s] Invoking command in '/home/hzc/linux/ros2/stu/ws02_tools/build/cpp2_rosbag': CMAKE_PREFIX_PATH=${CMAKE_PREFIX_PATH}:/opt/ros/lyrical DEBUGINFOD_URLS=https://debuginfod.ubuntu.com /usr/bin/cmake --install /home/hzc/linux/ros2/stu/ws02_tools/build/cpp2_rosbag
[0.876s] -- Install configuration: ""
[0.877s] -- Up-to-date: /home/hzc/linux/ros2/stu/ws02_tools/install/cpp2_rosbag/lib/cpp2_rosbag/demo1_writer
[0.877s] -- Up-to-date: /home/hzc/linux/ros2/stu/ws02_tools/install/cpp2_rosbag/lib/cpp2_rosbag/demo1_reader
[0.877s] -- Up-to-date: /home/hzc/linux/ros2/stu/ws02_tools/install/cpp2_rosbag/share/ament_index/resource_index/package_run_dependencies/cpp2_rosbag
[0.878s] -- Up-to-date: /home/hzc/linux/ros2/stu/ws02_tools/install/cpp2_rosbag/share/ament_index/resource_index/parent_prefix_path/cpp2_rosbag
[0.878s] -- Up-to-date: /home/hzc/linux/ros2/stu/ws02_tools/install/cpp2_rosbag/share/cpp2_rosbag/environment/ament_prefix_path.sh
[0.878s] -- Up-to-date: /home/hzc/linux/ros2/stu/ws02_tools/install/cpp2_rosbag/share/cpp2_rosbag/environment/ament_prefix_path.dsv
[0.878s] -- Up-to-date: /home/hzc/linux/ros2/stu/ws02_tools/install/cpp2_rosbag/share/cpp2_rosbag/environment/path.sh
[0.878s] -- Up-to-date: /home/hzc/linux/ros2/stu/ws02_tools/install/cpp2_rosbag/share/cpp2_rosbag/environment/path.dsv
[0.878s] -- Up-to-date: /home/hzc/linux/ros2/stu/ws02_tools/install/cpp2_rosbag/share/cpp2_rosbag/local_setup.bash
[0.879s] -- Up-to-date: /home/hzc/linux/ros2/stu/ws02_tools/install/cpp2_rosbag/share/cpp2_rosbag/local_setup.fish
[0.879s] -- Up-to-date: /home/hzc/linux/ros2/stu/ws02_tools/install/cpp2_rosbag/share/cpp2_rosbag/local_setup.sh
[0.879s] -- Up-to-date: /home/hzc/linux/ros2/stu/ws02_tools/install/cpp2_rosbag/share/cpp2_rosbag/local_setup.zsh
[0.880s] -- Up-to-date: /home/hzc/linux/ros2/stu/ws02_tools/install/cpp2_rosbag/share/cpp2_rosbag/local_setup.dsv
[0.880s] -- Installing: /home/hzc/linux/ros2/stu/ws02_tools/install/cpp2_rosbag/share/cpp2_rosbag/package.dsv
[0.880s] -- Up-to-date: /home/hzc/linux/ros2/stu/ws02_tools/install/cpp2_rosbag/share/ament_index/resource_index/packages/cpp2_rosbag
[0.880s] -- Up-to-date: /home/hzc/linux/ros2/stu/ws02_tools/install/cpp2_rosbag/share/cpp2_rosbag/cmake/cpp2_rosbagConfig.cmake
[0.880s] -- Up-to-date: /home/hzc/linux/ros2/stu/ws02_tools/install/cpp2_rosbag/share/cpp2_rosbag/cmake/cpp2_rosbagConfig-version.cmake
[0.881s] -- Up-to-date: /home/hzc/linux/ros2/stu/ws02_tools/install/cpp2_rosbag/share/cpp2_rosbag/package.xml
[0.937s] Invoked command in '/home/hzc/linux/ros2/stu/ws02_tools/build/cpp2_rosbag' returned '0': CMAKE_PREFIX_PATH=${CMAKE_PREFIX_PATH}:/opt/ros/lyrical DEBUGINFOD_URLS=https://debuginfod.ubuntu.com /usr/bin/cmake --install /home/hzc/linux/ros2/stu/ws02_tools/build/cpp2_rosbag
