[0.019s] Invoking command in '/shared/ws1_stu/build/cpp2_slam': CMAKE_PREFIX_PATH=${CMAKE_PREFIX_PATH}:/opt/ros/humble /usr/bin/cmake --build /shared/ws1_stu/build/cpp2_slam -- -j12 -l12
[0.066s] Invoked command in '/shared/ws1_stu/build/cpp2_slam' returned '0': CMAKE_PREFIX_PATH=${CMAKE_PREFIX_PATH}:/opt/ros/humble /usr/bin/cmake --build /shared/ws1_stu/build/cpp2_slam -- -j12 -l12
[0.068s] Invoking command in '/shared/ws1_stu/build/cpp2_slam': CMAKE_PREFIX_PATH=${CMAKE_PREFIX_PATH}:/opt/ros/humble /usr/bin/cmake --install /shared/ws1_stu/build/cpp2_slam
[0.074s] -- Install configuration: ""
[0.075s] -- Up-to-date: /shared/ws1_stu/install/cpp2_slam/share/cpp2_slam/urdf
[0.075s] -- Up-to-date: /shared/ws1_stu/install/cpp2_slam/share/cpp2_slam/urdf/first_rebot.urdf
[0.075s] -- Up-to-date: /shared/ws1_stu/install/cpp2_slam/share/cpp2_slam/urdf/first_rebot.xacro
[0.075s] -- Up-to-date: /shared/ws1_stu/install/cpp2_slam/share/cpp2_slam/urdf/car
[0.076s] -- Up-to-date: /shared/ws1_stu/install/cpp2_slam/share/cpp2_slam/urdf/car/plugins
[0.076s] -- Up-to-date: /shared/ws1_stu/install/cpp2_slam/share/cpp2_slam/urdf/car/plugins/gazebo_sensor_plugin.xacro
[0.076s] -- Up-to-date: /shared/ws1_stu/install/cpp2_slam/share/cpp2_slam/urdf/car/plugins/gazebo_control_plugin.xacro
[0.077s] -- Up-to-date: /shared/ws1_stu/install/cpp2_slam/share/cpp2_slam/urdf/car/sensor
[0.077s] -- Up-to-date: /shared/ws1_stu/install/cpp2_slam/share/cpp2_slam/urdf/car/sensor/camera.urdf.xacro
[0.077s] -- Up-to-date: /shared/ws1_stu/install/cpp2_slam/share/cpp2_slam/urdf/car/sensor/laser.urdf.xacro
[0.077s] -- Up-to-date: /shared/ws1_stu/install/cpp2_slam/share/cpp2_slam/urdf/car/sensor/imu.urdf.xacro
[0.078s] -- Up-to-date: /shared/ws1_stu/install/cpp2_slam/share/cpp2_slam/urdf/car/actuator
[0.078s] -- Up-to-date: /shared/ws1_stu/install/cpp2_slam/share/cpp2_slam/urdf/car/actuator/wheel.urdf.xacro
[0.079s] -- Up-to-date: /shared/ws1_stu/install/cpp2_slam/share/cpp2_slam/urdf/car/actuator/caster.urdf.xacro
[0.079s] -- Up-to-date: /shared/ws1_stu/install/cpp2_slam/share/cpp2_slam/urdf/car/car.urdf.xacro
[0.079s] -- Up-to-date: /shared/ws1_stu/install/cpp2_slam/share/cpp2_slam/urdf/car/base.urdf.xacro
[0.079s] -- Up-to-date: /shared/ws1_stu/install/cpp2_slam/share/cpp2_slam/urdf/car/car_ros2_control.xacro
[0.079s] -- Up-to-date: /shared/ws1_stu/install/cpp2_slam/share/cpp2_slam/urdf/car/common_inertia.xacro
[0.079s] -- Up-to-date: /shared/ws1_stu/install/cpp2_slam/share/cpp2_slam/launch
[0.079s] -- Up-to-date: /shared/ws1_stu/install/cpp2_slam/share/cpp2_slam/launch/display_robot.launch.py
[0.079s] -- Up-to-date: /shared/ws1_stu/install/cpp2_slam/share/cpp2_slam/launch/gazebo_sim.launch.py
[0.080s] -- Up-to-date: /shared/ws1_stu/install/cpp2_slam/share/cpp2_slam/config
[0.080s] -- Up-to-date: /shared/ws1_stu/install/cpp2_slam/share/cpp2_slam/config/car_ros2_controller.yaml
[0.080s] -- Up-to-date: /shared/ws1_stu/install/cpp2_slam/share/cpp2_slam/config/display_mode.rviz
[0.080s] -- Up-to-date: /shared/ws1_stu/install/cpp2_slam/share/cpp2_slam/world
[0.081s] -- Up-to-date: /shared/ws1_stu/install/cpp2_slam/share/cpp2_slam/world/custom_home1.world
[0.081s] -- Up-to-date: /shared/ws1_stu/install/cpp2_slam/share/cpp2_slam/world/home
[0.081s] -- Up-to-date: /shared/ws1_stu/install/cpp2_slam/share/cpp2_slam/world/home/model.config
[0.081s] -- Up-to-date: /shared/ws1_stu/install/cpp2_slam/share/cpp2_slam/world/home/model.sdf
[0.081s] -- Up-to-date: /shared/ws1_stu/install/cpp2_slam/share/cpp2_slam/world/custom_home.world
[0.081s] -- Up-to-date: /shared/ws1_stu/install/cpp2_slam/share/ament_index/resource_index/package_run_dependencies/cpp2_slam
[0.081s] -- Up-to-date: /shared/ws1_stu/install/cpp2_slam/share/ament_index/resource_index/parent_prefix_path/cpp2_slam
[0.081s] -- Up-to-date: /shared/ws1_stu/install/cpp2_slam/share/cpp2_slam/environment/ament_prefix_path.sh
[0.082s] -- Up-to-date: /shared/ws1_stu/install/cpp2_slam/share/cpp2_slam/environment/ament_prefix_path.dsv
[0.082s] -- Up-to-date: /shared/ws1_stu/install/cpp2_slam/share/cpp2_slam/environment/path.sh
[0.082s] -- Up-to-date: /shared/ws1_stu/install/cpp2_slam/share/cpp2_slam/environment/path.dsv
[0.082s] -- Up-to-date: /shared/ws1_stu/install/cpp2_slam/share/cpp2_slam/local_setup.bash
[0.082s] -- Up-to-date: /shared/ws1_stu/install/cpp2_slam/share/cpp2_slam/local_setup.sh
[0.082s] -- Up-to-date: /shared/ws1_stu/install/cpp2_slam/share/cpp2_slam/local_setup.zsh
[0.083s] -- Up-to-date: /shared/ws1_stu/install/cpp2_slam/share/cpp2_slam/local_setup.dsv
[0.083s] -- Installing: /shared/ws1_stu/install/cpp2_slam/share/cpp2_slam/package.dsv
[0.083s] -- Up-to-date: /shared/ws1_stu/install/cpp2_slam/share/ament_index/resource_index/packages/cpp2_slam
[0.083s] -- Up-to-date: /shared/ws1_stu/install/cpp2_slam/share/cpp2_slam/cmake/cpp2_slamConfig.cmake
[0.084s] -- Up-to-date: /shared/ws1_stu/install/cpp2_slam/share/cpp2_slam/cmake/cpp2_slamConfig-version.cmake
[0.084s] -- Up-to-date: /shared/ws1_stu/install/cpp2_slam/share/cpp2_slam/package.xml
[0.087s] Invoked command in '/shared/ws1_stu/build/cpp2_slam' returned '0': CMAKE_PREFIX_PATH=${CMAKE_PREFIX_PATH}:/opt/ros/humble /usr/bin/cmake --install /shared/ws1_stu/build/cpp2_slam
