[-1786282847518533632.000s] DEBUG:colcon:Command line arguments: ['/usr/bin/colcon', 'build', '--packages-select', 'base_interfaces']
[-1786282847518533632.000s] DEBUG:colcon:Parsed command line arguments: Namespace(log_base=None, log_level=None, verb_name='build', build_base='build', install_base='install', merge_install=False, symlink_install=False, test_result_base=None, continue_on_error=False, executor='parallel', parallel_workers=16, event_handlers=None, ignore_user_meta=False, metas=['./colcon.meta'], base_paths=['.'], packages_ignore=None, packages_ignore_regex=None, paths=None, packages_up_to=None, packages_up_to_regex=None, packages_above=None, packages_above_and_dependencies=None, packages_above_depth=None, packages_select_by_dep=None, packages_skip_by_dep=None, packages_skip_up_to=None, packages_select_build_failed=False, packages_skip_build_finished=False, packages_select_test_failures=False, packages_skip_test_passed=False, packages_select=['base_interfaces'], packages_skip=None, packages_select_regex=None, packages_skip_regex=None, packages_start=None, packages_end=None, allow_overriding=[], cmake_args=None, cmake_target=None, cmake_target_skip_unavailable=False, cmake_clean_cache=False, cmake_clean_first=False, cmake_force_configure=False, ament_cmake_args=None, catkin_cmake_args=None, catkin_skip_building_tests=False, mixin_files=None, mixin=None, verb_parser=<colcon_mixin.mixin.mixin_argument.MixinArgumentDecorator object at 0x7a7d675e8050>, verb_extension=<colcon_core.verb.build.BuildVerb object at 0x7a7d67b4b4d0>, main=<bound method BuildVerb.main of <colcon_core.verb.build.BuildVerb object at 0x7a7d67b4b4d0>>, mixin_verb=('build',))
[-1786282847518533632.000s] Level 1:colcon.colcon_core.package_discovery:discover_packages(colcon_meta) check parameters
[-1786282847518533632.000s] Level 1:colcon.colcon_core.package_discovery:discover_packages(recursive) check parameters
[-1786282847518533632.000s] Level 1:colcon.colcon_core.package_discovery:discover_packages(ignore) check parameters
[-1786282847518533632.000s] Level 1:colcon.colcon_core.package_discovery:discover_packages(path) check parameters
[-1786282847518533632.000s] Level 1:colcon.colcon_core.package_discovery:discover_packages(colcon_meta) discover
[-1786282847518533632.000s] Level 1:colcon.colcon_core.package_discovery:discover_packages(recursive) discover
[-1786282847518533632.000s] INFO:colcon.colcon_core.package_discovery:Crawling recursively for packages in '/home/hzc/linux/ros2/stu/ws02_tools'
[-1786282847518533632.000s] Level 1:colcon.colcon_core.package_identification:_identify(.) by extensions ['ignore', 'ignore_ament_install']
[-1786282847518533632.000s] Level 1:colcon.colcon_core.package_identification:_identify(.) by extension 'ignore'
[-1786282847518533632.000s] Level 1:colcon.colcon_core.package_identification:_identify(.) by extension 'ignore_ament_install'
[-1786282847518533632.000s] Level 1:colcon.colcon_core.package_identification:_identify(.) by extensions ['colcon_pkg']
[-1786282847518533632.000s] Level 1:colcon.colcon_core.package_identification:_identify(.) by extension 'colcon_pkg'
[-1786282847518533632.000s] Level 1:colcon.colcon_core.package_identification:_identify(.) by extensions ['colcon_meta']
[-1786282847518533632.000s] Level 1:colcon.colcon_core.package_identification:_identify(.) by extension 'colcon_meta'
[-1786282847518533632.000s] Level 1:colcon.colcon_core.package_identification:_identify(.) by extensions ['ros']
[-1786282847518533632.000s] Level 1:colcon.colcon_core.package_identification:_identify(.) by extension 'ros'
[-1786282847518533632.000s] Level 1:colcon.colcon_core.package_identification:_identify(.) by extensions ['cmake', 'python']
[-1786282847518533632.000s] Level 1:colcon.colcon_core.package_identification:_identify(.) by extension 'cmake'
[-1786282847518533632.000s] Level 1:colcon.colcon_core.package_identification:_identify(.) by extension 'python'
[-1786282847518533632.000s] Level 1:colcon.colcon_core.package_identification:_identify(.) by extensions ['python_setup_py']
[-1786282847518533632.000s] Level 1:colcon.colcon_core.package_identification:_identify(.) by extension 'python_setup_py'
[-1786282847518533632.000s] Level 1:colcon.colcon_core.package_identification:_identify(build) by extensions ['ignore', 'ignore_ament_install']
[-1786282847518533632.000s] Level 1:colcon.colcon_core.package_identification:_identify(build) by extension 'ignore'
[-1786282847518533632.000s] Level 1:colcon.colcon_core.package_identification:_identify(build) ignored
[-1786282847518533632.000s] Level 1:colcon.colcon_core.package_identification:_identify(install) by extensions ['ignore', 'ignore_ament_install']
[-1786282847518533632.000s] Level 1:colcon.colcon_core.package_identification:_identify(install) by extension 'ignore'
[-1786282847518533632.000s] Level 1:colcon.colcon_core.package_identification:_identify(install) ignored
[-1786282847518533632.000s] Level 1:colcon.colcon_core.package_identification:_identify(log) by extensions ['ignore', 'ignore_ament_install']
[-1786282847518533632.000s] Level 1:colcon.colcon_core.package_identification:_identify(log) by extension 'ignore'
[-1786282847518533632.000s] Level 1:colcon.colcon_core.package_identification:_identify(log) ignored
[-1786282847518533632.000s] Level 1:colcon.colcon_core.package_identification:_identify(my_bag) by extensions ['ignore', 'ignore_ament_install']
[-1786282847518533632.000s] Level 1:colcon.colcon_core.package_identification:_identify(my_bag) by extension 'ignore'
[-1786282847518533632.000s] Level 1:colcon.colcon_core.package_identification:_identify(my_bag) by extension 'ignore_ament_install'
[-1786282847518533632.000s] Level 1:colcon.colcon_core.package_identification:_identify(my_bag) by extensions ['colcon_pkg']
[-1786282847518533632.000s] Level 1:colcon.colcon_core.package_identification:_identify(my_bag) by extension 'colcon_pkg'
[-1786282847518533632.000s] Level 1:colcon.colcon_core.package_identification:_identify(my_bag) by extensions ['colcon_meta']
[-1786282847518533632.000s] Level 1:colcon.colcon_core.package_identification:_identify(my_bag) by extension 'colcon_meta'
[-1786282847518533632.000s] Level 1:colcon.colcon_core.package_identification:_identify(my_bag) by extensions ['ros']
[-1786282847518533632.000s] Level 1:colcon.colcon_core.package_identification:_identify(my_bag) by extension 'ros'
[-1786282847518533632.000s] Level 1:colcon.colcon_core.package_identification:_identify(my_bag) by extensions ['cmake', 'python']
[-1786282847518533632.000s] Level 1:colcon.colcon_core.package_identification:_identify(my_bag) by extension 'cmake'
[-1786282847518533632.000s] Level 1:colcon.colcon_core.package_identification:_identify(my_bag) by extension 'python'
[-1786282847518533632.000s] Level 1:colcon.colcon_core.package_identification:_identify(my_bag) by extensions ['python_setup_py']
[-1786282847518533632.000s] Level 1:colcon.colcon_core.package_identification:_identify(my_bag) by extension 'python_setup_py'
[-1786282847518533632.000s] Level 1:colcon.colcon_core.package_identification:_identify(src) by extensions ['ignore', 'ignore_ament_install']
[-1786282847518533632.000s] Level 1:colcon.colcon_core.package_identification:_identify(src) by extension 'ignore'
[-1786282847518533632.000s] Level 1:colcon.colcon_core.package_identification:_identify(src) by extension 'ignore_ament_install'
[-1786282847518533632.000s] Level 1:colcon.colcon_core.package_identification:_identify(src) by extensions ['colcon_pkg']
[-1786282847518533632.000s] Level 1:colcon.colcon_core.package_identification:_identify(src) by extension 'colcon_pkg'
[-1786282847518533632.000s] Level 1:colcon.colcon_core.package_identification:_identify(src) by extensions ['colcon_meta']
[-1786282847518533632.000s] Level 1:colcon.colcon_core.package_identification:_identify(src) by extension 'colcon_meta'
[-1786282847518533632.000s] Level 1:colcon.colcon_core.package_identification:_identify(src) by extensions ['ros']
[-1786282847518533632.000s] Level 1:colcon.colcon_core.package_identification:_identify(src) by extension 'ros'
[-1786282847518533632.000s] Level 1:colcon.colcon_core.package_identification:_identify(src) by extensions ['cmake', 'python']
[-1786282847518533632.000s] Level 1:colcon.colcon_core.package_identification:_identify(src) by extension 'cmake'
[-1786282847518533632.000s] Level 1:colcon.colcon_core.package_identification:_identify(src) by extension 'python'
[-1786282847518533632.000s] Level 1:colcon.colcon_core.package_identification:_identify(src) by extensions ['python_setup_py']
[-1786282847518533632.000s] Level 1:colcon.colcon_core.package_identification:_identify(src) by extension 'python_setup_py'
[-1786282847518533632.000s] Level 1:colcon.colcon_core.package_identification:_identify(src/base_interfaces) by extensions ['ignore', 'ignore_ament_install']
[-1786282847518533632.000s] Level 1:colcon.colcon_core.package_identification:_identify(src/base_interfaces) by extension 'ignore'
[-1786282847518533632.000s] Level 1:colcon.colcon_core.package_identification:_identify(src/base_interfaces) by extension 'ignore_ament_install'
[-1786282847518533632.000s] Level 1:colcon.colcon_core.package_identification:_identify(src/base_interfaces) by extensions ['colcon_pkg']
[-1786282847518533632.000s] Level 1:colcon.colcon_core.package_identification:_identify(src/base_interfaces) by extension 'colcon_pkg'
[-1786282847518533632.000s] Level 1:colcon.colcon_core.package_identification:_identify(src/base_interfaces) by extensions ['colcon_meta']
[-1786282847518533632.000s] Level 1:colcon.colcon_core.package_identification:_identify(src/base_interfaces) by extension 'colcon_meta'
[-1786282847518533632.000s] Level 1:colcon.colcon_core.package_identification:_identify(src/base_interfaces) by extensions ['ros']
[-1786282847518533632.000s] Level 1:colcon.colcon_core.package_identification:_identify(src/base_interfaces) by extension 'ros'
[-1786282847518533632.000s] DEBUG:colcon.colcon_core.package_identification:Package 'src/base_interfaces' with type 'ros.ament_cmake' and name 'base_interfaces'
[-1786282847518533632.000s] Level 1:colcon.colcon_core.package_identification:_identify(src/cpp1_launch) by extensions ['ignore', 'ignore_ament_install']
[-1786282847518533632.000s] Level 1:colcon.colcon_core.package_identification:_identify(src/cpp1_launch) by extension 'ignore'
[-1786282847518533632.000s] Level 1:colcon.colcon_core.package_identification:_identify(src/cpp1_launch) by extension 'ignore_ament_install'
[-1786282847518533632.000s] Level 1:colcon.colcon_core.package_identification:_identify(src/cpp1_launch) by extensions ['colcon_pkg']
[-1786282847518533632.000s] Level 1:colcon.colcon_core.package_identification:_identify(src/cpp1_launch) by extension 'colcon_pkg'
[-1786282847518533632.000s] Level 1:colcon.colcon_core.package_identification:_identify(src/cpp1_launch) by extensions ['colcon_meta']
[-1786282847518533632.000s] Level 1:colcon.colcon_core.package_identification:_identify(src/cpp1_launch) by extension 'colcon_meta'
[-1786282847518533632.000s] Level 1:colcon.colcon_core.package_identification:_identify(src/cpp1_launch) by extensions ['ros']
[-1786282847518533632.000s] Level 1:colcon.colcon_core.package_identification:_identify(src/cpp1_launch) by extension 'ros'
[-1786282847518533632.000s] DEBUG:colcon.colcon_core.package_identification:Package 'src/cpp1_launch' with type 'ros.ament_cmake' and name 'cpp1_launch'
[-1786282847518533632.000s] Level 1:colcon.colcon_core.package_identification:_identify(src/cpp2_rosbag) by extensions ['ignore', 'ignore_ament_install']
[-1786282847518533632.000s] Level 1:colcon.colcon_core.package_identification:_identify(src/cpp2_rosbag) by extension 'ignore'
[-1786282847518533632.000s] Level 1:colcon.colcon_core.package_identification:_identify(src/cpp2_rosbag) by extension 'ignore_ament_install'
[-1786282847518533632.000s] Level 1:colcon.colcon_core.package_identification:_identify(src/cpp2_rosbag) by extensions ['colcon_pkg']
[-1786282847518533632.000s] Level 1:colcon.colcon_core.package_identification:_identify(src/cpp2_rosbag) by extension 'colcon_pkg'
[-1786282847518533632.000s] Level 1:colcon.colcon_core.package_identification:_identify(src/cpp2_rosbag) by extensions ['colcon_meta']
[-1786282847518533632.000s] Level 1:colcon.colcon_core.package_identification:_identify(src/cpp2_rosbag) by extension 'colcon_meta'
[-1786282847518533632.000s] Level 1:colcon.colcon_core.package_identification:_identify(src/cpp2_rosbag) by extensions ['ros']
[-1786282847518533632.000s] Level 1:colcon.colcon_core.package_identification:_identify(src/cpp2_rosbag) by extension 'ros'
[-1786282847518533632.000s] DEBUG:colcon.colcon_core.package_identification:Package 'src/cpp2_rosbag' with type 'ros.ament_cmake' and name 'cpp2_rosbag'
[-1786282847518533632.000s] Level 1:colcon.colcon_core.package_identification:_identify(src/cpp3_tf_broadcaster) by extensions ['ignore', 'ignore_ament_install']
[-1786282847518533632.000s] Level 1:colcon.colcon_core.package_identification:_identify(src/cpp3_tf_broadcaster) by extension 'ignore'
[-1786282847518533632.000s] Level 1:colcon.colcon_core.package_identification:_identify(src/cpp3_tf_broadcaster) by extension 'ignore_ament_install'
[-1786282847518533632.000s] Level 1:colcon.colcon_core.package_identification:_identify(src/cpp3_tf_broadcaster) by extensions ['colcon_pkg']
[-1786282847518533632.000s] Level 1:colcon.colcon_core.package_identification:_identify(src/cpp3_tf_broadcaster) by extension 'colcon_pkg'
[-1786282847518533632.000s] Level 1:colcon.colcon_core.package_identification:_identify(src/cpp3_tf_broadcaster) by extensions ['colcon_meta']
[-1786282847518533632.000s] Level 1:colcon.colcon_core.package_identification:_identify(src/cpp3_tf_broadcaster) by extension 'colcon_meta'
[-1786282847518533632.000s] Level 1:colcon.colcon_core.package_identification:_identify(src/cpp3_tf_broadcaster) by extensions ['ros']
[-1786282847518533632.000s] Level 1:colcon.colcon_core.package_identification:_identify(src/cpp3_tf_broadcaster) by extension 'ros'
[-1786282847518533632.000s] DEBUG:colcon.colcon_core.package_identification:Package 'src/cpp3_tf_broadcaster' with type 'ros.ament_cmake' and name 'cpp3_tf_broadcaster'
[-1786282847518533632.000s] Level 1:colcon.colcon_core.package_identification:_identify(src/cpp4_tf_listener) by extensions ['ignore', 'ignore_ament_install']
[-1786282847518533632.000s] Level 1:colcon.colcon_core.package_identification:_identify(src/cpp4_tf_listener) by extension 'ignore'
[-1786282847518533632.000s] Level 1:colcon.colcon_core.package_identification:_identify(src/cpp4_tf_listener) by extension 'ignore_ament_install'
[-1786282847518533632.000s] Level 1:colcon.colcon_core.package_identification:_identify(src/cpp4_tf_listener) by extensions ['colcon_pkg']
[-1786282847518533632.000s] Level 1:colcon.colcon_core.package_identification:_identify(src/cpp4_tf_listener) by extension 'colcon_pkg'
[-1786282847518533632.000s] Level 1:colcon.colcon_core.package_identification:_identify(src/cpp4_tf_listener) by extensions ['colcon_meta']
[-1786282847518533632.000s] Level 1:colcon.colcon_core.package_identification:_identify(src/cpp4_tf_listener) by extension 'colcon_meta'
[-1786282847518533632.000s] Level 1:colcon.colcon_core.package_identification:_identify(src/cpp4_tf_listener) by extensions ['ros']
[-1786282847518533632.000s] Level 1:colcon.colcon_core.package_identification:_identify(src/cpp4_tf_listener) by extension 'ros'
[-1786282847518533632.000s] DEBUG:colcon.colcon_core.package_identification:Package 'src/cpp4_tf_listener' with type 'ros.ament_cmake' and name 'cpp4_tf_listener'
[-1786282847518533632.000s] Level 1:colcon.colcon_core.package_identification:_identify(src/cpp5_exercise) by extensions ['ignore', 'ignore_ament_install']
[-1786282847518533632.000s] Level 1:colcon.colcon_core.package_identification:_identify(src/cpp5_exercise) by extension 'ignore'
[-1786282847518533632.000s] Level 1:colcon.colcon_core.package_identification:_identify(src/cpp5_exercise) by extension 'ignore_ament_install'
[-1786282847518533632.000s] Level 1:colcon.colcon_core.package_identification:_identify(src/cpp5_exercise) by extensions ['colcon_pkg']
[-1786282847518533632.000s] Level 1:colcon.colcon_core.package_identification:_identify(src/cpp5_exercise) by extension 'colcon_pkg'
[-1786282847518533632.000s] Level 1:colcon.colcon_core.package_identification:_identify(src/cpp5_exercise) by extensions ['colcon_meta']
[-1786282847518533632.000s] Level 1:colcon.colcon_core.package_identification:_identify(src/cpp5_exercise) by extension 'colcon_meta'
[-1786282847518533632.000s] Level 1:colcon.colcon_core.package_identification:_identify(src/cpp5_exercise) by extensions ['ros']
[-1786282847518533632.000s] Level 1:colcon.colcon_core.package_identification:_identify(src/cpp5_exercise) by extension 'ros'
[-1786282847518533632.000s] DEBUG:colcon.colcon_core.package_identification:Package 'src/cpp5_exercise' with type 'ros.ament_cmake' and name 'cpp5_exercise'
[-1786282847518533632.000s] Level 1:colcon.colcon_core.package_identification:_identify(src/cpp6_urdf) by extensions ['ignore', 'ignore_ament_install']
[-1786282847518533632.000s] Level 1:colcon.colcon_core.package_identification:_identify(src/cpp6_urdf) by extension 'ignore'
[-1786282847518533632.000s] Level 1:colcon.colcon_core.package_identification:_identify(src/cpp6_urdf) by extension 'ignore_ament_install'
[-1786282847518533632.000s] Level 1:colcon.colcon_core.package_identification:_identify(src/cpp6_urdf) by extensions ['colcon_pkg']
[-1786282847518533632.000s] Level 1:colcon.colcon_core.package_identification:_identify(src/cpp6_urdf) by extension 'colcon_pkg'
[-1786282847518533632.000s] Level 1:colcon.colcon_core.package_identification:_identify(src/cpp6_urdf) by extensions ['colcon_meta']
[-1786282847518533632.000s] Level 1:colcon.colcon_core.package_identification:_identify(src/cpp6_urdf) by extension 'colcon_meta'
[-1786282847518533632.000s] Level 1:colcon.colcon_core.package_identification:_identify(src/cpp6_urdf) by extensions ['ros']
[-1786282847518533632.000s] Level 1:colcon.colcon_core.package_identification:_identify(src/cpp6_urdf) by extension 'ros'
[-1786282847518533632.000s] DEBUG:colcon.colcon_core.package_identification:Package 'src/cpp6_urdf' with type 'ros.ament_cmake' and name 'cpp6_urdf'
[-1786282847518533632.000s] Level 1:colcon.colcon_core.package_identification:_identify(src/cpp7_gazebo) by extensions ['ignore', 'ignore_ament_install']
[-1786282847518533632.000s] Level 1:colcon.colcon_core.package_identification:_identify(src/cpp7_gazebo) by extension 'ignore'
[-1786282847518533632.000s] Level 1:colcon.colcon_core.package_identification:_identify(src/cpp7_gazebo) by extension 'ignore_ament_install'
[-1786282847518533632.000s] Level 1:colcon.colcon_core.package_identification:_identify(src/cpp7_gazebo) by extensions ['colcon_pkg']
[-1786282847518533632.000s] Level 1:colcon.colcon_core.package_identification:_identify(src/cpp7_gazebo) by extension 'colcon_pkg'
[-1786282847518533632.000s] Level 1:colcon.colcon_core.package_identification:_identify(src/cpp7_gazebo) by extensions ['colcon_meta']
[-1786282847518533632.000s] Level 1:colcon.colcon_core.package_identification:_identify(src/cpp7_gazebo) by extension 'colcon_meta'
[-1786282847518533632.000s] Level 1:colcon.colcon_core.package_identification:_identify(src/cpp7_gazebo) by extensions ['ros']
[-1786282847518533632.000s] Level 1:colcon.colcon_core.package_identification:_identify(src/cpp7_gazebo) by extension 'ros'
[-1786282847518533632.000s] DEBUG:colcon.colcon_core.package_identification:Package 'src/cpp7_gazebo' with type 'ros.ament_cmake' and name 'cpp7_gazebo'
[-1786282847518533632.000s] Level 1:colcon.colcon_core.package_identification:_identify(src/py1_launch) by extensions ['ignore', 'ignore_ament_install']
[-1786282847518533632.000s] Level 1:colcon.colcon_core.package_identification:_identify(src/py1_launch) by extension 'ignore'
[-1786282847518533632.000s] Level 1:colcon.colcon_core.package_identification:_identify(src/py1_launch) by extension 'ignore_ament_install'
[-1786282847518533632.000s] Level 1:colcon.colcon_core.package_identification:_identify(src/py1_launch) by extensions ['colcon_pkg']
[-1786282847518533632.000s] Level 1:colcon.colcon_core.package_identification:_identify(src/py1_launch) by extension 'colcon_pkg'
[-1786282847518533632.000s] Level 1:colcon.colcon_core.package_identification:_identify(src/py1_launch) by extensions ['colcon_meta']
[-1786282847518533632.000s] Level 1:colcon.colcon_core.package_identification:_identify(src/py1_launch) by extension 'colcon_meta'
[-1786282847518533632.000s] Level 1:colcon.colcon_core.package_identification:_identify(src/py1_launch) by extensions ['ros']
[-1786282847518533632.000s] Level 1:colcon.colcon_core.package_identification:_identify(src/py1_launch) by extension 'ros'
[-1786282847518533632.000s] DEBUG:colcon.colcon_core.package_identification:Package 'src/py1_launch' with type 'ros.ament_python' and name 'py1_launch'
[-1786282847518533632.000s] Level 1:colcon.colcon_core.package_identification:_identify(src/py2_rosbag) by extensions ['ignore', 'ignore_ament_install']
[-1786282847518533632.000s] Level 1:colcon.colcon_core.package_identification:_identify(src/py2_rosbag) by extension 'ignore'
[-1786282847518533632.000s] Level 1:colcon.colcon_core.package_identification:_identify(src/py2_rosbag) by extension 'ignore_ament_install'
[-1786282847518533632.000s] Level 1:colcon.colcon_core.package_identification:_identify(src/py2_rosbag) by extensions ['colcon_pkg']
[-1786282847518533632.000s] Level 1:colcon.colcon_core.package_identification:_identify(src/py2_rosbag) by extension 'colcon_pkg'
[-1786282847518533632.000s] Level 1:colcon.colcon_core.package_identification:_identify(src/py2_rosbag) by extensions ['colcon_meta']
[-1786282847518533632.000s] Level 1:colcon.colcon_core.package_identification:_identify(src/py2_rosbag) by extension 'colcon_meta'
[-1786282847518533632.000s] Level 1:colcon.colcon_core.package_identification:_identify(src/py2_rosbag) by extensions ['ros']
[-1786282847518533632.000s] Level 1:colcon.colcon_core.package_identification:_identify(src/py2_rosbag) by extension 'ros'
[-1786282847518533632.000s] DEBUG:colcon.colcon_core.package_identification:Package 'src/py2_rosbag' with type 'ros.ament_python' and name 'py2_rosbag'
[-1786282847518533632.000s] Level 1:colcon.colcon_core.package_identification:_identify(src/py3_tf_broadcaster) by extensions ['ignore', 'ignore_ament_install']
[-1786282847518533632.000s] Level 1:colcon.colcon_core.package_identification:_identify(src/py3_tf_broadcaster) by extension 'ignore'
[-1786282847518533632.000s] Level 1:colcon.colcon_core.package_identification:_identify(src/py3_tf_broadcaster) by extension 'ignore_ament_install'
[-1786282847518533632.000s] Level 1:colcon.colcon_core.package_identification:_identify(src/py3_tf_broadcaster) by extensions ['colcon_pkg']
[-1786282847518533632.000s] Level 1:colcon.colcon_core.package_identification:_identify(src/py3_tf_broadcaster) by extension 'colcon_pkg'
[-1786282847518533632.000s] Level 1:colcon.colcon_core.package_identification:_identify(src/py3_tf_broadcaster) by extensions ['colcon_meta']
[-1786282847518533632.000s] Level 1:colcon.colcon_core.package_identification:_identify(src/py3_tf_broadcaster) by extension 'colcon_meta'
[-1786282847518533632.000s] Level 1:colcon.colcon_core.package_identification:_identify(src/py3_tf_broadcaster) by extensions ['ros']
[-1786282847518533632.000s] Level 1:colcon.colcon_core.package_identification:_identify(src/py3_tf_broadcaster) by extension 'ros'
[-1786282847518533632.000s] DEBUG:colcon.colcon_core.package_identification:Package 'src/py3_tf_broadcaster' with type 'ros.ament_python' and name 'py3_tf_broadcaster'
[-1786282847518533632.000s] Level 1:colcon.colcon_core.package_identification:_identify(src/py4_tf_listener) by extensions ['ignore', 'ignore_ament_install']
[-1786282847518533632.000s] Level 1:colcon.colcon_core.package_identification:_identify(src/py4_tf_listener) by extension 'ignore'
[-1786282847518533632.000s] Level 1:colcon.colcon_core.package_identification:_identify(src/py4_tf_listener) by extension 'ignore_ament_install'
[-1786282847518533632.000s] Level 1:colcon.colcon_core.package_identification:_identify(src/py4_tf_listener) by extensions ['colcon_pkg']
[-1786282847518533632.000s] Level 1:colcon.colcon_core.package_identification:_identify(src/py4_tf_listener) by extension 'colcon_pkg'
[-1786282847518533632.000s] Level 1:colcon.colcon_core.package_identification:_identify(src/py4_tf_listener) by extensions ['colcon_meta']
[-1786282847518533632.000s] Level 1:colcon.colcon_core.package_identification:_identify(src/py4_tf_listener) by extension 'colcon_meta'
[-1786282847518533632.000s] Level 1:colcon.colcon_core.package_identification:_identify(src/py4_tf_listener) by extensions ['ros']
[-1786282847518533632.000s] Level 1:colcon.colcon_core.package_identification:_identify(src/py4_tf_listener) by extension 'ros'
[-1786282847518533632.000s] DEBUG:colcon.colcon_core.package_identification:Package 'src/py4_tf_listener' with type 'ros.ament_python' and name 'py4_tf_listener'
[-1786282847518533632.000s] Level 1:colcon.colcon_core.package_identification:_identify(src/py5_exercise) by extensions ['ignore', 'ignore_ament_install']
[-1786282847518533632.000s] Level 1:colcon.colcon_core.package_identification:_identify(src/py5_exercise) by extension 'ignore'
[-1786282847518533632.000s] Level 1:colcon.colcon_core.package_identification:_identify(src/py5_exercise) by extension 'ignore_ament_install'
[-1786282847518533632.000s] Level 1:colcon.colcon_core.package_identification:_identify(src/py5_exercise) by extensions ['colcon_pkg']
[-1786282847518533632.000s] Level 1:colcon.colcon_core.package_identification:_identify(src/py5_exercise) by extension 'colcon_pkg'
[-1786282847518533632.000s] Level 1:colcon.colcon_core.package_identification:_identify(src/py5_exercise) by extensions ['colcon_meta']
[-1786282847518533632.000s] Level 1:colcon.colcon_core.package_identification:_identify(src/py5_exercise) by extension 'colcon_meta'
[-1786282847518533632.000s] Level 1:colcon.colcon_core.package_identification:_identify(src/py5_exercise) by extensions ['ros']
[-1786282847518533632.000s] Level 1:colcon.colcon_core.package_identification:_identify(src/py5_exercise) by extension 'ros'
[-1786282847518533632.000s] DEBUG:colcon.colcon_core.package_identification:Package 'src/py5_exercise' with type 'ros.ament_python' and name 'py5_exercise'
[-1786282847518533632.000s] Level 1:colcon.colcon_core.package_discovery:discover_packages(recursive) using defaults
[-1786282847518533632.000s] Level 1:colcon.colcon_core.package_discovery:discover_packages(ignore) discover
[-1786282847518533632.000s] Level 1:colcon.colcon_core.package_discovery:discover_packages(ignore) using defaults
[-1786282847518533632.000s] Level 1:colcon.colcon_core.package_discovery:discover_packages(path) discover
[-1786282847518533632.000s] Level 1:colcon.colcon_core.package_discovery:discover_packages(path) using defaults
[-1786282847518533632.000s] INFO:colcon.colcon_core.package_selection:Skipping not selected package 'cpp1_launch' in 'src/cpp1_launch'
[-1786282847518533632.000s] INFO:colcon.colcon_core.package_selection:Skipping not selected package 'cpp2_rosbag' in 'src/cpp2_rosbag'
[-1786282847518533632.000s] INFO:colcon.colcon_core.package_selection:Skipping not selected package 'cpp3_tf_broadcaster' in 'src/cpp3_tf_broadcaster'
[-1786282847518533632.000s] INFO:colcon.colcon_core.package_selection:Skipping not selected package 'cpp4_tf_listener' in 'src/cpp4_tf_listener'
[-1786282847518533632.000s] INFO:colcon.colcon_core.package_selection:Skipping not selected package 'cpp5_exercise' in 'src/cpp5_exercise'
[-1786282847518533632.000s] INFO:colcon.colcon_core.package_selection:Skipping not selected package 'cpp6_urdf' in 'src/cpp6_urdf'
[-1786282847518533632.000s] INFO:colcon.colcon_core.package_selection:Skipping not selected package 'cpp7_gazebo' in 'src/cpp7_gazebo'
[-1786282847518533632.000s] INFO:colcon.colcon_core.package_selection:Skipping not selected package 'py1_launch' in 'src/py1_launch'
[-1786282847518533632.000s] INFO:colcon.colcon_core.package_selection:Skipping not selected package 'py2_rosbag' in 'src/py2_rosbag'
[-1786282847518533632.000s] INFO:colcon.colcon_core.package_selection:Skipping not selected package 'py3_tf_broadcaster' in 'src/py3_tf_broadcaster'
[-1786282847518533632.000s] INFO:colcon.colcon_core.package_selection:Skipping not selected package 'py4_tf_listener' in 'src/py4_tf_listener'
[-1786282847518533632.000s] INFO:colcon.colcon_core.package_selection:Skipping not selected package 'py5_exercise' in 'src/py5_exercise'
[-1786282847518533632.000s] Level 1:colcon.colcon_core.package_discovery:discover_packages(prefix_path) check parameters
[-1786282847518533632.000s] Level 1:colcon.colcon_core.package_discovery:discover_packages(prefix_path) discover
[-1786282847518533632.000s] DEBUG:colcon.colcon_installed_package_information.package_discovery:Found 374 installed packages in /opt/ros/lyrical
[-1786282847518533632.000s] Level 1:colcon.colcon_core.package_discovery:discover_packages(prefix_path) using defaults
[-1786282847518533632.000s] Level 5:colcon.colcon_core.verb:set package 'base_interfaces' build argument 'cmake_args' from command line to 'None'
[-1786282847518533632.000s] Level 5:colcon.colcon_core.verb:set package 'base_interfaces' build argument 'cmake_target' from command line to 'None'
[-1786282847518533632.000s] Level 5:colcon.colcon_core.verb:set package 'base_interfaces' build argument 'cmake_target_skip_unavailable' from command line to 'False'
[-1786282847518533632.000s] Level 5:colcon.colcon_core.verb:set package 'base_interfaces' build argument 'cmake_clean_cache' from command line to 'False'
[-1786282847518533632.000s] Level 5:colcon.colcon_core.verb:set package 'base_interfaces' build argument 'cmake_clean_first' from command line to 'False'
[-1786282847518533632.000s] Level 5:colcon.colcon_core.verb:set package 'base_interfaces' build argument 'cmake_force_configure' from command line to 'False'
[-1786282847518533632.000s] Level 5:colcon.colcon_core.verb:set package 'base_interfaces' build argument 'ament_cmake_args' from command line to 'None'
[-1786282847518533632.000s] Level 5:colcon.colcon_core.verb:set package 'base_interfaces' build argument 'catkin_cmake_args' from command line to 'None'
[-1786282847518533632.000s] Level 5:colcon.colcon_core.verb:set package 'base_interfaces' build argument 'catkin_skip_building_tests' from command line to 'False'
[-1786282847518533632.000s] DEBUG:colcon.colcon_core.verb:Building package 'base_interfaces' with the following arguments: {'ament_cmake_args': None, 'build_base': '/home/hzc/linux/ros2/stu/ws02_tools/build/base_interfaces', 'catkin_cmake_args': None, 'catkin_skip_building_tests': False, 'cmake_args': None, 'cmake_clean_cache': False, 'cmake_clean_first': False, 'cmake_force_configure': False, 'cmake_target': None, 'cmake_target_skip_unavailable': False, 'install_base': '/home/hzc/linux/ros2/stu/ws02_tools/install/base_interfaces', 'merge_install': False, 'path': '/home/hzc/linux/ros2/stu/ws02_tools/src/base_interfaces', 'symlink_install': False, 'test_result_base': None}
[-1786282847518533632.000s] INFO:colcon.colcon_core.executor:Executing jobs using 'parallel' executor
[-1786282847518533632.000s] DEBUG:colcon.colcon_parallel_executor.executor.parallel:run_until_complete
[-1786282847518533632.000s] INFO:colcon.colcon_ros.task.ament_cmake.build:Building ROS package in '/home/hzc/linux/ros2/stu/ws02_tools/src/base_interfaces' with build type 'ament_cmake'
[-1786282847518533632.000s] INFO:colcon.colcon_cmake.task.cmake.build:Building CMake package in '/home/hzc/linux/ros2/stu/ws02_tools/src/base_interfaces'
[-1786282847518533632.000s] INFO:colcon.colcon_core.plugin_system:Skipping extension 'colcon_core.shell.bat': Not used on non-Windows systems
[-1786282847518533632.000s] INFO:colcon.colcon_core.shell:Skip shell extension 'powershell' for command environment: Not usable outside of PowerShell
[-1786282847518533632.000s] DEBUG:colcon.colcon_core.shell:Skip shell extension 'dsv' for command environment
[-1786282847518533632.000s] DEBUG:colcon.colcon_core.event_handler.log_command:Invoking command in '/home/hzc/linux/ros2/stu/ws02_tools/build/base_interfaces': CMAKE_PREFIX_PATH=${CMAKE_PREFIX_PATH}:/opt/ros/lyrical DEBUGINFOD_URLS=https://debuginfod.ubuntu.com /usr/bin/cmake /home/hzc/linux/ros2/stu/ws02_tools/src/base_interfaces -DCMAKE_INSTALL_PREFIX=/home/hzc/linux/ros2/stu/ws02_tools/install/base_interfaces
[-1786282847518533632.000s] DEBUG:colcon.colcon_core.event_handler.log_command:Invoked command in '/home/hzc/linux/ros2/stu/ws02_tools/build/base_interfaces' returned '0': CMAKE_PREFIX_PATH=${CMAKE_PREFIX_PATH}:/opt/ros/lyrical DEBUGINFOD_URLS=https://debuginfod.ubuntu.com /usr/bin/cmake /home/hzc/linux/ros2/stu/ws02_tools/src/base_interfaces -DCMAKE_INSTALL_PREFIX=/home/hzc/linux/ros2/stu/ws02_tools/install/base_interfaces
[-1786282847518533632.000s] DEBUG:colcon.colcon_core.event_handler.log_command:Invoking command in '/home/hzc/linux/ros2/stu/ws02_tools/build/base_interfaces': CMAKE_PREFIX_PATH=${CMAKE_PREFIX_PATH}:/opt/ros/lyrical DEBUGINFOD_URLS=https://debuginfod.ubuntu.com /usr/bin/cmake --build /home/hzc/linux/ros2/stu/ws02_tools/build/base_interfaces -- -j16 -l16
[-1786282847518533632.000s] DEBUG:colcon.colcon_core.event_handler.log_command:Invoked command in '/home/hzc/linux/ros2/stu/ws02_tools/build/base_interfaces' returned '0': CMAKE_PREFIX_PATH=${CMAKE_PREFIX_PATH}:/opt/ros/lyrical DEBUGINFOD_URLS=https://debuginfod.ubuntu.com /usr/bin/cmake --build /home/hzc/linux/ros2/stu/ws02_tools/build/base_interfaces -- -j16 -l16
[-1786282847518533632.000s] DEBUG:colcon.colcon_core.event_handler.log_command:Invoking command in '/home/hzc/linux/ros2/stu/ws02_tools/build/base_interfaces': CMAKE_PREFIX_PATH=${CMAKE_PREFIX_PATH}:/opt/ros/lyrical DEBUGINFOD_URLS=https://debuginfod.ubuntu.com /usr/bin/cmake --install /home/hzc/linux/ros2/stu/ws02_tools/build/base_interfaces
[-1786282847518533632.000s] Level 1:colcon.colcon_core.environment:create_environment_scripts_only(base_interfaces)
[-1786282847518533632.000s] DEBUG:colcon.colcon_core.event_handler.log_command:Invoked command in '/home/hzc/linux/ros2/stu/ws02_tools/build/base_interfaces' returned '0': CMAKE_PREFIX_PATH=${CMAKE_PREFIX_PATH}:/opt/ros/lyrical DEBUGINFOD_URLS=https://debuginfod.ubuntu.com /usr/bin/cmake --install /home/hzc/linux/ros2/stu/ws02_tools/build/base_interfaces
[-1786282847518533632.000s] Level 1:colcon.colcon_core.environment:checking '/home/hzc/linux/ros2/stu/ws02_tools/install/base_interfaces' for CMake module files
[-1786282847518533632.000s] Level 1:colcon.colcon_core.environment:checking '/home/hzc/linux/ros2/stu/ws02_tools/install/base_interfaces' for CMake config files
[-1786282847518533632.000s] Level 1:colcon.colcon_core.shell:create_environment_hook('base_interfaces', 'cmake_prefix_path')
[-1786282847518533632.000s] INFO:colcon.colcon_core.shell:Creating environment hook '/home/hzc/linux/ros2/stu/ws02_tools/install/base_interfaces/share/base_interfaces/hook/cmake_prefix_path.ps1'
[-1786282847518533632.000s] INFO:colcon.colcon_core.shell:Creating environment descriptor '/home/hzc/linux/ros2/stu/ws02_tools/install/base_interfaces/share/base_interfaces/hook/cmake_prefix_path.dsv'
[-1786282847518533632.000s] INFO:colcon.colcon_core.shell:Creating environment hook '/home/hzc/linux/ros2/stu/ws02_tools/install/base_interfaces/share/base_interfaces/hook/cmake_prefix_path.sh'
[-1786282847518533632.000s] Level 1:colcon.colcon_core.environment:checking '/home/hzc/linux/ros2/stu/ws02_tools/install/base_interfaces/lib'
[-1786282847518533632.000s] Level 1:colcon.colcon_core.shell:create_environment_hook('base_interfaces', 'ld_library_path_lib')
[-1786282847518533632.000s] INFO:colcon.colcon_core.shell:Creating environment hook '/home/hzc/linux/ros2/stu/ws02_tools/install/base_interfaces/share/base_interfaces/hook/ld_library_path_lib.ps1'
[-1786282847518533632.000s] INFO:colcon.colcon_core.shell:Creating environment descriptor '/home/hzc/linux/ros2/stu/ws02_tools/install/base_interfaces/share/base_interfaces/hook/ld_library_path_lib.dsv'
[-1786282847518533632.000s] INFO:colcon.colcon_core.shell:Creating environment hook '/home/hzc/linux/ros2/stu/ws02_tools/install/base_interfaces/share/base_interfaces/hook/ld_library_path_lib.sh'
[-1786282847518533632.000s] Level 1:colcon.colcon_core.environment:checking '/home/hzc/linux/ros2/stu/ws02_tools/install/base_interfaces/bin'
[-1786282847518533632.000s] Level 1:colcon.colcon_core.environment:checking '/home/hzc/linux/ros2/stu/ws02_tools/install/base_interfaces/lib/pkgconfig/base_interfaces.pc'
[-1786282847518533632.000s] Level 1:colcon.colcon_core.environment:checking '/home/hzc/linux/ros2/stu/ws02_tools/install/base_interfaces/lib/python3.14/site-packages'
[-1786282847518533632.000s] Level 1:colcon.colcon_core.shell:create_environment_hook('base_interfaces', 'pythonpath')
[-1786282847518533632.000s] INFO:colcon.colcon_core.shell:Creating environment hook '/home/hzc/linux/ros2/stu/ws02_tools/install/base_interfaces/share/base_interfaces/hook/pythonpath.ps1'
[-1786282847518533632.000s] INFO:colcon.colcon_core.shell:Creating environment descriptor '/home/hzc/linux/ros2/stu/ws02_tools/install/base_interfaces/share/base_interfaces/hook/pythonpath.dsv'
[-1786282847518533632.000s] INFO:colcon.colcon_core.shell:Creating environment hook '/home/hzc/linux/ros2/stu/ws02_tools/install/base_interfaces/share/base_interfaces/hook/pythonpath.sh'
[-1786282847518533632.000s] Level 1:colcon.colcon_core.environment:checking '/home/hzc/linux/ros2/stu/ws02_tools/install/base_interfaces/bin'
[-1786282847518533632.000s] INFO:colcon.colcon_core.shell:Creating package script '/home/hzc/linux/ros2/stu/ws02_tools/install/base_interfaces/share/base_interfaces/package.ps1'
[-1786282847518533632.000s] INFO:colcon.colcon_core.shell:Creating package descriptor '/home/hzc/linux/ros2/stu/ws02_tools/install/base_interfaces/share/base_interfaces/package.dsv'
[-1786282847518533632.000s] INFO:colcon.colcon_core.shell:Creating package script '/home/hzc/linux/ros2/stu/ws02_tools/install/base_interfaces/share/base_interfaces/package.sh'
[-1786282847518533632.000s] INFO:colcon.colcon_core.shell:Creating package script '/home/hzc/linux/ros2/stu/ws02_tools/install/base_interfaces/share/base_interfaces/package.bash'
[-1786282847518533632.000s] INFO:colcon.colcon_core.shell:Creating package script '/home/hzc/linux/ros2/stu/ws02_tools/install/base_interfaces/share/base_interfaces/package.zsh'
[-1786282847518533632.000s] Level 1:colcon.colcon_core.environment:create_file_with_runtime_dependencies(/home/hzc/linux/ros2/stu/ws02_tools/install/base_interfaces/share/colcon-core/packages/base_interfaces)
[-1786282847518533632.000s] Level 1:colcon.colcon_core.environment:create_environment_scripts_only(base_interfaces)
[-1786282847518533632.000s] Level 1:colcon.colcon_core.environment:checking '/home/hzc/linux/ros2/stu/ws02_tools/install/base_interfaces' for CMake module files
[-1786282847518533632.000s] Level 1:colcon.colcon_core.environment:checking '/home/hzc/linux/ros2/stu/ws02_tools/install/base_interfaces' for CMake config files
[-1786282847518533632.000s] Level 1:colcon.colcon_core.shell:create_environment_hook('base_interfaces', 'cmake_prefix_path')
[-1786282847518533632.000s] INFO:colcon.colcon_core.shell:Creating environment hook '/home/hzc/linux/ros2/stu/ws02_tools/install/base_interfaces/share/base_interfaces/hook/cmake_prefix_path.ps1'
[-1786282847518533632.000s] INFO:colcon.colcon_core.shell:Creating environment descriptor '/home/hzc/linux/ros2/stu/ws02_tools/install/base_interfaces/share/base_interfaces/hook/cmake_prefix_path.dsv'
[-1786282847518533632.000s] INFO:colcon.colcon_core.shell:Creating environment hook '/home/hzc/linux/ros2/stu/ws02_tools/install/base_interfaces/share/base_interfaces/hook/cmake_prefix_path.sh'
[-1786282847518533632.000s] Level 1:colcon.colcon_core.environment:checking '/home/hzc/linux/ros2/stu/ws02_tools/install/base_interfaces/lib'
[-1786282847518533632.000s] Level 1:colcon.colcon_core.shell:create_environment_hook('base_interfaces', 'ld_library_path_lib')
[-1786282847518533632.000s] INFO:colcon.colcon_core.shell:Creating environment hook '/home/hzc/linux/ros2/stu/ws02_tools/install/base_interfaces/share/base_interfaces/hook/ld_library_path_lib.ps1'
[-1786282847518533632.000s] INFO:colcon.colcon_core.shell:Creating environment descriptor '/home/hzc/linux/ros2/stu/ws02_tools/install/base_interfaces/share/base_interfaces/hook/ld_library_path_lib.dsv'
[-1786282847518533632.000s] INFO:colcon.colcon_core.shell:Creating environment hook '/home/hzc/linux/ros2/stu/ws02_tools/install/base_interfaces/share/base_interfaces/hook/ld_library_path_lib.sh'
[-1786282847518533632.000s] Level 1:colcon.colcon_core.environment:checking '/home/hzc/linux/ros2/stu/ws02_tools/install/base_interfaces/bin'
[-1786282847518533632.000s] Level 1:colcon.colcon_core.environment:checking '/home/hzc/linux/ros2/stu/ws02_tools/install/base_interfaces/lib/pkgconfig/base_interfaces.pc'
[-1786282847518533632.000s] Level 1:colcon.colcon_core.environment:checking '/home/hzc/linux/ros2/stu/ws02_tools/install/base_interfaces/lib/python3.14/site-packages'
[-1786282847518533632.000s] Level 1:colcon.colcon_core.shell:create_environment_hook('base_interfaces', 'pythonpath')
[-1786282847518533632.000s] INFO:colcon.colcon_core.shell:Creating environment hook '/home/hzc/linux/ros2/stu/ws02_tools/install/base_interfaces/share/base_interfaces/hook/pythonpath.ps1'
[-1786282847518533632.000s] INFO:colcon.colcon_core.shell:Creating environment descriptor '/home/hzc/linux/ros2/stu/ws02_tools/install/base_interfaces/share/base_interfaces/hook/pythonpath.dsv'
[-1786282847518533632.000s] INFO:colcon.colcon_core.shell:Creating environment hook '/home/hzc/linux/ros2/stu/ws02_tools/install/base_interfaces/share/base_interfaces/hook/pythonpath.sh'
[-1786282847518533632.000s] Level 1:colcon.colcon_core.environment:checking '/home/hzc/linux/ros2/stu/ws02_tools/install/base_interfaces/bin'
[-1786282847518533632.000s] INFO:colcon.colcon_core.shell:Creating package script '/home/hzc/linux/ros2/stu/ws02_tools/install/base_interfaces/share/base_interfaces/package.ps1'
[-1786282847518533632.000s] INFO:colcon.colcon_core.shell:Creating package descriptor '/home/hzc/linux/ros2/stu/ws02_tools/install/base_interfaces/share/base_interfaces/package.dsv'
[-1786282847518533632.000s] INFO:colcon.colcon_core.shell:Creating package script '/home/hzc/linux/ros2/stu/ws02_tools/install/base_interfaces/share/base_interfaces/package.sh'
[-1786282847518533632.000s] INFO:colcon.colcon_core.shell:Creating package script '/home/hzc/linux/ros2/stu/ws02_tools/install/base_interfaces/share/base_interfaces/package.bash'
[-1786282847518533632.000s] INFO:colcon.colcon_core.shell:Creating package script '/home/hzc/linux/ros2/stu/ws02_tools/install/base_interfaces/share/base_interfaces/package.zsh'
[-1786282847518533632.000s] Level 1:colcon.colcon_core.environment:create_file_with_runtime_dependencies(/home/hzc/linux/ros2/stu/ws02_tools/install/base_interfaces/share/colcon-core/packages/base_interfaces)
[-1786282847518533632.000s] DEBUG:colcon.colcon_parallel_executor.executor.parallel:closing loop
[-1786282847518533632.000s] DEBUG:colcon.colcon_parallel_executor.executor.parallel:loop closed
[-1786282847518533632.000s] DEBUG:colcon.colcon_parallel_executor.executor.parallel:run_until_complete finished with '0'
[-1786282847518533632.000s] DEBUG:colcon.colcon_core.event_reactor:joining thread
[-1786282847518533632.000s] INFO:colcon.colcon_core.plugin_system:Skipping extension 'colcon_notification.desktop_notification.terminal_notifier': Not used on non-Darwin systems
[-1786282847518533632.000s] INFO:colcon.colcon_core.plugin_system:Skipping extension 'colcon_notification.desktop_notification.win32': Not used on non-Windows systems
[-1786282847518533632.000s] INFO:colcon.colcon_notification.desktop_notification:Sending desktop notification using 'notify2'
[-1786282847518533632.000s] DEBUG:colcon.colcon_core.event_reactor:joined thread
[-1786282847518533632.000s] INFO:colcon.colcon_core.shell:Creating prefix script '/home/hzc/linux/ros2/stu/ws02_tools/install/local_setup.ps1'
[-1786282847518533632.000s] INFO:colcon.colcon_core.shell:Creating prefix util module '/home/hzc/linux/ros2/stu/ws02_tools/install/_local_setup_util_ps1.py'
[-1786282847518533632.000s] INFO:colcon.colcon_core.shell:Creating prefix chain script '/home/hzc/linux/ros2/stu/ws02_tools/install/setup.ps1'
[-1786282847518533632.000s] INFO:colcon.colcon_core.shell:Creating prefix script '/home/hzc/linux/ros2/stu/ws02_tools/install/local_setup.sh'
[-1786282847518533632.000s] INFO:colcon.colcon_core.shell:Creating prefix util module '/home/hzc/linux/ros2/stu/ws02_tools/install/_local_setup_util_sh.py'
[-1786282847518533632.000s] INFO:colcon.colcon_core.shell:Creating prefix chain script '/home/hzc/linux/ros2/stu/ws02_tools/install/setup.sh'
[-1786282847518533632.000s] INFO:colcon.colcon_core.shell:Creating prefix script '/home/hzc/linux/ros2/stu/ws02_tools/install/local_setup.bash'
[-1786282847518533632.000s] INFO:colcon.colcon_core.shell:Creating prefix chain script '/home/hzc/linux/ros2/stu/ws02_tools/install/setup.bash'
[-1786282847518533632.000s] INFO:colcon.colcon_core.shell:Creating prefix script '/home/hzc/linux/ros2/stu/ws02_tools/install/local_setup.zsh'
[-1786282847518533632.000s] INFO:colcon.colcon_core.shell:Creating prefix chain script '/home/hzc/linux/ros2/stu/ws02_tools/install/setup.zsh'
