-- Found ament_cmake: 2.8.7 (/opt/ros/lyrical/share/ament_cmake/cmake)
-- Found rclcpp: 32.0.0 (/opt/ros/lyrical/share/rclcpp/cmake)
-- Found rosidl_generator_c: 5.2.0 (/opt/ros/lyrical/share/rosidl_generator_c/cmake)
-- Found rosidl_generator_cpp: 5.2.0 (/opt/ros/lyrical/share/rosidl_generator_cpp/cmake)
-- Using all available rosidl_typesupport_c: rosidl_typesupport_fastrtps_c;rosidl_typesupport_introspection_c
-- Using all available rosidl_typesupport_cpp: rosidl_typesupport_fastrtps_cpp;rosidl_typesupport_introspection_cpp
-- Found rmw_implementation_cmake: 7.10.1 (/opt/ros/lyrical/share/rmw_implementation_cmake/cmake)
-- Found rmw_fastrtps_cpp: 9.4.8 (/opt/ros/lyrical/share/rmw_fastrtps_cpp/cmake)
-- Using RMW implementation 'rmw_fastrtps_cpp' as default
-- Found turtlesim_msgs: 1.10.9 (/opt/ros/lyrical/share/turtlesim_msgs/cmake)
-- Found base_interfeces: 0.0.0 (/home/hzc/linux/ros2/stu/ws01_plubming/install/base_interfeces/share/base_interfeces/cmake)
-- Found geometry_msgs: 5.9.2 (/opt/ros/lyrical/share/geometry_msgs/cmake)
-- Found rclcpp_action: 32.0.0 (/opt/ros/lyrical/share/rclcpp_action/cmake)
-- Found ament_lint_auto: 0.20.6 (/opt/ros/lyrical/share/ament_lint_auto/cmake)
-- Added test 'cppcheck' to perform static code analysis on C / C++ code
-- Configured cppcheck include dirs: $<BUILD_INTERFACE:/home/hzc/linux/ros2/stu/ws01_plubming/src/cpp07_exercise/include>
-- Configured cppcheck exclude dirs and/or files: 
-- Added test 'flake8' to check Python code syntax and style conventions
-- Configured 'flake8' exclude dirs and/or files: 
-- Added test 'lint_cmake' to check CMake code style
-- Added test 'pep257' to check Python code against some of the docstring style conventions in PEP 257
-- Added test 'uncrustify' to check C / C++ code style
-- Configured uncrustify additional arguments: 
-- Added test 'xmllint' to check XML markup files
-- Configuring done (0.6s)
-- Generating done (0.0s)
-- Build files have been written to: /home/hzc/linux/ros2/stu/ws01_plubming/build/cpp07_exercise
[ 20%] [32mBuilding CXX object CMakeFiles/exer2_action_client.dir/src/exer2_action_client.cpp.o[0m
[ 20%] [32mBuilding CXX object CMakeFiles/exer2_action_server.dir/src/exer2_action_server.cpp.o[0m
[ 40%] [32mBuilding CXX object CMakeFiles/exer1_client.dir/src/exer1_client.cpp.o[0m
[ 40%] [32mBuilding CXX object CMakeFiles/exer1_server.dir/src/exer1_server.cpp.o[0m
[ 50%] [1m[32mLinking CXX executable exer1_pub_sub[0m
[ 60%] Built target exer1_pub_sub
In file included from [01m[K/opt/ros/lyrical/include/rclcpp/rclcpp/copy_all_parameter_values.hpp:27[m[K,
                 from [01m[K/opt/ros/lyrical/include/rclcpp/rclcpp/rclcpp.hpp:173[m[K,
                 from [01m[K/home/hzc/linux/ros2/stu/ws01_plubming/src/cpp07_exercise/src/exer2_action_server.cpp:11[m[K:
[01m[K/home/hzc/linux/ros2/stu/ws01_plubming/src/cpp07_exercise/src/exer2_action_server.cpp:[m[K In constructor ‘[01m[KExer2ActionServer::[01;32m[KExer2ActionServer[m[K()[m[K’:
[01m[K/home/hzc/linux/ros2/stu/ws01_plubming/src/cpp07_exercise/src/exer2_action_server.cpp:19:40:[m[K [01;31m[Kerror: [m[Kexpected unqualified-id before string constant
   19 |         RCLCPP_INFO(this->get_logger().[01;31m[K"动作服务端"[m[K);
      |                                        [01;31m[K^~~~~~~~~~~~[m[K
[01m[K/home/hzc/linux/ros2/stu/ws01_plubming/src/cpp07_exercise/src/exer2_action_server.cpp:19:9:[m[K [01;31m[Kerror: [m[Ktemplate argument 1 is invalid
   19 |         [01;31m[KRCLCPP_INFO[m[K(this->get_logger()."动作服务端");
      |         [01;31m[K^~~~~~~~~~~[m[K
In file included from [01m[K/opt/ros/lyrical/include/rclcpp/rclcpp/logging.hpp:22[m[K:
[01m[K/home/hzc/linux/ros2/stu/ws01_plubming/src/cpp07_exercise/src/exer2_action_server.cpp:19:40:[m[K [01;31m[Kerror: [m[Kexpected unqualified-id before string constant
   19 |         RCLCPP_INFO(this->get_logger().[01;31m[K"动作服务端"[m[K);
      |                                        [01;31m[K^~~~~~~~~~~~[m[K
[01m[K/home/hzc/linux/ros2/stu/ws01_plubming/src/cpp07_exercise/src/exer2_action_server.cpp:19:40:[m[K [01;31m[Kerror: [m[Kexpected ‘[01m[K)[m[K’ before string constant
[01m[K/home/hzc/linux/ros2/stu/ws01_plubming/src/cpp07_exercise/src/exer2_action_server.cpp:19:9:[m[K [01;36m[Knote: [m[Kto match this ‘[01m[K([m[K’
   19 |         [01;36m[KRCLCPP_INFO[m[K(this->get_logger()."动作服务端");
      |         [01;36m[K^~~~~~~~~~~[m[K
[01m[K/home/hzc/linux/ros2/stu/ws01_plubming/src/cpp07_exercise/src/exer2_action_server.cpp:19:9:[m[K [01;31m[Kerror: [m[Kexpected ‘[01m[K)[m[K’ before ‘[01m[K}[m[K’ token
   19 |         [01;31m[KRCLCPP_INFO[m[K(this->get_logger()."动作服务端");
      |         [01;31m[K^~~~~~~~~~~[m[K
[01m[K/home/hzc/linux/ros2/stu/ws01_plubming/src/cpp07_exercise/src/exer2_action_server.cpp:19:9:[m[K [01;36m[Knote: [m[Kto match this ‘[01m[K([m[K’
   19 |         [01;36m[KRCLCPP_INFO[m[K(this->get_logger()."动作服务端");
      |         [01;36m[K^~~~~~~~~~~[m[K
[01m[K/home/hzc/linux/ros2/stu/ws01_plubming/src/cpp07_exercise/src/exer2_action_server.cpp:19:9:[m[K [01;31m[Kerror: [m[Kexpected primary-expression before ‘[01m[K}[m[K’ token
   19 |         [01;31m[KRCLCPP_INFO[m[K(this->get_logger()."动作服务端");
      |         [01;31m[K^~~~~~~~~~~[m[K
gmake[2]: *** [CMakeFiles/exer2_action_server.dir/build.make:79：CMakeFiles/exer2_action_server.dir/src/exer2_action_server.cpp.o] 错误 1
gmake[1]: *** [CMakeFiles/Makefile2:293：CMakeFiles/exer2_action_server.dir/all] 错误 2
gmake[1]: *** 正在等待未完成的任务....
[ 70%] [1m[32mLinking CXX executable exer2_action_client[0m
[ 70%] Built target exer2_action_client
[ 80%] [1m[32mLinking CXX executable exer1_client[0m
[ 80%] Built target exer1_client
[ 90%] [1m[32mLinking CXX executable exer1_server[0m
[ 90%] Built target exer1_server
gmake: *** [Makefile:146：all] 错误 2
