-- Found ament_cmake: 2.8.7 (/opt/ros/lyrical/share/ament_cmake/cmake)
-- Found rclcpp: 32.0.0 (/opt/ros/lyrical/share/rclcpp/cmake)
-- Found rosidl_generator_c: 5.2.0 (/opt/ros/lyrical/share/rosidl_generator_c/cmake)
-- Found rosidl_generator_cpp: 5.2.0 (/opt/ros/lyrical/share/rosidl_generator_cpp/cmake)
-- Using all available rosidl_typesupport_c: rosidl_typesupport_fastrtps_c;rosidl_typesupport_introspection_c
-- Using all available rosidl_typesupport_cpp: rosidl_typesupport_fastrtps_cpp;rosidl_typesupport_introspection_cpp
-- Found rmw_implementation_cmake: 7.10.1 (/opt/ros/lyrical/share/rmw_implementation_cmake/cmake)
-- Found rmw_fastrtps_cpp: 9.4.8 (/opt/ros/lyrical/share/rmw_fastrtps_cpp/cmake)
-- Using RMW implementation 'rmw_fastrtps_cpp' as default
-- Found turtlesim_msgs: 1.10.9 (/opt/ros/lyrical/share/turtlesim_msgs/cmake)
-- Found base_interfeces: 0.0.0 (/home/hzc/linux/ros2/stu/ws01_plubming/install/base_interfeces/share/base_interfeces/cmake)
-- Found geometry_msgs: 5.9.2 (/opt/ros/lyrical/share/geometry_msgs/cmake)
-- Found rclcpp_action: 32.0.0 (/opt/ros/lyrical/share/rclcpp_action/cmake)
-- Found ament_lint_auto: 0.20.6 (/opt/ros/lyrical/share/ament_lint_auto/cmake)
-- Added test 'cppcheck' to perform static code analysis on C / C++ code
-- Configured cppcheck include dirs: $<BUILD_INTERFACE:/home/hzc/linux/ros2/stu/ws01_plubming/src/cpp07_exercise/include>
-- Configured cppcheck exclude dirs and/or files: 
-- Added test 'flake8' to check Python code syntax and style conventions
-- Configured 'flake8' exclude dirs and/or files: 
-- Added test 'lint_cmake' to check CMake code style
-- Added test 'pep257' to check Python code against some of the docstring style conventions in PEP 257
-- Added test 'uncrustify' to check C / C++ code style
-- Configured uncrustify additional arguments: 
-- Added test 'xmllint' to check XML markup files
-- Configuring done (0.6s)
-- Generating done (0.0s)
-- Build files have been written to: /home/hzc/linux/ros2/stu/ws01_plubming/build/cpp07_exercise
[ 20%] [32mBuilding CXX object CMakeFiles/exer2_action_client.dir/src/exer2_action_client.cpp.o[0m
[ 20%] [32mBuilding CXX object CMakeFiles/exer2_action_server.dir/src/exer2_action_server.cpp.o[0m
[ 40%] [32mBuilding CXX object CMakeFiles/exer1_client.dir/src/exer1_client.cpp.o[0m
[ 40%] [32mBuilding CXX object CMakeFiles/exer1_server.dir/src/exer1_server.cpp.o[0m
[ 50%] [1m[32mLinking CXX executable exer1_pub_sub[0m
[ 60%] Built target exer1_pub_sub
[ 70%] [1m[32mLinking CXX executable exer2_action_client[0m
[ 70%] Built target exer2_action_client
[ 80%] [1m[32mLinking CXX executable exer1_client[0m
[ 80%] Built target exer1_client
[ 90%] [1m[32mLinking CXX executable exer1_server[0m
[ 90%] Built target exer1_server
