-- Found ament_cmake: 2.8.7 (/opt/ros/lyrical/share/ament_cmake/cmake)
-- Found sensor_msgs: 5.9.2 (/opt/ros/lyrical/share/sensor_msgs/cmake)
-- Found rosidl_generator_c: 5.2.0 (/opt/ros/lyrical/share/rosidl_generator_c/cmake)
-- Found rosidl_generator_cpp: 5.2.0 (/opt/ros/lyrical/share/rosidl_generator_cpp/cmake)
-- Using all available rosidl_typesupport_c: rosidl_typesupport_fastrtps_c;rosidl_typesupport_introspection_c
-- Using all available rosidl_typesupport_cpp: rosidl_typesupport_fastrtps_cpp;rosidl_typesupport_introspection_cpp
-- Found rosidl_default_generators: 1.8.1 (/opt/ros/lyrical/share/rosidl_default_generators/cmake)
-- Found rosidl_adapter: 5.2.0 (/opt/ros/lyrical/share/rosidl_adapter/cmake)
-- Using all available rosidl_typesupport_c: rosidl_typesupport_fastrtps_c;rosidl_typesupport_introspection_c
-- Using all available rosidl_typesupport_cpp: rosidl_typesupport_fastrtps_cpp;rosidl_typesupport_introspection_cpp
-- Found Python3: /usr/bin/python3 (found version "3.14.4") found components: Interpreter Development NumPy Development.Module Development.Embed
-- Found Python3: /usr/bin/python3 (found version "3.14.4") found components: Interpreter
-- Found ament_lint_auto: 0.20.6 (/opt/ros/lyrical/share/ament_lint_auto/cmake)
-- Added test 'lint_cmake' to check CMake code style
-- Added test 'xmllint' to check XML markup files
-- Configuring done (2.3s)
-- Generating done (0.0s)
-- Build files have been written to: /home/hzc/linux/ros2/stu/ws02_tools/build/base_interfaces
[  2%] [1m[34mGenerating Rust code for ROS interfaces[0m
[  5%] [1m[34mGenerating type hashes for ROS interfaces[0m
[  5%] Built target base_interfaces__rosidl_generator_type_description
[  8%] [1m[34mGenerating C code for ROS interfaces[0m
[ 11%] [1m[34mGenerating C++ code for ROS interfaces[0m
[ 11%] Built target base_interfaces__rs
[ 11%] Built target base_interfaces__cpp
[ 20%] [32mBuilding C object CMakeFiles/base_interfaces__rosidl_generator_c.dir/rosidl_generator_c/base_interfaces/srv/detail/face_detector__description.c.o[0m
[ 20%] [32mBuilding C object CMakeFiles/base_interfaces__rosidl_generator_c.dir/rosidl_generator_c/base_interfaces/srv/detail/face_detector__functions.c.o[0m
[ 20%] [32mBuilding C object CMakeFiles/base_interfaces__rosidl_generator_c.dir/rosidl_generator_c/base_interfaces/srv/detail/face_detector__type_support.c.o[0m
[ 22%] [1m[32mLinking C shared library libbase_interfaces__rosidl_generator_c.so[0m
[ 22%] Built target base_interfaces__rosidl_generator_c
[ 40%] [1m[34mGenerating C type support dispatch for ROS interfaces[0m
[ 40%] [1m[34mGenerating C++ introspection for ROS interfaces[0m
[ 40%] [1m[34mGenerating C type support for eProsima Fast-RTPS[0m
[ 40%] [1m[34mGenerating C++ type support dispatch for ROS interfaces[0m
[ 40%] [1m[34mGenerating C++ type support for eProsima Fast-RTPS[0m
[ 40%] [1m[34mGenerating C introspection for ROS interfaces[0m
[ 42%] [32mBuilding CXX object CMakeFiles/base_interfaces__rosidl_typesupport_c.dir/rosidl_typesupport_c/base_interfaces/srv/face_detector__type_support.cpp.o[0m
[ 45%] [32mBuilding CXX object CMakeFiles/base_interfaces__rosidl_typesupport_cpp.dir/rosidl_typesupport_cpp/base_interfaces/srv/face_detector__type_support.cpp.o[0m
[ 48%] [32mBuilding C object CMakeFiles/base_interfaces__rosidl_typesupport_introspection_c.dir/rosidl_typesupport_introspection_c/base_interfaces/srv/detail/face_detector__type_support.c.o[0m
[ 51%] [1m[32mLinking CXX shared library libbase_interfaces__rosidl_typesupport_c.so[0m
[ 54%] [32mBuilding CXX object CMakeFiles/base_interfaces__rosidl_typesupport_introspection_cpp.dir/rosidl_typesupport_introspection_cpp/base_interfaces/srv/detail/face_detector__type_support.cpp.o[0m
[ 57%] [32mBuilding CXX object CMakeFiles/base_interfaces__rosidl_typesupport_fastrtps_cpp.dir/rosidl_typesupport_fastrtps_cpp/base_interfaces/srv/detail/dds_fastrtps/face_detector__type_support.cpp.o[0m
[ 57%] Built target base_interfaces__rosidl_typesupport_c
[ 60%] [1m[32mLinking C shared library libbase_interfaces__rosidl_typesupport_introspection_c.so[0m
[ 62%] [32mBuilding CXX object CMakeFiles/base_interfaces__rosidl_typesupport_fastrtps_c.dir/rosidl_typesupport_fastrtps_c/base_interfaces/srv/detail/face_detector__type_support_c.cpp.o[0m
[ 62%] Built target base_interfaces__rosidl_typesupport_introspection_c
[ 65%] [1m[32mLinking CXX shared library libbase_interfaces__rosidl_typesupport_fastrtps_c.so[0m
[ 68%] [1m[32mLinking CXX shared library libbase_interfaces__rosidl_typesupport_cpp.so[0m
[ 68%] Built target base_interfaces__rosidl_typesupport_fastrtps_c
[ 68%] Built target base_interfaces__rosidl_typesupport_cpp
[ 71%] [1m[32mLinking CXX shared library libbase_interfaces__rosidl_typesupport_introspection_cpp.so[0m
[ 71%] Built target base_interfaces__rosidl_typesupport_introspection_cpp
[ 74%] [1m[32mLinking CXX shared library libbase_interfaces__rosidl_typesupport_fastrtps_cpp.so[0m
[ 74%] Built target base_interfaces__rosidl_typesupport_fastrtps_cpp
[ 74%] Built target base_interfaces
[ 77%] [1m[34mGenerating Python code for ROS interfaces[0m
[ 77%] Built target base_interfaces__py
[ 80%] [32mBuilding C object CMakeFiles/base_interfaces__rosidl_generator_py.dir/rosidl_generator_py/base_interfaces/srv/_face_detector_s.c.o[0m
[ 80%] Built target ament_cmake_python_sync_base_interfaces
[ 82%] [1m[32mLinking C shared library libbase_interfaces__rosidl_generator_py.so[0m
running egg_info
[ 82%] Built target base_interfaces__rosidl_generator_py
creating base_interfaces.egg-info
writing base_interfaces.egg-info/PKG-INFO
writing dependency_links to base_interfaces.egg-info/dependency_links.txt
writing top-level names to base_interfaces.egg-info/top_level.txt
writing manifest file 'base_interfaces.egg-info/SOURCES.txt'
[ 91%] [32mBuilding C object CMakeFiles/base_interfaces_s__rosidl_typesupport_c.dir/rosidl_generator_py/base_interfaces/_base_interfaces_s.ep.rosidl_typesupport_c.c.o[0m
[ 91%] [32mBuilding C object CMakeFiles/base_interfaces_s__rosidl_typesupport_fastrtps_c.dir/rosidl_generator_py/base_interfaces/_base_interfaces_s.ep.rosidl_typesupport_fastrtps_c.c.o[0m
[ 91%] [32mBuilding C object CMakeFiles/base_interfaces_s__rosidl_typesupport_introspection_c.dir/rosidl_generator_py/base_interfaces/_base_interfaces_s.ep.rosidl_typesupport_introspection_c.c.o[0m
reading manifest file 'base_interfaces.egg-info/SOURCES.txt'
writing manifest file 'base_interfaces.egg-info/SOURCES.txt'
[ 91%] Built target ament_cmake_python_build_base_interfaces_egg
[ 94%] [1m[32mLinking C shared module rosidl_generator_py/base_interfaces/base_interfaces_s__rosidl_typesupport_c.so[0m
[100%] [1m[32mLinking C shared module rosidl_generator_py/base_interfaces/base_interfaces_s__rosidl_typesupport_fastrtps_c.so[0m
[100%] [1m[32mLinking C shared module rosidl_generator_py/base_interfaces/base_interfaces_s__rosidl_typesupport_introspection_c.so[0m
[100%] Built target base_interfaces_s__rosidl_typesupport_c
[100%] Built target base_interfaces_s__rosidl_typesupport_fastrtps_c
[100%] Built target base_interfaces_s__rosidl_typesupport_introspection_c
-- Install configuration: ""
-- Installing: /home/hzc/linux/ros2/stu/ws02_tools/install/base_interfaces/share/ament_index/resource_index/rosidl_interfaces/base_interfaces
-- Installing: /home/hzc/linux/ros2/stu/ws02_tools/install/base_interfaces/share/base_interfaces/srv/FaceDetector.json
-- Installing: /home/hzc/linux/ros2/stu/ws02_tools/install/base_interfaces/include/base_interfaces/base_interfaces
-- Installing: /home/hzc/linux/ros2/stu/ws02_tools/install/base_interfaces/include/base_interfaces/base_interfaces/srv
-- Installing: /home/hzc/linux/ros2/stu/ws02_tools/install/base_interfaces/include/base_interfaces/base_interfaces/srv/detail
-- Installing: /home/hzc/linux/ros2/stu/ws02_tools/install/base_interfaces/include/base_interfaces/base_interfaces/srv/detail/face_detector__functions.c
-- Installing: /home/hzc/linux/ros2/stu/ws02_tools/install/base_interfaces/include/base_interfaces/base_interfaces/srv/detail/face_detector__type_support.c
-- Installing: /home/hzc/linux/ros2/stu/ws02_tools/install/base_interfaces/include/base_interfaces/base_interfaces/srv/detail/face_detector__description.c
-- Installing: /home/hzc/linux/ros2/stu/ws02_tools/install/base_interfaces/include/base_interfaces/base_interfaces/srv/detail/face_detector__type_support.h
-- Installing: /home/hzc/linux/ros2/stu/ws02_tools/install/base_interfaces/include/base_interfaces/base_interfaces/srv/detail/face_detector__struct.h
-- Installing: /home/hzc/linux/ros2/stu/ws02_tools/install/base_interfaces/include/base_interfaces/base_interfaces/srv/detail/face_detector__functions.h
-- Installing: /home/hzc/linux/ros2/stu/ws02_tools/install/base_interfaces/include/base_interfaces/base_interfaces/srv/face_detector.h
-- Installing: /home/hzc/linux/ros2/stu/ws02_tools/install/base_interfaces/include/base_interfaces/base_interfaces/msg
-- Installing: /home/hzc/linux/ros2/stu/ws02_tools/install/base_interfaces/include/base_interfaces/base_interfaces/msg/rosidl_generator_c__visibility_control.h
-- Installing: /home/hzc/linux/ros2/stu/ws02_tools/install/base_interfaces/share/base_interfaces/environment/library_path.sh
-- Installing: /home/hzc/linux/ros2/stu/ws02_tools/install/base_interfaces/share/base_interfaces/environment/library_path.dsv
-- Installing: /home/hzc/linux/ros2/stu/ws02_tools/install/base_interfaces/lib/libbase_interfaces__rosidl_generator_c.so
-- Set non-toolchain portion of runtime path of "/home/hzc/linux/ros2/stu/ws02_tools/install/base_interfaces/lib/libbase_interfaces__rosidl_generator_c.so" to ""
-- Up-to-date: /home/hzc/linux/ros2/stu/ws02_tools/install/base_interfaces/include/base_interfaces/base_interfaces
-- Up-to-date: /home/hzc/linux/ros2/stu/ws02_tools/install/base_interfaces/include/base_interfaces/base_interfaces/srv
-- Up-to-date: /home/hzc/linux/ros2/stu/ws02_tools/install/base_interfaces/include/base_interfaces/base_interfaces/srv/detail
-- Installing: /home/hzc/linux/ros2/stu/ws02_tools/install/base_interfaces/include/base_interfaces/base_interfaces/srv/detail/face_detector__rosidl_typesupport_fastrtps_c.h
-- Up-to-date: /home/hzc/linux/ros2/stu/ws02_tools/install/base_interfaces/include/base_interfaces/base_interfaces/msg
-- Installing: /home/hzc/linux/ros2/stu/ws02_tools/install/base_interfaces/include/base_interfaces/base_interfaces/msg/rosidl_typesupport_fastrtps_c__visibility_control.h
-- Installing: /home/hzc/linux/ros2/stu/ws02_tools/install/base_interfaces/lib/libbase_interfaces__rosidl_typesupport_fastrtps_c.so
-- Set non-toolchain portion of runtime path of "/home/hzc/linux/ros2/stu/ws02_tools/install/base_interfaces/lib/libbase_interfaces__rosidl_typesupport_fastrtps_c.so" to ""
-- Up-to-date: /home/hzc/linux/ros2/stu/ws02_tools/install/base_interfaces/include/base_interfaces/base_interfaces
-- Up-to-date: /home/hzc/linux/ros2/stu/ws02_tools/install/base_interfaces/include/base_interfaces/base_interfaces/srv
-- Installing: /home/hzc/linux/ros2/stu/ws02_tools/install/base_interfaces/include/base_interfaces/base_interfaces/srv/face_detector.hpp
-- Up-to-date: /home/hzc/linux/ros2/stu/ws02_tools/install/base_interfaces/include/base_interfaces/base_interfaces/srv/detail
-- Installing: /home/hzc/linux/ros2/stu/ws02_tools/install/base_interfaces/include/base_interfaces/base_interfaces/srv/detail/face_detector__builder.hpp
-- Installing: /home/hzc/linux/ros2/stu/ws02_tools/install/base_interfaces/include/base_interfaces/base_interfaces/srv/detail/face_detector__type_support.hpp
-- Installing: /home/hzc/linux/ros2/stu/ws02_tools/install/base_interfaces/include/base_interfaces/base_interfaces/srv/detail/face_detector__struct.hpp
-- Installing: /home/hzc/linux/ros2/stu/ws02_tools/install/base_interfaces/include/base_interfaces/base_interfaces/srv/detail/face_detector__traits.hpp
-- Up-to-date: /home/hzc/linux/ros2/stu/ws02_tools/install/base_interfaces/include/base_interfaces/base_interfaces/msg
-- Installing: /home/hzc/linux/ros2/stu/ws02_tools/install/base_interfaces/include/base_interfaces/base_interfaces/msg/rosidl_generator_cpp__visibility_control.hpp
-- Up-to-date: /home/hzc/linux/ros2/stu/ws02_tools/install/base_interfaces/include/base_interfaces/base_interfaces
-- Up-to-date: /home/hzc/linux/ros2/stu/ws02_tools/install/base_interfaces/include/base_interfaces/base_interfaces/srv
-- Up-to-date: /home/hzc/linux/ros2/stu/ws02_tools/install/base_interfaces/include/base_interfaces/base_interfaces/srv/detail
-- Installing: /home/hzc/linux/ros2/stu/ws02_tools/install/base_interfaces/include/base_interfaces/base_interfaces/srv/detail/face_detector__rosidl_typesupport_fastrtps_cpp.hpp
-- Installing: /home/hzc/linux/ros2/stu/ws02_tools/install/base_interfaces/include/base_interfaces/base_interfaces/srv/detail/dds_fastrtps
-- Up-to-date: /home/hzc/linux/ros2/stu/ws02_tools/install/base_interfaces/include/base_interfaces/base_interfaces/msg
-- Installing: /home/hzc/linux/ros2/stu/ws02_tools/install/base_interfaces/include/base_interfaces/base_interfaces/msg/rosidl_typesupport_fastrtps_cpp__visibility_control.h
-- Installing: /home/hzc/linux/ros2/stu/ws02_tools/install/base_interfaces/lib/libbase_interfaces__rosidl_typesupport_fastrtps_cpp.so
-- Set non-toolchain portion of runtime path of "/home/hzc/linux/ros2/stu/ws02_tools/install/base_interfaces/lib/libbase_interfaces__rosidl_typesupport_fastrtps_cpp.so" to ""
-- Up-to-date: /home/hzc/linux/ros2/stu/ws02_tools/install/base_interfaces/include/base_interfaces/base_interfaces
-- Up-to-date: /home/hzc/linux/ros2/stu/ws02_tools/install/base_interfaces/include/base_interfaces/base_interfaces/srv
-- Up-to-date: /home/hzc/linux/ros2/stu/ws02_tools/install/base_interfaces/include/base_interfaces/base_interfaces/srv/detail
-- Installing: /home/hzc/linux/ros2/stu/ws02_tools/install/base_interfaces/include/base_interfaces/base_interfaces/srv/detail/face_detector__rosidl_typesupport_introspection_c.h
-- Up-to-date: /home/hzc/linux/ros2/stu/ws02_tools/install/base_interfaces/include/base_interfaces/base_interfaces/srv/detail/face_detector__type_support.c
-- Up-to-date: /home/hzc/linux/ros2/stu/ws02_tools/install/base_interfaces/include/base_interfaces/base_interfaces/msg
-- Installing: /home/hzc/linux/ros2/stu/ws02_tools/install/base_interfaces/include/base_interfaces/base_interfaces/msg/rosidl_typesupport_introspection_c__visibility_control.h
-- Installing: /home/hzc/linux/ros2/stu/ws02_tools/install/base_interfaces/lib/libbase_interfaces__rosidl_typesupport_introspection_c.so
-- Set non-toolchain portion of runtime path of "/home/hzc/linux/ros2/stu/ws02_tools/install/base_interfaces/lib/libbase_interfaces__rosidl_typesupport_introspection_c.so" to ""
-- Installing: /home/hzc/linux/ros2/stu/ws02_tools/install/base_interfaces/lib/libbase_interfaces__rosidl_typesupport_c.so
-- Set non-toolchain portion of runtime path of "/home/hzc/linux/ros2/stu/ws02_tools/install/base_interfaces/lib/libbase_interfaces__rosidl_typesupport_c.so" to ""
-- Up-to-date: /home/hzc/linux/ros2/stu/ws02_tools/install/base_interfaces/include/base_interfaces/base_interfaces
-- Up-to-date: /home/hzc/linux/ros2/stu/ws02_tools/install/base_interfaces/include/base_interfaces/base_interfaces/srv
-- Up-to-date: /home/hzc/linux/ros2/stu/ws02_tools/install/base_interfaces/include/base_interfaces/base_interfaces/srv/detail
-- Installing: /home/hzc/linux/ros2/stu/ws02_tools/install/base_interfaces/include/base_interfaces/base_interfaces/srv/detail/face_detector__type_support.cpp
-- Installing: /home/hzc/linux/ros2/stu/ws02_tools/install/base_interfaces/include/base_interfaces/base_interfaces/srv/detail/face_detector__rosidl_typesupport_introspection_cpp.hpp
-- Installing: /home/hzc/linux/ros2/stu/ws02_tools/install/base_interfaces/lib/libbase_interfaces__rosidl_typesupport_introspection_cpp.so
-- Set non-toolchain portion of runtime path of "/home/hzc/linux/ros2/stu/ws02_tools/install/base_interfaces/lib/libbase_interfaces__rosidl_typesupport_introspection_cpp.so" to ""
-- Installing: /home/hzc/linux/ros2/stu/ws02_tools/install/base_interfaces/lib/libbase_interfaces__rosidl_typesupport_cpp.so
-- Set non-toolchain portion of runtime path of "/home/hzc/linux/ros2/stu/ws02_tools/install/base_interfaces/lib/libbase_interfaces__rosidl_typesupport_cpp.so" to ""
-- Installing: /home/hzc/linux/ros2/stu/ws02_tools/install/base_interfaces/share/base_interfaces/environment/pythonpath.sh
-- Installing: /home/hzc/linux/ros2/stu/ws02_tools/install/base_interfaces/share/base_interfaces/environment/pythonpath.dsv
-- Installing: /home/hzc/linux/ros2/stu/ws02_tools/install/base_interfaces/lib/python3.14/site-packages/base_interfaces/base_interfaces_s__rosidl_typesupport_fastrtps_c.so
-- Set non-toolchain portion of runtime path of "/home/hzc/linux/ros2/stu/ws02_tools/install/base_interfaces/lib/python3.14/site-packages/base_interfaces/base_interfaces_s__rosidl_typesupport_fastrtps_c.so" to ""
-- Installing: /home/hzc/linux/ros2/stu/ws02_tools/install/base_interfaces/lib/python3.14/site-packages/base_interfaces/base_interfaces_s__rosidl_typesupport_introspection_c.so
-- Set non-toolchain portion of runtime path of "/home/hzc/linux/ros2/stu/ws02_tools/install/base_interfaces/lib/python3.14/site-packages/base_interfaces/base_interfaces_s__rosidl_typesupport_introspection_c.so" to ""
-- Installing: /home/hzc/linux/ros2/stu/ws02_tools/install/base_interfaces/lib/python3.14/site-packages/base_interfaces/base_interfaces_s__rosidl_typesupport_c.so
-- Set non-toolchain portion of runtime path of "/home/hzc/linux/ros2/stu/ws02_tools/install/base_interfaces/lib/python3.14/site-packages/base_interfaces/base_interfaces_s__rosidl_typesupport_c.so" to ""
-- Installing: /home/hzc/linux/ros2/stu/ws02_tools/install/base_interfaces/lib/libbase_interfaces__rosidl_generator_py.so
-- Set non-toolchain portion of runtime path of "/home/hzc/linux/ros2/stu/ws02_tools/install/base_interfaces/lib/libbase_interfaces__rosidl_generator_py.so" to ""
-- Installing: /home/hzc/linux/ros2/stu/ws02_tools/install/base_interfaces/share/ament_index/resource_index/rust_packages/base_interfaces
-- Installing: /home/hzc/linux/ros2/stu/ws02_tools/install/base_interfaces/share/base_interfaces/rust
-- Installing: /home/hzc/linux/ros2/stu/ws02_tools/install/base_interfaces/share/base_interfaces/rust/src
-- Installing: /home/hzc/linux/ros2/stu/ws02_tools/install/base_interfaces/share/base_interfaces/rust/src/srv
-- Installing: /home/hzc/linux/ros2/stu/ws02_tools/install/base_interfaces/share/base_interfaces/rust/src/srv/rmw.rs
-- Installing: /home/hzc/linux/ros2/stu/ws02_tools/install/base_interfaces/share/base_interfaces/rust/src/srv.rs
-- Installing: /home/hzc/linux/ros2/stu/ws02_tools/install/base_interfaces/share/base_interfaces/rust/src/lib.rs
-- Installing: /home/hzc/linux/ros2/stu/ws02_tools/install/base_interfaces/share/base_interfaces/rust/build.rs
-- Installing: /home/hzc/linux/ros2/stu/ws02_tools/install/base_interfaces/share/base_interfaces/rust/Cargo.toml
-- Installing: /home/hzc/linux/ros2/stu/ws02_tools/install/base_interfaces/share/base_interfaces/srv/FaceDetector.idl
-- Installing: /home/hzc/linux/ros2/stu/ws02_tools/install/base_interfaces/share/base_interfaces/srv/FaceDetector.srv
-- Installing: /home/hzc/linux/ros2/stu/ws02_tools/install/base_interfaces/share/ament_index/resource_index/package_run_dependencies/base_interfaces
-- Installing: /home/hzc/linux/ros2/stu/ws02_tools/install/base_interfaces/share/ament_index/resource_index/parent_prefix_path/base_interfaces
-- Installing: /home/hzc/linux/ros2/stu/ws02_tools/install/base_interfaces/share/base_interfaces/environment/ament_prefix_path.sh
-- Installing: /home/hzc/linux/ros2/stu/ws02_tools/install/base_interfaces/share/base_interfaces/environment/ament_prefix_path.dsv
-- Installing: /home/hzc/linux/ros2/stu/ws02_tools/install/base_interfaces/share/base_interfaces/environment/path.sh
-- Installing: /home/hzc/linux/ros2/stu/ws02_tools/install/base_interfaces/share/base_interfaces/environment/path.dsv
-- Installing: /home/hzc/linux/ros2/stu/ws02_tools/install/base_interfaces/share/base_interfaces/local_setup.bash
-- Installing: /home/hzc/linux/ros2/stu/ws02_tools/install/base_interfaces/share/base_interfaces/local_setup.fish
-- Installing: /home/hzc/linux/ros2/stu/ws02_tools/install/base_interfaces/share/base_interfaces/local_setup.sh
-- Installing: /home/hzc/linux/ros2/stu/ws02_tools/install/base_interfaces/share/base_interfaces/local_setup.zsh
-- Installing: /home/hzc/linux/ros2/stu/ws02_tools/install/base_interfaces/share/base_interfaces/local_setup.dsv
-- Installing: /home/hzc/linux/ros2/stu/ws02_tools/install/base_interfaces/share/base_interfaces/package.dsv
-- Installing: /home/hzc/linux/ros2/stu/ws02_tools/install/base_interfaces/share/ament_index/resource_index/packages/base_interfaces
-- Installing: /home/hzc/linux/ros2/stu/ws02_tools/install/base_interfaces/share/base_interfaces/cmake/export_base_interfaces__rosidl_generator_cExport.cmake
-- Installing: /home/hzc/linux/ros2/stu/ws02_tools/install/base_interfaces/share/base_interfaces/cmake/export_base_interfaces__rosidl_generator_cExport-noconfig.cmake
-- Installing: /home/hzc/linux/ros2/stu/ws02_tools/install/base_interfaces/share/base_interfaces/cmake/export_base_interfaces__rosidl_typesupport_fastrtps_cExport.cmake
-- Installing: /home/hzc/linux/ros2/stu/ws02_tools/install/base_interfaces/share/base_interfaces/cmake/export_base_interfaces__rosidl_typesupport_fastrtps_cExport-noconfig.cmake
-- Installing: /home/hzc/linux/ros2/stu/ws02_tools/install/base_interfaces/share/base_interfaces/cmake/export_base_interfaces__rosidl_generator_cppExport.cmake
-- Installing: /home/hzc/linux/ros2/stu/ws02_tools/install/base_interfaces/share/base_interfaces/cmake/export_base_interfaces__rosidl_typesupport_fastrtps_cppExport.cmake
-- Installing: /home/hzc/linux/ros2/stu/ws02_tools/install/base_interfaces/share/base_interfaces/cmake/export_base_interfaces__rosidl_typesupport_fastrtps_cppExport-noconfig.cmake
-- Installing: /home/hzc/linux/ros2/stu/ws02_tools/install/base_interfaces/share/base_interfaces/cmake/base_interfaces__rosidl_typesupport_introspection_cExport.cmake
-- Installing: /home/hzc/linux/ros2/stu/ws02_tools/install/base_interfaces/share/base_interfaces/cmake/base_interfaces__rosidl_typesupport_introspection_cExport-noconfig.cmake
-- Installing: /home/hzc/linux/ros2/stu/ws02_tools/install/base_interfaces/share/base_interfaces/cmake/base_interfaces__rosidl_typesupport_cExport.cmake
-- Installing: /home/hzc/linux/ros2/stu/ws02_tools/install/base_interfaces/share/base_interfaces/cmake/base_interfaces__rosidl_typesupport_cExport-noconfig.cmake
-- Installing: /home/hzc/linux/ros2/stu/ws02_tools/install/base_interfaces/share/base_interfaces/cmake/base_interfaces__rosidl_typesupport_introspection_cppExport.cmake
-- Installing: /home/hzc/linux/ros2/stu/ws02_tools/install/base_interfaces/share/base_interfaces/cmake/base_interfaces__rosidl_typesupport_introspection_cppExport-noconfig.cmake
-- Installing: /home/hzc/linux/ros2/stu/ws02_tools/install/base_interfaces/share/base_interfaces/cmake/base_interfaces__rosidl_typesupport_cppExport.cmake
-- Installing: /home/hzc/linux/ros2/stu/ws02_tools/install/base_interfaces/share/base_interfaces/cmake/base_interfaces__rosidl_typesupport_cppExport-noconfig.cmake
-- Installing: /home/hzc/linux/ros2/stu/ws02_tools/install/base_interfaces/share/base_interfaces/cmake/export_base_interfaces__rosidl_generator_pyExport.cmake
-- Installing: /home/hzc/linux/ros2/stu/ws02_tools/install/base_interfaces/share/base_interfaces/cmake/export_base_interfaces__rosidl_generator_pyExport-noconfig.cmake
-- Installing: /home/hzc/linux/ros2/stu/ws02_tools/install/base_interfaces/lib/python3.14/site-packages/base_interfaces-0.0.0-py3.14.egg-info
-- Installing: /home/hzc/linux/ros2/stu/ws02_tools/install/base_interfaces/lib/python3.14/site-packages/base_interfaces-0.0.0-py3.14.egg-info/dependency_links.txt
-- Installing: /home/hzc/linux/ros2/stu/ws02_tools/install/base_interfaces/lib/python3.14/site-packages/base_interfaces-0.0.0-py3.14.egg-info/PKG-INFO
-- Installing: /home/hzc/linux/ros2/stu/ws02_tools/install/base_interfaces/lib/python3.14/site-packages/base_interfaces-0.0.0-py3.14.egg-info/top_level.txt
-- Installing: /home/hzc/linux/ros2/stu/ws02_tools/install/base_interfaces/lib/python3.14/site-packages/base_interfaces-0.0.0-py3.14.egg-info/SOURCES.txt
-- Up-to-date: /home/hzc/linux/ros2/stu/ws02_tools/install/base_interfaces/lib/python3.14/site-packages/base_interfaces
-- Installing: /home/hzc/linux/ros2/stu/ws02_tools/install/base_interfaces/lib/python3.14/site-packages/base_interfaces/srv
-- Installing: /home/hzc/linux/ros2/stu/ws02_tools/install/base_interfaces/lib/python3.14/site-packages/base_interfaces/srv/_face_detector.py
-- Installing: /home/hzc/linux/ros2/stu/ws02_tools/install/base_interfaces/lib/python3.14/site-packages/base_interfaces/srv/__init__.py
-- Installing: /home/hzc/linux/ros2/stu/ws02_tools/install/base_interfaces/lib/python3.14/site-packages/base_interfaces/srv/_face_detector_s.c
-- Installing: /home/hzc/linux/ros2/stu/ws02_tools/install/base_interfaces/lib/python3.14/site-packages/base_interfaces/py.typed
-- Up-to-date: /home/hzc/linux/ros2/stu/ws02_tools/install/base_interfaces/lib/python3.14/site-packages/base_interfaces/base_interfaces_s__rosidl_typesupport_introspection_c.so
-- Installing: /home/hzc/linux/ros2/stu/ws02_tools/install/base_interfaces/lib/python3.14/site-packages/base_interfaces/__init__.py
-- Up-to-date: /home/hzc/linux/ros2/stu/ws02_tools/install/base_interfaces/lib/python3.14/site-packages/base_interfaces/base_interfaces_s__rosidl_typesupport_c.so
-- Installing: /home/hzc/linux/ros2/stu/ws02_tools/install/base_interfaces/lib/python3.14/site-packages/base_interfaces/_base_interfaces_s.ep.rosidl_typesupport_fastrtps_c.c
-- Up-to-date: /home/hzc/linux/ros2/stu/ws02_tools/install/base_interfaces/lib/python3.14/site-packages/base_interfaces/base_interfaces_s__rosidl_typesupport_fastrtps_c.so
-- Installing: /home/hzc/linux/ros2/stu/ws02_tools/install/base_interfaces/lib/python3.14/site-packages/base_interfaces/_base_interfaces_s.ep.rosidl_typesupport_introspection_c.c
-- Installing: /home/hzc/linux/ros2/stu/ws02_tools/install/base_interfaces/lib/python3.14/site-packages/base_interfaces/_base_interfaces_s.ep.rosidl_typesupport_c.c
Listing '/home/hzc/linux/ros2/stu/ws02_tools/install/base_interfaces/lib/python3.14/site-packages/base_interfaces'...
Compiling '/home/hzc/linux/ros2/stu/ws02_tools/install/base_interfaces/lib/python3.14/site-packages/base_interfaces/__init__.py'...
Listing '/home/hzc/linux/ros2/stu/ws02_tools/install/base_interfaces/lib/python3.14/site-packages/base_interfaces/srv'...
Compiling '/home/hzc/linux/ros2/stu/ws02_tools/install/base_interfaces/lib/python3.14/site-packages/base_interfaces/srv/__init__.py'...
Compiling '/home/hzc/linux/ros2/stu/ws02_tools/install/base_interfaces/lib/python3.14/site-packages/base_interfaces/srv/_face_detector.py'...
-- Installing: /home/hzc/linux/ros2/stu/ws02_tools/install/base_interfaces/share/base_interfaces/cmake/rosidl_cmake-extras.cmake
-- Installing: /home/hzc/linux/ros2/stu/ws02_tools/install/base_interfaces/share/base_interfaces/cmake/ament_cmake_export_dependencies-extras.cmake
-- Installing: /home/hzc/linux/ros2/stu/ws02_tools/install/base_interfaces/share/base_interfaces/cmake/ament_cmake_export_include_directories-extras.cmake
-- Installing: /home/hzc/linux/ros2/stu/ws02_tools/install/base_interfaces/share/base_interfaces/cmake/ament_cmake_export_libraries-extras.cmake
-- Installing: /home/hzc/linux/ros2/stu/ws02_tools/install/base_interfaces/share/base_interfaces/cmake/ament_cmake_export_targets-extras.cmake
-- Installing: /home/hzc/linux/ros2/stu/ws02_tools/install/base_interfaces/share/base_interfaces/cmake/rosidl_cmake_export_typesupport_targets-extras.cmake
-- Installing: /home/hzc/linux/ros2/stu/ws02_tools/install/base_interfaces/share/base_interfaces/cmake/rosidl_cmake_export_typesupport_libraries-extras.cmake
-- Installing: /home/hzc/linux/ros2/stu/ws02_tools/install/base_interfaces/share/base_interfaces/cmake/rosidl_cmake_aggregate_target-extras.cmake
-- Installing: /home/hzc/linux/ros2/stu/ws02_tools/install/base_interfaces/share/base_interfaces/cmake/base_interfacesConfig.cmake
-- Installing: /home/hzc/linux/ros2/stu/ws02_tools/install/base_interfaces/share/base_interfaces/cmake/base_interfacesConfig-version.cmake
-- Installing: /home/hzc/linux/ros2/stu/ws02_tools/install/base_interfaces/share/base_interfaces/package.xml
