[0.017s] Invoking command in '/home/hzc/linux/ros2/ros2_stu/build/pkg01_hello_cpp': CMAKE_PREFIX_PATH=${CMAKE_PREFIX_PATH}:/opt/ros/lyrical DEBUGINFOD_URLS=https://debuginfod.ubuntu.com /usr/bin/cmake /home/hzc/linux/ros2/ros2_stu/src/pkg01_hello_cpp -DCMAKE_INSTALL_PREFIX=/home/hzc/linux/ros2/ros2_stu/install/pkg01_hello_cpp
[0.122s] -- The C compiler identification is GNU 15.2.0
[0.222s] -- The CXX compiler identification is GNU 15.2.0
[0.234s] -- Detecting C compiler ABI info
[0.327s] -- Detecting C compiler ABI info - done
[0.342s] -- Check for working C compiler: /usr/bin/cc - skipped
[0.343s] -- Detecting C compile features
[0.343s] -- Detecting C compile features - done
[0.361s] -- Detecting CXX compiler ABI info
[0.469s] -- Detecting CXX compiler ABI info - done
[0.485s] -- Check for working CXX compiler: /usr/bin/c++ - skipped
[0.486s] -- Detecting CXX compile features
[0.486s] -- Detecting CXX compile features - done
[0.501s] -- Found ament_cmake: 2.8.7 (/opt/ros/lyrical/share/ament_cmake/cmake)
[1.185s] -- Found rclcpp: 32.0.0 (/opt/ros/lyrical/share/rclcpp/cmake)
[1.264s] -- Found rosidl_generator_c: 5.2.0 (/opt/ros/lyrical/share/rosidl_generator_c/cmake)
[1.287s] -- Found rosidl_generator_cpp: 5.2.0 (/opt/ros/lyrical/share/rosidl_generator_cpp/cmake)
[1.325s] -- Using all available rosidl_typesupport_c: rosidl_typesupport_fastrtps_c;rosidl_typesupport_introspection_c
[1.356s] -- Using all available rosidl_typesupport_cpp: rosidl_typesupport_fastrtps_cpp;rosidl_typesupport_introspection_cpp
[1.475s] -- Found rmw_implementation_cmake: 7.10.1 (/opt/ros/lyrical/share/rmw_implementation_cmake/cmake)
[1.482s] -- Found rmw_fastrtps_cpp: 9.4.8 (/opt/ros/lyrical/share/rmw_fastrtps_cpp/cmake)
[1.541s] -- Using RMW implementation 'rmw_fastrtps_cpp' as default
[1.655s] -- Found ament_lint_auto: 0.20.6 (/opt/ros/lyrical/share/ament_lint_auto/cmake)
[1.799s] -- Added test 'cppcheck' to perform static code analysis on C / C++ code
[1.800s] -- Configured cppcheck include dirs: $<BUILD_INTERFACE:/home/hzc/linux/ros2/ros2_stu/src/pkg01_hello_cpp/include>
[1.800s] -- Configured cppcheck exclude dirs and/or files: 
[1.802s] -- Added test 'lint_cmake' to check CMake code style
[1.804s] -- Added test 'uncrustify' to check C / C++ code style
[1.804s] -- Configured uncrustify additional arguments: 
[1.806s] -- Added test 'xmllint' to check XML markup files
[1.810s] -- Configuring done (1.8s)
[1.821s] -- Generating done (0.0s)
[1.843s] -- Build files have been written to: /home/hzc/linux/ros2/ros2_stu/build/pkg01_hello_cpp
[1.851s] Invoked command in '/home/hzc/linux/ros2/ros2_stu/build/pkg01_hello_cpp' returned '0': CMAKE_PREFIX_PATH=${CMAKE_PREFIX_PATH}:/opt/ros/lyrical DEBUGINFOD_URLS=https://debuginfod.ubuntu.com /usr/bin/cmake /home/hzc/linux/ros2/ros2_stu/src/pkg01_hello_cpp -DCMAKE_INSTALL_PREFIX=/home/hzc/linux/ros2/ros2_stu/install/pkg01_hello_cpp
[1.852s] Invoking command in '/home/hzc/linux/ros2/ros2_stu/build/pkg01_hello_cpp': CMAKE_PREFIX_PATH=${CMAKE_PREFIX_PATH}:/opt/ros/lyrical DEBUGINFOD_URLS=https://debuginfod.ubuntu.com /usr/bin/cmake --build /home/hzc/linux/ros2/ros2_stu/build/pkg01_hello_cpp -- -j16 -l16
[1.912s] [ 50%] [32mBuilding CXX object CMakeFiles/hello.dir/src/hello.cpp.o[0m
[3.957s] [01m[K/home/hzc/linux/ros2/ros2_stu/src/pkg01_hello_cpp/src/hello.cpp:[m[K In function ‘[01m[Kint[01;32m[K main[m[K(int, char**)[m[K’:
[3.957s] [01m[K/home/hzc/linux/ros2/ros2_stu/src/pkg01_hello_cpp/src/hello.cpp:23:21:[m[K [01;31m[Kerror: [m[Kexpected ‘[01m[K;[m[K’ before ‘[01m[K}[m[K’ token
[3.957s]    23 |   rclcpp::shutdown()
[3.957s]       |                     [01;31m[K^[m[K
[3.957s]       |                     [32m[K;[m[K
[3.957s]    24 | [32m[K}[m[K
[3.957s]       | [32m[K~[m[K                    
[5.070s] gmake[2]: *** [CMakeFiles/hello.dir/build.make:79：CMakeFiles/hello.dir/src/hello.cpp.o] 错误 1
[5.070s] gmake[1]: *** [CMakeFiles/Makefile2:153：CMakeFiles/hello.dir/all] 错误 2
[5.070s] gmake: *** [Makefile:146：all] 错误 2
[5.074s] Invoked command in '/home/hzc/linux/ros2/ros2_stu/build/pkg01_hello_cpp' returned '2': CMAKE_PREFIX_PATH=${CMAKE_PREFIX_PATH}:/opt/ros/lyrical DEBUGINFOD_URLS=https://debuginfod.ubuntu.com /usr/bin/cmake --build /home/hzc/linux/ros2/ros2_stu/build/pkg01_hello_cpp -- -j16 -l16
