-- Found ament_cmake: 2.8.7 (/opt/ros/lyrical/share/ament_cmake/cmake)
-- Found sensor_msgs: 5.9.2 (/opt/ros/lyrical/share/sensor_msgs/cmake)
-- Found rosidl_generator_c: 5.2.0 (/opt/ros/lyrical/share/rosidl_generator_c/cmake)
-- Found rosidl_generator_cpp: 5.2.0 (/opt/ros/lyrical/share/rosidl_generator_cpp/cmake)
-- Using all available rosidl_typesupport_c: rosidl_typesupport_fastrtps_c;rosidl_typesupport_introspection_c
-- Using all available rosidl_typesupport_cpp: rosidl_typesupport_fastrtps_cpp;rosidl_typesupport_introspection_cpp
-- Found rosidl_default_generators: 1.8.1 (/opt/ros/lyrical/share/rosidl_default_generators/cmake)
-- Found rosidl_adapter: 5.2.0 (/opt/ros/lyrical/share/rosidl_adapter/cmake)
[31mCMake Error at /opt/ros/lyrical/share/rosidl_adapter/cmake/rosidl_adapt_interfaces.cmake:57 (message):
  execute_process(/usr/bin/python3 -m rosidl_adapter --package-name
  base_interfaces --arguments-file
  /home/hzc/linux/ros2/stu/ws02_tools/build/base_interfaces/rosidl_adapter__arguments__base_interfaces.json
  --output-dir
  /home/hzc/linux/ros2/stu/ws02_tools/build/base_interfaces/rosidl_adapter/base_interfaces
  --output-file
  /home/hzc/linux/ros2/stu/ws02_tools/build/base_interfaces/rosidl_adapter/base_interfaces.idls)
  returned error code 1:

  Error with: base_interfaces FaceDetector_Response int32[]

  Traceback (most recent call last):

    File "<frozen runpy>", line 198, in _run_module_as_main
    File "<frozen runpy>", line 88, in _run_code
    File "/opt/ros/lyrical/lib/python3.14/site-packages/rosidl_adapter/__main__.py", line 19, in <module>
      main()
      ~~~~^^
    File "/opt/ros/lyrical/lib/python3.14/site-packages/rosidl_adapter/main.py", line 54, in main
      abs_idl_file = convert_to_idl(
          pathlib.Path(basepath), args.package_name,
          pathlib.Path(relative_path), output_dir)
    File "/opt/ros/lyrical/lib/python3.14/site-packages/rosidl_adapter/__init__.py", line 27, in convert_to_idl
      return convert_srv_to_idl(
          package_dir, package_name, interface_file, output_dir / 'srv')
    File "/opt/ros/lyrical/lib/python3.14/site-packages/rosidl_adapter/srv/__init__.py", line 31, in convert_srv_to_idl
      srv = parse_service_string(package_name, input_file.stem, content)
    File "/opt/ros/lyrical/lib/python3.14/site-packages/rosidl_adapter/parser.py", line 911, in parse_service_string
      response_message = parse_message_string(
          pkg_name, srv_name + SERVICE_RESPONSE_MESSAGE_SUFFIX, response_message_string)
    File "/opt/ros/lyrical/lib/python3.14/site-packages/rosidl_adapter/parser.py", line 548, in parse_message_string
      raise InvalidFieldDefinition(line)

  rosidl_adapter.parser.InvalidFieldDefinition: int32[]

Call Stack (most recent call first):
  /opt/ros/lyrical/share/rosidl_cmake/cmake/rosidl_generate_interfaces.cmake:132 (rosidl_adapt_interfaces)
  CMakeLists.txt:14 (rosidl_generate_interfaces)

[0m
-- Configuring incomplete, errors occurred!
