-- Found ament_cmake: 2.8.7 (/opt/ros/lyrical/share/ament_cmake/cmake)
-- Found rclcpp: 32.0.0 (/opt/ros/lyrical/share/rclcpp/cmake)
-- Found rosidl_generator_c: 5.2.0 (/opt/ros/lyrical/share/rosidl_generator_c/cmake)
-- Found rosidl_generator_cpp: 5.2.0 (/opt/ros/lyrical/share/rosidl_generator_cpp/cmake)
-- Using all available rosidl_typesupport_c: rosidl_typesupport_fastrtps_c;rosidl_typesupport_introspection_c
-- Using all available rosidl_typesupport_cpp: rosidl_typesupport_fastrtps_cpp;rosidl_typesupport_introspection_cpp
-- Found rmw_implementation_cmake: 7.10.1 (/opt/ros/lyrical/share/rmw_implementation_cmake/cmake)
-- Found rmw_fastrtps_cpp: 9.4.8 (/opt/ros/lyrical/share/rmw_fastrtps_cpp/cmake)
-- Using RMW implementation 'rmw_fastrtps_cpp' as default
-- Found ament_lint_auto: 0.20.6 (/opt/ros/lyrical/share/ament_lint_auto/cmake)
-- Added test 'cppcheck' to perform static code analysis on C / C++ code
-- Configured cppcheck include dirs: $<BUILD_INTERFACE:/home/hzc/linux/ros2/ros2_stu/src/pkg01_hello_cpp/include>
-- Configured cppcheck exclude dirs and/or files: 
-- Added test 'lint_cmake' to check CMake code style
-- Added test 'uncrustify' to check C / C++ code style
-- Configured uncrustify additional arguments: 
-- Added test 'xmllint' to check XML markup files
-- Configuring done (0.5s)
-- Generating done (0.0s)
-- Build files have been written to: /home/hzc/linux/ros2/ros2_stu/build/pkg01_hello_cpp
[ 25%] [32mBuilding CXX object CMakeFiles/hello2.dir/src/hello2.cpp.o[0m
[ 75%] Built target hello
[100%] [1m[32mLinking CXX executable hello2[0m
[100%] Built target hello2
-- Install configuration: ""
-- Up-to-date: /home/hzc/linux/ros2/ros2_stu/install/pkg01_hello_cpp/lib/pkg01_hello_cpp/hello
-- Installing: /home/hzc/linux/ros2/ros2_stu/install/pkg01_hello_cpp/lib/pkg01_hello_cpp/hello2
-- Set non-toolchain portion of runtime path of "/home/hzc/linux/ros2/ros2_stu/install/pkg01_hello_cpp/lib/pkg01_hello_cpp/hello2" to ""
-- Up-to-date: /home/hzc/linux/ros2/ros2_stu/install/pkg01_hello_cpp/share/ament_index/resource_index/package_run_dependencies/pkg01_hello_cpp
-- Installing: /home/hzc/linux/ros2/ros2_stu/install/pkg01_hello_cpp/share/ament_index/resource_index/parent_prefix_path/pkg01_hello_cpp
-- Up-to-date: /home/hzc/linux/ros2/ros2_stu/install/pkg01_hello_cpp/share/pkg01_hello_cpp/environment/ament_prefix_path.sh
-- Up-to-date: /home/hzc/linux/ros2/ros2_stu/install/pkg01_hello_cpp/share/pkg01_hello_cpp/environment/ament_prefix_path.dsv
-- Up-to-date: /home/hzc/linux/ros2/ros2_stu/install/pkg01_hello_cpp/share/pkg01_hello_cpp/environment/path.sh
-- Up-to-date: /home/hzc/linux/ros2/ros2_stu/install/pkg01_hello_cpp/share/pkg01_hello_cpp/environment/path.dsv
-- Up-to-date: /home/hzc/linux/ros2/ros2_stu/install/pkg01_hello_cpp/share/pkg01_hello_cpp/local_setup.bash
-- Up-to-date: /home/hzc/linux/ros2/ros2_stu/install/pkg01_hello_cpp/share/pkg01_hello_cpp/local_setup.fish
-- Up-to-date: /home/hzc/linux/ros2/ros2_stu/install/pkg01_hello_cpp/share/pkg01_hello_cpp/local_setup.sh
-- Up-to-date: /home/hzc/linux/ros2/ros2_stu/install/pkg01_hello_cpp/share/pkg01_hello_cpp/local_setup.zsh
-- Up-to-date: /home/hzc/linux/ros2/ros2_stu/install/pkg01_hello_cpp/share/pkg01_hello_cpp/local_setup.dsv
-- Installing: /home/hzc/linux/ros2/ros2_stu/install/pkg01_hello_cpp/share/pkg01_hello_cpp/package.dsv
-- Up-to-date: /home/hzc/linux/ros2/ros2_stu/install/pkg01_hello_cpp/share/ament_index/resource_index/packages/pkg01_hello_cpp
-- Up-to-date: /home/hzc/linux/ros2/ros2_stu/install/pkg01_hello_cpp/share/pkg01_hello_cpp/cmake/pkg01_hello_cppConfig.cmake
-- Up-to-date: /home/hzc/linux/ros2/ros2_stu/install/pkg01_hello_cpp/share/pkg01_hello_cpp/cmake/pkg01_hello_cppConfig-version.cmake
-- Up-to-date: /home/hzc/linux/ros2/ros2_stu/install/pkg01_hello_cpp/share/pkg01_hello_cpp/package.xml
