[0.013s] Invoking command in '/home/hzc/linux/ros2/ros2_stu/build/pkg01_hello_cpp': CMAKE_PREFIX_PATH=${CMAKE_PREFIX_PATH}:/opt/ros/lyrical DEBUGINFOD_URLS=https://debuginfod.ubuntu.com /usr/bin/cmake --build /home/hzc/linux/ros2/ros2_stu/build/pkg01_hello_cpp -- -j16 -l16
[0.044s] -- Found ament_cmake: 2.8.7 (/opt/ros/lyrical/share/ament_cmake/cmake)
[0.238s] -- Found rclcpp: 32.0.0 (/opt/ros/lyrical/share/rclcpp/cmake)
[0.261s] -- Found rosidl_generator_c: 5.2.0 (/opt/ros/lyrical/share/rosidl_generator_c/cmake)
[0.268s] -- Found rosidl_generator_cpp: 5.2.0 (/opt/ros/lyrical/share/rosidl_generator_cpp/cmake)
[0.279s] -- Using all available rosidl_typesupport_c: rosidl_typesupport_fastrtps_c;rosidl_typesupport_introspection_c
[0.288s] -- Using all available rosidl_typesupport_cpp: rosidl_typesupport_fastrtps_cpp;rosidl_typesupport_introspection_cpp
[0.347s] -- Found rmw_implementation_cmake: 7.10.1 (/opt/ros/lyrical/share/rmw_implementation_cmake/cmake)
[0.348s] -- Found rmw_fastrtps_cpp: 9.4.8 (/opt/ros/lyrical/share/rmw_fastrtps_cpp/cmake)
[0.373s] -- Using RMW implementation 'rmw_fastrtps_cpp' as default
[0.439s] -- Found ament_lint_auto: 0.20.6 (/opt/ros/lyrical/share/ament_lint_auto/cmake)
[0.543s] -- Added test 'cppcheck' to perform static code analysis on C / C++ code
[0.543s] -- Configured cppcheck include dirs: $<BUILD_INTERFACE:/home/hzc/linux/ros2/ros2_stu/src/pkg01_hello_cpp/include>
[0.543s] -- Configured cppcheck exclude dirs and/or files: 
[0.543s] -- Added test 'lint_cmake' to check CMake code style
[0.543s] -- Added test 'uncrustify' to check C / C++ code style
[0.544s] -- Configured uncrustify additional arguments: 
[0.544s] -- Added test 'xmllint' to check XML markup files
[0.544s] -- Configuring done (0.5s)
[0.559s] -- Generating done (0.0s)
[0.583s] -- Build files have been written to: /home/hzc/linux/ros2/ros2_stu/build/pkg01_hello_cpp
[0.623s] [ 25%] [32mBuilding CXX object CMakeFiles/hello2.dir/src/hello2.cpp.o[0m
[0.645s] [ 75%] Built target hello
[3.967s] [100%] [1m[32mLinking CXX executable hello2[0m
[4.089s] [100%] Built target hello2
[4.105s] Invoked command in '/home/hzc/linux/ros2/ros2_stu/build/pkg01_hello_cpp' returned '0': CMAKE_PREFIX_PATH=${CMAKE_PREFIX_PATH}:/opt/ros/lyrical DEBUGINFOD_URLS=https://debuginfod.ubuntu.com /usr/bin/cmake --build /home/hzc/linux/ros2/ros2_stu/build/pkg01_hello_cpp -- -j16 -l16
[4.118s] Invoking command in '/home/hzc/linux/ros2/ros2_stu/build/pkg01_hello_cpp': CMAKE_PREFIX_PATH=${CMAKE_PREFIX_PATH}:/opt/ros/lyrical DEBUGINFOD_URLS=https://debuginfod.ubuntu.com /usr/bin/cmake --install /home/hzc/linux/ros2/ros2_stu/build/pkg01_hello_cpp
[4.127s] -- Install configuration: ""
[4.127s] -- Up-to-date: /home/hzc/linux/ros2/ros2_stu/install/pkg01_hello_cpp/lib/pkg01_hello_cpp/hello
[4.129s] -- Installing: /home/hzc/linux/ros2/ros2_stu/install/pkg01_hello_cpp/lib/pkg01_hello_cpp/hello2
[4.129s] -- Set non-toolchain portion of runtime path of "/home/hzc/linux/ros2/ros2_stu/install/pkg01_hello_cpp/lib/pkg01_hello_cpp/hello2" to ""
[4.129s] -- Up-to-date: /home/hzc/linux/ros2/ros2_stu/install/pkg01_hello_cpp/share/ament_index/resource_index/package_run_dependencies/pkg01_hello_cpp
[4.129s] -- Installing: /home/hzc/linux/ros2/ros2_stu/install/pkg01_hello_cpp/share/ament_index/resource_index/parent_prefix_path/pkg01_hello_cpp
[4.129s] -- Up-to-date: /home/hzc/linux/ros2/ros2_stu/install/pkg01_hello_cpp/share/pkg01_hello_cpp/environment/ament_prefix_path.sh
[4.129s] -- Up-to-date: /home/hzc/linux/ros2/ros2_stu/install/pkg01_hello_cpp/share/pkg01_hello_cpp/environment/ament_prefix_path.dsv
[4.129s] -- Up-to-date: /home/hzc/linux/ros2/ros2_stu/install/pkg01_hello_cpp/share/pkg01_hello_cpp/environment/path.sh
[4.129s] -- Up-to-date: /home/hzc/linux/ros2/ros2_stu/install/pkg01_hello_cpp/share/pkg01_hello_cpp/environment/path.dsv
[4.130s] -- Up-to-date: /home/hzc/linux/ros2/ros2_stu/install/pkg01_hello_cpp/share/pkg01_hello_cpp/local_setup.bash
[4.130s] -- Up-to-date: /home/hzc/linux/ros2/ros2_stu/install/pkg01_hello_cpp/share/pkg01_hello_cpp/local_setup.fish
[4.130s] -- Up-to-date: /home/hzc/linux/ros2/ros2_stu/install/pkg01_hello_cpp/share/pkg01_hello_cpp/local_setup.sh
[4.130s] -- Up-to-date: /home/hzc/linux/ros2/ros2_stu/install/pkg01_hello_cpp/share/pkg01_hello_cpp/local_setup.zsh
[4.130s] -- Up-to-date: /home/hzc/linux/ros2/ros2_stu/install/pkg01_hello_cpp/share/pkg01_hello_cpp/local_setup.dsv
[4.130s] -- Installing: /home/hzc/linux/ros2/ros2_stu/install/pkg01_hello_cpp/share/pkg01_hello_cpp/package.dsv
[4.130s] -- Up-to-date: /home/hzc/linux/ros2/ros2_stu/install/pkg01_hello_cpp/share/ament_index/resource_index/packages/pkg01_hello_cpp
[4.130s] -- Up-to-date: /home/hzc/linux/ros2/ros2_stu/install/pkg01_hello_cpp/share/pkg01_hello_cpp/cmake/pkg01_hello_cppConfig.cmake
[4.130s] -- Up-to-date: /home/hzc/linux/ros2/ros2_stu/install/pkg01_hello_cpp/share/pkg01_hello_cpp/cmake/pkg01_hello_cppConfig-version.cmake
[4.130s] -- Up-to-date: /home/hzc/linux/ros2/ros2_stu/install/pkg01_hello_cpp/share/pkg01_hello_cpp/package.xml
[4.131s] Invoked command in '/home/hzc/linux/ros2/ros2_stu/build/pkg01_hello_cpp' returned '0': CMAKE_PREFIX_PATH=${CMAKE_PREFIX_PATH}:/opt/ros/lyrical DEBUGINFOD_URLS=https://debuginfod.ubuntu.com /usr/bin/cmake --install /home/hzc/linux/ros2/ros2_stu/build/pkg01_hello_cpp
