[0.012s] Invoking command in '/home/hzc/linux/ros2/stu/ws02_tools/build/cpp7_gazebo': CMAKE_PREFIX_PATH=${CMAKE_PREFIX_PATH}:/home/hzc/linux/ros2/stu/ws02_tools/install/py5_exercise:/home/hzc/linux/ros2/stu/ws02_tools/install/py3_tf_broadcaster:/home/hzc/linux/ros2/stu/ws02_tools/install/py1_launch:/opt/ros/lyrical DEBUGINFOD_URLS=https://debuginfod.ubuntu.com /usr/bin/cmake /home/hzc/linux/ros2/stu/ws02_tools/src/cpp7_gazebo -DCMAKE_INSTALL_PREFIX=/home/hzc/linux/ros2/stu/ws02_tools/install/cpp7_gazebo
[0.030s] -- Found ament_cmake: 2.8.7 (/opt/ros/lyrical/share/ament_cmake/cmake)
[0.224s] -- Found ament_lint_auto: 0.20.6 (/opt/ros/lyrical/share/ament_lint_auto/cmake)
[0.384s] -- Added test 'flake8' to check Python code syntax and style conventions
[0.384s] -- Configured 'flake8' exclude dirs and/or files: 
[0.385s] -- Added test 'lint_cmake' to check CMake code style
[0.387s] -- Added test 'pep257' to check Python code against some of the docstring style conventions in PEP 257
[0.391s] -- Added test 'xmllint' to check XML markup files
[0.396s] -- Configuring done (0.4s)
[0.400s] -- Generating done (0.0s)
[0.402s] -- Build files have been written to: /home/hzc/linux/ros2/stu/ws02_tools/build/cpp7_gazebo
[0.406s] Invoked command in '/home/hzc/linux/ros2/stu/ws02_tools/build/cpp7_gazebo' returned '0': CMAKE_PREFIX_PATH=${CMAKE_PREFIX_PATH}:/home/hzc/linux/ros2/stu/ws02_tools/install/py5_exercise:/home/hzc/linux/ros2/stu/ws02_tools/install/py3_tf_broadcaster:/home/hzc/linux/ros2/stu/ws02_tools/install/py1_launch:/opt/ros/lyrical DEBUGINFOD_URLS=https://debuginfod.ubuntu.com /usr/bin/cmake /home/hzc/linux/ros2/stu/ws02_tools/src/cpp7_gazebo -DCMAKE_INSTALL_PREFIX=/home/hzc/linux/ros2/stu/ws02_tools/install/cpp7_gazebo
[0.407s] Invoking command in '/home/hzc/linux/ros2/stu/ws02_tools/build/cpp7_gazebo': CMAKE_PREFIX_PATH=${CMAKE_PREFIX_PATH}:/home/hzc/linux/ros2/stu/ws02_tools/install/py5_exercise:/home/hzc/linux/ros2/stu/ws02_tools/install/py3_tf_broadcaster:/home/hzc/linux/ros2/stu/ws02_tools/install/py1_launch:/opt/ros/lyrical DEBUGINFOD_URLS=https://debuginfod.ubuntu.com /usr/bin/cmake --build /home/hzc/linux/ros2/stu/ws02_tools/build/cpp7_gazebo -- -j16 -l16
[0.450s] Invoked command in '/home/hzc/linux/ros2/stu/ws02_tools/build/cpp7_gazebo' returned '0': CMAKE_PREFIX_PATH=${CMAKE_PREFIX_PATH}:/home/hzc/linux/ros2/stu/ws02_tools/install/py5_exercise:/home/hzc/linux/ros2/stu/ws02_tools/install/py3_tf_broadcaster:/home/hzc/linux/ros2/stu/ws02_tools/install/py1_launch:/opt/ros/lyrical DEBUGINFOD_URLS=https://debuginfod.ubuntu.com /usr/bin/cmake --build /home/hzc/linux/ros2/stu/ws02_tools/build/cpp7_gazebo -- -j16 -l16
[0.460s] Invoking command in '/home/hzc/linux/ros2/stu/ws02_tools/build/cpp7_gazebo': CMAKE_PREFIX_PATH=${CMAKE_PREFIX_PATH}:/home/hzc/linux/ros2/stu/ws02_tools/install/py5_exercise:/home/hzc/linux/ros2/stu/ws02_tools/install/py3_tf_broadcaster:/home/hzc/linux/ros2/stu/ws02_tools/install/py1_launch:/opt/ros/lyrical DEBUGINFOD_URLS=https://debuginfod.ubuntu.com /usr/bin/cmake --install /home/hzc/linux/ros2/stu/ws02_tools/build/cpp7_gazebo
[0.468s] -- Install configuration: ""
[0.469s] -- Installing: /home/hzc/linux/ros2/stu/ws02_tools/install/cpp7_gazebo/share/cpp7_gazebo/launch
[0.469s] -- Installing: /home/hzc/linux/ros2/stu/ws02_tools/install/cpp7_gazebo/share/cpp7_gazebo/launch/display_launch.py
[0.469s] -- Installing: /home/hzc/linux/ros2/stu/ws02_tools/install/cpp7_gazebo/share/cpp7_gazebo/urdf
[0.469s] -- Installing: /home/hzc/linux/ros2/stu/ws02_tools/install/cpp7_gazebo/share/cpp7_gazebo/urdf/urdf
[0.469s] -- Installing: /home/hzc/linux/ros2/stu/ws02_tools/install/cpp7_gazebo/share/cpp7_gazebo/urdf/xacro
[0.469s] -- Installing: /home/hzc/linux/ros2/stu/ws02_tools/install/cpp7_gazebo/share/cpp7_gazebo/urdf/xacro/car_urdf.xacro
[0.469s] -- Installing: /home/hzc/linux/ros2/stu/ws02_tools/install/cpp7_gazebo/share/cpp7_gazebo/urdf/xacro/car_base.urdf.xacro
[0.469s] -- Installing: /home/hzc/linux/ros2/stu/ws02_tools/install/cpp7_gazebo/share/cpp7_gazebo/urdf/xacro/car_head.xacro
[0.469s] -- Installing: /home/hzc/linux/ros2/stu/ws02_tools/install/cpp7_gazebo/share/cpp7_gazebo/urdf/xacro/car_camera.urdf.xacro
[0.470s] -- Installing: /home/hzc/linux/ros2/stu/ws02_tools/install/cpp7_gazebo/share/cpp7_gazebo/urdf/xacro/car_laser.urdf.xacro
[0.470s] -- Installing: /home/hzc/linux/ros2/stu/ws02_tools/install/cpp7_gazebo/share/ament_index/resource_index/package_run_dependencies/cpp7_gazebo
[0.470s] -- Installing: /home/hzc/linux/ros2/stu/ws02_tools/install/cpp7_gazebo/share/ament_index/resource_index/parent_prefix_path/cpp7_gazebo
[0.470s] -- Installing: /home/hzc/linux/ros2/stu/ws02_tools/install/cpp7_gazebo/share/cpp7_gazebo/environment/ament_prefix_path.sh
[0.470s] -- Installing: /home/hzc/linux/ros2/stu/ws02_tools/install/cpp7_gazebo/share/cpp7_gazebo/environment/ament_prefix_path.dsv
[0.470s] -- Installing: /home/hzc/linux/ros2/stu/ws02_tools/install/cpp7_gazebo/share/cpp7_gazebo/environment/path.sh
[0.470s] -- Installing: /home/hzc/linux/ros2/stu/ws02_tools/install/cpp7_gazebo/share/cpp7_gazebo/environment/path.dsv
[0.471s] -- Installing: /home/hzc/linux/ros2/stu/ws02_tools/install/cpp7_gazebo/share/cpp7_gazebo/local_setup.bash
[0.471s] -- Installing: /home/hzc/linux/ros2/stu/ws02_tools/install/cpp7_gazebo/share/cpp7_gazebo/local_setup.fish
[0.471s] -- Installing: /home/hzc/linux/ros2/stu/ws02_tools/install/cpp7_gazebo/share/cpp7_gazebo/local_setup.sh
[0.471s] -- Installing: /home/hzc/linux/ros2/stu/ws02_tools/install/cpp7_gazebo/share/cpp7_gazebo/local_setup.zsh
[0.471s] -- Installing: /home/hzc/linux/ros2/stu/ws02_tools/install/cpp7_gazebo/share/cpp7_gazebo/local_setup.dsv
[0.471s] -- Installing: /home/hzc/linux/ros2/stu/ws02_tools/install/cpp7_gazebo/share/cpp7_gazebo/package.dsv
[0.472s] -- Installing: /home/hzc/linux/ros2/stu/ws02_tools/install/cpp7_gazebo/share/ament_index/resource_index/packages/cpp7_gazebo
[0.472s] -- Installing: /home/hzc/linux/ros2/stu/ws02_tools/install/cpp7_gazebo/share/cpp7_gazebo/cmake/cpp7_gazeboConfig.cmake
[0.472s] -- Installing: /home/hzc/linux/ros2/stu/ws02_tools/install/cpp7_gazebo/share/cpp7_gazebo/cmake/cpp7_gazeboConfig-version.cmake
[0.472s] -- Installing: /home/hzc/linux/ros2/stu/ws02_tools/install/cpp7_gazebo/share/cpp7_gazebo/package.xml
[0.474s] Invoked command in '/home/hzc/linux/ros2/stu/ws02_tools/build/cpp7_gazebo' returned '0': CMAKE_PREFIX_PATH=${CMAKE_PREFIX_PATH}:/home/hzc/linux/ros2/stu/ws02_tools/install/py5_exercise:/home/hzc/linux/ros2/stu/ws02_tools/install/py3_tf_broadcaster:/home/hzc/linux/ros2/stu/ws02_tools/install/py1_launch:/opt/ros/lyrical DEBUGINFOD_URLS=https://debuginfod.ubuntu.com /usr/bin/cmake --install /home/hzc/linux/ros2/stu/ws02_tools/build/cpp7_gazebo
