[0.013s] Invoking command in '/home/hzc/linux/ros2/stu/ws01_plubming/build/cpp05_names': CMAKE_PREFIX_PATH=${CMAKE_PREFIX_PATH}:/home/hzc/linux/ros2/stu/ws01_plubming/install/py05_names:/home/hzc/linux/ros2/stu/ws01_plubming/install/py01_topic:/home/hzc/linux/ros2/stu/ws01_plubming/install/py04_param:/home/hzc/linux/ros2/stu/ws01_plubming/install/py03_action:/home/hzc/linux/ros2/stu/ws01_plubming/install/py02_seriver:/opt/ros/lyrical DEBUGINFOD_URLS=https://debuginfod.ubuntu.com /usr/bin/cmake --build /home/hzc/linux/ros2/stu/ws01_plubming/build/cpp05_names -- -j16 -l16
[0.082s] [100%] Built target demo1_names
[0.097s] Invoked command in '/home/hzc/linux/ros2/stu/ws01_plubming/build/cpp05_names' returned '0': CMAKE_PREFIX_PATH=${CMAKE_PREFIX_PATH}:/home/hzc/linux/ros2/stu/ws01_plubming/install/py05_names:/home/hzc/linux/ros2/stu/ws01_plubming/install/py01_topic:/home/hzc/linux/ros2/stu/ws01_plubming/install/py04_param:/home/hzc/linux/ros2/stu/ws01_plubming/install/py03_action:/home/hzc/linux/ros2/stu/ws01_plubming/install/py02_seriver:/opt/ros/lyrical DEBUGINFOD_URLS=https://debuginfod.ubuntu.com /usr/bin/cmake --build /home/hzc/linux/ros2/stu/ws01_plubming/build/cpp05_names -- -j16 -l16
[0.110s] Invoking command in '/home/hzc/linux/ros2/stu/ws01_plubming/build/cpp05_names': CMAKE_PREFIX_PATH=${CMAKE_PREFIX_PATH}:/home/hzc/linux/ros2/stu/ws01_plubming/install/py05_names:/home/hzc/linux/ros2/stu/ws01_plubming/install/py01_topic:/home/hzc/linux/ros2/stu/ws01_plubming/install/py04_param:/home/hzc/linux/ros2/stu/ws01_plubming/install/py03_action:/home/hzc/linux/ros2/stu/ws01_plubming/install/py02_seriver:/opt/ros/lyrical DEBUGINFOD_URLS=https://debuginfod.ubuntu.com /usr/bin/cmake --install /home/hzc/linux/ros2/stu/ws01_plubming/build/cpp05_names
[0.120s] -- Install configuration: ""
[0.120s] -- Up-to-date: /home/hzc/linux/ros2/stu/ws01_plubming/install/cpp05_names/lib/cpp05_names/demo1_names
[0.120s] -- Up-to-date: /home/hzc/linux/ros2/stu/ws01_plubming/install/cpp05_names/share/cpp05_names/launch
[0.120s] -- Up-to-date: /home/hzc/linux/ros2/stu/ws01_plubming/install/cpp05_names/share/cpp05_names/launch/demo3_names_launch.yaml
[0.121s] -- Up-to-date: /home/hzc/linux/ros2/stu/ws01_plubming/install/cpp05_names/share/cpp05_names/launch/demo1_names_launch.py
[0.121s] -- Installing: /home/hzc/linux/ros2/stu/ws01_plubming/install/cpp05_names/share/cpp05_names/launch/demo2_names_launch.xml
[0.121s] -- Up-to-date: /home/hzc/linux/ros2/stu/ws01_plubming/install/cpp05_names/share/ament_index/resource_index/package_run_dependencies/cpp05_names
[0.121s] -- Up-to-date: /home/hzc/linux/ros2/stu/ws01_plubming/install/cpp05_names/share/ament_index/resource_index/parent_prefix_path/cpp05_names
[0.121s] -- Up-to-date: /home/hzc/linux/ros2/stu/ws01_plubming/install/cpp05_names/share/cpp05_names/environment/ament_prefix_path.sh
[0.121s] -- Up-to-date: /home/hzc/linux/ros2/stu/ws01_plubming/install/cpp05_names/share/cpp05_names/environment/ament_prefix_path.dsv
[0.121s] -- Up-to-date: /home/hzc/linux/ros2/stu/ws01_plubming/install/cpp05_names/share/cpp05_names/environment/path.sh
[0.122s] -- Up-to-date: /home/hzc/linux/ros2/stu/ws01_plubming/install/cpp05_names/share/cpp05_names/environment/path.dsv
[0.122s] -- Up-to-date: /home/hzc/linux/ros2/stu/ws01_plubming/install/cpp05_names/share/cpp05_names/local_setup.bash
[0.122s] -- Up-to-date: /home/hzc/linux/ros2/stu/ws01_plubming/install/cpp05_names/share/cpp05_names/local_setup.fish
[0.122s] -- Up-to-date: /home/hzc/linux/ros2/stu/ws01_plubming/install/cpp05_names/share/cpp05_names/local_setup.sh
[0.122s] -- Up-to-date: /home/hzc/linux/ros2/stu/ws01_plubming/install/cpp05_names/share/cpp05_names/local_setup.zsh
[0.122s] -- Up-to-date: /home/hzc/linux/ros2/stu/ws01_plubming/install/cpp05_names/share/cpp05_names/local_setup.dsv
[0.122s] -- Installing: /home/hzc/linux/ros2/stu/ws01_plubming/install/cpp05_names/share/cpp05_names/package.dsv
[0.122s] -- Up-to-date: /home/hzc/linux/ros2/stu/ws01_plubming/install/cpp05_names/share/ament_index/resource_index/packages/cpp05_names
[0.122s] -- Up-to-date: /home/hzc/linux/ros2/stu/ws01_plubming/install/cpp05_names/share/cpp05_names/cmake/cpp05_namesConfig.cmake
[0.122s] -- Up-to-date: /home/hzc/linux/ros2/stu/ws01_plubming/install/cpp05_names/share/cpp05_names/cmake/cpp05_namesConfig-version.cmake
[0.122s] -- Up-to-date: /home/hzc/linux/ros2/stu/ws01_plubming/install/cpp05_names/share/cpp05_names/package.xml
[0.123s] Invoked command in '/home/hzc/linux/ros2/stu/ws01_plubming/build/cpp05_names' returned '0': CMAKE_PREFIX_PATH=${CMAKE_PREFIX_PATH}:/home/hzc/linux/ros2/stu/ws01_plubming/install/py05_names:/home/hzc/linux/ros2/stu/ws01_plubming/install/py01_topic:/home/hzc/linux/ros2/stu/ws01_plubming/install/py04_param:/home/hzc/linux/ros2/stu/ws01_plubming/install/py03_action:/home/hzc/linux/ros2/stu/ws01_plubming/install/py02_seriver:/opt/ros/lyrical DEBUGINFOD_URLS=https://debuginfod.ubuntu.com /usr/bin/cmake --install /home/hzc/linux/ros2/stu/ws01_plubming/build/cpp05_names
