[0.839s] Invoking command in '/home/hzc/linux/ros2/stu/ws02_tools/src/py5_exercise': DEBUGINFOD_URLS=https://debuginfod.ubuntu.com PYTHONPATH=/home/hzc/linux/ros2/stu/ws02_tools/build/py5_exercise/prefix_override:/usr/lib/python3/dist-packages/colcon_core/task/python/colcon_distutils_commands:/home/hzc/linux/ros2/stu/ws02_tools/install/py5_exercise/lib/python3.14/site-packages:${PYTHONPATH} /usr/bin/python3 -W ignore:setup.py install is deprecated -W ignore:easy_install command is deprecated setup.py egg_info --egg-base ../../build/py5_exercise build --build-base /home/hzc/linux/ros2/stu/ws02_tools/build/py5_exercise/build install --record /home/hzc/linux/ros2/stu/ws02_tools/build/py5_exercise/install.log --single-version-externally-managed install_data
[1.152s] running egg_info
[1.173s] writing ../../build/py5_exercise/py5_exercise.egg-info/PKG-INFO
[1.174s] writing dependency_links to ../../build/py5_exercise/py5_exercise.egg-info/dependency_links.txt
[1.175s] writing entry points to ../../build/py5_exercise/py5_exercise.egg-info/entry_points.txt
[1.175s] writing requirements to ../../build/py5_exercise/py5_exercise.egg-info/requires.txt
[1.175s] writing top-level names to ../../build/py5_exercise/py5_exercise.egg-info/top_level.txt
[1.222s] reading manifest file '../../build/py5_exercise/py5_exercise.egg-info/SOURCES.txt'
[1.224s] writing manifest file '../../build/py5_exercise/py5_exercise.egg-info/SOURCES.txt'
[1.224s] running build
[1.225s] running build_py
[1.225s] copying py5_exercise/exer3_tf_listener_py.py -> /home/hzc/linux/ros2/stu/ws02_tools/build/py5_exercise/build/lib/py5_exercise
[1.225s] copying py5_exercise/exer1_spawn_py.py -> /home/hzc/linux/ros2/stu/ws02_tools/build/py5_exercise/build/lib/py5_exercise
[1.225s] copying py5_exercise/__init__.py -> /home/hzc/linux/ros2/stu/ws02_tools/build/py5_exercise/build/lib/py5_exercise
[1.225s] copying py5_exercise/exer2_tf_broadcaster_py.py -> /home/hzc/linux/ros2/stu/ws02_tools/build/py5_exercise/build/lib/py5_exercise
[1.225s] copying py5_exercise/py.typed -> /home/hzc/linux/ros2/stu/ws02_tools/build/py5_exercise/build/lib/py5_exercise
[1.225s] running install
[1.232s] running install_lib
[1.254s] copying /home/hzc/linux/ros2/stu/ws02_tools/build/py5_exercise/build/lib/py5_exercise/exer3_tf_listener_py.py -> /home/hzc/linux/ros2/stu/ws02_tools/install/py5_exercise/lib/python3.14/site-packages/py5_exercise
[1.254s] copying /home/hzc/linux/ros2/stu/ws02_tools/build/py5_exercise/build/lib/py5_exercise/exer2_tf_broadcaster_py.py -> /home/hzc/linux/ros2/stu/ws02_tools/install/py5_exercise/lib/python3.14/site-packages/py5_exercise
[1.255s] byte-compiling /home/hzc/linux/ros2/stu/ws02_tools/install/py5_exercise/lib/python3.14/site-packages/py5_exercise/exer3_tf_listener_py.py to exer3_tf_listener_py.cpython-314.pyc
[1.256s] byte-compiling /home/hzc/linux/ros2/stu/ws02_tools/install/py5_exercise/lib/python3.14/site-packages/py5_exercise/exer2_tf_broadcaster_py.py to exer2_tf_broadcaster_py.cpython-314.pyc
[1.258s] running install_data
[1.258s] copying resource/py5_exercise -> /home/hzc/linux/ros2/stu/ws02_tools/install/py5_exercise/share/ament_index/resource_index/packages
[1.258s] copying package.xml -> /home/hzc/linux/ros2/stu/ws02_tools/install/py5_exercise/share/py5_exercise
[1.258s] copying launch/follow.launch.xml -> /home/hzc/linux/ros2/stu/ws02_tools/install/py5_exercise/share/py5_exercise
[1.258s] running install_egg_info
[1.281s] removing '/home/hzc/linux/ros2/stu/ws02_tools/install/py5_exercise/lib/python3.14/site-packages/py5_exercise-0.0.0-py3.14.egg-info' (and everything under it)
[1.281s] Copying ../../build/py5_exercise/py5_exercise.egg-info to /home/hzc/linux/ros2/stu/ws02_tools/install/py5_exercise/lib/python3.14/site-packages/py5_exercise-0.0.0-py3.14.egg-info
[1.282s] running install_scripts
[1.406s] Installing exer1_spawn_py script to /home/hzc/linux/ros2/stu/ws02_tools/install/py5_exercise/lib/py5_exercise
[1.406s] Installing exer2_tf_broadcaster_py script to /home/hzc/linux/ros2/stu/ws02_tools/install/py5_exercise/lib/py5_exercise
[1.406s] Installing exer3_tf_listener_py script to /home/hzc/linux/ros2/stu/ws02_tools/install/py5_exercise/lib/py5_exercise
[1.406s] writing list of installed files to '/home/hzc/linux/ros2/stu/ws02_tools/build/py5_exercise/install.log'
[1.462s] Invoked command in '/home/hzc/linux/ros2/stu/ws02_tools/src/py5_exercise' returned '0': DEBUGINFOD_URLS=https://debuginfod.ubuntu.com PYTHONPATH=/home/hzc/linux/ros2/stu/ws02_tools/build/py5_exercise/prefix_override:/usr/lib/python3/dist-packages/colcon_core/task/python/colcon_distutils_commands:/home/hzc/linux/ros2/stu/ws02_tools/install/py5_exercise/lib/python3.14/site-packages:${PYTHONPATH} /usr/bin/python3 -W ignore:setup.py install is deprecated -W ignore:easy_install command is deprecated setup.py egg_info --egg-base ../../build/py5_exercise build --build-base /home/hzc/linux/ros2/stu/ws02_tools/build/py5_exercise/build install --record /home/hzc/linux/ros2/stu/ws02_tools/build/py5_exercise/install.log --single-version-externally-managed install_data
