running egg_info
writing ../../build/py03_action/py03_action.egg-info/PKG-INFO
writing dependency_links to ../../build/py03_action/py03_action.egg-info/dependency_links.txt
writing entry points to ../../build/py03_action/py03_action.egg-info/entry_points.txt
writing requirements to ../../build/py03_action/py03_action.egg-info/requires.txt
writing top-level names to ../../build/py03_action/py03_action.egg-info/top_level.txt
reading manifest file '../../build/py03_action/py03_action.egg-info/SOURCES.txt'
writing manifest file '../../build/py03_action/py03_action.egg-info/SOURCES.txt'
running build
running build_py
copying py03_action/demo1_action_server_py.py -> /home/hzc/linux/ros2/stu/ws01_plubming/build/py03_action/build/lib/py03_action
copying py03_action/__init__.py -> /home/hzc/linux/ros2/stu/ws01_plubming/build/py03_action/build/lib/py03_action
copying py03_action/demo1_action_client_py.py -> /home/hzc/linux/ros2/stu/ws01_plubming/build/py03_action/build/lib/py03_action
copying py03_action/py.typed -> /home/hzc/linux/ros2/stu/ws01_plubming/build/py03_action/build/lib/py03_action
running install
running install_lib
copying /home/hzc/linux/ros2/stu/ws01_plubming/build/py03_action/build/lib/py03_action/demo1_action_client_py.py -> /home/hzc/linux/ros2/stu/ws01_plubming/install/py03_action/lib/python3.14/site-packages/py03_action
byte-compiling /home/hzc/linux/ros2/stu/ws01_plubming/install/py03_action/lib/python3.14/site-packages/py03_action/demo1_action_client_py.py to demo1_action_client_py.cpython-314.pyc
running install_data
copying resource/py03_action -> /home/hzc/linux/ros2/stu/ws01_plubming/install/py03_action/share/ament_index/resource_index/packages
copying package.xml -> /home/hzc/linux/ros2/stu/ws01_plubming/install/py03_action/share/py03_action
running install_egg_info
removing '/home/hzc/linux/ros2/stu/ws01_plubming/install/py03_action/lib/python3.14/site-packages/py03_action-0.0.0-py3.14.egg-info' (and everything under it)
Copying ../../build/py03_action/py03_action.egg-info to /home/hzc/linux/ros2/stu/ws01_plubming/install/py03_action/lib/python3.14/site-packages/py03_action-0.0.0-py3.14.egg-info
running install_scripts
Installing demo1_action_client_py script to /home/hzc/linux/ros2/stu/ws01_plubming/install/py03_action/lib/py03_action
Installing demo1_action_server_py script to /home/hzc/linux/ros2/stu/ws01_plubming/install/py03_action/lib/py03_action
writing list of installed files to '/home/hzc/linux/ros2/stu/ws01_plubming/build/py03_action/install.log'
