[0.115s] DEBUG:colcon:Command line arguments: ['/usr/bin/colcon', 'build']
[0.115s] DEBUG:colcon:Parsed command line arguments: Namespace(log_base=None, log_level=None, verb_name='build', build_base='build', install_base='install', merge_install=False, symlink_install=False, test_result_base=None, continue_on_error=False, executor='parallel', parallel_workers=12, event_handlers=None, ignore_user_meta=False, metas=['./colcon.meta'], base_paths=['.'], packages_ignore=None, packages_ignore_regex=None, paths=None, packages_up_to=None, packages_up_to_regex=None, packages_above=None, packages_above_and_dependencies=None, packages_above_depth=None, packages_select_by_dep=None, packages_skip_by_dep=None, packages_skip_up_to=None, packages_select_build_failed=False, packages_skip_build_finished=False, packages_select_test_failures=False, packages_skip_test_passed=False, packages_select=None, packages_skip=None, packages_select_regex=None, packages_skip_regex=None, packages_start=None, packages_end=None, cmake_args=None, cmake_target=None, cmake_target_skip_unavailable=False, cmake_clean_cache=False, cmake_clean_first=False, cmake_force_configure=False, ament_cmake_args=None, catkin_cmake_args=None, catkin_skip_building_tests=False, mixin_files=None, mixin=None, verb_parser=<colcon_mixin.mixin.mixin_argument.MixinArgumentDecorator object at 0x749c86ac8f40>, verb_extension=<colcon_core.verb.build.BuildVerb object at 0x749c86ac82e0>, main=<bound method BuildVerb.main of <colcon_core.verb.build.BuildVerb object at 0x749c86ac82e0>>, mixin_verb=('build',))
[0.256s] Level 1:colcon.colcon_core.package_discovery:discover_packages(colcon_meta) check parameters
[0.257s] INFO:colcon.colcon_metadata.package_discovery.colcon_meta:Using configuration from '/root/.colcon/metadata/default/Gazebo.meta'
[0.257s] INFO:colcon.colcon_metadata.package_discovery.colcon_meta:Using configuration from '/root/.colcon/metadata/default/fastdds.meta'
[0.257s] INFO:colcon.colcon_metadata.package_discovery.colcon_meta:Using configuration from '/root/.colcon/metadata/default/fastrtps.meta'
[0.258s] Level 1:colcon.colcon_core.package_discovery:discover_packages(recursive) check parameters
[0.258s] Level 1:colcon.colcon_core.package_discovery:discover_packages(ignore) check parameters
[0.258s] Level 1:colcon.colcon_core.package_discovery:discover_packages(path) check parameters
[0.258s] Level 1:colcon.colcon_core.package_discovery:discover_packages(colcon_meta) discover
[0.258s] Level 1:colcon.colcon_core.package_discovery:discover_packages(recursive) discover
[0.258s] INFO:colcon.colcon_core.package_discovery:Crawling recursively for packages in '/shared/ws1_stu'
[0.258s] Level 1:colcon.colcon_core.package_identification:_identify(.) by extensions ['ignore', 'ignore_ament_install']
[0.258s] Level 1:colcon.colcon_core.package_identification:_identify(.) by extension 'ignore'
[0.258s] Level 1:colcon.colcon_core.package_identification:_identify(.) by extension 'ignore_ament_install'
[0.258s] Level 1:colcon.colcon_core.package_identification:_identify(.) by extensions ['colcon_pkg']
[0.258s] Level 1:colcon.colcon_core.package_identification:_identify(.) by extension 'colcon_pkg'
[0.258s] Level 1:colcon.colcon_core.package_identification:_identify(.) by extensions ['colcon_meta']
[0.258s] Level 1:colcon.colcon_core.package_identification:_identify(.) by extension 'colcon_meta'
[0.258s] Level 1:colcon.colcon_core.package_identification:_identify(.) by extensions ['ros']
[0.258s] Level 1:colcon.colcon_core.package_identification:_identify(.) by extension 'ros'
[0.270s] Level 1:colcon.colcon_core.package_identification:_identify(.) by extensions ['cmake', 'python']
[0.270s] Level 1:colcon.colcon_core.package_identification:_identify(.) by extension 'cmake'
[0.270s] Level 1:colcon.colcon_core.package_identification:_identify(.) by extension 'python'
[0.270s] Level 1:colcon.colcon_core.package_identification:_identify(.) by extensions ['python_setup_py']
[0.270s] Level 1:colcon.colcon_core.package_identification:_identify(.) by extension 'python_setup_py'
[0.270s] Level 1:colcon.colcon_core.package_identification:_identify(build) by extensions ['ignore', 'ignore_ament_install']
[0.270s] Level 1:colcon.colcon_core.package_identification:_identify(build) by extension 'ignore'
[0.270s] Level 1:colcon.colcon_core.package_identification:_identify(build) ignored
[0.270s] Level 1:colcon.colcon_core.package_identification:_identify(install) by extensions ['ignore', 'ignore_ament_install']
[0.270s] Level 1:colcon.colcon_core.package_identification:_identify(install) by extension 'ignore'
[0.270s] Level 1:colcon.colcon_core.package_identification:_identify(install) ignored
[0.270s] Level 1:colcon.colcon_core.package_identification:_identify(log) by extensions ['ignore', 'ignore_ament_install']
[0.271s] Level 1:colcon.colcon_core.package_identification:_identify(log) by extension 'ignore'
[0.271s] Level 1:colcon.colcon_core.package_identification:_identify(log) ignored
[0.271s] Level 1:colcon.colcon_core.package_identification:_identify(src) by extensions ['ignore', 'ignore_ament_install']
[0.271s] Level 1:colcon.colcon_core.package_identification:_identify(src) by extension 'ignore'
[0.271s] Level 1:colcon.colcon_core.package_identification:_identify(src) by extension 'ignore_ament_install'
[0.271s] Level 1:colcon.colcon_core.package_identification:_identify(src) by extensions ['colcon_pkg']
[0.271s] Level 1:colcon.colcon_core.package_identification:_identify(src) by extension 'colcon_pkg'
[0.271s] Level 1:colcon.colcon_core.package_identification:_identify(src) by extensions ['colcon_meta']
[0.271s] Level 1:colcon.colcon_core.package_identification:_identify(src) by extension 'colcon_meta'
[0.271s] Level 1:colcon.colcon_core.package_identification:_identify(src) by extensions ['ros']
[0.271s] Level 1:colcon.colcon_core.package_identification:_identify(src) by extension 'ros'
[0.271s] Level 1:colcon.colcon_core.package_identification:_identify(src) by extensions ['cmake', 'python']
[0.271s] Level 1:colcon.colcon_core.package_identification:_identify(src) by extension 'cmake'
[0.271s] Level 1:colcon.colcon_core.package_identification:_identify(src) by extension 'python'
[0.271s] Level 1:colcon.colcon_core.package_identification:_identify(src) by extensions ['python_setup_py']
[0.271s] Level 1:colcon.colcon_core.package_identification:_identify(src) by extension 'python_setup_py'
[0.272s] Level 1:colcon.colcon_core.package_identification:_identify(src/autopartol_interfaces) by extensions ['ignore', 'ignore_ament_install']
[0.272s] Level 1:colcon.colcon_core.package_identification:_identify(src/autopartol_interfaces) by extension 'ignore'
[0.272s] Level 1:colcon.colcon_core.package_identification:_identify(src/autopartol_interfaces) by extension 'ignore_ament_install'
[0.272s] Level 1:colcon.colcon_core.package_identification:_identify(src/autopartol_interfaces) by extensions ['colcon_pkg']
[0.272s] Level 1:colcon.colcon_core.package_identification:_identify(src/autopartol_interfaces) by extension 'colcon_pkg'
[0.272s] Level 1:colcon.colcon_core.package_identification:_identify(src/autopartol_interfaces) by extensions ['colcon_meta']
[0.272s] Level 1:colcon.colcon_core.package_identification:_identify(src/autopartol_interfaces) by extension 'colcon_meta'
[0.272s] Level 1:colcon.colcon_core.package_identification:_identify(src/autopartol_interfaces) by extensions ['ros']
[0.272s] Level 1:colcon.colcon_core.package_identification:_identify(src/autopartol_interfaces) by extension 'ros'
[0.274s] DEBUG:colcon.colcon_core.package_identification:Package 'src/autopartol_interfaces' with type 'ros.ament_cmake' and name 'autopartol_interfaces'
[0.274s] Level 1:colcon.colcon_core.package_identification:_identify(src/cpp1_gazebo) by extensions ['ignore', 'ignore_ament_install']
[0.274s] Level 1:colcon.colcon_core.package_identification:_identify(src/cpp1_gazebo) by extension 'ignore'
[0.274s] Level 1:colcon.colcon_core.package_identification:_identify(src/cpp1_gazebo) by extension 'ignore_ament_install'
[0.275s] Level 1:colcon.colcon_core.package_identification:_identify(src/cpp1_gazebo) by extensions ['colcon_pkg']
[0.275s] Level 1:colcon.colcon_core.package_identification:_identify(src/cpp1_gazebo) by extension 'colcon_pkg'
[0.275s] Level 1:colcon.colcon_core.package_identification:_identify(src/cpp1_gazebo) by extensions ['colcon_meta']
[0.275s] Level 1:colcon.colcon_core.package_identification:_identify(src/cpp1_gazebo) by extension 'colcon_meta'
[0.275s] Level 1:colcon.colcon_core.package_identification:_identify(src/cpp1_gazebo) by extensions ['ros']
[0.275s] Level 1:colcon.colcon_core.package_identification:_identify(src/cpp1_gazebo) by extension 'ros'
[0.275s] DEBUG:colcon.colcon_core.package_identification:Package 'src/cpp1_gazebo' with type 'ros.ament_cmake' and name 'cpp1_gazebo'
[0.275s] Level 1:colcon.colcon_core.package_identification:_identify(src/cpp2_slam) by extensions ['ignore', 'ignore_ament_install']
[0.275s] Level 1:colcon.colcon_core.package_identification:_identify(src/cpp2_slam) by extension 'ignore'
[0.275s] Level 1:colcon.colcon_core.package_identification:_identify(src/cpp2_slam) by extension 'ignore_ament_install'
[0.275s] Level 1:colcon.colcon_core.package_identification:_identify(src/cpp2_slam) by extensions ['colcon_pkg']
[0.275s] Level 1:colcon.colcon_core.package_identification:_identify(src/cpp2_slam) by extension 'colcon_pkg'
[0.275s] Level 1:colcon.colcon_core.package_identification:_identify(src/cpp2_slam) by extensions ['colcon_meta']
[0.275s] Level 1:colcon.colcon_core.package_identification:_identify(src/cpp2_slam) by extension 'colcon_meta'
[0.276s] Level 1:colcon.colcon_core.package_identification:_identify(src/cpp2_slam) by extensions ['ros']
[0.276s] Level 1:colcon.colcon_core.package_identification:_identify(src/cpp2_slam) by extension 'ros'
[0.276s] DEBUG:colcon.colcon_core.package_identification:Package 'src/cpp2_slam' with type 'ros.ament_cmake' and name 'cpp2_slam'
[0.276s] Level 1:colcon.colcon_core.package_identification:_identify(src/cpp3_nav2) by extensions ['ignore', 'ignore_ament_install']
[0.276s] Level 1:colcon.colcon_core.package_identification:_identify(src/cpp3_nav2) by extension 'ignore'
[0.276s] Level 1:colcon.colcon_core.package_identification:_identify(src/cpp3_nav2) by extension 'ignore_ament_install'
[0.276s] Level 1:colcon.colcon_core.package_identification:_identify(src/cpp3_nav2) by extensions ['colcon_pkg']
[0.276s] Level 1:colcon.colcon_core.package_identification:_identify(src/cpp3_nav2) by extension 'colcon_pkg'
[0.276s] Level 1:colcon.colcon_core.package_identification:_identify(src/cpp3_nav2) by extensions ['colcon_meta']
[0.276s] Level 1:colcon.colcon_core.package_identification:_identify(src/cpp3_nav2) by extension 'colcon_meta'
[0.276s] Level 1:colcon.colcon_core.package_identification:_identify(src/cpp3_nav2) by extensions ['ros']
[0.276s] Level 1:colcon.colcon_core.package_identification:_identify(src/cpp3_nav2) by extension 'ros'
[0.277s] DEBUG:colcon.colcon_core.package_identification:Package 'src/cpp3_nav2' with type 'ros.ament_cmake' and name 'cpp3_nav2'
[0.277s] Level 1:colcon.colcon_core.package_identification:_identify(src/py1_car_application) by extensions ['ignore', 'ignore_ament_install']
[0.277s] Level 1:colcon.colcon_core.package_identification:_identify(src/py1_car_application) by extension 'ignore'
[0.277s] Level 1:colcon.colcon_core.package_identification:_identify(src/py1_car_application) by extension 'ignore_ament_install'
[0.277s] Level 1:colcon.colcon_core.package_identification:_identify(src/py1_car_application) by extensions ['colcon_pkg']
[0.277s] Level 1:colcon.colcon_core.package_identification:_identify(src/py1_car_application) by extension 'colcon_pkg'
[0.277s] Level 1:colcon.colcon_core.package_identification:_identify(src/py1_car_application) by extensions ['colcon_meta']
[0.277s] Level 1:colcon.colcon_core.package_identification:_identify(src/py1_car_application) by extension 'colcon_meta'
[0.277s] Level 1:colcon.colcon_core.package_identification:_identify(src/py1_car_application) by extensions ['ros']
[0.277s] Level 1:colcon.colcon_core.package_identification:_identify(src/py1_car_application) by extension 'ros'
[0.278s] DEBUG:colcon.colcon_core.package_identification:Package 'src/py1_car_application' with type 'ros.ament_python' and name 'py1_car_application'
[0.278s] Level 1:colcon.colcon_core.package_identification:_identify(src/py2_autopartol) by extensions ['ignore', 'ignore_ament_install']
[0.278s] Level 1:colcon.colcon_core.package_identification:_identify(src/py2_autopartol) by extension 'ignore'
[0.278s] Level 1:colcon.colcon_core.package_identification:_identify(src/py2_autopartol) by extension 'ignore_ament_install'
[0.278s] Level 1:colcon.colcon_core.package_identification:_identify(src/py2_autopartol) by extensions ['colcon_pkg']
[0.278s] Level 1:colcon.colcon_core.package_identification:_identify(src/py2_autopartol) by extension 'colcon_pkg'
[0.278s] Level 1:colcon.colcon_core.package_identification:_identify(src/py2_autopartol) by extensions ['colcon_meta']
[0.278s] Level 1:colcon.colcon_core.package_identification:_identify(src/py2_autopartol) by extension 'colcon_meta'
[0.278s] Level 1:colcon.colcon_core.package_identification:_identify(src/py2_autopartol) by extensions ['ros']
[0.278s] Level 1:colcon.colcon_core.package_identification:_identify(src/py2_autopartol) by extension 'ros'
[0.278s] DEBUG:colcon.colcon_core.package_identification:Package 'src/py2_autopartol' with type 'ros.ament_python' and name 'py2_autopartol'
[0.279s] Level 1:colcon.colcon_core.package_discovery:discover_packages(recursive) using defaults
[0.279s] Level 1:colcon.colcon_core.package_discovery:discover_packages(ignore) discover
[0.279s] Level 1:colcon.colcon_core.package_discovery:discover_packages(ignore) using defaults
[0.279s] Level 1:colcon.colcon_core.package_discovery:discover_packages(path) discover
[0.279s] Level 1:colcon.colcon_core.package_discovery:discover_packages(path) using defaults
[0.296s] Level 5:colcon.colcon_core.verb:set package 'autopartol_interfaces' build argument 'cmake_args' from command line to 'None'
[0.296s] Level 5:colcon.colcon_core.verb:set package 'autopartol_interfaces' build argument 'cmake_target' from command line to 'None'
[0.296s] Level 5:colcon.colcon_core.verb:set package 'autopartol_interfaces' build argument 'cmake_target_skip_unavailable' from command line to 'False'
[0.296s] Level 5:colcon.colcon_core.verb:set package 'autopartol_interfaces' build argument 'cmake_clean_cache' from command line to 'False'
[0.296s] Level 5:colcon.colcon_core.verb:set package 'autopartol_interfaces' build argument 'cmake_clean_first' from command line to 'False'
[0.296s] Level 5:colcon.colcon_core.verb:set package 'autopartol_interfaces' build argument 'cmake_force_configure' from command line to 'False'
[0.296s] Level 5:colcon.colcon_core.verb:set package 'autopartol_interfaces' build argument 'ament_cmake_args' from command line to 'None'
[0.296s] Level 5:colcon.colcon_core.verb:set package 'autopartol_interfaces' build argument 'catkin_cmake_args' from command line to 'None'
[0.296s] Level 5:colcon.colcon_core.verb:set package 'autopartol_interfaces' build argument 'catkin_skip_building_tests' from command line to 'False'
[0.296s] DEBUG:colcon.colcon_core.verb:Building package 'autopartol_interfaces' with the following arguments: {'ament_cmake_args': None, 'build_base': '/shared/ws1_stu/build/autopartol_interfaces', 'catkin_cmake_args': None, 'catkin_skip_building_tests': False, 'cmake_args': None, 'cmake_clean_cache': False, 'cmake_clean_first': False, 'cmake_force_configure': False, 'cmake_target': None, 'cmake_target_skip_unavailable': False, 'install_base': '/shared/ws1_stu/install/autopartol_interfaces', 'merge_install': False, 'path': '/shared/ws1_stu/src/autopartol_interfaces', 'symlink_install': False, 'test_result_base': None}
[0.297s] Level 5:colcon.colcon_core.verb:set package 'cpp1_gazebo' build argument 'cmake_args' from command line to 'None'
[0.297s] Level 5:colcon.colcon_core.verb:set package 'cpp1_gazebo' build argument 'cmake_target' from command line to 'None'
[0.297s] Level 5:colcon.colcon_core.verb:set package 'cpp1_gazebo' build argument 'cmake_target_skip_unavailable' from command line to 'False'
[0.297s] Level 5:colcon.colcon_core.verb:set package 'cpp1_gazebo' build argument 'cmake_clean_cache' from command line to 'False'
[0.297s] Level 5:colcon.colcon_core.verb:set package 'cpp1_gazebo' build argument 'cmake_clean_first' from command line to 'False'
[0.297s] Level 5:colcon.colcon_core.verb:set package 'cpp1_gazebo' build argument 'cmake_force_configure' from command line to 'False'
[0.297s] Level 5:colcon.colcon_core.verb:set package 'cpp1_gazebo' build argument 'ament_cmake_args' from command line to 'None'
[0.297s] Level 5:colcon.colcon_core.verb:set package 'cpp1_gazebo' build argument 'catkin_cmake_args' from command line to 'None'
[0.297s] Level 5:colcon.colcon_core.verb:set package 'cpp1_gazebo' build argument 'catkin_skip_building_tests' from command line to 'False'
[0.297s] DEBUG:colcon.colcon_core.verb:Building package 'cpp1_gazebo' with the following arguments: {'ament_cmake_args': None, 'build_base': '/shared/ws1_stu/build/cpp1_gazebo', 'catkin_cmake_args': None, 'catkin_skip_building_tests': False, 'cmake_args': None, 'cmake_clean_cache': False, 'cmake_clean_first': False, 'cmake_force_configure': False, 'cmake_target': None, 'cmake_target_skip_unavailable': False, 'install_base': '/shared/ws1_stu/install/cpp1_gazebo', 'merge_install': False, 'path': '/shared/ws1_stu/src/cpp1_gazebo', 'symlink_install': False, 'test_result_base': None}
[0.297s] Level 5:colcon.colcon_core.verb:set package 'cpp2_slam' build argument 'cmake_args' from command line to 'None'
[0.297s] Level 5:colcon.colcon_core.verb:set package 'cpp2_slam' build argument 'cmake_target' from command line to 'None'
[0.297s] Level 5:colcon.colcon_core.verb:set package 'cpp2_slam' build argument 'cmake_target_skip_unavailable' from command line to 'False'
[0.297s] Level 5:colcon.colcon_core.verb:set package 'cpp2_slam' build argument 'cmake_clean_cache' from command line to 'False'
[0.297s] Level 5:colcon.colcon_core.verb:set package 'cpp2_slam' build argument 'cmake_clean_first' from command line to 'False'
[0.297s] Level 5:colcon.colcon_core.verb:set package 'cpp2_slam' build argument 'cmake_force_configure' from command line to 'False'
[0.297s] Level 5:colcon.colcon_core.verb:set package 'cpp2_slam' build argument 'ament_cmake_args' from command line to 'None'
[0.297s] Level 5:colcon.colcon_core.verb:set package 'cpp2_slam' build argument 'catkin_cmake_args' from command line to 'None'
[0.297s] Level 5:colcon.colcon_core.verb:set package 'cpp2_slam' build argument 'catkin_skip_building_tests' from command line to 'False'
[0.297s] DEBUG:colcon.colcon_core.verb:Building package 'cpp2_slam' with the following arguments: {'ament_cmake_args': None, 'build_base': '/shared/ws1_stu/build/cpp2_slam', 'catkin_cmake_args': None, 'catkin_skip_building_tests': False, 'cmake_args': None, 'cmake_clean_cache': False, 'cmake_clean_first': False, 'cmake_force_configure': False, 'cmake_target': None, 'cmake_target_skip_unavailable': False, 'install_base': '/shared/ws1_stu/install/cpp2_slam', 'merge_install': False, 'path': '/shared/ws1_stu/src/cpp2_slam', 'symlink_install': False, 'test_result_base': None}
[0.298s] Level 5:colcon.colcon_core.verb:set package 'cpp3_nav2' build argument 'cmake_args' from command line to 'None'
[0.298s] Level 5:colcon.colcon_core.verb:set package 'cpp3_nav2' build argument 'cmake_target' from command line to 'None'
[0.298s] Level 5:colcon.colcon_core.verb:set package 'cpp3_nav2' build argument 'cmake_target_skip_unavailable' from command line to 'False'
[0.298s] Level 5:colcon.colcon_core.verb:set package 'cpp3_nav2' build argument 'cmake_clean_cache' from command line to 'False'
[0.298s] Level 5:colcon.colcon_core.verb:set package 'cpp3_nav2' build argument 'cmake_clean_first' from command line to 'False'
[0.298s] Level 5:colcon.colcon_core.verb:set package 'cpp3_nav2' build argument 'cmake_force_configure' from command line to 'False'
[0.298s] Level 5:colcon.colcon_core.verb:set package 'cpp3_nav2' build argument 'ament_cmake_args' from command line to 'None'
[0.298s] Level 5:colcon.colcon_core.verb:set package 'cpp3_nav2' build argument 'catkin_cmake_args' from command line to 'None'
[0.298s] Level 5:colcon.colcon_core.verb:set package 'cpp3_nav2' build argument 'catkin_skip_building_tests' from command line to 'False'
[0.298s] DEBUG:colcon.colcon_core.verb:Building package 'cpp3_nav2' with the following arguments: {'ament_cmake_args': None, 'build_base': '/shared/ws1_stu/build/cpp3_nav2', 'catkin_cmake_args': None, 'catkin_skip_building_tests': False, 'cmake_args': None, 'cmake_clean_cache': False, 'cmake_clean_first': False, 'cmake_force_configure': False, 'cmake_target': None, 'cmake_target_skip_unavailable': False, 'install_base': '/shared/ws1_stu/install/cpp3_nav2', 'merge_install': False, 'path': '/shared/ws1_stu/src/cpp3_nav2', 'symlink_install': False, 'test_result_base': None}
[0.298s] Level 5:colcon.colcon_core.verb:set package 'py1_car_application' build argument 'cmake_args' from command line to 'None'
[0.298s] Level 5:colcon.colcon_core.verb:set package 'py1_car_application' build argument 'cmake_target' from command line to 'None'
[0.298s] Level 5:colcon.colcon_core.verb:set package 'py1_car_application' build argument 'cmake_target_skip_unavailable' from command line to 'False'
[0.298s] Level 5:colcon.colcon_core.verb:set package 'py1_car_application' build argument 'cmake_clean_cache' from command line to 'False'
[0.298s] Level 5:colcon.colcon_core.verb:set package 'py1_car_application' build argument 'cmake_clean_first' from command line to 'False'
[0.298s] Level 5:colcon.colcon_core.verb:set package 'py1_car_application' build argument 'cmake_force_configure' from command line to 'False'
[0.298s] Level 5:colcon.colcon_core.verb:set package 'py1_car_application' build argument 'ament_cmake_args' from command line to 'None'
[0.298s] Level 5:colcon.colcon_core.verb:set package 'py1_car_application' build argument 'catkin_cmake_args' from command line to 'None'
[0.298s] Level 5:colcon.colcon_core.verb:set package 'py1_car_application' build argument 'catkin_skip_building_tests' from command line to 'False'
[0.298s] DEBUG:colcon.colcon_core.verb:Building package 'py1_car_application' with the following arguments: {'ament_cmake_args': None, 'build_base': '/shared/ws1_stu/build/py1_car_application', 'catkin_cmake_args': None, 'catkin_skip_building_tests': False, 'cmake_args': None, 'cmake_clean_cache': False, 'cmake_clean_first': False, 'cmake_force_configure': False, 'cmake_target': None, 'cmake_target_skip_unavailable': False, 'install_base': '/shared/ws1_stu/install/py1_car_application', 'merge_install': False, 'path': '/shared/ws1_stu/src/py1_car_application', 'symlink_install': False, 'test_result_base': None}
[0.299s] Level 5:colcon.colcon_core.verb:set package 'py2_autopartol' build argument 'cmake_args' from command line to 'None'
[0.299s] Level 5:colcon.colcon_core.verb:set package 'py2_autopartol' build argument 'cmake_target' from command line to 'None'
[0.299s] Level 5:colcon.colcon_core.verb:set package 'py2_autopartol' build argument 'cmake_target_skip_unavailable' from command line to 'False'
[0.299s] Level 5:colcon.colcon_core.verb:set package 'py2_autopartol' build argument 'cmake_clean_cache' from command line to 'False'
[0.299s] Level 5:colcon.colcon_core.verb:set package 'py2_autopartol' build argument 'cmake_clean_first' from command line to 'False'
[0.299s] Level 5:colcon.colcon_core.verb:set package 'py2_autopartol' build argument 'cmake_force_configure' from command line to 'False'
[0.299s] Level 5:colcon.colcon_core.verb:set package 'py2_autopartol' build argument 'ament_cmake_args' from command line to 'None'
[0.299s] Level 5:colcon.colcon_core.verb:set package 'py2_autopartol' build argument 'catkin_cmake_args' from command line to 'None'
[0.299s] Level 5:colcon.colcon_core.verb:set package 'py2_autopartol' build argument 'catkin_skip_building_tests' from command line to 'False'
[0.299s] DEBUG:colcon.colcon_core.verb:Building package 'py2_autopartol' with the following arguments: {'ament_cmake_args': None, 'build_base': '/shared/ws1_stu/build/py2_autopartol', 'catkin_cmake_args': None, 'catkin_skip_building_tests': False, 'cmake_args': None, 'cmake_clean_cache': False, 'cmake_clean_first': False, 'cmake_force_configure': False, 'cmake_target': None, 'cmake_target_skip_unavailable': False, 'install_base': '/shared/ws1_stu/install/py2_autopartol', 'merge_install': False, 'path': '/shared/ws1_stu/src/py2_autopartol', 'symlink_install': False, 'test_result_base': None}
[0.299s] INFO:colcon.colcon_core.executor:Executing jobs using 'parallel' executor
[0.300s] DEBUG:colcon.colcon_parallel_executor.executor.parallel:run_until_complete
[0.301s] INFO:colcon.colcon_ros.task.ament_cmake.build:Building ROS package in '/shared/ws1_stu/src/autopartol_interfaces' with build type 'ament_cmake'
[0.301s] INFO:colcon.colcon_cmake.task.cmake.build:Building CMake package in '/shared/ws1_stu/src/autopartol_interfaces'
[0.302s] INFO:colcon.colcon_core.plugin_system:Skipping extension 'colcon_core.shell.bat': Not used on non-Windows systems
[0.303s] INFO:colcon.colcon_core.shell:Skip shell extension 'powershell' for command environment: Not usable outside of PowerShell
[0.303s] DEBUG:colcon.colcon_core.shell:Skip shell extension 'dsv' for command environment
[0.307s] INFO:colcon.colcon_ros.task.ament_cmake.build:Building ROS package in '/shared/ws1_stu/src/cpp1_gazebo' with build type 'ament_cmake'
[0.308s] INFO:colcon.colcon_cmake.task.cmake.build:Building CMake package in '/shared/ws1_stu/src/cpp1_gazebo'
[0.308s] INFO:colcon.colcon_core.shell:Skip shell extension 'powershell' for command environment: Not usable outside of PowerShell
[0.308s] DEBUG:colcon.colcon_core.shell:Skip shell extension 'dsv' for command environment
[0.314s] INFO:colcon.colcon_ros.task.ament_cmake.build:Building ROS package in '/shared/ws1_stu/src/cpp2_slam' with build type 'ament_cmake'
[0.314s] INFO:colcon.colcon_cmake.task.cmake.build:Building CMake package in '/shared/ws1_stu/src/cpp2_slam'
[0.315s] INFO:colcon.colcon_core.shell:Skip shell extension 'powershell' for command environment: Not usable outside of PowerShell
[0.315s] DEBUG:colcon.colcon_core.shell:Skip shell extension 'dsv' for command environment
[0.322s] INFO:colcon.colcon_ros.task.ament_cmake.build:Building ROS package in '/shared/ws1_stu/src/cpp3_nav2' with build type 'ament_cmake'
[0.323s] INFO:colcon.colcon_cmake.task.cmake.build:Building CMake package in '/shared/ws1_stu/src/cpp3_nav2'
[0.323s] INFO:colcon.colcon_core.shell:Skip shell extension 'powershell' for command environment: Not usable outside of PowerShell
[0.323s] DEBUG:colcon.colcon_core.shell:Skip shell extension 'dsv' for command environment
[0.329s] INFO:colcon.colcon_ros.task.ament_python.build:Building ROS package in '/shared/ws1_stu/src/py1_car_application' with build type 'ament_python'
[0.329s] Level 1:colcon.colcon_core.shell:create_environment_hook('py1_car_application', 'ament_prefix_path')
[0.330s] INFO:colcon.colcon_core.shell:Creating environment hook '/shared/ws1_stu/install/py1_car_application/share/py1_car_application/hook/ament_prefix_path.ps1'
[0.331s] INFO:colcon.colcon_core.shell:Creating environment descriptor '/shared/ws1_stu/install/py1_car_application/share/py1_car_application/hook/ament_prefix_path.dsv'
[0.332s] INFO:colcon.colcon_core.shell:Creating environment hook '/shared/ws1_stu/install/py1_car_application/share/py1_car_application/hook/ament_prefix_path.sh'
[0.333s] INFO:colcon.colcon_core.shell:Skip shell extension 'powershell' for command environment: Not usable outside of PowerShell
[0.333s] DEBUG:colcon.colcon_core.shell:Skip shell extension 'dsv' for command environment
[0.339s] INFO:colcon.colcon_ros.task.ament_python.build:Building ROS package in '/shared/ws1_stu/src/py2_autopartol' with build type 'ament_python'
[0.340s] Level 1:colcon.colcon_core.shell:create_environment_hook('py2_autopartol', 'ament_prefix_path')
[0.340s] INFO:colcon.colcon_core.shell:Creating environment hook '/shared/ws1_stu/install/py2_autopartol/share/py2_autopartol/hook/ament_prefix_path.ps1'
[0.341s] INFO:colcon.colcon_core.shell:Creating environment descriptor '/shared/ws1_stu/install/py2_autopartol/share/py2_autopartol/hook/ament_prefix_path.dsv'
[0.342s] INFO:colcon.colcon_core.shell:Creating environment hook '/shared/ws1_stu/install/py2_autopartol/share/py2_autopartol/hook/ament_prefix_path.sh'
[0.343s] INFO:colcon.colcon_core.shell:Skip shell extension 'powershell' for command environment: Not usable outside of PowerShell
[0.343s] DEBUG:colcon.colcon_core.shell:Skip shell extension 'dsv' for command environment
[0.361s] DEBUG:colcon.colcon_core.event_handler.log_command:Invoking command in '/shared/ws1_stu/build/autopartol_interfaces': CMAKE_PREFIX_PATH=${CMAKE_PREFIX_PATH}:/shared/ws1_stu/install/py2_autopartol:/shared/ws1_stu/install/py1_car_application:/shared/ws1_stu/install/autopartol_car:/opt/ros/humble /usr/bin/cmake /shared/ws1_stu/src/autopartol_interfaces -DCMAKE_INSTALL_PREFIX=/shared/ws1_stu/install/autopartol_interfaces
[0.366s] DEBUG:colcon.colcon_core.event_handler.log_command:Invoking command in '/shared/ws1_stu/build/cpp1_gazebo': CMAKE_PREFIX_PATH=${CMAKE_PREFIX_PATH}:/shared/ws1_stu/install/py2_autopartol:/shared/ws1_stu/install/py1_car_application:/shared/ws1_stu/install/autopartol_car:/opt/ros/humble /usr/bin/cmake --build /shared/ws1_stu/build/cpp1_gazebo -- -j12 -l12
[0.373s] DEBUG:colcon.colcon_core.event_handler.log_command:Invoking command in '/shared/ws1_stu/build/cpp2_slam': CMAKE_PREFIX_PATH=${CMAKE_PREFIX_PATH}:/shared/ws1_stu/install/py2_autopartol:/shared/ws1_stu/install/py1_car_application:/shared/ws1_stu/install/autopartol_car:/opt/ros/humble /usr/bin/cmake --build /shared/ws1_stu/build/cpp2_slam -- -j12 -l12
[0.375s] DEBUG:colcon.colcon_core.event_handler.log_command:Invoking command in '/shared/ws1_stu/build/cpp3_nav2': CMAKE_PREFIX_PATH=${CMAKE_PREFIX_PATH}:/shared/ws1_stu/install/py2_autopartol:/shared/ws1_stu/install/py1_car_application:/shared/ws1_stu/install/autopartol_car:/opt/ros/humble /usr/bin/cmake --build /shared/ws1_stu/build/cpp3_nav2 -- -j12 -l12
[0.601s] INFO:colcon.colcon_core.task.python.build:Building Python package in '/shared/ws1_stu/src/py1_car_application'
[0.601s] INFO:colcon.colcon_core.shell:Skip shell extension 'powershell' for command environment: Not usable outside of PowerShell
[0.602s] DEBUG:colcon.colcon_core.shell:Skip shell extension 'dsv' for command environment
[0.844s] INFO:colcon.colcon_core.task.python.build:Building Python package in '/shared/ws1_stu/src/py2_autopartol'
[0.845s] INFO:colcon.colcon_core.shell:Skip shell extension 'powershell' for command environment: Not usable outside of PowerShell
[0.845s] DEBUG:colcon.colcon_core.shell:Skip shell extension 'dsv' for command environment
[0.875s] DEBUG:colcon.colcon_core.event_handler.log_command:Invoked command in '/shared/ws1_stu/build/cpp3_nav2' returned '0': CMAKE_PREFIX_PATH=${CMAKE_PREFIX_PATH}:/shared/ws1_stu/install/py2_autopartol:/shared/ws1_stu/install/py1_car_application:/shared/ws1_stu/install/autopartol_car:/opt/ros/humble /usr/bin/cmake --build /shared/ws1_stu/build/cpp3_nav2 -- -j12 -l12
[0.884s] DEBUG:colcon.colcon_core.event_handler.log_command:Invoking command in '/shared/ws1_stu/build/cpp3_nav2': CMAKE_PREFIX_PATH=${CMAKE_PREFIX_PATH}:/shared/ws1_stu/install/py2_autopartol:/shared/ws1_stu/install/py1_car_application:/shared/ws1_stu/install/autopartol_car:/opt/ros/humble /usr/bin/cmake --install /shared/ws1_stu/build/cpp3_nav2
[0.885s] DEBUG:colcon.colcon_core.event_handler.log_command:Invoked command in '/shared/ws1_stu/build/cpp1_gazebo' returned '0': CMAKE_PREFIX_PATH=${CMAKE_PREFIX_PATH}:/shared/ws1_stu/install/py2_autopartol:/shared/ws1_stu/install/py1_car_application:/shared/ws1_stu/install/autopartol_car:/opt/ros/humble /usr/bin/cmake --build /shared/ws1_stu/build/cpp1_gazebo -- -j12 -l12
[0.886s] DEBUG:colcon.colcon_core.event_handler.log_command:Invoking command in '/shared/ws1_stu/build/cpp1_gazebo': CMAKE_PREFIX_PATH=${CMAKE_PREFIX_PATH}:/shared/ws1_stu/install/py2_autopartol:/shared/ws1_stu/install/py1_car_application:/shared/ws1_stu/install/autopartol_car:/opt/ros/humble /usr/bin/cmake --install /shared/ws1_stu/build/cpp1_gazebo
[0.886s] DEBUG:colcon.colcon_core.event_handler.log_command:Invoked command in '/shared/ws1_stu/build/cpp2_slam' returned '0': CMAKE_PREFIX_PATH=${CMAKE_PREFIX_PATH}:/shared/ws1_stu/install/py2_autopartol:/shared/ws1_stu/install/py1_car_application:/shared/ws1_stu/install/autopartol_car:/opt/ros/humble /usr/bin/cmake --build /shared/ws1_stu/build/cpp2_slam -- -j12 -l12
[0.888s] DEBUG:colcon.colcon_core.event_handler.log_command:Invoking command in '/shared/ws1_stu/build/cpp2_slam': CMAKE_PREFIX_PATH=${CMAKE_PREFIX_PATH}:/shared/ws1_stu/install/py2_autopartol:/shared/ws1_stu/install/py1_car_application:/shared/ws1_stu/install/autopartol_car:/opt/ros/humble /usr/bin/cmake --install /shared/ws1_stu/build/cpp2_slam
[0.901s] Level 1:colcon.colcon_core.environment:create_environment_scripts_only(cpp3_nav2)
[0.907s] Level 1:colcon.colcon_core.environment:checking '/shared/ws1_stu/install/cpp3_nav2' for CMake module files
[0.908s] Level 1:colcon.colcon_core.environment:checking '/shared/ws1_stu/install/cpp3_nav2' for CMake config files
[0.909s] Level 1:colcon.colcon_core.shell:create_environment_hook('cpp3_nav2', 'cmake_prefix_path')
[0.909s] INFO:colcon.colcon_core.shell:Creating environment hook '/shared/ws1_stu/install/cpp3_nav2/share/cpp3_nav2/hook/cmake_prefix_path.ps1'
[0.910s] INFO:colcon.colcon_core.shell:Creating environment descriptor '/shared/ws1_stu/install/cpp3_nav2/share/cpp3_nav2/hook/cmake_prefix_path.dsv'
[0.911s] INFO:colcon.colcon_core.shell:Creating environment hook '/shared/ws1_stu/install/cpp3_nav2/share/cpp3_nav2/hook/cmake_prefix_path.sh'
[0.914s] Level 1:colcon.colcon_core.environment:checking '/shared/ws1_stu/install/cpp3_nav2/bin'
[0.915s] Level 1:colcon.colcon_core.environment:checking '/shared/ws1_stu/install/cpp3_nav2/lib/pkgconfig/cpp3_nav2.pc'
[0.915s] Level 1:colcon.colcon_core.environment:checking '/shared/ws1_stu/install/cpp3_nav2/lib/python3.10/site-packages'
[0.916s] Level 1:colcon.colcon_core.environment:checking '/shared/ws1_stu/install/cpp3_nav2/bin'
[0.916s] INFO:colcon.colcon_core.shell:Creating package script '/shared/ws1_stu/install/cpp3_nav2/share/cpp3_nav2/package.ps1'
[0.918s] INFO:colcon.colcon_core.shell:Creating package descriptor '/shared/ws1_stu/install/cpp3_nav2/share/cpp3_nav2/package.dsv'
[0.919s] INFO:colcon.colcon_core.shell:Creating package script '/shared/ws1_stu/install/cpp3_nav2/share/cpp3_nav2/package.sh'
[0.920s] INFO:colcon.colcon_core.shell:Creating package script '/shared/ws1_stu/install/cpp3_nav2/share/cpp3_nav2/package.bash'
[0.921s] INFO:colcon.colcon_core.shell:Creating package script '/shared/ws1_stu/install/cpp3_nav2/share/cpp3_nav2/package.zsh'
[0.923s] Level 1:colcon.colcon_core.environment:create_file_with_runtime_dependencies(/shared/ws1_stu/install/cpp3_nav2/share/colcon-core/packages/cpp3_nav2)
[0.924s] Level 1:colcon.colcon_core.environment:create_environment_scripts_only(cpp3_nav2)
[0.925s] Level 1:colcon.colcon_core.environment:checking '/shared/ws1_stu/install/cpp3_nav2' for CMake module files
[0.926s] Level 1:colcon.colcon_core.environment:checking '/shared/ws1_stu/install/cpp3_nav2' for CMake config files
[0.928s] Level 1:colcon.colcon_core.shell:create_environment_hook('cpp3_nav2', 'cmake_prefix_path')
[0.928s] INFO:colcon.colcon_core.shell:Creating environment hook '/shared/ws1_stu/install/cpp3_nav2/share/cpp3_nav2/hook/cmake_prefix_path.ps1'
[0.929s] INFO:colcon.colcon_core.shell:Creating environment descriptor '/shared/ws1_stu/install/cpp3_nav2/share/cpp3_nav2/hook/cmake_prefix_path.dsv'
[0.929s] INFO:colcon.colcon_core.shell:Creating environment hook '/shared/ws1_stu/install/cpp3_nav2/share/cpp3_nav2/hook/cmake_prefix_path.sh'
[0.930s] Level 1:colcon.colcon_core.environment:checking '/shared/ws1_stu/install/cpp3_nav2/bin'
[0.930s] Level 1:colcon.colcon_core.environment:checking '/shared/ws1_stu/install/cpp3_nav2/lib/pkgconfig/cpp3_nav2.pc'
[0.930s] Level 1:colcon.colcon_core.environment:checking '/shared/ws1_stu/install/cpp3_nav2/lib/python3.10/site-packages'
[0.931s] Level 1:colcon.colcon_core.environment:checking '/shared/ws1_stu/install/cpp3_nav2/bin'
[0.931s] INFO:colcon.colcon_core.shell:Creating package script '/shared/ws1_stu/install/cpp3_nav2/share/cpp3_nav2/package.ps1'
[0.931s] DEBUG:colcon.colcon_core.event_handler.log_command:Invoked command in '/shared/ws1_stu/build/cpp3_nav2' returned '0': CMAKE_PREFIX_PATH=${CMAKE_PREFIX_PATH}:/shared/ws1_stu/install/py2_autopartol:/shared/ws1_stu/install/py1_car_application:/shared/ws1_stu/install/autopartol_car:/opt/ros/humble /usr/bin/cmake --install /shared/ws1_stu/build/cpp3_nav2
[0.932s] INFO:colcon.colcon_core.shell:Creating package descriptor '/shared/ws1_stu/install/cpp3_nav2/share/cpp3_nav2/package.dsv'
[0.933s] INFO:colcon.colcon_core.shell:Creating package script '/shared/ws1_stu/install/cpp3_nav2/share/cpp3_nav2/package.sh'
[0.933s] INFO:colcon.colcon_core.shell:Creating package script '/shared/ws1_stu/install/cpp3_nav2/share/cpp3_nav2/package.bash'
[0.934s] INFO:colcon.colcon_core.shell:Creating package script '/shared/ws1_stu/install/cpp3_nav2/share/cpp3_nav2/package.zsh'
[0.934s] Level 1:colcon.colcon_core.environment:create_file_with_runtime_dependencies(/shared/ws1_stu/install/cpp3_nav2/share/colcon-core/packages/cpp3_nav2)
[0.935s] Level 1:colcon.colcon_core.environment:create_environment_scripts_only(cpp2_slam)
[0.935s] Level 1:colcon.colcon_core.environment:checking '/shared/ws1_stu/install/cpp2_slam' for CMake module files
[0.936s] DEBUG:colcon.colcon_core.event_handler.log_command:Invoked command in '/shared/ws1_stu/build/cpp2_slam' returned '0': CMAKE_PREFIX_PATH=${CMAKE_PREFIX_PATH}:/shared/ws1_stu/install/py2_autopartol:/shared/ws1_stu/install/py1_car_application:/shared/ws1_stu/install/autopartol_car:/opt/ros/humble /usr/bin/cmake --install /shared/ws1_stu/build/cpp2_slam
[0.937s] Level 1:colcon.colcon_core.environment:checking '/shared/ws1_stu/install/cpp2_slam' for CMake config files
[0.937s] Level 1:colcon.colcon_core.shell:create_environment_hook('cpp2_slam', 'cmake_prefix_path')
[0.938s] INFO:colcon.colcon_core.shell:Creating environment hook '/shared/ws1_stu/install/cpp2_slam/share/cpp2_slam/hook/cmake_prefix_path.ps1'
[0.939s] INFO:colcon.colcon_core.shell:Creating environment descriptor '/shared/ws1_stu/install/cpp2_slam/share/cpp2_slam/hook/cmake_prefix_path.dsv'
[0.939s] INFO:colcon.colcon_core.shell:Creating environment hook '/shared/ws1_stu/install/cpp2_slam/share/cpp2_slam/hook/cmake_prefix_path.sh'
[0.940s] Level 1:colcon.colcon_core.environment:checking '/shared/ws1_stu/install/cpp2_slam/bin'
[0.940s] Level 1:colcon.colcon_core.environment:checking '/shared/ws1_stu/install/cpp2_slam/lib/pkgconfig/cpp2_slam.pc'
[0.941s] Level 1:colcon.colcon_core.environment:checking '/shared/ws1_stu/install/cpp2_slam/lib/python3.10/site-packages'
[0.941s] Level 1:colcon.colcon_core.environment:checking '/shared/ws1_stu/install/cpp2_slam/bin'
[0.942s] INFO:colcon.colcon_core.shell:Creating package script '/shared/ws1_stu/install/cpp2_slam/share/cpp2_slam/package.ps1'
[0.942s] INFO:colcon.colcon_core.shell:Creating package descriptor '/shared/ws1_stu/install/cpp2_slam/share/cpp2_slam/package.dsv'
[0.943s] INFO:colcon.colcon_core.shell:Creating package script '/shared/ws1_stu/install/cpp2_slam/share/cpp2_slam/package.sh'
[0.943s] INFO:colcon.colcon_core.shell:Creating package script '/shared/ws1_stu/install/cpp2_slam/share/cpp2_slam/package.bash'
[0.946s] INFO:colcon.colcon_core.shell:Creating package script '/shared/ws1_stu/install/cpp2_slam/share/cpp2_slam/package.zsh'
[0.947s] Level 1:colcon.colcon_core.environment:create_file_with_runtime_dependencies(/shared/ws1_stu/install/cpp2_slam/share/colcon-core/packages/cpp2_slam)
[0.947s] Level 1:colcon.colcon_core.environment:create_environment_scripts_only(cpp2_slam)
[0.948s] Level 1:colcon.colcon_core.environment:checking '/shared/ws1_stu/install/cpp2_slam' for CMake module files
[0.948s] Level 1:colcon.colcon_core.environment:checking '/shared/ws1_stu/install/cpp2_slam' for CMake config files
[0.948s] Level 1:colcon.colcon_core.shell:create_environment_hook('cpp2_slam', 'cmake_prefix_path')
[0.949s] INFO:colcon.colcon_core.shell:Creating environment hook '/shared/ws1_stu/install/cpp2_slam/share/cpp2_slam/hook/cmake_prefix_path.ps1'
[0.954s] INFO:colcon.colcon_core.shell:Creating environment descriptor '/shared/ws1_stu/install/cpp2_slam/share/cpp2_slam/hook/cmake_prefix_path.dsv'
[0.955s] INFO:colcon.colcon_core.shell:Creating environment hook '/shared/ws1_stu/install/cpp2_slam/share/cpp2_slam/hook/cmake_prefix_path.sh'
[0.956s] Level 1:colcon.colcon_core.environment:checking '/shared/ws1_stu/install/cpp2_slam/bin'
[0.956s] Level 1:colcon.colcon_core.environment:checking '/shared/ws1_stu/install/cpp2_slam/lib/pkgconfig/cpp2_slam.pc'
[0.956s] Level 1:colcon.colcon_core.environment:checking '/shared/ws1_stu/install/cpp2_slam/lib/python3.10/site-packages'
[0.957s] Level 1:colcon.colcon_core.environment:checking '/shared/ws1_stu/install/cpp2_slam/bin'
[0.957s] INFO:colcon.colcon_core.shell:Creating package script '/shared/ws1_stu/install/cpp2_slam/share/cpp2_slam/package.ps1'
[0.958s] INFO:colcon.colcon_core.shell:Creating package descriptor '/shared/ws1_stu/install/cpp2_slam/share/cpp2_slam/package.dsv'
[0.959s] INFO:colcon.colcon_core.shell:Creating package script '/shared/ws1_stu/install/cpp2_slam/share/cpp2_slam/package.sh'
[0.959s] INFO:colcon.colcon_core.shell:Creating package script '/shared/ws1_stu/install/cpp2_slam/share/cpp2_slam/package.bash'
[0.960s] INFO:colcon.colcon_core.shell:Creating package script '/shared/ws1_stu/install/cpp2_slam/share/cpp2_slam/package.zsh'
[0.960s] Level 1:colcon.colcon_core.environment:create_file_with_runtime_dependencies(/shared/ws1_stu/install/cpp2_slam/share/colcon-core/packages/cpp2_slam)
[0.962s] Level 1:colcon.colcon_core.environment:create_environment_scripts_only(cpp1_gazebo)
[0.963s] Level 1:colcon.colcon_core.environment:checking '/shared/ws1_stu/install/cpp1_gazebo' for CMake module files
[0.963s] DEBUG:colcon.colcon_core.event_handler.log_command:Invoked command in '/shared/ws1_stu/build/cpp1_gazebo' returned '0': CMAKE_PREFIX_PATH=${CMAKE_PREFIX_PATH}:/shared/ws1_stu/install/py2_autopartol:/shared/ws1_stu/install/py1_car_application:/shared/ws1_stu/install/autopartol_car:/opt/ros/humble /usr/bin/cmake --install /shared/ws1_stu/build/cpp1_gazebo
[0.964s] Level 1:colcon.colcon_core.environment:checking '/shared/ws1_stu/install/cpp1_gazebo' for CMake config files
[0.964s] Level 1:colcon.colcon_core.shell:create_environment_hook('cpp1_gazebo', 'cmake_prefix_path')
[0.965s] INFO:colcon.colcon_core.shell:Creating environment hook '/shared/ws1_stu/install/cpp1_gazebo/share/cpp1_gazebo/hook/cmake_prefix_path.ps1'
[0.966s] INFO:colcon.colcon_core.shell:Creating environment descriptor '/shared/ws1_stu/install/cpp1_gazebo/share/cpp1_gazebo/hook/cmake_prefix_path.dsv'
[0.966s] INFO:colcon.colcon_core.shell:Creating environment hook '/shared/ws1_stu/install/cpp1_gazebo/share/cpp1_gazebo/hook/cmake_prefix_path.sh'
[0.967s] Level 1:colcon.colcon_core.environment:checking '/shared/ws1_stu/install/cpp1_gazebo/bin'
[0.967s] Level 1:colcon.colcon_core.environment:checking '/shared/ws1_stu/install/cpp1_gazebo/lib/pkgconfig/cpp1_gazebo.pc'
[0.967s] Level 1:colcon.colcon_core.environment:checking '/shared/ws1_stu/install/cpp1_gazebo/lib/python3.10/site-packages'
[0.967s] Level 1:colcon.colcon_core.environment:checking '/shared/ws1_stu/install/cpp1_gazebo/bin'
[0.968s] INFO:colcon.colcon_core.shell:Creating package script '/shared/ws1_stu/install/cpp1_gazebo/share/cpp1_gazebo/package.ps1'
[0.969s] INFO:colcon.colcon_core.shell:Creating package descriptor '/shared/ws1_stu/install/cpp1_gazebo/share/cpp1_gazebo/package.dsv'
[0.969s] INFO:colcon.colcon_core.shell:Creating package script '/shared/ws1_stu/install/cpp1_gazebo/share/cpp1_gazebo/package.sh'
[0.970s] INFO:colcon.colcon_core.shell:Creating package script '/shared/ws1_stu/install/cpp1_gazebo/share/cpp1_gazebo/package.bash'
[0.970s] INFO:colcon.colcon_core.shell:Creating package script '/shared/ws1_stu/install/cpp1_gazebo/share/cpp1_gazebo/package.zsh'
[0.970s] Level 1:colcon.colcon_core.environment:create_file_with_runtime_dependencies(/shared/ws1_stu/install/cpp1_gazebo/share/colcon-core/packages/cpp1_gazebo)
[0.972s] Level 1:colcon.colcon_core.environment:create_environment_scripts_only(cpp1_gazebo)
[0.972s] Level 1:colcon.colcon_core.environment:checking '/shared/ws1_stu/install/cpp1_gazebo' for CMake module files
[0.973s] Level 1:colcon.colcon_core.environment:checking '/shared/ws1_stu/install/cpp1_gazebo' for CMake config files
[0.973s] Level 1:colcon.colcon_core.shell:create_environment_hook('cpp1_gazebo', 'cmake_prefix_path')
[0.973s] INFO:colcon.colcon_core.shell:Creating environment hook '/shared/ws1_stu/install/cpp1_gazebo/share/cpp1_gazebo/hook/cmake_prefix_path.ps1'
[0.974s] INFO:colcon.colcon_core.shell:Creating environment descriptor '/shared/ws1_stu/install/cpp1_gazebo/share/cpp1_gazebo/hook/cmake_prefix_path.dsv'
[0.974s] INFO:colcon.colcon_core.shell:Creating environment hook '/shared/ws1_stu/install/cpp1_gazebo/share/cpp1_gazebo/hook/cmake_prefix_path.sh'
[0.975s] Level 1:colcon.colcon_core.environment:checking '/shared/ws1_stu/install/cpp1_gazebo/bin'
[0.975s] Level 1:colcon.colcon_core.environment:checking '/shared/ws1_stu/install/cpp1_gazebo/lib/pkgconfig/cpp1_gazebo.pc'
[0.975s] Level 1:colcon.colcon_core.environment:checking '/shared/ws1_stu/install/cpp1_gazebo/lib/python3.10/site-packages'
[0.976s] Level 1:colcon.colcon_core.environment:checking '/shared/ws1_stu/install/cpp1_gazebo/bin'
[0.976s] INFO:colcon.colcon_core.shell:Creating package script '/shared/ws1_stu/install/cpp1_gazebo/share/cpp1_gazebo/package.ps1'
[0.977s] INFO:colcon.colcon_core.shell:Creating package descriptor '/shared/ws1_stu/install/cpp1_gazebo/share/cpp1_gazebo/package.dsv'
[0.977s] INFO:colcon.colcon_core.shell:Creating package script '/shared/ws1_stu/install/cpp1_gazebo/share/cpp1_gazebo/package.sh'
[0.978s] INFO:colcon.colcon_core.shell:Creating package script '/shared/ws1_stu/install/cpp1_gazebo/share/cpp1_gazebo/package.bash'
[0.978s] INFO:colcon.colcon_core.shell:Creating package script '/shared/ws1_stu/install/cpp1_gazebo/share/cpp1_gazebo/package.zsh'
[0.979s] Level 1:colcon.colcon_core.environment:create_file_with_runtime_dependencies(/shared/ws1_stu/install/cpp1_gazebo/share/colcon-core/packages/cpp1_gazebo)
[1.257s] DEBUG:colcon.colcon_core.event_handler.log_command:Invoking command in '/shared/ws1_stu/src/py2_autopartol': PYTHONPATH=/shared/ws1_stu/build/py2_autopartol/prefix_override:/usr/lib/python3/dist-packages/colcon_core/task/python/colcon_distutils_commands:/shared/ws1_stu/install/py2_autopartol/lib/python3.10/site-packages:${PYTHONPATH} /usr/bin/python3 -W ignore:setup.py install is deprecated -W ignore:easy_install command is deprecated setup.py egg_info --egg-base ../../build/py2_autopartol build --build-base /shared/ws1_stu/build/py2_autopartol/build install --record /shared/ws1_stu/build/py2_autopartol/install.log --single-version-externally-managed install_data
[1.261s] DEBUG:colcon.colcon_core.event_handler.log_command:Invoking command in '/shared/ws1_stu/src/py1_car_application': PYTHONPATH=/shared/ws1_stu/build/py1_car_application/prefix_override:/usr/lib/python3/dist-packages/colcon_core/task/python/colcon_distutils_commands:/shared/ws1_stu/install/py1_car_application/lib/python3.10/site-packages:${PYTHONPATH} /usr/bin/python3 -W ignore:setup.py install is deprecated -W ignore:easy_install command is deprecated setup.py egg_info --egg-base ../../build/py1_car_application build --build-base /shared/ws1_stu/build/py1_car_application/build install --record /shared/ws1_stu/build/py1_car_application/install.log --single-version-externally-managed install_data
[1.529s] Level 1:colcon.colcon_core.environment:checking '/shared/ws1_stu/install/py1_car_application' for CMake module files
[1.529s] DEBUG:colcon.colcon_core.event_handler.log_command:Invoked command in '/shared/ws1_stu/src/py1_car_application' returned '0': PYTHONPATH=/shared/ws1_stu/build/py1_car_application/prefix_override:/usr/lib/python3/dist-packages/colcon_core/task/python/colcon_distutils_commands:/shared/ws1_stu/install/py1_car_application/lib/python3.10/site-packages:${PYTHONPATH} /usr/bin/python3 -W ignore:setup.py install is deprecated -W ignore:easy_install command is deprecated setup.py egg_info --egg-base ../../build/py1_car_application build --build-base /shared/ws1_stu/build/py1_car_application/build install --record /shared/ws1_stu/build/py1_car_application/install.log --single-version-externally-managed install_data
[1.529s] Level 1:colcon.colcon_core.environment:checking '/shared/ws1_stu/install/py1_car_application' for CMake config files
[1.530s] Level 1:colcon.colcon_core.environment:checking '/shared/ws1_stu/install/py1_car_application/lib'
[1.530s] Level 1:colcon.colcon_core.environment:checking '/shared/ws1_stu/install/py1_car_application/bin'
[1.531s] Level 1:colcon.colcon_core.environment:checking '/shared/ws1_stu/install/py1_car_application/lib/pkgconfig/py1_car_application.pc'
[1.531s] Level 1:colcon.colcon_core.environment:checking '/shared/ws1_stu/install/py1_car_application/lib/python3.10/site-packages'
[1.531s] Level 1:colcon.colcon_core.shell:create_environment_hook('py1_car_application', 'pythonpath')
[1.531s] INFO:colcon.colcon_core.shell:Creating environment hook '/shared/ws1_stu/install/py1_car_application/share/py1_car_application/hook/pythonpath.ps1'
[1.532s] INFO:colcon.colcon_core.shell:Creating environment descriptor '/shared/ws1_stu/install/py1_car_application/share/py1_car_application/hook/pythonpath.dsv'
[1.532s] INFO:colcon.colcon_core.shell:Creating environment hook '/shared/ws1_stu/install/py1_car_application/share/py1_car_application/hook/pythonpath.sh'
[1.533s] Level 1:colcon.colcon_core.environment:checking '/shared/ws1_stu/install/py1_car_application/bin'
[1.533s] Level 1:colcon.colcon_core.environment:create_environment_scripts_only(py1_car_application)
[1.533s] INFO:colcon.colcon_core.shell:Creating package script '/shared/ws1_stu/install/py1_car_application/share/py1_car_application/package.ps1'
[1.534s] INFO:colcon.colcon_core.shell:Creating package descriptor '/shared/ws1_stu/install/py1_car_application/share/py1_car_application/package.dsv'
[1.534s] INFO:colcon.colcon_core.shell:Creating package script '/shared/ws1_stu/install/py1_car_application/share/py1_car_application/package.sh'
[1.534s] INFO:colcon.colcon_core.shell:Creating package script '/shared/ws1_stu/install/py1_car_application/share/py1_car_application/package.bash'
[1.535s] INFO:colcon.colcon_core.shell:Creating package script '/shared/ws1_stu/install/py1_car_application/share/py1_car_application/package.zsh'
[1.535s] Level 1:colcon.colcon_core.environment:create_file_with_runtime_dependencies(/shared/ws1_stu/install/py1_car_application/share/colcon-core/packages/py1_car_application)
[1.538s] Level 1:colcon.colcon_core.environment:checking '/shared/ws1_stu/install/py2_autopartol' for CMake module files
[1.538s] DEBUG:colcon.colcon_core.event_handler.log_command:Invoked command in '/shared/ws1_stu/src/py2_autopartol' returned '0': PYTHONPATH=/shared/ws1_stu/build/py2_autopartol/prefix_override:/usr/lib/python3/dist-packages/colcon_core/task/python/colcon_distutils_commands:/shared/ws1_stu/install/py2_autopartol/lib/python3.10/site-packages:${PYTHONPATH} /usr/bin/python3 -W ignore:setup.py install is deprecated -W ignore:easy_install command is deprecated setup.py egg_info --egg-base ../../build/py2_autopartol build --build-base /shared/ws1_stu/build/py2_autopartol/build install --record /shared/ws1_stu/build/py2_autopartol/install.log --single-version-externally-managed install_data
[1.538s] Level 1:colcon.colcon_core.environment:checking '/shared/ws1_stu/install/py2_autopartol' for CMake config files
[1.539s] Level 1:colcon.colcon_core.environment:checking '/shared/ws1_stu/install/py2_autopartol/lib'
[1.539s] Level 1:colcon.colcon_core.environment:checking '/shared/ws1_stu/install/py2_autopartol/bin'
[1.539s] Level 1:colcon.colcon_core.environment:checking '/shared/ws1_stu/install/py2_autopartol/lib/pkgconfig/py2_autopartol.pc'
[1.539s] Level 1:colcon.colcon_core.environment:checking '/shared/ws1_stu/install/py2_autopartol/lib/python3.10/site-packages'
[1.539s] Level 1:colcon.colcon_core.shell:create_environment_hook('py2_autopartol', 'pythonpath')
[1.539s] INFO:colcon.colcon_core.shell:Creating environment hook '/shared/ws1_stu/install/py2_autopartol/share/py2_autopartol/hook/pythonpath.ps1'
[1.540s] INFO:colcon.colcon_core.shell:Creating environment descriptor '/shared/ws1_stu/install/py2_autopartol/share/py2_autopartol/hook/pythonpath.dsv'
[1.540s] INFO:colcon.colcon_core.shell:Creating environment hook '/shared/ws1_stu/install/py2_autopartol/share/py2_autopartol/hook/pythonpath.sh'
[1.540s] Level 1:colcon.colcon_core.environment:checking '/shared/ws1_stu/install/py2_autopartol/bin'
[1.541s] Level 1:colcon.colcon_core.environment:create_environment_scripts_only(py2_autopartol)
[1.541s] INFO:colcon.colcon_core.shell:Creating package script '/shared/ws1_stu/install/py2_autopartol/share/py2_autopartol/package.ps1'
[1.541s] INFO:colcon.colcon_core.shell:Creating package descriptor '/shared/ws1_stu/install/py2_autopartol/share/py2_autopartol/package.dsv'
[1.542s] INFO:colcon.colcon_core.shell:Creating package script '/shared/ws1_stu/install/py2_autopartol/share/py2_autopartol/package.sh'
[1.542s] INFO:colcon.colcon_core.shell:Creating package script '/shared/ws1_stu/install/py2_autopartol/share/py2_autopartol/package.bash'
[1.542s] INFO:colcon.colcon_core.shell:Creating package script '/shared/ws1_stu/install/py2_autopartol/share/py2_autopartol/package.zsh'
[1.543s] Level 1:colcon.colcon_core.environment:create_file_with_runtime_dependencies(/shared/ws1_stu/install/py2_autopartol/share/colcon-core/packages/py2_autopartol)
[2.199s] DEBUG:colcon.colcon_core.event_handler.log_command:Invoked command in '/shared/ws1_stu/build/autopartol_interfaces' returned '0': CMAKE_PREFIX_PATH=${CMAKE_PREFIX_PATH}:/shared/ws1_stu/install/py2_autopartol:/shared/ws1_stu/install/py1_car_application:/shared/ws1_stu/install/autopartol_car:/opt/ros/humble /usr/bin/cmake /shared/ws1_stu/src/autopartol_interfaces -DCMAKE_INSTALL_PREFIX=/shared/ws1_stu/install/autopartol_interfaces
[2.200s] DEBUG:colcon.colcon_core.event_handler.log_command:Invoking command in '/shared/ws1_stu/build/autopartol_interfaces': CMAKE_PREFIX_PATH=${CMAKE_PREFIX_PATH}:/shared/ws1_stu/install/py2_autopartol:/shared/ws1_stu/install/py1_car_application:/shared/ws1_stu/install/autopartol_car:/opt/ros/humble /usr/bin/cmake --build /shared/ws1_stu/build/autopartol_interfaces -- -j12 -l12
[2.889s] Level 1:colcon.colcon_core.environment:create_environment_scripts_only(autopartol_interfaces)
[2.890s] Level 1:colcon.colcon_core.environment:checking '/shared/ws1_stu/install/autopartol_interfaces' for CMake module files
[2.890s] DEBUG:colcon.colcon_core.event_handler.log_command:Invoked command in '/shared/ws1_stu/build/autopartol_interfaces' returned '2': CMAKE_PREFIX_PATH=${CMAKE_PREFIX_PATH}:/shared/ws1_stu/install/py2_autopartol:/shared/ws1_stu/install/py1_car_application:/shared/ws1_stu/install/autopartol_car:/opt/ros/humble /usr/bin/cmake --build /shared/ws1_stu/build/autopartol_interfaces -- -j12 -l12
[2.890s] Level 1:colcon.colcon_core.environment:checking '/shared/ws1_stu/install/autopartol_interfaces' for CMake config files
[2.890s] Level 1:colcon.colcon_core.environment:checking '/shared/ws1_stu/install/autopartol_interfaces/bin'
[2.890s] Level 1:colcon.colcon_core.environment:checking '/shared/ws1_stu/install/autopartol_interfaces/lib/pkgconfig/autopartol_interfaces.pc'
[2.891s] Level 1:colcon.colcon_core.environment:checking '/shared/ws1_stu/install/autopartol_interfaces/lib/python3.10/site-packages'
[2.891s] Level 1:colcon.colcon_core.environment:checking '/shared/ws1_stu/install/autopartol_interfaces/bin'
[2.891s] INFO:colcon.colcon_core.shell:Creating package script '/shared/ws1_stu/install/autopartol_interfaces/share/autopartol_interfaces/package.ps1'
[2.892s] INFO:colcon.colcon_core.shell:Creating package descriptor '/shared/ws1_stu/install/autopartol_interfaces/share/autopartol_interfaces/package.dsv'
[2.892s] INFO:colcon.colcon_core.shell:Creating package script '/shared/ws1_stu/install/autopartol_interfaces/share/autopartol_interfaces/package.sh'
[2.892s] INFO:colcon.colcon_core.shell:Creating package script '/shared/ws1_stu/install/autopartol_interfaces/share/autopartol_interfaces/package.bash'
[2.893s] INFO:colcon.colcon_core.shell:Creating package script '/shared/ws1_stu/install/autopartol_interfaces/share/autopartol_interfaces/package.zsh'
[2.893s] Level 1:colcon.colcon_core.environment:create_file_with_runtime_dependencies(/shared/ws1_stu/install/autopartol_interfaces/share/colcon-core/packages/autopartol_interfaces)
[2.903s] DEBUG:colcon.colcon_parallel_executor.executor.parallel:closing loop
[2.904s] DEBUG:colcon.colcon_parallel_executor.executor.parallel:loop closed
[2.904s] DEBUG:colcon.colcon_parallel_executor.executor.parallel:run_until_complete finished with '2'
[2.904s] DEBUG:colcon.colcon_core.event_reactor:joining thread
[2.909s] INFO:colcon.colcon_core.plugin_system:Skipping extension 'colcon_notification.desktop_notification.notify_send': Could not find 'notify-send'
[2.910s] INFO:colcon.colcon_core.plugin_system:Skipping extension 'colcon_notification.desktop_notification.terminal_notifier': Not used on non-Darwin systems
[2.910s] INFO:colcon.colcon_core.plugin_system:Skipping extension 'colcon_notification.desktop_notification.win32': Not used on non-Windows systems
[2.910s] INFO:colcon.colcon_notification.desktop_notification:Sending desktop notification using 'notify2'
[2.913s] DEBUG:colcon.colcon_notification.desktop_notification.notify2:Failed to initialize notify2: org.freedesktop.DBus.Error.Spawn.ExecFailed: /usr/bin/dbus-launch terminated abnormally without any error message
[2.914s] DEBUG:colcon.colcon_core.event_reactor:joined thread
[2.915s] INFO:colcon.colcon_core.shell:Creating prefix script '/shared/ws1_stu/install/local_setup.ps1'
[2.916s] INFO:colcon.colcon_core.shell:Creating prefix util module '/shared/ws1_stu/install/_local_setup_util_ps1.py'
[2.918s] INFO:colcon.colcon_core.shell:Creating prefix chain script '/shared/ws1_stu/install/setup.ps1'
[2.920s] INFO:colcon.colcon_core.shell:Creating prefix script '/shared/ws1_stu/install/local_setup.sh'
[2.921s] INFO:colcon.colcon_core.shell:Creating prefix util module '/shared/ws1_stu/install/_local_setup_util_sh.py'
[2.921s] INFO:colcon.colcon_core.shell:Creating prefix chain script '/shared/ws1_stu/install/setup.sh'
[2.923s] INFO:colcon.colcon_core.shell:Creating prefix script '/shared/ws1_stu/install/local_setup.bash'
[2.923s] INFO:colcon.colcon_core.shell:Creating prefix chain script '/shared/ws1_stu/install/setup.bash'
[2.925s] INFO:colcon.colcon_core.shell:Creating prefix script '/shared/ws1_stu/install/local_setup.zsh'
[2.925s] INFO:colcon.colcon_core.shell:Creating prefix chain script '/shared/ws1_stu/install/setup.zsh'
