[0.020s] Invoking command in '/home/hzc/linux/ros2/stu/ws02_tools/build/cpp1_launch': CMAKE_PREFIX_PATH=${CMAKE_PREFIX_PATH}:/opt/ros/lyrical DEBUGINFOD_URLS=https://debuginfod.ubuntu.com /usr/bin/cmake --build /home/hzc/linux/ros2/stu/ws02_tools/build/cpp1_launch -- -j16 -l16
[0.082s] Invoked command in '/home/hzc/linux/ros2/stu/ws02_tools/build/cpp1_launch' returned '0': CMAKE_PREFIX_PATH=${CMAKE_PREFIX_PATH}:/opt/ros/lyrical DEBUGINFOD_URLS=https://debuginfod.ubuntu.com /usr/bin/cmake --build /home/hzc/linux/ros2/stu/ws02_tools/build/cpp1_launch -- -j16 -l16
[0.094s] Invoking command in '/home/hzc/linux/ros2/stu/ws02_tools/build/cpp1_launch': CMAKE_PREFIX_PATH=${CMAKE_PREFIX_PATH}:/opt/ros/lyrical DEBUGINFOD_URLS=https://debuginfod.ubuntu.com /usr/bin/cmake --install /home/hzc/linux/ros2/stu/ws02_tools/build/cpp1_launch
[0.102s] -- Install configuration: ""
[0.103s] -- Up-to-date: /home/hzc/linux/ros2/stu/ws02_tools/install/cpp1_launch/share/cpp1_launch/launch
[0.103s] -- Up-to-date: /home/hzc/linux/ros2/stu/ws02_tools/install/cpp1_launch/share/cpp1_launch/launch/yaml
[0.103s] -- Up-to-date: /home/hzc/linux/ros2/stu/ws02_tools/install/cpp1_launch/share/cpp1_launch/launch/yaml/yaml1_helloword_launch.yaml
[0.103s] -- Up-to-date: /home/hzc/linux/ros2/stu/ws02_tools/install/cpp1_launch/share/cpp1_launch/launch/py
[0.103s] -- Installing: /home/hzc/linux/ros2/stu/ws02_tools/install/cpp1_launch/share/cpp1_launch/launch/py/py1_helloword_launch.py
[0.103s] -- Installing: /home/hzc/linux/ros2/stu/ws02_tools/install/cpp1_launch/share/cpp1_launch/launch/py/py2_node_launch.py
[0.103s] -- Up-to-date: /home/hzc/linux/ros2/stu/ws02_tools/install/cpp1_launch/share/cpp1_launch/launch/xml
[0.104s] -- Up-to-date: /home/hzc/linux/ros2/stu/ws02_tools/install/cpp1_launch/share/cpp1_launch/launch/xml/xml1_helloword_launch.xml
[0.104s] -- Up-to-date: /home/hzc/linux/ros2/stu/ws02_tools/install/cpp1_launch/share/ament_index/resource_index/package_run_dependencies/cpp1_launch
[0.104s] -- Up-to-date: /home/hzc/linux/ros2/stu/ws02_tools/install/cpp1_launch/share/ament_index/resource_index/parent_prefix_path/cpp1_launch
[0.104s] -- Up-to-date: /home/hzc/linux/ros2/stu/ws02_tools/install/cpp1_launch/share/cpp1_launch/environment/ament_prefix_path.sh
[0.104s] -- Up-to-date: /home/hzc/linux/ros2/stu/ws02_tools/install/cpp1_launch/share/cpp1_launch/environment/ament_prefix_path.dsv
[0.104s] -- Up-to-date: /home/hzc/linux/ros2/stu/ws02_tools/install/cpp1_launch/share/cpp1_launch/environment/path.sh
[0.104s] -- Up-to-date: /home/hzc/linux/ros2/stu/ws02_tools/install/cpp1_launch/share/cpp1_launch/environment/path.dsv
[0.104s] -- Up-to-date: /home/hzc/linux/ros2/stu/ws02_tools/install/cpp1_launch/share/cpp1_launch/local_setup.bash
[0.104s] -- Up-to-date: /home/hzc/linux/ros2/stu/ws02_tools/install/cpp1_launch/share/cpp1_launch/local_setup.fish
[0.104s] -- Up-to-date: /home/hzc/linux/ros2/stu/ws02_tools/install/cpp1_launch/share/cpp1_launch/local_setup.sh
[0.104s] -- Up-to-date: /home/hzc/linux/ros2/stu/ws02_tools/install/cpp1_launch/share/cpp1_launch/local_setup.zsh
[0.105s] -- Up-to-date: /home/hzc/linux/ros2/stu/ws02_tools/install/cpp1_launch/share/cpp1_launch/local_setup.dsv
[0.105s] -- Installing: /home/hzc/linux/ros2/stu/ws02_tools/install/cpp1_launch/share/cpp1_launch/package.dsv
[0.105s] -- Up-to-date: /home/hzc/linux/ros2/stu/ws02_tools/install/cpp1_launch/share/ament_index/resource_index/packages/cpp1_launch
[0.105s] -- Up-to-date: /home/hzc/linux/ros2/stu/ws02_tools/install/cpp1_launch/share/cpp1_launch/cmake/cpp1_launchConfig.cmake
[0.105s] -- Up-to-date: /home/hzc/linux/ros2/stu/ws02_tools/install/cpp1_launch/share/cpp1_launch/cmake/cpp1_launchConfig-version.cmake
[0.105s] -- Up-to-date: /home/hzc/linux/ros2/stu/ws02_tools/install/cpp1_launch/share/cpp1_launch/package.xml
[0.106s] Invoked command in '/home/hzc/linux/ros2/stu/ws02_tools/build/cpp1_launch' returned '0': CMAKE_PREFIX_PATH=${CMAKE_PREFIX_PATH}:/opt/ros/lyrical DEBUGINFOD_URLS=https://debuginfod.ubuntu.com /usr/bin/cmake --install /home/hzc/linux/ros2/stu/ws02_tools/build/cpp1_launch
