[0.012s] Invoking command in '/home/hzc/linux/ros2/stu/ws01_plubming/build/cpp05_names': CMAKE_PREFIX_PATH=${CMAKE_PREFIX_PATH}:/home/hzc/linux/ros2/stu/ws01_plubming/install/py04_param:/home/hzc/linux/ros2/stu/ws01_plubming/install/py03_action:/home/hzc/linux/ros2/stu/ws01_plubming/install/py02_seriver:/opt/ros/lyrical DEBUGINFOD_URLS=https://debuginfod.ubuntu.com /usr/bin/cmake /home/hzc/linux/ros2/stu/ws01_plubming/src/cpp05_names -DCMAKE_INSTALL_PREFIX=/home/hzc/linux/ros2/stu/ws01_plubming/install/cpp05_names
[0.080s] -- The C compiler identification is GNU 15.2.0
[0.154s] -- The CXX compiler identification is GNU 15.2.0
[0.164s] -- Detecting C compiler ABI info
[0.254s] -- Detecting C compiler ABI info - done
[0.268s] -- Check for working C compiler: /usr/bin/cc - skipped
[0.269s] -- Detecting C compile features
[0.269s] -- Detecting C compile features - done
[0.284s] -- Detecting CXX compiler ABI info
[0.380s] -- Detecting CXX compiler ABI info - done
[0.395s] -- Check for working CXX compiler: /usr/bin/c++ - skipped
[0.395s] -- Detecting CXX compile features
[0.396s] -- Detecting CXX compile features - done
[0.414s] -- Found ament_cmake: 2.8.7 (/opt/ros/lyrical/share/ament_cmake/cmake)
[1.274s] -- Found rclcpp: 32.0.0 (/opt/ros/lyrical/share/rclcpp/cmake)
[1.360s] -- Found rosidl_generator_c: 5.2.0 (/opt/ros/lyrical/share/rosidl_generator_c/cmake)
[1.385s] -- Found rosidl_generator_cpp: 5.2.0 (/opt/ros/lyrical/share/rosidl_generator_cpp/cmake)
[1.427s] -- Using all available rosidl_typesupport_c: rosidl_typesupport_fastrtps_c;rosidl_typesupport_introspection_c
[1.459s] -- Using all available rosidl_typesupport_cpp: rosidl_typesupport_fastrtps_cpp;rosidl_typesupport_introspection_cpp
[1.585s] -- Found rmw_implementation_cmake: 7.10.1 (/opt/ros/lyrical/share/rmw_implementation_cmake/cmake)
[1.593s] -- Found rmw_fastrtps_cpp: 9.4.8 (/opt/ros/lyrical/share/rmw_fastrtps_cpp/cmake)
[1.658s] -- Using RMW implementation 'rmw_fastrtps_cpp' as default
[1.775s] [31mCMake Error at CMakeLists.txt:26 (install):
[1.775s]   install does not recognize sub-command (
[1.775s] 
[1.775s] [0m
[1.780s] -- Found ament_lint_auto: 0.20.6 (/opt/ros/lyrical/share/ament_lint_auto/cmake)
[1.941s] -- Added test 'cppcheck' to perform static code analysis on C / C++ code
[1.941s] -- Configured cppcheck include dirs: $<BUILD_INTERFACE:/home/hzc/linux/ros2/stu/ws01_plubming/src/cpp05_names/include>
[1.941s] -- Configured cppcheck exclude dirs and/or files: 
[1.943s] -- Added test 'flake8' to check Python code syntax and style conventions
[1.943s] -- Configured 'flake8' exclude dirs and/or files: 
[1.945s] -- Added test 'lint_cmake' to check CMake code style
[1.947s] -- Added test 'pep257' to check Python code against some of the docstring style conventions in PEP 257
[1.950s] -- Added test 'uncrustify' to check C / C++ code style
[1.950s] -- Configured uncrustify additional arguments: 
[1.952s] -- Added test 'xmllint' to check XML markup files
[1.957s] -- Configuring incomplete, errors occurred!
[1.965s] Invoked command in '/home/hzc/linux/ros2/stu/ws01_plubming/build/cpp05_names' returned '1': CMAKE_PREFIX_PATH=${CMAKE_PREFIX_PATH}:/home/hzc/linux/ros2/stu/ws01_plubming/install/py04_param:/home/hzc/linux/ros2/stu/ws01_plubming/install/py03_action:/home/hzc/linux/ros2/stu/ws01_plubming/install/py02_seriver:/opt/ros/lyrical DEBUGINFOD_URLS=https://debuginfod.ubuntu.com /usr/bin/cmake /home/hzc/linux/ros2/stu/ws01_plubming/src/cpp05_names -DCMAKE_INSTALL_PREFIX=/home/hzc/linux/ros2/stu/ws01_plubming/install/cpp05_names
