-- The C compiler identification is GNU 15.2.0
-- The CXX compiler identification is GNU 15.2.0
-- Detecting C compiler ABI info
-- Detecting C compiler ABI info - done
-- Check for working C compiler: /usr/bin/cc - skipped
-- Detecting C compile features
-- Detecting C compile features - done
-- Detecting CXX compiler ABI info
-- Detecting CXX compiler ABI info - done
-- Check for working CXX compiler: /usr/bin/c++ - skipped
-- Detecting CXX compile features
-- Detecting CXX compile features - done
-- Found ament_cmake: 2.8.7 (/opt/ros/lyrical/share/ament_cmake/cmake)
-- Found rclcpp: 32.0.0 (/opt/ros/lyrical/share/rclcpp/cmake)
-- Found rosidl_generator_c: 5.2.0 (/opt/ros/lyrical/share/rosidl_generator_c/cmake)
-- Found rosidl_generator_cpp: 5.2.0 (/opt/ros/lyrical/share/rosidl_generator_cpp/cmake)
-- Using all available rosidl_typesupport_c: rosidl_typesupport_fastrtps_c;rosidl_typesupport_introspection_c
-- Using all available rosidl_typesupport_cpp: rosidl_typesupport_fastrtps_cpp;rosidl_typesupport_introspection_cpp
-- Found rmw_implementation_cmake: 7.10.1 (/opt/ros/lyrical/share/rmw_implementation_cmake/cmake)
-- Found rmw_fastrtps_cpp: 9.4.8 (/opt/ros/lyrical/share/rmw_fastrtps_cpp/cmake)
-- Using RMW implementation 'rmw_fastrtps_cpp' as default
-- Found rosbag2_cpp: 0.33.3 (/opt/ros/lyrical/share/rosbag2_cpp/cmake)
-- Found geometry_msgs: 5.9.2 (/opt/ros/lyrical/share/geometry_msgs/cmake)
-- Found ament_lint_auto: 0.20.6 (/opt/ros/lyrical/share/ament_lint_auto/cmake)
-- Added test 'cppcheck' to perform static code analysis on C / C++ code
-- Configured cppcheck include dirs: $<BUILD_INTERFACE:/home/hzc/linux/ros2/stu/ws02_tools/src/cpp2_rosbag/include>
-- Configured cppcheck exclude dirs and/or files: 
-- Added test 'lint_cmake' to check CMake code style
-- Added test 'uncrustify' to check C / C++ code style
-- Configured uncrustify additional arguments: 
-- Added test 'xmllint' to check XML markup files
-- Configuring done (2.0s)
-- Generating done (0.0s)
-- Build files have been written to: /home/hzc/linux/ros2/stu/ws02_tools/build/cpp2_rosbag
[ 50%] [32mBuilding CXX object CMakeFiles/demo1_reader.dir/src/demo1_reader.cpp.o[0m
[ 50%] [32mBuilding CXX object CMakeFiles/demo1_writer.dir/src/demo1_writer.cpp.o[0m
[ 75%] [1m[32mLinking CXX executable demo1_writer[0m
[100%] [1m[32mLinking CXX executable demo1_reader[0m
[100%] Built target demo1_writer
[100%] Built target demo1_reader
-- Install configuration: ""
-- Installing: /home/hzc/linux/ros2/stu/ws02_tools/install/cpp2_rosbag/lib/cpp2_rosbag/demo1_writer
-- Set non-toolchain portion of runtime path of "/home/hzc/linux/ros2/stu/ws02_tools/install/cpp2_rosbag/lib/cpp2_rosbag/demo1_writer" to ""
-- Installing: /home/hzc/linux/ros2/stu/ws02_tools/install/cpp2_rosbag/lib/cpp2_rosbag/demo1_reader
-- Set non-toolchain portion of runtime path of "/home/hzc/linux/ros2/stu/ws02_tools/install/cpp2_rosbag/lib/cpp2_rosbag/demo1_reader" to ""
-- Installing: /home/hzc/linux/ros2/stu/ws02_tools/install/cpp2_rosbag/share/ament_index/resource_index/package_run_dependencies/cpp2_rosbag
-- Installing: /home/hzc/linux/ros2/stu/ws02_tools/install/cpp2_rosbag/share/ament_index/resource_index/parent_prefix_path/cpp2_rosbag
-- Installing: /home/hzc/linux/ros2/stu/ws02_tools/install/cpp2_rosbag/share/cpp2_rosbag/environment/ament_prefix_path.sh
-- Installing: /home/hzc/linux/ros2/stu/ws02_tools/install/cpp2_rosbag/share/cpp2_rosbag/environment/ament_prefix_path.dsv
-- Installing: /home/hzc/linux/ros2/stu/ws02_tools/install/cpp2_rosbag/share/cpp2_rosbag/environment/path.sh
-- Installing: /home/hzc/linux/ros2/stu/ws02_tools/install/cpp2_rosbag/share/cpp2_rosbag/environment/path.dsv
-- Installing: /home/hzc/linux/ros2/stu/ws02_tools/install/cpp2_rosbag/share/cpp2_rosbag/local_setup.bash
-- Installing: /home/hzc/linux/ros2/stu/ws02_tools/install/cpp2_rosbag/share/cpp2_rosbag/local_setup.fish
-- Installing: /home/hzc/linux/ros2/stu/ws02_tools/install/cpp2_rosbag/share/cpp2_rosbag/local_setup.sh
-- Installing: /home/hzc/linux/ros2/stu/ws02_tools/install/cpp2_rosbag/share/cpp2_rosbag/local_setup.zsh
-- Installing: /home/hzc/linux/ros2/stu/ws02_tools/install/cpp2_rosbag/share/cpp2_rosbag/local_setup.dsv
-- Installing: /home/hzc/linux/ros2/stu/ws02_tools/install/cpp2_rosbag/share/cpp2_rosbag/package.dsv
-- Installing: /home/hzc/linux/ros2/stu/ws02_tools/install/cpp2_rosbag/share/ament_index/resource_index/packages/cpp2_rosbag
-- Installing: /home/hzc/linux/ros2/stu/ws02_tools/install/cpp2_rosbag/share/cpp2_rosbag/cmake/cpp2_rosbagConfig.cmake
-- Installing: /home/hzc/linux/ros2/stu/ws02_tools/install/cpp2_rosbag/share/cpp2_rosbag/cmake/cpp2_rosbagConfig-version.cmake
-- Installing: /home/hzc/linux/ros2/stu/ws02_tools/install/cpp2_rosbag/share/cpp2_rosbag/package.xml
