[0.013s] Invoking command in '/home/hzc/linux/ros2/stu/ws02_tools/build/cpp6_urdf': CMAKE_PREFIX_PATH=${CMAKE_PREFIX_PATH}:/home/hzc/linux/ros2/stu/ws02_tools/install/py5_exercise:/home/hzc/linux/ros2/stu/ws02_tools/install/py3_tf_broadcaster:/home/hzc/linux/ros2/stu/ws02_tools/install/py1_launch:/opt/ros/lyrical DEBUGINFOD_URLS=https://debuginfod.ubuntu.com /usr/bin/cmake --build /home/hzc/linux/ros2/stu/ws02_tools/build/cpp6_urdf -- -j16 -l16
[0.043s] -- Found ament_cmake: 2.8.7 (/opt/ros/lyrical/share/ament_cmake/cmake)
[0.254s] -- Found ament_lint_auto: 0.20.6 (/opt/ros/lyrical/share/ament_lint_auto/cmake)
[0.358s] -- Added test 'flake8' to check Python code syntax and style conventions
[0.358s] -- Configured 'flake8' exclude dirs and/or files: 
[0.364s] -- Added test 'lint_cmake' to check CMake code style
[0.364s] -- Added test 'pep257' to check Python code against some of the docstring style conventions in PEP 257
[0.368s] -- Added test 'xmllint' to check XML markup files
[0.369s] -- Configuring done (0.3s)
[0.373s] -- Generating done (0.0s)
[0.374s] -- Build files have been written to: /home/hzc/linux/ros2/stu/ws02_tools/build/cpp6_urdf
[0.400s] Invoked command in '/home/hzc/linux/ros2/stu/ws02_tools/build/cpp6_urdf' returned '0': CMAKE_PREFIX_PATH=${CMAKE_PREFIX_PATH}:/home/hzc/linux/ros2/stu/ws02_tools/install/py5_exercise:/home/hzc/linux/ros2/stu/ws02_tools/install/py3_tf_broadcaster:/home/hzc/linux/ros2/stu/ws02_tools/install/py1_launch:/opt/ros/lyrical DEBUGINFOD_URLS=https://debuginfod.ubuntu.com /usr/bin/cmake --build /home/hzc/linux/ros2/stu/ws02_tools/build/cpp6_urdf -- -j16 -l16
[0.412s] Invoking command in '/home/hzc/linux/ros2/stu/ws02_tools/build/cpp6_urdf': CMAKE_PREFIX_PATH=${CMAKE_PREFIX_PATH}:/home/hzc/linux/ros2/stu/ws02_tools/install/py5_exercise:/home/hzc/linux/ros2/stu/ws02_tools/install/py3_tf_broadcaster:/home/hzc/linux/ros2/stu/ws02_tools/install/py1_launch:/opt/ros/lyrical DEBUGINFOD_URLS=https://debuginfod.ubuntu.com /usr/bin/cmake --install /home/hzc/linux/ros2/stu/ws02_tools/build/cpp6_urdf
[0.423s] -- Install configuration: ""
[0.423s] -- Up-to-date: /home/hzc/linux/ros2/stu/ws02_tools/install/cpp6_urdf/share/cpp6_urdf/launch
[0.423s] -- Installing: /home/hzc/linux/ros2/stu/ws02_tools/install/cpp6_urdf/share/cpp6_urdf/launch/display_launch.py
[0.423s] -- Up-to-date: /home/hzc/linux/ros2/stu/ws02_tools/install/cpp6_urdf/share/cpp6_urdf/rviz
[0.423s] -- Up-to-date: /home/hzc/linux/ros2/stu/ws02_tools/install/cpp6_urdf/share/cpp6_urdf/rviz/urdf.rviz
[0.423s] -- Up-to-date: /home/hzc/linux/ros2/stu/ws02_tools/install/cpp6_urdf/share/cpp6_urdf/urdf
[0.423s] -- Up-to-date: /home/hzc/linux/ros2/stu/ws02_tools/install/cpp6_urdf/share/cpp6_urdf/urdf/urdf
[0.423s] -- Installing: /home/hzc/linux/ros2/stu/ws02_tools/install/cpp6_urdf/share/cpp6_urdf/urdf/urdf/demo2_link.urdf
[0.423s] -- Up-to-date: /home/hzc/linux/ros2/stu/ws02_tools/install/cpp6_urdf/share/cpp6_urdf/urdf/urdf/demo1_student.urdf
[0.424s] -- Up-to-date: /home/hzc/linux/ros2/stu/ws02_tools/install/cpp6_urdf/share/cpp6_urdf/urdf/xacro
[0.424s] -- Up-to-date: /home/hzc/linux/ros2/stu/ws02_tools/install/cpp6_urdf/share/cpp6_urdf/meshes
[0.424s] -- Up-to-date: /home/hzc/linux/ros2/stu/ws02_tools/install/cpp6_urdf/share/ament_index/resource_index/package_run_dependencies/cpp6_urdf
[0.424s] -- Installing: /home/hzc/linux/ros2/stu/ws02_tools/install/cpp6_urdf/share/ament_index/resource_index/parent_prefix_path/cpp6_urdf
[0.424s] -- Up-to-date: /home/hzc/linux/ros2/stu/ws02_tools/install/cpp6_urdf/share/cpp6_urdf/environment/ament_prefix_path.sh
[0.424s] -- Up-to-date: /home/hzc/linux/ros2/stu/ws02_tools/install/cpp6_urdf/share/cpp6_urdf/environment/ament_prefix_path.dsv
[0.424s] -- Up-to-date: /home/hzc/linux/ros2/stu/ws02_tools/install/cpp6_urdf/share/cpp6_urdf/environment/path.sh
[0.425s] -- Up-to-date: /home/hzc/linux/ros2/stu/ws02_tools/install/cpp6_urdf/share/cpp6_urdf/environment/path.dsv
[0.425s] -- Up-to-date: /home/hzc/linux/ros2/stu/ws02_tools/install/cpp6_urdf/share/cpp6_urdf/local_setup.bash
[0.425s] -- Up-to-date: /home/hzc/linux/ros2/stu/ws02_tools/install/cpp6_urdf/share/cpp6_urdf/local_setup.fish
[0.425s] -- Up-to-date: /home/hzc/linux/ros2/stu/ws02_tools/install/cpp6_urdf/share/cpp6_urdf/local_setup.sh
[0.425s] -- Up-to-date: /home/hzc/linux/ros2/stu/ws02_tools/install/cpp6_urdf/share/cpp6_urdf/local_setup.zsh
[0.425s] -- Up-to-date: /home/hzc/linux/ros2/stu/ws02_tools/install/cpp6_urdf/share/cpp6_urdf/local_setup.dsv
[0.425s] -- Installing: /home/hzc/linux/ros2/stu/ws02_tools/install/cpp6_urdf/share/cpp6_urdf/package.dsv
[0.425s] -- Up-to-date: /home/hzc/linux/ros2/stu/ws02_tools/install/cpp6_urdf/share/ament_index/resource_index/packages/cpp6_urdf
[0.425s] -- Up-to-date: /home/hzc/linux/ros2/stu/ws02_tools/install/cpp6_urdf/share/cpp6_urdf/cmake/cpp6_urdfConfig.cmake
[0.425s] -- Up-to-date: /home/hzc/linux/ros2/stu/ws02_tools/install/cpp6_urdf/share/cpp6_urdf/cmake/cpp6_urdfConfig-version.cmake
[0.426s] -- Up-to-date: /home/hzc/linux/ros2/stu/ws02_tools/install/cpp6_urdf/share/cpp6_urdf/package.xml
[0.427s] Invoked command in '/home/hzc/linux/ros2/stu/ws02_tools/build/cpp6_urdf' returned '0': CMAKE_PREFIX_PATH=${CMAKE_PREFIX_PATH}:/home/hzc/linux/ros2/stu/ws02_tools/install/py5_exercise:/home/hzc/linux/ros2/stu/ws02_tools/install/py3_tf_broadcaster:/home/hzc/linux/ros2/stu/ws02_tools/install/py1_launch:/opt/ros/lyrical DEBUGINFOD_URLS=https://debuginfod.ubuntu.com /usr/bin/cmake --install /home/hzc/linux/ros2/stu/ws02_tools/build/cpp6_urdf
