[0.041s] Invoking command in '/home/hzc/linux/ros2/stu/ws01_plubming/build/cpp01_topic': AMENT_PREFIX_PATH=/home/hzc/linux/ros2/stu/ws01_plubming/install/base_interfeces:${AMENT_PREFIX_PATH} CMAKE_PREFIX_PATH=/home/hzc/linux/ros2/stu/ws01_plubming/install/base_interfeces:/opt/ros/lyrical/opt/gz_sim_vendor:/opt/ros/lyrical/opt/gz_sensors_vendor:/opt/ros/lyrical/opt/gz_gui_vendor:/opt/ros/lyrical/opt/gz_transport_vendor:/opt/ros/lyrical/opt/gz_physics_vendor:/opt/ros/lyrical/opt/sdformat_vendor:/opt/ros/lyrical/opt/gz_rendering_vendor:/opt/ros/lyrical/opt/gz_plugin_vendor:/opt/ros/lyrical/opt/gz_fuel_tools_vendor:/opt/ros/lyrical/opt/gz_msgs_vendor:/opt/ros/lyrical/opt/gz_common_vendor:/opt/ros/lyrical/opt/gz_math_vendor:/opt/ros/lyrical/opt/gz_utils_vendor:/opt/ros/lyrical/opt/gz_tools_vendor:/opt/ros/lyrical/opt/gz_ogre_next_vendor:/opt/ros/lyrical/opt/gz_dartsim_vendor:/opt/ros/lyrical/opt/gz_cmake_vendor:/opt/ros/lyrical DEBUGINFOD_URLS=https://debuginfod.ubuntu.com LD_LIBRARY_PATH=/home/hzc/linux/ros2/stu/ws01_plubming/install/base_interfeces/lib:${LD_LIBRARY_PATH} PYTHONPATH=/home/hzc/linux/ros2/stu/ws01_plubming/install/base_interfeces/lib/python3.14/site-packages:${PYTHONPATH} /usr/bin/cmake /home/hzc/linux/ros2/stu/ws01_plubming/src/cpp01_topic -DCMAKE_INSTALL_PREFIX=/home/hzc/linux/ros2/stu/ws01_plubming/install/cpp01_topic
[0.384s] -- The C compiler identification is GNU 15.2.0
[0.384s] -- The CXX compiler identification is GNU 15.2.0
[0.384s] -- Detecting C compiler ABI info
[0.386s] -- Detecting C compiler ABI info - done
[0.409s] -- Check for working C compiler: /usr/bin/cc - skipped
[0.409s] -- Detecting C compile features
[0.410s] -- Detecting C compile features - done
[0.437s] -- Detecting CXX compiler ABI info
[0.590s] -- Detecting CXX compiler ABI info - done
[0.618s] -- Check for working CXX compiler: /usr/bin/c++ - skipped
[0.618s] -- Detecting CXX compile features
[0.620s] -- Detecting CXX compile features - done
[0.641s] -- Found ament_cmake: 2.8.7 (/opt/ros/lyrical/share/ament_cmake/cmake)
[1.575s] -- Found rclcpp: 32.0.0 (/opt/ros/lyrical/share/rclcpp/cmake)
[1.705s] -- Found rosidl_generator_c: 5.2.0 (/opt/ros/lyrical/share/rosidl_generator_c/cmake)
[1.740s] -- Found rosidl_generator_cpp: 5.2.0 (/opt/ros/lyrical/share/rosidl_generator_cpp/cmake)
[1.801s] -- Using all available rosidl_typesupport_c: rosidl_typesupport_fastrtps_c;rosidl_typesupport_introspection_c
[1.849s] -- Using all available rosidl_typesupport_cpp: rosidl_typesupport_fastrtps_cpp;rosidl_typesupport_introspection_cpp
[2.019s] -- Found rmw_implementation_cmake: 7.10.1 (/opt/ros/lyrical/share/rmw_implementation_cmake/cmake)
[2.034s] -- Found rmw_fastrtps_cpp: 9.4.8 (/opt/ros/lyrical/share/rmw_fastrtps_cpp/cmake)
[2.144s] -- Using RMW implementation 'rmw_fastrtps_cpp' as default
[2.310s] -- Found std_msgs: 5.9.2 (/opt/ros/lyrical/share/std_msgs/cmake)
[2.326s] -- Found base_interfeces: 0.0.0 (/home/hzc/linux/ros2/stu/ws01_plubming/install/base_interfeces/share/base_interfeces/cmake)
[2.434s] -- Found ament_lint_auto: 0.20.6 (/opt/ros/lyrical/share/ament_lint_auto/cmake)
[2.680s] -- Added test 'cppcheck' to perform static code analysis on C / C++ code
[2.681s] -- Configured cppcheck include dirs: $<BUILD_INTERFACE:/home/hzc/linux/ros2/stu/ws01_plubming/src/cpp01_topic/include>
[2.681s] -- Configured cppcheck exclude dirs and/or files: 
[2.685s] -- Added test 'lint_cmake' to check CMake code style
[2.689s] -- Added test 'uncrustify' to check C / C++ code style
[2.689s] -- Configured uncrustify additional arguments: 
[2.693s] -- Added test 'xmllint' to check XML markup files
[2.699s] -- Configuring done (2.6s)
[2.757s] -- Generating done (0.1s)
[2.815s] -- Build files have been written to: /home/hzc/linux/ros2/stu/ws01_plubming/build/cpp01_topic
[2.831s] Invoked command in '/home/hzc/linux/ros2/stu/ws01_plubming/build/cpp01_topic' returned '0': AMENT_PREFIX_PATH=/home/hzc/linux/ros2/stu/ws01_plubming/install/base_interfeces:${AMENT_PREFIX_PATH} CMAKE_PREFIX_PATH=/home/hzc/linux/ros2/stu/ws01_plubming/install/base_interfeces:/opt/ros/lyrical/opt/gz_sim_vendor:/opt/ros/lyrical/opt/gz_sensors_vendor:/opt/ros/lyrical/opt/gz_gui_vendor:/opt/ros/lyrical/opt/gz_transport_vendor:/opt/ros/lyrical/opt/gz_physics_vendor:/opt/ros/lyrical/opt/sdformat_vendor:/opt/ros/lyrical/opt/gz_rendering_vendor:/opt/ros/lyrical/opt/gz_plugin_vendor:/opt/ros/lyrical/opt/gz_fuel_tools_vendor:/opt/ros/lyrical/opt/gz_msgs_vendor:/opt/ros/lyrical/opt/gz_common_vendor:/opt/ros/lyrical/opt/gz_math_vendor:/opt/ros/lyrical/opt/gz_utils_vendor:/opt/ros/lyrical/opt/gz_tools_vendor:/opt/ros/lyrical/opt/gz_ogre_next_vendor:/opt/ros/lyrical/opt/gz_dartsim_vendor:/opt/ros/lyrical/opt/gz_cmake_vendor:/opt/ros/lyrical DEBUGINFOD_URLS=https://debuginfod.ubuntu.com LD_LIBRARY_PATH=/home/hzc/linux/ros2/stu/ws01_plubming/install/base_interfeces/lib:${LD_LIBRARY_PATH} PYTHONPATH=/home/hzc/linux/ros2/stu/ws01_plubming/install/base_interfeces/lib/python3.14/site-packages:${PYTHONPATH} /usr/bin/cmake /home/hzc/linux/ros2/stu/ws01_plubming/src/cpp01_topic -DCMAKE_INSTALL_PREFIX=/home/hzc/linux/ros2/stu/ws01_plubming/install/cpp01_topic
[2.832s] Invoking command in '/home/hzc/linux/ros2/stu/ws01_plubming/build/cpp01_topic': AMENT_PREFIX_PATH=/home/hzc/linux/ros2/stu/ws01_plubming/install/base_interfeces:${AMENT_PREFIX_PATH} CMAKE_PREFIX_PATH=/home/hzc/linux/ros2/stu/ws01_plubming/install/base_interfeces:/opt/ros/lyrical/opt/gz_sim_vendor:/opt/ros/lyrical/opt/gz_sensors_vendor:/opt/ros/lyrical/opt/gz_gui_vendor:/opt/ros/lyrical/opt/gz_transport_vendor:/opt/ros/lyrical/opt/gz_physics_vendor:/opt/ros/lyrical/opt/sdformat_vendor:/opt/ros/lyrical/opt/gz_rendering_vendor:/opt/ros/lyrical/opt/gz_plugin_vendor:/opt/ros/lyrical/opt/gz_fuel_tools_vendor:/opt/ros/lyrical/opt/gz_msgs_vendor:/opt/ros/lyrical/opt/gz_common_vendor:/opt/ros/lyrical/opt/gz_math_vendor:/opt/ros/lyrical/opt/gz_utils_vendor:/opt/ros/lyrical/opt/gz_tools_vendor:/opt/ros/lyrical/opt/gz_ogre_next_vendor:/opt/ros/lyrical/opt/gz_dartsim_vendor:/opt/ros/lyrical/opt/gz_cmake_vendor:/opt/ros/lyrical DEBUGINFOD_URLS=https://debuginfod.ubuntu.com LD_LIBRARY_PATH=/home/hzc/linux/ros2/stu/ws01_plubming/install/base_interfeces/lib:${LD_LIBRARY_PATH} PYTHONPATH=/home/hzc/linux/ros2/stu/ws01_plubming/install/base_interfeces/lib/python3.14/site-packages:${PYTHONPATH} /usr/bin/cmake --build /home/hzc/linux/ros2/stu/ws01_plubming/build/cpp01_topic -- -j16 -l16
[2.932s] [ 12%] [32mBuilding CXX object CMakeFiles/demo1_talker_str.dir/src/demo1_talker_str.cpp.o[0m
[8.908s] [ 25%] [1m[32mLinking CXX executable demo1_talker_str[0m
[9.101s] [ 25%] Built target demo1_talker_str
[9.126s] [ 50%] [32mBuilding CXX object CMakeFiles/demo2_listener_str.dir/src/demo2_listener_str.cpp.o[0m
[9.126s] [ 50%] [32mBuilding CXX object CMakeFiles/demo4_listener_stu.dir/src/demo4_listener_stu.cpp.o[0m
[9.126s] [ 62%] [32mBuilding CXX object CMakeFiles/demo3_talker_stu.dir/src/demo3_talker_stu.cpp.o[0m
[14.099s] [ 75%] [1m[32mLinking CXX executable demo3_talker_stu[0m
[14.308s] [ 75%] Built target demo3_talker_stu
[16.469s] [ 87%] [1m[32mLinking CXX executable demo2_listener_str[0m
[16.593s] [100%] [1m[32mLinking CXX executable demo4_listener_stu[0m
[16.802s] [100%] Built target demo2_listener_str
[16.921s] [100%] Built target demo4_listener_stu
[16.937s] Invoked command in '/home/hzc/linux/ros2/stu/ws01_plubming/build/cpp01_topic' returned '0': AMENT_PREFIX_PATH=/home/hzc/linux/ros2/stu/ws01_plubming/install/base_interfeces:${AMENT_PREFIX_PATH} CMAKE_PREFIX_PATH=/home/hzc/linux/ros2/stu/ws01_plubming/install/base_interfeces:/opt/ros/lyrical/opt/gz_sim_vendor:/opt/ros/lyrical/opt/gz_sensors_vendor:/opt/ros/lyrical/opt/gz_gui_vendor:/opt/ros/lyrical/opt/gz_transport_vendor:/opt/ros/lyrical/opt/gz_physics_vendor:/opt/ros/lyrical/opt/sdformat_vendor:/opt/ros/lyrical/opt/gz_rendering_vendor:/opt/ros/lyrical/opt/gz_plugin_vendor:/opt/ros/lyrical/opt/gz_fuel_tools_vendor:/opt/ros/lyrical/opt/gz_msgs_vendor:/opt/ros/lyrical/opt/gz_common_vendor:/opt/ros/lyrical/opt/gz_math_vendor:/opt/ros/lyrical/opt/gz_utils_vendor:/opt/ros/lyrical/opt/gz_tools_vendor:/opt/ros/lyrical/opt/gz_ogre_next_vendor:/opt/ros/lyrical/opt/gz_dartsim_vendor:/opt/ros/lyrical/opt/gz_cmake_vendor:/opt/ros/lyrical DEBUGINFOD_URLS=https://debuginfod.ubuntu.com LD_LIBRARY_PATH=/home/hzc/linux/ros2/stu/ws01_plubming/install/base_interfeces/lib:${LD_LIBRARY_PATH} PYTHONPATH=/home/hzc/linux/ros2/stu/ws01_plubming/install/base_interfeces/lib/python3.14/site-packages:${PYTHONPATH} /usr/bin/cmake --build /home/hzc/linux/ros2/stu/ws01_plubming/build/cpp01_topic -- -j16 -l16
[16.939s] Invoking command in '/home/hzc/linux/ros2/stu/ws01_plubming/build/cpp01_topic': AMENT_PREFIX_PATH=/home/hzc/linux/ros2/stu/ws01_plubming/install/base_interfeces:${AMENT_PREFIX_PATH} CMAKE_PREFIX_PATH=/home/hzc/linux/ros2/stu/ws01_plubming/install/base_interfeces:/opt/ros/lyrical/opt/gz_sim_vendor:/opt/ros/lyrical/opt/gz_sensors_vendor:/opt/ros/lyrical/opt/gz_gui_vendor:/opt/ros/lyrical/opt/gz_transport_vendor:/opt/ros/lyrical/opt/gz_physics_vendor:/opt/ros/lyrical/opt/sdformat_vendor:/opt/ros/lyrical/opt/gz_rendering_vendor:/opt/ros/lyrical/opt/gz_plugin_vendor:/opt/ros/lyrical/opt/gz_fuel_tools_vendor:/opt/ros/lyrical/opt/gz_msgs_vendor:/opt/ros/lyrical/opt/gz_common_vendor:/opt/ros/lyrical/opt/gz_math_vendor:/opt/ros/lyrical/opt/gz_utils_vendor:/opt/ros/lyrical/opt/gz_tools_vendor:/opt/ros/lyrical/opt/gz_ogre_next_vendor:/opt/ros/lyrical/opt/gz_dartsim_vendor:/opt/ros/lyrical/opt/gz_cmake_vendor:/opt/ros/lyrical DEBUGINFOD_URLS=https://debuginfod.ubuntu.com LD_LIBRARY_PATH=/home/hzc/linux/ros2/stu/ws01_plubming/install/base_interfeces/lib:${LD_LIBRARY_PATH} PYTHONPATH=/home/hzc/linux/ros2/stu/ws01_plubming/install/base_interfeces/lib/python3.14/site-packages:${PYTHONPATH} /usr/bin/cmake --install /home/hzc/linux/ros2/stu/ws01_plubming/build/cpp01_topic
[16.948s] -- Install configuration: ""
[16.949s] -- Installing: /home/hzc/linux/ros2/stu/ws01_plubming/install/cpp01_topic/lib/cpp01_topic/demo1_talker_str
[16.950s] -- Set non-toolchain portion of runtime path of "/home/hzc/linux/ros2/stu/ws01_plubming/install/cpp01_topic/lib/cpp01_topic/demo1_talker_str" to ""
[16.950s] -- Installing: /home/hzc/linux/ros2/stu/ws01_plubming/install/cpp01_topic/lib/cpp01_topic/demo2_listener_str
[16.954s] -- Set non-toolchain portion of runtime path of "/home/hzc/linux/ros2/stu/ws01_plubming/install/cpp01_topic/lib/cpp01_topic/demo2_listener_str" to ""
[16.954s] -- Installing: /home/hzc/linux/ros2/stu/ws01_plubming/install/cpp01_topic/lib/cpp01_topic/demo3_talker_stu
[16.955s] -- Set non-toolchain portion of runtime path of "/home/hzc/linux/ros2/stu/ws01_plubming/install/cpp01_topic/lib/cpp01_topic/demo3_talker_stu" to ""
[16.955s] -- Installing: /home/hzc/linux/ros2/stu/ws01_plubming/install/cpp01_topic/lib/cpp01_topic/demo4_listener_stu
[16.960s] -- Set non-toolchain portion of runtime path of "/home/hzc/linux/ros2/stu/ws01_plubming/install/cpp01_topic/lib/cpp01_topic/demo4_listener_stu" to ""
[16.960s] -- Installing: /home/hzc/linux/ros2/stu/ws01_plubming/install/cpp01_topic/share/ament_index/resource_index/package_run_dependencies/cpp01_topic
[16.960s] -- Installing: /home/hzc/linux/ros2/stu/ws01_plubming/install/cpp01_topic/share/ament_index/resource_index/parent_prefix_path/cpp01_topic
[16.960s] -- Installing: /home/hzc/linux/ros2/stu/ws01_plubming/install/cpp01_topic/share/cpp01_topic/environment/ament_prefix_path.sh
[16.960s] -- Installing: /home/hzc/linux/ros2/stu/ws01_plubming/install/cpp01_topic/share/cpp01_topic/environment/ament_prefix_path.dsv
[16.960s] -- Installing: /home/hzc/linux/ros2/stu/ws01_plubming/install/cpp01_topic/share/cpp01_topic/environment/path.sh
[16.961s] -- Installing: /home/hzc/linux/ros2/stu/ws01_plubming/install/cpp01_topic/share/cpp01_topic/environment/path.dsv
[16.961s] -- Installing: /home/hzc/linux/ros2/stu/ws01_plubming/install/cpp01_topic/share/cpp01_topic/local_setup.bash
[16.961s] -- Installing: /home/hzc/linux/ros2/stu/ws01_plubming/install/cpp01_topic/share/cpp01_topic/local_setup.fish
[16.961s] -- Installing: /home/hzc/linux/ros2/stu/ws01_plubming/install/cpp01_topic/share/cpp01_topic/local_setup.sh
[16.961s] -- Installing: /home/hzc/linux/ros2/stu/ws01_plubming/install/cpp01_topic/share/cpp01_topic/local_setup.zsh
[16.961s] -- Installing: /home/hzc/linux/ros2/stu/ws01_plubming/install/cpp01_topic/share/cpp01_topic/local_setup.dsv
[16.961s] -- Installing: /home/hzc/linux/ros2/stu/ws01_plubming/install/cpp01_topic/share/cpp01_topic/package.dsv
[16.962s] -- Installing: /home/hzc/linux/ros2/stu/ws01_plubming/install/cpp01_topic/share/ament_index/resource_index/packages/cpp01_topic
[16.962s] -- Installing: /home/hzc/linux/ros2/stu/ws01_plubming/install/cpp01_topic/share/cpp01_topic/cmake/cpp01_topicConfig.cmake
[16.963s] -- Installing: /home/hzc/linux/ros2/stu/ws01_plubming/install/cpp01_topic/share/cpp01_topic/cmake/cpp01_topicConfig-version.cmake
[16.963s] -- Installing: /home/hzc/linux/ros2/stu/ws01_plubming/install/cpp01_topic/share/cpp01_topic/package.xml
[16.965s] Invoked command in '/home/hzc/linux/ros2/stu/ws01_plubming/build/cpp01_topic' returned '0': AMENT_PREFIX_PATH=/home/hzc/linux/ros2/stu/ws01_plubming/install/base_interfeces:${AMENT_PREFIX_PATH} CMAKE_PREFIX_PATH=/home/hzc/linux/ros2/stu/ws01_plubming/install/base_interfeces:/opt/ros/lyrical/opt/gz_sim_vendor:/opt/ros/lyrical/opt/gz_sensors_vendor:/opt/ros/lyrical/opt/gz_gui_vendor:/opt/ros/lyrical/opt/gz_transport_vendor:/opt/ros/lyrical/opt/gz_physics_vendor:/opt/ros/lyrical/opt/sdformat_vendor:/opt/ros/lyrical/opt/gz_rendering_vendor:/opt/ros/lyrical/opt/gz_plugin_vendor:/opt/ros/lyrical/opt/gz_fuel_tools_vendor:/opt/ros/lyrical/opt/gz_msgs_vendor:/opt/ros/lyrical/opt/gz_common_vendor:/opt/ros/lyrical/opt/gz_math_vendor:/opt/ros/lyrical/opt/gz_utils_vendor:/opt/ros/lyrical/opt/gz_tools_vendor:/opt/ros/lyrical/opt/gz_ogre_next_vendor:/opt/ros/lyrical/opt/gz_dartsim_vendor:/opt/ros/lyrical/opt/gz_cmake_vendor:/opt/ros/lyrical DEBUGINFOD_URLS=https://debuginfod.ubuntu.com LD_LIBRARY_PATH=/home/hzc/linux/ros2/stu/ws01_plubming/install/base_interfeces/lib:${LD_LIBRARY_PATH} PYTHONPATH=/home/hzc/linux/ros2/stu/ws01_plubming/install/base_interfeces/lib/python3.14/site-packages:${PYTHONPATH} /usr/bin/cmake --install /home/hzc/linux/ros2/stu/ws01_plubming/build/cpp01_topic
