[-1783842139951660032.000s] DEBUG:colcon:Command line arguments: ['/usr/bin/colcon', 'build', '--packages-select', 'cpp02_service']
[-1783842139951660032.000s] DEBUG:colcon:Parsed command line arguments: Namespace(log_base=None, log_level=None, verb_name='build', build_base='build', install_base='install', merge_install=False, symlink_install=False, test_result_base=None, continue_on_error=False, executor='parallel', parallel_workers=16, event_handlers=None, ignore_user_meta=False, metas=['./colcon.meta'], base_paths=['.'], packages_ignore=None, packages_ignore_regex=None, paths=None, packages_up_to=None, packages_up_to_regex=None, packages_above=None, packages_above_and_dependencies=None, packages_above_depth=None, packages_select_by_dep=None, packages_skip_by_dep=None, packages_skip_up_to=None, packages_select_build_failed=False, packages_skip_build_finished=False, packages_select_test_failures=False, packages_skip_test_passed=False, packages_select=['cpp02_service'], packages_skip=None, packages_select_regex=None, packages_skip_regex=None, packages_start=None, packages_end=None, allow_overriding=[], cmake_args=None, cmake_target=None, cmake_target_skip_unavailable=False, cmake_clean_cache=False, cmake_clean_first=False, cmake_force_configure=False, ament_cmake_args=None, catkin_cmake_args=None, catkin_skip_building_tests=False, mixin_files=None, mixin=None, verb_parser=<colcon_mixin.mixin.mixin_argument.MixinArgumentDecorator object at 0x73816b757c50>, verb_extension=<colcon_core.verb.build.BuildVerb object at 0x73816b76f230>, main=<bound method BuildVerb.main of <colcon_core.verb.build.BuildVerb object at 0x73816b76f230>>, mixin_verb=('build',))
[-1783842139951660032.000s] Level 1:colcon.colcon_core.package_discovery:discover_packages(colcon_meta) check parameters
[-1783842139951660032.000s] Level 1:colcon.colcon_core.package_discovery:discover_packages(recursive) check parameters
[-1783842139951660032.000s] Level 1:colcon.colcon_core.package_discovery:discover_packages(ignore) check parameters
[-1783842139951660032.000s] Level 1:colcon.colcon_core.package_discovery:discover_packages(path) check parameters
[-1783842139951660032.000s] Level 1:colcon.colcon_core.package_discovery:discover_packages(colcon_meta) discover
[-1783842139951660032.000s] Level 1:colcon.colcon_core.package_discovery:discover_packages(recursive) discover
[-1783842139951660032.000s] INFO:colcon.colcon_core.package_discovery:Crawling recursively for packages in '/home/hzc/linux/ros2/stu/ws01_plubming'
[-1783842139951660032.000s] Level 1:colcon.colcon_core.package_identification:_identify(.) by extensions ['ignore', 'ignore_ament_install']
[-1783842139951660032.000s] Level 1:colcon.colcon_core.package_identification:_identify(.) by extension 'ignore'
[-1783842139951660032.000s] Level 1:colcon.colcon_core.package_identification:_identify(.) by extension 'ignore_ament_install'
[-1783842139951660032.000s] Level 1:colcon.colcon_core.package_identification:_identify(.) by extensions ['colcon_pkg']
[-1783842139951660032.000s] Level 1:colcon.colcon_core.package_identification:_identify(.) by extension 'colcon_pkg'
[-1783842139951660032.000s] Level 1:colcon.colcon_core.package_identification:_identify(.) by extensions ['colcon_meta']
[-1783842139951660032.000s] Level 1:colcon.colcon_core.package_identification:_identify(.) by extension 'colcon_meta'
[-1783842139951660032.000s] Level 1:colcon.colcon_core.package_identification:_identify(.) by extensions ['ros']
[-1783842139951660032.000s] Level 1:colcon.colcon_core.package_identification:_identify(.) by extension 'ros'
[-1783842139951660032.000s] Level 1:colcon.colcon_core.package_identification:_identify(.) by extensions ['cmake', 'python']
[-1783842139951660032.000s] Level 1:colcon.colcon_core.package_identification:_identify(.) by extension 'cmake'
[-1783842139951660032.000s] Level 1:colcon.colcon_core.package_identification:_identify(.) by extension 'python'
[-1783842139951660032.000s] Level 1:colcon.colcon_core.package_identification:_identify(.) by extensions ['python_setup_py']
[-1783842139951660032.000s] Level 1:colcon.colcon_core.package_identification:_identify(.) by extension 'python_setup_py'
[-1783842139951660032.000s] Level 1:colcon.colcon_core.package_identification:_identify(build) by extensions ['ignore', 'ignore_ament_install']
[-1783842139951660032.000s] Level 1:colcon.colcon_core.package_identification:_identify(build) by extension 'ignore'
[-1783842139951660032.000s] Level 1:colcon.colcon_core.package_identification:_identify(build) ignored
[-1783842139951660032.000s] Level 1:colcon.colcon_core.package_identification:_identify(install) by extensions ['ignore', 'ignore_ament_install']
[-1783842139951660032.000s] Level 1:colcon.colcon_core.package_identification:_identify(install) by extension 'ignore'
[-1783842139951660032.000s] Level 1:colcon.colcon_core.package_identification:_identify(install) ignored
[-1783842139951660032.000s] Level 1:colcon.colcon_core.package_identification:_identify(log) by extensions ['ignore', 'ignore_ament_install']
[-1783842139951660032.000s] Level 1:colcon.colcon_core.package_identification:_identify(log) by extension 'ignore'
[-1783842139951660032.000s] Level 1:colcon.colcon_core.package_identification:_identify(log) ignored
[-1783842139951660032.000s] Level 1:colcon.colcon_core.package_identification:_identify(src) by extensions ['ignore', 'ignore_ament_install']
[-1783842139951660032.000s] Level 1:colcon.colcon_core.package_identification:_identify(src) by extension 'ignore'
[-1783842139951660032.000s] Level 1:colcon.colcon_core.package_identification:_identify(src) by extension 'ignore_ament_install'
[-1783842139951660032.000s] Level 1:colcon.colcon_core.package_identification:_identify(src) by extensions ['colcon_pkg']
[-1783842139951660032.000s] Level 1:colcon.colcon_core.package_identification:_identify(src) by extension 'colcon_pkg'
[-1783842139951660032.000s] Level 1:colcon.colcon_core.package_identification:_identify(src) by extensions ['colcon_meta']
[-1783842139951660032.000s] Level 1:colcon.colcon_core.package_identification:_identify(src) by extension 'colcon_meta'
[-1783842139951660032.000s] Level 1:colcon.colcon_core.package_identification:_identify(src) by extensions ['ros']
[-1783842139951660032.000s] Level 1:colcon.colcon_core.package_identification:_identify(src) by extension 'ros'
[-1783842139951660032.000s] Level 1:colcon.colcon_core.package_identification:_identify(src) by extensions ['cmake', 'python']
[-1783842139951660032.000s] Level 1:colcon.colcon_core.package_identification:_identify(src) by extension 'cmake'
[-1783842139951660032.000s] Level 1:colcon.colcon_core.package_identification:_identify(src) by extension 'python'
[-1783842139951660032.000s] Level 1:colcon.colcon_core.package_identification:_identify(src) by extensions ['python_setup_py']
[-1783842139951660032.000s] Level 1:colcon.colcon_core.package_identification:_identify(src) by extension 'python_setup_py'
[-1783842139951660032.000s] Level 1:colcon.colcon_core.package_identification:_identify(src/base_interfeces) by extensions ['ignore', 'ignore_ament_install']
[-1783842139951660032.000s] Level 1:colcon.colcon_core.package_identification:_identify(src/base_interfeces) by extension 'ignore'
[-1783842139951660032.000s] Level 1:colcon.colcon_core.package_identification:_identify(src/base_interfeces) by extension 'ignore_ament_install'
[-1783842139951660032.000s] Level 1:colcon.colcon_core.package_identification:_identify(src/base_interfeces) by extensions ['colcon_pkg']
[-1783842139951660032.000s] Level 1:colcon.colcon_core.package_identification:_identify(src/base_interfeces) by extension 'colcon_pkg'
[-1783842139951660032.000s] Level 1:colcon.colcon_core.package_identification:_identify(src/base_interfeces) by extensions ['colcon_meta']
[-1783842139951660032.000s] Level 1:colcon.colcon_core.package_identification:_identify(src/base_interfeces) by extension 'colcon_meta'
[-1783842139951660032.000s] Level 1:colcon.colcon_core.package_identification:_identify(src/base_interfeces) by extensions ['ros']
[-1783842139951660032.000s] Level 1:colcon.colcon_core.package_identification:_identify(src/base_interfeces) by extension 'ros'
[-1783842139951660032.000s] DEBUG:colcon.colcon_core.package_identification:Package 'src/base_interfeces' with type 'ros.ament_cmake' and name 'base_interfeces'
[-1783842139951660032.000s] Level 1:colcon.colcon_core.package_identification:_identify(src/cpp01_topic) by extensions ['ignore', 'ignore_ament_install']
[-1783842139951660032.000s] Level 1:colcon.colcon_core.package_identification:_identify(src/cpp01_topic) by extension 'ignore'
[-1783842139951660032.000s] Level 1:colcon.colcon_core.package_identification:_identify(src/cpp01_topic) by extension 'ignore_ament_install'
[-1783842139951660032.000s] Level 1:colcon.colcon_core.package_identification:_identify(src/cpp01_topic) by extensions ['colcon_pkg']
[-1783842139951660032.000s] Level 1:colcon.colcon_core.package_identification:_identify(src/cpp01_topic) by extension 'colcon_pkg'
[-1783842139951660032.000s] Level 1:colcon.colcon_core.package_identification:_identify(src/cpp01_topic) by extensions ['colcon_meta']
[-1783842139951660032.000s] Level 1:colcon.colcon_core.package_identification:_identify(src/cpp01_topic) by extension 'colcon_meta'
[-1783842139951660032.000s] Level 1:colcon.colcon_core.package_identification:_identify(src/cpp01_topic) by extensions ['ros']
[-1783842139951660032.000s] Level 1:colcon.colcon_core.package_identification:_identify(src/cpp01_topic) by extension 'ros'
[-1783842139951660032.000s] DEBUG:colcon.colcon_core.package_identification:Package 'src/cpp01_topic' with type 'ros.ament_cmake' and name 'cpp01_topic'
[-1783842139951660032.000s] Level 1:colcon.colcon_core.package_identification:_identify(src/cpp02_service) by extensions ['ignore', 'ignore_ament_install']
[-1783842139951660032.000s] Level 1:colcon.colcon_core.package_identification:_identify(src/cpp02_service) by extension 'ignore'
[-1783842139951660032.000s] Level 1:colcon.colcon_core.package_identification:_identify(src/cpp02_service) by extension 'ignore_ament_install'
[-1783842139951660032.000s] Level 1:colcon.colcon_core.package_identification:_identify(src/cpp02_service) by extensions ['colcon_pkg']
[-1783842139951660032.000s] Level 1:colcon.colcon_core.package_identification:_identify(src/cpp02_service) by extension 'colcon_pkg'
[-1783842139951660032.000s] Level 1:colcon.colcon_core.package_identification:_identify(src/cpp02_service) by extensions ['colcon_meta']
[-1783842139951660032.000s] Level 1:colcon.colcon_core.package_identification:_identify(src/cpp02_service) by extension 'colcon_meta'
[-1783842139951660032.000s] Level 1:colcon.colcon_core.package_identification:_identify(src/cpp02_service) by extensions ['ros']
[-1783842139951660032.000s] Level 1:colcon.colcon_core.package_identification:_identify(src/cpp02_service) by extension 'ros'
[-1783842139951660032.000s] DEBUG:colcon.colcon_core.package_identification:Package 'src/cpp02_service' with type 'ros.ament_cmake' and name 'cpp02_service'
[-1783842139951660032.000s] Level 1:colcon.colcon_core.package_identification:_identify(src/py01_topic) by extensions ['ignore', 'ignore_ament_install']
[-1783842139951660032.000s] Level 1:colcon.colcon_core.package_identification:_identify(src/py01_topic) by extension 'ignore'
[-1783842139951660032.000s] Level 1:colcon.colcon_core.package_identification:_identify(src/py01_topic) by extension 'ignore_ament_install'
[-1783842139951660032.000s] Level 1:colcon.colcon_core.package_identification:_identify(src/py01_topic) by extensions ['colcon_pkg']
[-1783842139951660032.000s] Level 1:colcon.colcon_core.package_identification:_identify(src/py01_topic) by extension 'colcon_pkg'
[-1783842139951660032.000s] Level 1:colcon.colcon_core.package_identification:_identify(src/py01_topic) by extensions ['colcon_meta']
[-1783842139951660032.000s] Level 1:colcon.colcon_core.package_identification:_identify(src/py01_topic) by extension 'colcon_meta'
[-1783842139951660032.000s] Level 1:colcon.colcon_core.package_identification:_identify(src/py01_topic) by extensions ['ros']
[-1783842139951660032.000s] Level 1:colcon.colcon_core.package_identification:_identify(src/py01_topic) by extension 'ros'
[-1783842139951660032.000s] DEBUG:colcon.colcon_core.package_identification:Package 'src/py01_topic' with type 'ros.ament_python' and name 'py01_topic'
[-1783842139951660032.000s] Level 1:colcon.colcon_core.package_identification:_identify(src/py02_seriver) by extensions ['ignore', 'ignore_ament_install']
[-1783842139951660032.000s] Level 1:colcon.colcon_core.package_identification:_identify(src/py02_seriver) by extension 'ignore'
[-1783842139951660032.000s] Level 1:colcon.colcon_core.package_identification:_identify(src/py02_seriver) by extension 'ignore_ament_install'
[-1783842139951660032.000s] Level 1:colcon.colcon_core.package_identification:_identify(src/py02_seriver) by extensions ['colcon_pkg']
[-1783842139951660032.000s] Level 1:colcon.colcon_core.package_identification:_identify(src/py02_seriver) by extension 'colcon_pkg'
[-1783842139951660032.000s] Level 1:colcon.colcon_core.package_identification:_identify(src/py02_seriver) by extensions ['colcon_meta']
[-1783842139951660032.000s] Level 1:colcon.colcon_core.package_identification:_identify(src/py02_seriver) by extension 'colcon_meta'
[-1783842139951660032.000s] Level 1:colcon.colcon_core.package_identification:_identify(src/py02_seriver) by extensions ['ros']
[-1783842139951660032.000s] Level 1:colcon.colcon_core.package_identification:_identify(src/py02_seriver) by extension 'ros'
[-1783842139951660032.000s] DEBUG:colcon.colcon_core.package_identification:Package 'src/py02_seriver' with type 'ros.ament_python' and name 'py02_seriver'
[-1783842139951660032.000s] Level 1:colcon.colcon_core.package_discovery:discover_packages(recursive) using defaults
[-1783842139951660032.000s] Level 1:colcon.colcon_core.package_discovery:discover_packages(ignore) discover
[-1783842139951660032.000s] Level 1:colcon.colcon_core.package_discovery:discover_packages(ignore) using defaults
[-1783842139951660032.000s] Level 1:colcon.colcon_core.package_discovery:discover_packages(path) discover
[-1783842139951660032.000s] Level 1:colcon.colcon_core.package_discovery:discover_packages(path) using defaults
[-1783842139951660032.000s] INFO:colcon.colcon_core.package_selection:Skipping not selected package 'base_interfeces' in 'src/base_interfeces'
[-1783842139951660032.000s] INFO:colcon.colcon_core.package_selection:Skipping not selected package 'cpp01_topic' in 'src/cpp01_topic'
[-1783842139951660032.000s] INFO:colcon.colcon_core.package_selection:Skipping not selected package 'py01_topic' in 'src/py01_topic'
[-1783842139951660032.000s] INFO:colcon.colcon_core.package_selection:Skipping not selected package 'py02_seriver' in 'src/py02_seriver'
[-1783842139951660032.000s] Level 1:colcon.colcon_core.package_discovery:discover_packages(prefix_path) check parameters
[-1783842139951660032.000s] Level 1:colcon.colcon_core.package_discovery:discover_packages(prefix_path) discover
[-1783842139951660032.000s] WARNING:colcon.colcon_ros.prefix_path.ament:The path '/home/hzc/linux/ros2/stu/ws01_plubming/install/cpp02_seriver' in the environment variable AMENT_PREFIX_PATH doesn't exist
[-1783842139951660032.000s] WARNING:colcon.colcon_ros.prefix_path.ament:The path '/home/hzc/linux/ros2/stu/ws01_plubming/install/py01_topic' in the environment variable AMENT_PREFIX_PATH doesn't exist
[-1783842139951660032.000s] WARNING:colcon.colcon_ros.prefix_path.ament:The path '/home/hzc/linux/ros2/stu/ws01_plubming/install/cpp01_topic' in the environment variable AMENT_PREFIX_PATH doesn't exist
[-1783842139951660032.000s] WARNING:colcon.colcon_ros.prefix_path.catkin:The path '/home/hzc/linux/ros2/stu/ws01_plubming/install/cpp01_topic' in the environment variable CMAKE_PREFIX_PATH doesn't exist
[-1783842139951660032.000s] DEBUG:colcon.colcon_installed_package_information.package_discovery:Found 2 installed packages in /home/hzc/linux/ros2/stu/ws01_plubming/install
[-1783842139951660032.000s] DEBUG:colcon.colcon_installed_package_information.package_discovery:Found 313 installed packages in /opt/ros/lyrical
[-1783842139951660032.000s] Level 1:colcon.colcon_core.package_discovery:discover_packages(prefix_path) using defaults
[-1783842139951660032.000s] Level 5:colcon.colcon_core.verb:set package 'cpp02_service' build argument 'cmake_args' from command line to 'None'
[-1783842139951660032.000s] Level 5:colcon.colcon_core.verb:set package 'cpp02_service' build argument 'cmake_target' from command line to 'None'
[-1783842139951660032.000s] Level 5:colcon.colcon_core.verb:set package 'cpp02_service' build argument 'cmake_target_skip_unavailable' from command line to 'False'
[-1783842139951660032.000s] Level 5:colcon.colcon_core.verb:set package 'cpp02_service' build argument 'cmake_clean_cache' from command line to 'False'
[-1783842139951660032.000s] Level 5:colcon.colcon_core.verb:set package 'cpp02_service' build argument 'cmake_clean_first' from command line to 'False'
[-1783842139951660032.000s] Level 5:colcon.colcon_core.verb:set package 'cpp02_service' build argument 'cmake_force_configure' from command line to 'False'
[-1783842139951660032.000s] Level 5:colcon.colcon_core.verb:set package 'cpp02_service' build argument 'ament_cmake_args' from command line to 'None'
[-1783842139951660032.000s] Level 5:colcon.colcon_core.verb:set package 'cpp02_service' build argument 'catkin_cmake_args' from command line to 'None'
[-1783842139951660032.000s] Level 5:colcon.colcon_core.verb:set package 'cpp02_service' build argument 'catkin_skip_building_tests' from command line to 'False'
[-1783842139951660032.000s] DEBUG:colcon.colcon_core.verb:Building package 'cpp02_service' with the following arguments: {'ament_cmake_args': None, 'build_base': '/home/hzc/linux/ros2/stu/ws01_plubming/build/cpp02_service', 'catkin_cmake_args': None, 'catkin_skip_building_tests': False, 'cmake_args': None, 'cmake_clean_cache': False, 'cmake_clean_first': False, 'cmake_force_configure': False, 'cmake_target': None, 'cmake_target_skip_unavailable': False, 'install_base': '/home/hzc/linux/ros2/stu/ws01_plubming/install/cpp02_service', 'merge_install': False, 'path': '/home/hzc/linux/ros2/stu/ws01_plubming/src/cpp02_service', 'symlink_install': False, 'test_result_base': None}
[-1783842139951660032.000s] INFO:colcon.colcon_core.executor:Executing jobs using 'parallel' executor
[-1783842139951660032.000s] DEBUG:colcon.colcon_parallel_executor.executor.parallel:run_until_complete
[-1783842139951660032.000s] INFO:colcon.colcon_ros.task.ament_cmake.build:Building ROS package in '/home/hzc/linux/ros2/stu/ws01_plubming/src/cpp02_service' with build type 'ament_cmake'
[-1783842139951660032.000s] INFO:colcon.colcon_cmake.task.cmake.build:Building CMake package in '/home/hzc/linux/ros2/stu/ws01_plubming/src/cpp02_service'
[-1783842139951660032.000s] INFO:colcon.colcon_core.plugin_system:Skipping extension 'colcon_core.shell.bat': Not used on non-Windows systems
[-1783842139951660032.000s] INFO:colcon.colcon_core.shell:Skip shell extension 'powershell' for command environment: Not usable outside of PowerShell
[-1783842139951660032.000s] DEBUG:colcon.colcon_core.shell:Skip shell extension 'dsv' for command environment
[-1783842139951660032.000s] DEBUG:colcon.colcon_core.event_handler.log_command:Invoking command in '/home/hzc/linux/ros2/stu/ws01_plubming/build/cpp02_service': CMAKE_PREFIX_PATH=${CMAKE_PREFIX_PATH}:/home/hzc/linux/ros2/stu/ws01_plubming/install/cpp02_seriver:/home/hzc/linux/ros2/stu/ws01_plubming/install/py01_topic:/opt/ros/lyrical DEBUGINFOD_URLS=https://debuginfod.ubuntu.com /usr/bin/cmake --build /home/hzc/linux/ros2/stu/ws01_plubming/build/cpp02_service -- -j16 -l16
[-1783842139951660032.000s] DEBUG:colcon.colcon_core.event_handler.log_command:Invoked command in '/home/hzc/linux/ros2/stu/ws01_plubming/build/cpp02_service' returned '2': CMAKE_PREFIX_PATH=${CMAKE_PREFIX_PATH}:/home/hzc/linux/ros2/stu/ws01_plubming/install/cpp02_seriver:/home/hzc/linux/ros2/stu/ws01_plubming/install/py01_topic:/opt/ros/lyrical DEBUGINFOD_URLS=https://debuginfod.ubuntu.com /usr/bin/cmake --build /home/hzc/linux/ros2/stu/ws01_plubming/build/cpp02_service -- -j16 -l16
[-1783842139951660032.000s] Level 1:colcon.colcon_core.environment:create_environment_scripts_only(cpp02_service)
[-1783842139951660032.000s] Level 1:colcon.colcon_core.environment:checking '/home/hzc/linux/ros2/stu/ws01_plubming/install/cpp02_service' for CMake module files
[-1783842139951660032.000s] Level 1:colcon.colcon_core.environment:checking '/home/hzc/linux/ros2/stu/ws01_plubming/install/cpp02_service' for CMake config files
[-1783842139951660032.000s] Level 1:colcon.colcon_core.environment:checking '/home/hzc/linux/ros2/stu/ws01_plubming/install/cpp02_service/bin'
[-1783842139951660032.000s] Level 1:colcon.colcon_core.environment:checking '/home/hzc/linux/ros2/stu/ws01_plubming/install/cpp02_service/lib/pkgconfig/cpp02_service.pc'
[-1783842139951660032.000s] Level 1:colcon.colcon_core.environment:checking '/home/hzc/linux/ros2/stu/ws01_plubming/install/cpp02_service/lib/python3.14/site-packages'
[-1783842139951660032.000s] Level 1:colcon.colcon_core.environment:checking '/home/hzc/linux/ros2/stu/ws01_plubming/install/cpp02_service/bin'
[-1783842139951660032.000s] INFO:colcon.colcon_core.shell:Creating package script '/home/hzc/linux/ros2/stu/ws01_plubming/install/cpp02_service/share/cpp02_service/package.ps1'
[-1783842139951660032.000s] INFO:colcon.colcon_core.shell:Creating package descriptor '/home/hzc/linux/ros2/stu/ws01_plubming/install/cpp02_service/share/cpp02_service/package.dsv'
[-1783842139951660032.000s] INFO:colcon.colcon_core.shell:Creating package script '/home/hzc/linux/ros2/stu/ws01_plubming/install/cpp02_service/share/cpp02_service/package.sh'
[-1783842139951660032.000s] INFO:colcon.colcon_core.shell:Creating package script '/home/hzc/linux/ros2/stu/ws01_plubming/install/cpp02_service/share/cpp02_service/package.bash'
[-1783842139951660032.000s] INFO:colcon.colcon_core.shell:Creating package script '/home/hzc/linux/ros2/stu/ws01_plubming/install/cpp02_service/share/cpp02_service/package.zsh'
[-1783842139951660032.000s] Level 1:colcon.colcon_core.environment:create_file_with_runtime_dependencies(/home/hzc/linux/ros2/stu/ws01_plubming/install/cpp02_service/share/colcon-core/packages/cpp02_service)
[-1783842139951660032.000s] DEBUG:colcon.colcon_parallel_executor.executor.parallel:closing loop
[-1783842139951660032.000s] DEBUG:colcon.colcon_parallel_executor.executor.parallel:loop closed
[-1783842139951660032.000s] DEBUG:colcon.colcon_parallel_executor.executor.parallel:run_until_complete finished with '2'
[-1783842139951660032.000s] DEBUG:colcon.colcon_core.event_reactor:joining thread
[-1783842139951660032.000s] INFO:colcon.colcon_core.plugin_system:Skipping extension 'colcon_notification.desktop_notification.terminal_notifier': Not used on non-Darwin systems
[-1783842139951660032.000s] INFO:colcon.colcon_core.plugin_system:Skipping extension 'colcon_notification.desktop_notification.win32': Not used on non-Windows systems
[-1783842139951660032.000s] INFO:colcon.colcon_notification.desktop_notification:Sending desktop notification using 'notify2'
[-1783842139951660032.000s] DEBUG:colcon.colcon_core.event_reactor:joined thread
[-1783842139951660032.000s] INFO:colcon.colcon_core.shell:Creating prefix script '/home/hzc/linux/ros2/stu/ws01_plubming/install/local_setup.ps1'
[-1783842139951660032.000s] INFO:colcon.colcon_core.shell:Creating prefix util module '/home/hzc/linux/ros2/stu/ws01_plubming/install/_local_setup_util_ps1.py'
[-1783842139951660032.000s] INFO:colcon.colcon_core.shell:Creating prefix chain script '/home/hzc/linux/ros2/stu/ws01_plubming/install/setup.ps1'
[-1783842139951660032.000s] INFO:colcon.colcon_core.shell:Creating prefix script '/home/hzc/linux/ros2/stu/ws01_plubming/install/local_setup.sh'
[-1783842139951660032.000s] INFO:colcon.colcon_core.shell:Creating prefix util module '/home/hzc/linux/ros2/stu/ws01_plubming/install/_local_setup_util_sh.py'
[-1783842139951660032.000s] INFO:colcon.colcon_core.shell:Creating prefix chain script '/home/hzc/linux/ros2/stu/ws01_plubming/install/setup.sh'
[-1783842139951660032.000s] INFO:colcon.colcon_core.shell:Creating prefix script '/home/hzc/linux/ros2/stu/ws01_plubming/install/local_setup.bash'
[-1783842139951660032.000s] INFO:colcon.colcon_core.shell:Creating prefix chain script '/home/hzc/linux/ros2/stu/ws01_plubming/install/setup.bash'
[-1783842139951660032.000s] INFO:colcon.colcon_core.shell:Creating prefix script '/home/hzc/linux/ros2/stu/ws01_plubming/install/local_setup.zsh'
[-1783842139951660032.000s] INFO:colcon.colcon_core.shell:Creating prefix chain script '/home/hzc/linux/ros2/stu/ws01_plubming/install/setup.zsh'
