running egg_info
writing ../../build/py1_car_application/py1_car_application.egg-info/PKG-INFO
writing dependency_links to ../../build/py1_car_application/py1_car_application.egg-info/dependency_links.txt
writing entry points to ../../build/py1_car_application/py1_car_application.egg-info/entry_points.txt
writing requirements to ../../build/py1_car_application/py1_car_application.egg-info/requires.txt
writing top-level names to ../../build/py1_car_application/py1_car_application.egg-info/top_level.txt
reading manifest file '../../build/py1_car_application/py1_car_application.egg-info/SOURCES.txt'
adding license file 'LICENSE'
writing manifest file '../../build/py1_car_application/py1_car_application.egg-info/SOURCES.txt'
running build
running build_py
copying py1_car_application/car_init_pose.py -> /shared/ws1_stu/build/py1_car_application/build/lib/py1_car_application
copying py1_car_application/car_get_pose.py -> /shared/ws1_stu/build/py1_car_application/build/lib/py1_car_application
running install
running install_lib
copying /shared/ws1_stu/build/py1_car_application/build/lib/py1_car_application/car_init_pose.py -> /shared/ws1_stu/install/py1_car_application/lib/python3.10/site-packages/py1_car_application
copying /shared/ws1_stu/build/py1_car_application/build/lib/py1_car_application/car_get_pose.py -> /shared/ws1_stu/install/py1_car_application/lib/python3.10/site-packages/py1_car_application
byte-compiling /shared/ws1_stu/install/py1_car_application/lib/python3.10/site-packages/py1_car_application/car_init_pose.py to car_init_pose.cpython-310.pyc
byte-compiling /shared/ws1_stu/install/py1_car_application/lib/python3.10/site-packages/py1_car_application/car_get_pose.py to car_get_pose.cpython-310.pyc
running install_data
running install_egg_info
removing '/shared/ws1_stu/install/py1_car_application/lib/python3.10/site-packages/py1_car_application-0.0.0-py3.10.egg-info' (and everything under it)
Copying ../../build/py1_car_application/py1_car_application.egg-info to /shared/ws1_stu/install/py1_car_application/lib/python3.10/site-packages/py1_car_application-0.0.0-py3.10.egg-info
running install_scripts
Installing car_init_pose script to /shared/ws1_stu/install/py1_car_application/lib/py1_car_application
writing list of installed files to '/shared/ws1_stu/build/py1_car_application/install.log'
