[0.022s] Invoking command in '/shared/ws1_stu/build/cpp3_nav2': CMAKE_PREFIX_PATH=${CMAKE_PREFIX_PATH}:/opt/ros/humble /usr/bin/cmake --build /shared/ws1_stu/build/cpp3_nav2 -- -j12 -l12
[0.063s] Invoked command in '/shared/ws1_stu/build/cpp3_nav2' returned '0': CMAKE_PREFIX_PATH=${CMAKE_PREFIX_PATH}:/opt/ros/humble /usr/bin/cmake --build /shared/ws1_stu/build/cpp3_nav2 -- -j12 -l12
[0.064s] Invoking command in '/shared/ws1_stu/build/cpp3_nav2': CMAKE_PREFIX_PATH=${CMAKE_PREFIX_PATH}:/opt/ros/humble /usr/bin/cmake --install /shared/ws1_stu/build/cpp3_nav2
[0.077s] -- Install configuration: ""
[0.078s] -- Up-to-date: /shared/ws1_stu/install/cpp3_nav2/share/cpp3_nav2/launch
[0.079s] -- Up-to-date: /shared/ws1_stu/install/cpp3_nav2/share/cpp3_nav2/launch/navigation2.launch.py
[0.079s] -- Up-to-date: /shared/ws1_stu/install/cpp3_nav2/share/cpp3_nav2/config
[0.079s] -- Up-to-date: /shared/ws1_stu/install/cpp3_nav2/share/cpp3_nav2/config/nav2_params.yaml
[0.079s] -- Up-to-date: /shared/ws1_stu/install/cpp3_nav2/share/cpp3_nav2/maps
[0.079s] -- Up-to-date: /shared/ws1_stu/install/cpp3_nav2/share/cpp3_nav2/maps/room.pgm
[0.079s] -- Up-to-date: /shared/ws1_stu/install/cpp3_nav2/share/cpp3_nav2/maps/room.yaml
[0.079s] -- Up-to-date: /shared/ws1_stu/install/cpp3_nav2/share/ament_index/resource_index/package_run_dependencies/cpp3_nav2
[0.080s] -- Up-to-date: /shared/ws1_stu/install/cpp3_nav2/share/ament_index/resource_index/parent_prefix_path/cpp3_nav2
[0.080s] -- Up-to-date: /shared/ws1_stu/install/cpp3_nav2/share/cpp3_nav2/environment/ament_prefix_path.sh
[0.080s] -- Up-to-date: /shared/ws1_stu/install/cpp3_nav2/share/cpp3_nav2/environment/ament_prefix_path.dsv
[0.080s] -- Up-to-date: /shared/ws1_stu/install/cpp3_nav2/share/cpp3_nav2/environment/path.sh
[0.080s] -- Up-to-date: /shared/ws1_stu/install/cpp3_nav2/share/cpp3_nav2/environment/path.dsv
[0.080s] -- Up-to-date: /shared/ws1_stu/install/cpp3_nav2/share/cpp3_nav2/local_setup.bash
[0.080s] -- Up-to-date: /shared/ws1_stu/install/cpp3_nav2/share/cpp3_nav2/local_setup.sh
[0.080s] -- Up-to-date: /shared/ws1_stu/install/cpp3_nav2/share/cpp3_nav2/local_setup.zsh
[0.081s] -- Up-to-date: /shared/ws1_stu/install/cpp3_nav2/share/cpp3_nav2/local_setup.dsv
[0.081s] -- Up-to-date: /shared/ws1_stu/install/cpp3_nav2/share/cpp3_nav2/package.dsv
[0.081s] -- Up-to-date: /shared/ws1_stu/install/cpp3_nav2/share/ament_index/resource_index/packages/cpp3_nav2
[0.081s] -- Up-to-date: /shared/ws1_stu/install/cpp3_nav2/share/cpp3_nav2/cmake/cpp3_nav2Config.cmake
[0.081s] -- Up-to-date: /shared/ws1_stu/install/cpp3_nav2/share/cpp3_nav2/cmake/cpp3_nav2Config-version.cmake
[0.082s] -- Up-to-date: /shared/ws1_stu/install/cpp3_nav2/share/cpp3_nav2/package.xml
[0.107s] Invoked command in '/shared/ws1_stu/build/cpp3_nav2' returned '0': CMAKE_PREFIX_PATH=${CMAKE_PREFIX_PATH}:/opt/ros/humble /usr/bin/cmake --install /shared/ws1_stu/build/cpp3_nav2
