-- Found ament_cmake: 1.3.14 (/opt/ros/humble/share/ament_cmake/cmake)
-- Found rosidl_default_generators: 1.2.1 (/opt/ros/humble/share/rosidl_default_generators/cmake)
-- Using all available rosidl_typesupport_c: rosidl_typesupport_fastrtps_c;rosidl_typesupport_introspection_c
-- Found rosidl_adapter: 3.1.8 (/opt/ros/humble/share/rosidl_adapter/cmake)
-- Using all available rosidl_typesupport_cpp: rosidl_typesupport_fastrtps_cpp;rosidl_typesupport_introspection_cpp
-- Found ament_cmake_ros: 0.10.0 (/opt/ros/humble/share/ament_cmake_ros/cmake)
-- Using all available rosidl_typesupport_c: rosidl_typesupport_fastrtps_c;rosidl_typesupport_introspection_c
-- Using all available rosidl_typesupport_cpp: rosidl_typesupport_fastrtps_cpp;rosidl_typesupport_introspection_cpp
-- Found python_cmake_module: 0.10.0 (/opt/ros/humble/share/python_cmake_module/cmake)
-- Using PYTHON_EXECUTABLE: /usr/bin/python3
-- Using PYTHON_INCLUDE_DIRS: /usr/include/python3.10
-- Using PYTHON_LIBRARIES: /usr/lib/x86_64-linux-gnu/libpython3.10.so
-- Found ament_lint_auto: 0.12.15 (/opt/ros/humble/share/ament_lint_auto/cmake)
-- Added test 'lint_cmake' to check CMake code style
-- Added test 'xmllint' to check XML markup files
-- Configuring done
-- Generating done
-- Build files have been written to: /shared/ws1_stu/build/autopartol_interfaces
[  3%] [34m[1mGenerating C code for ROS interfaces[0m
[  6%] [34m[1mGenerating Rust code for ROS interfaces[0m
[  9%] [34m[1mGenerating C++ code for ROS interfaces[0m
[  9%] Built target ament_cmake_python_copy_autopartol_interfaces
[  9%] Built target autopartol_interfaces__rs
running egg_info
writing autopartol_interfaces.egg-info/PKG-INFO
writing dependency_links to autopartol_interfaces.egg-info/dependency_links.txt
writing top-level names to autopartol_interfaces.egg-info/top_level.txt
reading manifest file 'autopartol_interfaces.egg-info/SOURCES.txt'
writing manifest file 'autopartol_interfaces.egg-info/SOURCES.txt'
[ 12%] [32mBuilding C object CMakeFiles/autopartol_interfaces__rosidl_generator_c.dir/rosidl_generator_c/autopartol_interfaces/srv/detail/speech_text__functions.c.o[0m
[ 12%] Built target autopartol_interfaces__cpp
[ 21%] [34m[1mGenerating C++ type support for eProsima Fast-RTPS[0m
[ 21%] [34m[1mGenerating C++ type support dispatch for ROS interfaces[0m
[ 21%] [34m[1mGenerating C++ introspection for ROS interfaces[0m
[ 21%] Built target ament_cmake_python_build_autopartol_interfaces_egg
[ 25%] [32m[1mLinking C shared library libautopartol_interfaces__rosidl_generator_c.so[0m
[ 25%] Built target autopartol_interfaces__rosidl_generator_c
[ 31%] [34m[1mGenerating C type support dispatch for ROS interfaces[0m
[ 31%] [34m[1mGenerating C type support for eProsima Fast-RTPS[0m
[ 34%] [34m[1mGenerating C introspection for ROS interfaces[0m
[ 37%] [32mBuilding CXX object CMakeFiles/autopartol_interfaces__rosidl_typesupport_cpp.dir/rosidl_typesupport_cpp/autopartol_interfaces/srv/speech_text__type_support.cpp.o[0m
[ 43%] [32mBuilding CXX object CMakeFiles/autopartol_interfaces__rosidl_typesupport_introspection_cpp.dir/rosidl_typesupport_introspection_cpp/autopartol_interfaces/srv/detail/speech_text__type_support.cpp.o[0m
[ 43%] [32mBuilding CXX object CMakeFiles/autopartol_interfaces__rosidl_typesupport_fastrtps_cpp.dir/rosidl_typesupport_fastrtps_cpp/autopartol_interfaces/srv/detail/dds_fastrtps/speech_text__type_support.cpp.o[0m
[ 46%] [32mBuilding C object CMakeFiles/autopartol_interfaces__rosidl_typesupport_introspection_c.dir/rosidl_typesupport_introspection_c/autopartol_interfaces/srv/detail/speech_text__type_support.c.o[0m
[ 50%] [32mBuilding CXX object CMakeFiles/autopartol_interfaces__rosidl_typesupport_c.dir/rosidl_typesupport_c/autopartol_interfaces/srv/speech_text__type_support.cpp.o[0m
[ 53%] [32mBuilding CXX object CMakeFiles/autopartol_interfaces__rosidl_typesupport_fastrtps_c.dir/rosidl_typesupport_fastrtps_c/autopartol_interfaces/srv/detail/speech_text__type_support_c.cpp.o[0m
[ 56%] [32m[1mLinking C shared library libautopartol_interfaces__rosidl_typesupport_introspection_c.so[0m
[ 59%] [32m[1mLinking CXX shared library libautopartol_interfaces__rosidl_typesupport_c.so[0m
[ 59%] Built target autopartol_interfaces__rosidl_typesupport_introspection_c
[ 59%] Built target autopartol_interfaces__rosidl_typesupport_c
[ 62%] [32m[1mLinking CXX shared library libautopartol_interfaces__rosidl_typesupport_cpp.so[0m
[ 62%] Built target autopartol_interfaces__rosidl_typesupport_cpp
[ 65%] [32m[1mLinking CXX shared library libautopartol_interfaces__rosidl_typesupport_introspection_cpp.so[0m
[ 65%] Built target autopartol_interfaces__rosidl_typesupport_introspection_cpp
[ 68%] [32m[1mLinking CXX shared library libautopartol_interfaces__rosidl_typesupport_fastrtps_cpp.so[0m
[ 71%] [32m[1mLinking CXX shared library libautopartol_interfaces__rosidl_typesupport_fastrtps_c.so[0m
[ 71%] Built target autopartol_interfaces__rosidl_typesupport_fastrtps_cpp
[ 71%] Built target autopartol_interfaces__rosidl_typesupport_fastrtps_c
[ 71%] Built target autopartol_interfaces
[ 75%] [34m[1mGenerating Python code for ROS interfaces[0m
[ 75%] Built target autopartol_interfaces__py
[ 78%] [32mBuilding C object CMakeFiles/autopartol_interfaces__rosidl_generator_py.dir/rosidl_generator_py/autopartol_interfaces/srv/_speech_text_s.c.o[0m
[ 81%] [32m[1mLinking C shared library rosidl_generator_py/autopartol_interfaces/libautopartol_interfaces__rosidl_generator_py.so[0m
[ 81%] Built target autopartol_interfaces__rosidl_generator_py
[ 87%] [32mBuilding C object CMakeFiles/autopartol_interfaces__rosidl_typesupport_c__pyext.dir/rosidl_generator_py/autopartol_interfaces/_autopartol_interfaces_s.ep.rosidl_typesupport_c.c.o[0m
[ 87%] [32mBuilding C object CMakeFiles/autopartol_interfaces__rosidl_typesupport_fastrtps_c__pyext.dir/rosidl_generator_py/autopartol_interfaces/_autopartol_interfaces_s.ep.rosidl_typesupport_fastrtps_c.c.o[0m
[ 90%] [32mBuilding C object CMakeFiles/autopartol_interfaces__rosidl_typesupport_introspection_c__pyext.dir/rosidl_generator_py/autopartol_interfaces/_autopartol_interfaces_s.ep.rosidl_typesupport_introspection_c.c.o[0m
[ 96%] [32m[1mLinking C shared library rosidl_generator_py/autopartol_interfaces/autopartol_interfaces_s__rosidl_typesupport_introspection_c.cpython-310-x86_64-linux-gnu.so[0m
[ 96%] [32m[1mLinking C shared library rosidl_generator_py/autopartol_interfaces/autopartol_interfaces_s__rosidl_typesupport_c.cpython-310-x86_64-linux-gnu.so[0m
[100%] [32m[1mLinking C shared library rosidl_generator_py/autopartol_interfaces/autopartol_interfaces_s__rosidl_typesupport_fastrtps_c.cpython-310-x86_64-linux-gnu.so[0m
[100%] Built target autopartol_interfaces__rosidl_typesupport_c__pyext
[100%] Built target autopartol_interfaces__rosidl_typesupport_introspection_c__pyext
[100%] Built target autopartol_interfaces__rosidl_typesupport_fastrtps_c__pyext
-- Install configuration: ""
-- Installing: /shared/ws1_stu/install/autopartol_interfaces/share/ament_index/resource_index/rosidl_interfaces/autopartol_interfaces
-- Installing: /shared/ws1_stu/install/autopartol_interfaces/include/autopartol_interfaces/autopartol_interfaces
-- Installing: /shared/ws1_stu/install/autopartol_interfaces/include/autopartol_interfaces/autopartol_interfaces/srv
-- Installing: /shared/ws1_stu/install/autopartol_interfaces/include/autopartol_interfaces/autopartol_interfaces/srv/detail
-- Installing: /shared/ws1_stu/install/autopartol_interfaces/include/autopartol_interfaces/autopartol_interfaces/srv/detail/speech_text__struct.h
-- Installing: /shared/ws1_stu/install/autopartol_interfaces/include/autopartol_interfaces/autopartol_interfaces/srv/detail/speech_text__functions.c
-- Installing: /shared/ws1_stu/install/autopartol_interfaces/include/autopartol_interfaces/autopartol_interfaces/srv/detail/speech_text__functions.h
-- Installing: /shared/ws1_stu/install/autopartol_interfaces/include/autopartol_interfaces/autopartol_interfaces/srv/detail/speech_text__type_support.h
-- Installing: /shared/ws1_stu/install/autopartol_interfaces/include/autopartol_interfaces/autopartol_interfaces/srv/speech_text.h
-- Installing: /shared/ws1_stu/install/autopartol_interfaces/include/autopartol_interfaces/autopartol_interfaces/msg
-- Installing: /shared/ws1_stu/install/autopartol_interfaces/include/autopartol_interfaces/autopartol_interfaces/msg/rosidl_generator_c__visibility_control.h
-- Installing: /shared/ws1_stu/install/autopartol_interfaces/share/autopartol_interfaces/environment/library_path.sh
-- Installing: /shared/ws1_stu/install/autopartol_interfaces/share/autopartol_interfaces/environment/library_path.dsv
-- Installing: /shared/ws1_stu/install/autopartol_interfaces/lib/libautopartol_interfaces__rosidl_generator_c.so
-- Set runtime path of "/shared/ws1_stu/install/autopartol_interfaces/lib/libautopartol_interfaces__rosidl_generator_c.so" to ""
-- Up-to-date: /shared/ws1_stu/install/autopartol_interfaces/include/autopartol_interfaces/autopartol_interfaces
-- Up-to-date: /shared/ws1_stu/install/autopartol_interfaces/include/autopartol_interfaces/autopartol_interfaces/srv
-- Up-to-date: /shared/ws1_stu/install/autopartol_interfaces/include/autopartol_interfaces/autopartol_interfaces/srv/detail
-- Installing: /shared/ws1_stu/install/autopartol_interfaces/include/autopartol_interfaces/autopartol_interfaces/srv/detail/speech_text__rosidl_typesupport_fastrtps_c.h
-- Up-to-date: /shared/ws1_stu/install/autopartol_interfaces/include/autopartol_interfaces/autopartol_interfaces/msg
-- Installing: /shared/ws1_stu/install/autopartol_interfaces/include/autopartol_interfaces/autopartol_interfaces/msg/rosidl_typesupport_fastrtps_c__visibility_control.h
-- Installing: /shared/ws1_stu/install/autopartol_interfaces/lib/libautopartol_interfaces__rosidl_typesupport_fastrtps_c.so
-- Set runtime path of "/shared/ws1_stu/install/autopartol_interfaces/lib/libautopartol_interfaces__rosidl_typesupport_fastrtps_c.so" to ""
-- Up-to-date: /shared/ws1_stu/install/autopartol_interfaces/include/autopartol_interfaces/autopartol_interfaces
-- Up-to-date: /shared/ws1_stu/install/autopartol_interfaces/include/autopartol_interfaces/autopartol_interfaces/srv
-- Up-to-date: /shared/ws1_stu/install/autopartol_interfaces/include/autopartol_interfaces/autopartol_interfaces/srv/detail
-- Installing: /shared/ws1_stu/install/autopartol_interfaces/include/autopartol_interfaces/autopartol_interfaces/srv/detail/speech_text__rosidl_typesupport_introspection_c.h
-- Installing: /shared/ws1_stu/install/autopartol_interfaces/include/autopartol_interfaces/autopartol_interfaces/srv/detail/speech_text__type_support.c
-- Up-to-date: /shared/ws1_stu/install/autopartol_interfaces/include/autopartol_interfaces/autopartol_interfaces/msg
-- Installing: /shared/ws1_stu/install/autopartol_interfaces/include/autopartol_interfaces/autopartol_interfaces/msg/rosidl_typesupport_introspection_c__visibility_control.h
-- Installing: /shared/ws1_stu/install/autopartol_interfaces/lib/libautopartol_interfaces__rosidl_typesupport_introspection_c.so
-- Set runtime path of "/shared/ws1_stu/install/autopartol_interfaces/lib/libautopartol_interfaces__rosidl_typesupport_introspection_c.so" to ""
-- Installing: /shared/ws1_stu/install/autopartol_interfaces/lib/libautopartol_interfaces__rosidl_typesupport_c.so
-- Set runtime path of "/shared/ws1_stu/install/autopartol_interfaces/lib/libautopartol_interfaces__rosidl_typesupport_c.so" to ""
-- Up-to-date: /shared/ws1_stu/install/autopartol_interfaces/include/autopartol_interfaces/autopartol_interfaces
-- Up-to-date: /shared/ws1_stu/install/autopartol_interfaces/include/autopartol_interfaces/autopartol_interfaces/srv
-- Up-to-date: /shared/ws1_stu/install/autopartol_interfaces/include/autopartol_interfaces/autopartol_interfaces/srv/detail
-- Installing: /shared/ws1_stu/install/autopartol_interfaces/include/autopartol_interfaces/autopartol_interfaces/srv/detail/speech_text__traits.hpp
-- Installing: /shared/ws1_stu/install/autopartol_interfaces/include/autopartol_interfaces/autopartol_interfaces/srv/detail/speech_text__builder.hpp
-- Installing: /shared/ws1_stu/install/autopartol_interfaces/include/autopartol_interfaces/autopartol_interfaces/srv/detail/speech_text__type_support.hpp
-- Installing: /shared/ws1_stu/install/autopartol_interfaces/include/autopartol_interfaces/autopartol_interfaces/srv/detail/speech_text__struct.hpp
-- Installing: /shared/ws1_stu/install/autopartol_interfaces/include/autopartol_interfaces/autopartol_interfaces/srv/speech_text.hpp
-- Up-to-date: /shared/ws1_stu/install/autopartol_interfaces/include/autopartol_interfaces/autopartol_interfaces/msg
-- Installing: /shared/ws1_stu/install/autopartol_interfaces/include/autopartol_interfaces/autopartol_interfaces/msg/rosidl_generator_cpp__visibility_control.hpp
-- Up-to-date: /shared/ws1_stu/install/autopartol_interfaces/include/autopartol_interfaces/autopartol_interfaces
-- Up-to-date: /shared/ws1_stu/install/autopartol_interfaces/include/autopartol_interfaces/autopartol_interfaces/srv
-- Up-to-date: /shared/ws1_stu/install/autopartol_interfaces/include/autopartol_interfaces/autopartol_interfaces/srv/detail
-- Installing: /shared/ws1_stu/install/autopartol_interfaces/include/autopartol_interfaces/autopartol_interfaces/srv/detail/speech_text__rosidl_typesupport_fastrtps_cpp.hpp
-- Installing: /shared/ws1_stu/install/autopartol_interfaces/include/autopartol_interfaces/autopartol_interfaces/srv/detail/dds_fastrtps
-- Up-to-date: /shared/ws1_stu/install/autopartol_interfaces/include/autopartol_interfaces/autopartol_interfaces/msg
-- Installing: /shared/ws1_stu/install/autopartol_interfaces/include/autopartol_interfaces/autopartol_interfaces/msg/rosidl_typesupport_fastrtps_cpp__visibility_control.h
-- Installing: /shared/ws1_stu/install/autopartol_interfaces/lib/libautopartol_interfaces__rosidl_typesupport_fastrtps_cpp.so
-- Set runtime path of "/shared/ws1_stu/install/autopartol_interfaces/lib/libautopartol_interfaces__rosidl_typesupport_fastrtps_cpp.so" to ""
-- Up-to-date: /shared/ws1_stu/install/autopartol_interfaces/include/autopartol_interfaces/autopartol_interfaces
-- Up-to-date: /shared/ws1_stu/install/autopartol_interfaces/include/autopartol_interfaces/autopartol_interfaces/srv
-- Up-to-date: /shared/ws1_stu/install/autopartol_interfaces/include/autopartol_interfaces/autopartol_interfaces/srv/detail
-- Installing: /shared/ws1_stu/install/autopartol_interfaces/include/autopartol_interfaces/autopartol_interfaces/srv/detail/speech_text__rosidl_typesupport_introspection_cpp.hpp
-- Installing: /shared/ws1_stu/install/autopartol_interfaces/include/autopartol_interfaces/autopartol_interfaces/srv/detail/speech_text__type_support.cpp
-- Installing: /shared/ws1_stu/install/autopartol_interfaces/lib/libautopartol_interfaces__rosidl_typesupport_introspection_cpp.so
-- Set runtime path of "/shared/ws1_stu/install/autopartol_interfaces/lib/libautopartol_interfaces__rosidl_typesupport_introspection_cpp.so" to ""
-- Installing: /shared/ws1_stu/install/autopartol_interfaces/lib/libautopartol_interfaces__rosidl_typesupport_cpp.so
-- Set runtime path of "/shared/ws1_stu/install/autopartol_interfaces/lib/libautopartol_interfaces__rosidl_typesupport_cpp.so" to ""
-- Installing: /shared/ws1_stu/install/autopartol_interfaces/share/autopartol_interfaces/environment/pythonpath.sh
-- Installing: /shared/ws1_stu/install/autopartol_interfaces/share/autopartol_interfaces/environment/pythonpath.dsv
-- Installing: /shared/ws1_stu/install/autopartol_interfaces/local/lib/python3.10/dist-packages/autopartol_interfaces-0.0.0-py3.10.egg-info
-- Installing: /shared/ws1_stu/install/autopartol_interfaces/local/lib/python3.10/dist-packages/autopartol_interfaces-0.0.0-py3.10.egg-info/dependency_links.txt
-- Installing: /shared/ws1_stu/install/autopartol_interfaces/local/lib/python3.10/dist-packages/autopartol_interfaces-0.0.0-py3.10.egg-info/PKG-INFO
-- Installing: /shared/ws1_stu/install/autopartol_interfaces/local/lib/python3.10/dist-packages/autopartol_interfaces-0.0.0-py3.10.egg-info/top_level.txt
-- Installing: /shared/ws1_stu/install/autopartol_interfaces/local/lib/python3.10/dist-packages/autopartol_interfaces-0.0.0-py3.10.egg-info/SOURCES.txt
-- Installing: /shared/ws1_stu/install/autopartol_interfaces/local/lib/python3.10/dist-packages/autopartol_interfaces
-- Installing: /shared/ws1_stu/install/autopartol_interfaces/local/lib/python3.10/dist-packages/autopartol_interfaces/srv
-- Installing: /shared/ws1_stu/install/autopartol_interfaces/local/lib/python3.10/dist-packages/autopartol_interfaces/srv/_speech_text_s.c
-- Installing: /shared/ws1_stu/install/autopartol_interfaces/local/lib/python3.10/dist-packages/autopartol_interfaces/srv/__init__.py
-- Installing: /shared/ws1_stu/install/autopartol_interfaces/local/lib/python3.10/dist-packages/autopartol_interfaces/srv/_speech_text.py
-- Installing: /shared/ws1_stu/install/autopartol_interfaces/local/lib/python3.10/dist-packages/autopartol_interfaces/libautopartol_interfaces__rosidl_generator_py.so
-- Installing: /shared/ws1_stu/install/autopartol_interfaces/local/lib/python3.10/dist-packages/autopartol_interfaces/autopartol_interfaces_s__rosidl_typesupport_fastrtps_c.cpython-310-x86_64-linux-gnu.so
-- Installing: /shared/ws1_stu/install/autopartol_interfaces/local/lib/python3.10/dist-packages/autopartol_interfaces/_autopartol_interfaces_s.ep.rosidl_typesupport_fastrtps_c.c
-- Installing: /shared/ws1_stu/install/autopartol_interfaces/local/lib/python3.10/dist-packages/autopartol_interfaces/__init__.py
-- Installing: /shared/ws1_stu/install/autopartol_interfaces/local/lib/python3.10/dist-packages/autopartol_interfaces/_autopartol_interfaces_s.ep.rosidl_typesupport_c.c
-- Installing: /shared/ws1_stu/install/autopartol_interfaces/local/lib/python3.10/dist-packages/autopartol_interfaces/_autopartol_interfaces_s.ep.rosidl_typesupport_introspection_c.c
-- Installing: /shared/ws1_stu/install/autopartol_interfaces/local/lib/python3.10/dist-packages/autopartol_interfaces/autopartol_interfaces_s__rosidl_typesupport_c.cpython-310-x86_64-linux-gnu.so
-- Installing: /shared/ws1_stu/install/autopartol_interfaces/local/lib/python3.10/dist-packages/autopartol_interfaces/autopartol_interfaces_s__rosidl_typesupport_introspection_c.cpython-310-x86_64-linux-gnu.so
Listing '/shared/ws1_stu/install/autopartol_interfaces/local/lib/python3.10/dist-packages/autopartol_interfaces'...
Compiling '/shared/ws1_stu/install/autopartol_interfaces/local/lib/python3.10/dist-packages/autopartol_interfaces/__init__.py'...
Listing '/shared/ws1_stu/install/autopartol_interfaces/local/lib/python3.10/dist-packages/autopartol_interfaces/srv'...
Compiling '/shared/ws1_stu/install/autopartol_interfaces/local/lib/python3.10/dist-packages/autopartol_interfaces/srv/__init__.py'...
Compiling '/shared/ws1_stu/install/autopartol_interfaces/local/lib/python3.10/dist-packages/autopartol_interfaces/srv/_speech_text.py'...
-- Installing: /shared/ws1_stu/install/autopartol_interfaces/local/lib/python3.10/dist-packages/autopartol_interfaces/autopartol_interfaces_s__rosidl_typesupport_fastrtps_c.cpython-310-x86_64-linux-gnu.so
-- Set runtime path of "/shared/ws1_stu/install/autopartol_interfaces/local/lib/python3.10/dist-packages/autopartol_interfaces/autopartol_interfaces_s__rosidl_typesupport_fastrtps_c.cpython-310-x86_64-linux-gnu.so" to ""
-- Installing: /shared/ws1_stu/install/autopartol_interfaces/local/lib/python3.10/dist-packages/autopartol_interfaces/autopartol_interfaces_s__rosidl_typesupport_introspection_c.cpython-310-x86_64-linux-gnu.so
-- Set runtime path of "/shared/ws1_stu/install/autopartol_interfaces/local/lib/python3.10/dist-packages/autopartol_interfaces/autopartol_interfaces_s__rosidl_typesupport_introspection_c.cpython-310-x86_64-linux-gnu.so" to ""
-- Installing: /shared/ws1_stu/install/autopartol_interfaces/local/lib/python3.10/dist-packages/autopartol_interfaces/autopartol_interfaces_s__rosidl_typesupport_c.cpython-310-x86_64-linux-gnu.so
-- Set runtime path of "/shared/ws1_stu/install/autopartol_interfaces/local/lib/python3.10/dist-packages/autopartol_interfaces/autopartol_interfaces_s__rosidl_typesupport_c.cpython-310-x86_64-linux-gnu.so" to ""
-- Installing: /shared/ws1_stu/install/autopartol_interfaces/lib/libautopartol_interfaces__rosidl_generator_py.so
-- Set runtime path of "/shared/ws1_stu/install/autopartol_interfaces/lib/libautopartol_interfaces__rosidl_generator_py.so" to ""
-- Installing: /shared/ws1_stu/install/autopartol_interfaces/share/ament_index/resource_index/rust_packages/autopartol_interfaces
-- Installing: /shared/ws1_stu/install/autopartol_interfaces/share/autopartol_interfaces/rust
-- Installing: /shared/ws1_stu/install/autopartol_interfaces/share/autopartol_interfaces/rust/src
-- Installing: /shared/ws1_stu/install/autopartol_interfaces/share/autopartol_interfaces/rust/src/srv
-- Installing: /shared/ws1_stu/install/autopartol_interfaces/share/autopartol_interfaces/rust/src/srv/rmw.rs
-- Installing: /shared/ws1_stu/install/autopartol_interfaces/share/autopartol_interfaces/rust/src/srv.rs
-- Installing: /shared/ws1_stu/install/autopartol_interfaces/share/autopartol_interfaces/rust/src/lib.rs
-- Installing: /shared/ws1_stu/install/autopartol_interfaces/share/autopartol_interfaces/rust/build.rs
-- Installing: /shared/ws1_stu/install/autopartol_interfaces/share/autopartol_interfaces/rust/Cargo.toml
-- Installing: /shared/ws1_stu/install/autopartol_interfaces/share/autopartol_interfaces/srv/SpeechText.idl
-- Installing: /shared/ws1_stu/install/autopartol_interfaces/share/autopartol_interfaces/srv/SpeechText.srv
-- Installing: /shared/ws1_stu/install/autopartol_interfaces/share/autopartol_interfaces/srv/SpeechText_Request.msg
-- Installing: /shared/ws1_stu/install/autopartol_interfaces/share/autopartol_interfaces/srv/SpeechText_Response.msg
-- Installing: /shared/ws1_stu/install/autopartol_interfaces/share/ament_index/resource_index/package_run_dependencies/autopartol_interfaces
-- Installing: /shared/ws1_stu/install/autopartol_interfaces/share/ament_index/resource_index/parent_prefix_path/autopartol_interfaces
-- Installing: /shared/ws1_stu/install/autopartol_interfaces/share/autopartol_interfaces/environment/ament_prefix_path.sh
-- Installing: /shared/ws1_stu/install/autopartol_interfaces/share/autopartol_interfaces/environment/ament_prefix_path.dsv
-- Installing: /shared/ws1_stu/install/autopartol_interfaces/share/autopartol_interfaces/environment/path.sh
-- Installing: /shared/ws1_stu/install/autopartol_interfaces/share/autopartol_interfaces/environment/path.dsv
-- Installing: /shared/ws1_stu/install/autopartol_interfaces/share/autopartol_interfaces/local_setup.bash
-- Installing: /shared/ws1_stu/install/autopartol_interfaces/share/autopartol_interfaces/local_setup.sh
-- Installing: /shared/ws1_stu/install/autopartol_interfaces/share/autopartol_interfaces/local_setup.zsh
-- Installing: /shared/ws1_stu/install/autopartol_interfaces/share/autopartol_interfaces/local_setup.dsv
-- Installing: /shared/ws1_stu/install/autopartol_interfaces/share/autopartol_interfaces/package.dsv
-- Installing: /shared/ws1_stu/install/autopartol_interfaces/share/ament_index/resource_index/packages/autopartol_interfaces
-- Installing: /shared/ws1_stu/install/autopartol_interfaces/share/autopartol_interfaces/cmake/export_autopartol_interfaces__rosidl_generator_cExport.cmake
-- Installing: /shared/ws1_stu/install/autopartol_interfaces/share/autopartol_interfaces/cmake/export_autopartol_interfaces__rosidl_generator_cExport-noconfig.cmake
-- Installing: /shared/ws1_stu/install/autopartol_interfaces/share/autopartol_interfaces/cmake/export_autopartol_interfaces__rosidl_typesupport_fastrtps_cExport.cmake
-- Installing: /shared/ws1_stu/install/autopartol_interfaces/share/autopartol_interfaces/cmake/export_autopartol_interfaces__rosidl_typesupport_fastrtps_cExport-noconfig.cmake
-- Installing: /shared/ws1_stu/install/autopartol_interfaces/share/autopartol_interfaces/cmake/autopartol_interfaces__rosidl_typesupport_introspection_cExport.cmake
-- Installing: /shared/ws1_stu/install/autopartol_interfaces/share/autopartol_interfaces/cmake/autopartol_interfaces__rosidl_typesupport_introspection_cExport-noconfig.cmake
-- Installing: /shared/ws1_stu/install/autopartol_interfaces/share/autopartol_interfaces/cmake/autopartol_interfaces__rosidl_typesupport_cExport.cmake
-- Installing: /shared/ws1_stu/install/autopartol_interfaces/share/autopartol_interfaces/cmake/autopartol_interfaces__rosidl_typesupport_cExport-noconfig.cmake
-- Installing: /shared/ws1_stu/install/autopartol_interfaces/share/autopartol_interfaces/cmake/export_autopartol_interfaces__rosidl_generator_cppExport.cmake
-- Installing: /shared/ws1_stu/install/autopartol_interfaces/share/autopartol_interfaces/cmake/export_autopartol_interfaces__rosidl_typesupport_fastrtps_cppExport.cmake
-- Installing: /shared/ws1_stu/install/autopartol_interfaces/share/autopartol_interfaces/cmake/export_autopartol_interfaces__rosidl_typesupport_fastrtps_cppExport-noconfig.cmake
-- Installing: /shared/ws1_stu/install/autopartol_interfaces/share/autopartol_interfaces/cmake/autopartol_interfaces__rosidl_typesupport_introspection_cppExport.cmake
-- Installing: /shared/ws1_stu/install/autopartol_interfaces/share/autopartol_interfaces/cmake/autopartol_interfaces__rosidl_typesupport_introspection_cppExport-noconfig.cmake
-- Installing: /shared/ws1_stu/install/autopartol_interfaces/share/autopartol_interfaces/cmake/autopartol_interfaces__rosidl_typesupport_cppExport.cmake
-- Installing: /shared/ws1_stu/install/autopartol_interfaces/share/autopartol_interfaces/cmake/autopartol_interfaces__rosidl_typesupport_cppExport-noconfig.cmake
-- Installing: /shared/ws1_stu/install/autopartol_interfaces/share/autopartol_interfaces/cmake/export_autopartol_interfaces__rosidl_generator_pyExport.cmake
-- Installing: /shared/ws1_stu/install/autopartol_interfaces/share/autopartol_interfaces/cmake/export_autopartol_interfaces__rosidl_generator_pyExport-noconfig.cmake
-- Installing: /shared/ws1_stu/install/autopartol_interfaces/share/autopartol_interfaces/cmake/rosidl_cmake-extras.cmake
-- Installing: /shared/ws1_stu/install/autopartol_interfaces/share/autopartol_interfaces/cmake/ament_cmake_export_include_directories-extras.cmake
-- Installing: /shared/ws1_stu/install/autopartol_interfaces/share/autopartol_interfaces/cmake/ament_cmake_export_libraries-extras.cmake
-- Installing: /shared/ws1_stu/install/autopartol_interfaces/share/autopartol_interfaces/cmake/ament_cmake_export_targets-extras.cmake
-- Installing: /shared/ws1_stu/install/autopartol_interfaces/share/autopartol_interfaces/cmake/rosidl_cmake_export_typesupport_targets-extras.cmake
-- Installing: /shared/ws1_stu/install/autopartol_interfaces/share/autopartol_interfaces/cmake/ament_cmake_export_dependencies-extras.cmake
-- Installing: /shared/ws1_stu/install/autopartol_interfaces/share/autopartol_interfaces/cmake/rosidl_cmake_export_typesupport_libraries-extras.cmake
-- Installing: /shared/ws1_stu/install/autopartol_interfaces/share/autopartol_interfaces/cmake/autopartol_interfacesConfig.cmake
-- Installing: /shared/ws1_stu/install/autopartol_interfaces/share/autopartol_interfaces/cmake/autopartol_interfacesConfig-version.cmake
-- Installing: /shared/ws1_stu/install/autopartol_interfaces/share/autopartol_interfaces/package.xml
