[0.037s] Invoking command in '/shared/ws1_stu/build/autopartol_interfaces': CMAKE_PREFIX_PATH=${CMAKE_PREFIX_PATH}:/shared/ws1_stu/install/py2_autopartol:/shared/ws1_stu/install/py1_car_application:/shared/ws1_stu/install/autopartol_car:/opt/ros/humble /usr/bin/cmake --build /shared/ws1_stu/build/autopartol_interfaces -- -j12 -l12
[0.487s] -- Found ament_cmake: 1.3.14 (/opt/ros/humble/share/ament_cmake/cmake)
[0.488s] -- Found rosidl_default_generators: 1.2.1 (/opt/ros/humble/share/rosidl_default_generators/cmake)
[0.488s] -- Using all available rosidl_typesupport_c: rosidl_typesupport_fastrtps_c;rosidl_typesupport_introspection_c
[0.488s] -- Found rosidl_adapter: 3.1.8 (/opt/ros/humble/share/rosidl_adapter/cmake)
[0.488s] -- Using all available rosidl_typesupport_cpp: rosidl_typesupport_fastrtps_cpp;rosidl_typesupport_introspection_cpp
[0.489s] -- Found ament_cmake_ros: 0.10.0 (/opt/ros/humble/share/ament_cmake_ros/cmake)
[0.612s] -- Using all available rosidl_typesupport_c: rosidl_typesupport_fastrtps_c;rosidl_typesupport_introspection_c
[0.836s] -- Using all available rosidl_typesupport_cpp: rosidl_typesupport_fastrtps_cpp;rosidl_typesupport_introspection_cpp
[0.857s] -- Found python_cmake_module: 0.10.0 (/opt/ros/humble/share/python_cmake_module/cmake)
[0.878s] -- Using PYTHON_EXECUTABLE: /usr/bin/python3
[0.878s] -- Using PYTHON_INCLUDE_DIRS: /usr/include/python3.10
[0.878s] -- Using PYTHON_LIBRARIES: /usr/lib/x86_64-linux-gnu/libpython3.10.so
[0.942s] -- Found ament_lint_auto: 0.12.15 (/opt/ros/humble/share/ament_lint_auto/cmake)
[0.950s] -- Added test 'lint_cmake' to check CMake code style
[0.951s] -- Added test 'xmllint' to check XML markup files
[0.953s] -- Configuring done
[0.985s] -- Generating done
[0.996s] -- Build files have been written to: /shared/ws1_stu/build/autopartol_interfaces
[1.024s] [  3%] [34m[1mGenerating C code for ROS interfaces[0m
[1.039s] [  6%] [34m[1mGenerating Rust code for ROS interfaces[0m
[1.039s] [  9%] [34m[1mGenerating C++ code for ROS interfaces[0m
[1.050s] [  9%] Built target ament_cmake_python_copy_autopartol_interfaces
[1.263s] [  9%] Built target autopartol_interfaces__rs
[1.280s] running egg_info
[1.281s] writing autopartol_interfaces.egg-info/PKG-INFO
[1.281s] writing dependency_links to autopartol_interfaces.egg-info/dependency_links.txt
[1.281s] writing top-level names to autopartol_interfaces.egg-info/top_level.txt
[1.283s] reading manifest file 'autopartol_interfaces.egg-info/SOURCES.txt'
[1.284s] writing manifest file 'autopartol_interfaces.egg-info/SOURCES.txt'
[1.308s] [ 12%] [32mBuilding C object CMakeFiles/autopartol_interfaces__rosidl_generator_c.dir/rosidl_generator_c/autopartol_interfaces/srv/detail/speech_text__functions.c.o[0m
[1.308s] [ 12%] Built target autopartol_interfaces__cpp
[1.318s] [ 21%] [34m[1mGenerating C++ type support for eProsima Fast-RTPS[0m
[1.318s] [ 21%] [34m[1mGenerating C++ type support dispatch for ROS interfaces[0m
[1.318s] [ 21%] [34m[1mGenerating C++ introspection for ROS interfaces[0m
[1.319s] [ 21%] Built target ament_cmake_python_build_autopartol_interfaces_egg
[1.363s] [ 25%] [32m[1mLinking C shared library libautopartol_interfaces__rosidl_generator_c.so[0m
[1.401s] [ 25%] Built target autopartol_interfaces__rosidl_generator_c
[1.411s] [ 31%] [34m[1mGenerating C type support dispatch for ROS interfaces[0m
[1.412s] [ 31%] [34m[1mGenerating C type support for eProsima Fast-RTPS[0m
[1.414s] [ 34%] [34m[1mGenerating C introspection for ROS interfaces[0m
[1.530s] [ 37%] [32mBuilding CXX object CMakeFiles/autopartol_interfaces__rosidl_typesupport_cpp.dir/rosidl_typesupport_cpp/autopartol_interfaces/srv/speech_text__type_support.cpp.o[0m
[1.546s] [ 43%] [32mBuilding CXX object CMakeFiles/autopartol_interfaces__rosidl_typesupport_introspection_cpp.dir/rosidl_typesupport_introspection_cpp/autopartol_interfaces/srv/detail/speech_text__type_support.cpp.o[0m
[1.546s] [ 43%] [32mBuilding CXX object CMakeFiles/autopartol_interfaces__rosidl_typesupport_fastrtps_cpp.dir/rosidl_typesupport_fastrtps_cpp/autopartol_interfaces/srv/detail/dds_fastrtps/speech_text__type_support.cpp.o[0m
[1.675s] [ 46%] [32mBuilding C object CMakeFiles/autopartol_interfaces__rosidl_typesupport_introspection_c.dir/rosidl_typesupport_introspection_c/autopartol_interfaces/srv/detail/speech_text__type_support.c.o[0m
[1.702s] [ 50%] [32mBuilding CXX object CMakeFiles/autopartol_interfaces__rosidl_typesupport_c.dir/rosidl_typesupport_c/autopartol_interfaces/srv/speech_text__type_support.cpp.o[0m
[1.716s] [ 53%] [32mBuilding CXX object CMakeFiles/autopartol_interfaces__rosidl_typesupport_fastrtps_c.dir/rosidl_typesupport_fastrtps_c/autopartol_interfaces/srv/detail/speech_text__type_support_c.cpp.o[0m
[1.717s] [ 56%] [32m[1mLinking C shared library libautopartol_interfaces__rosidl_typesupport_introspection_c.so[0m
[1.748s] [ 59%] [32m[1mLinking CXX shared library libautopartol_interfaces__rosidl_typesupport_c.so[0m
[1.758s] [ 59%] Built target autopartol_interfaces__rosidl_typesupport_introspection_c
[1.799s] [ 59%] Built target autopartol_interfaces__rosidl_typesupport_c
[1.849s] [ 62%] [32m[1mLinking CXX shared library libautopartol_interfaces__rosidl_typesupport_cpp.so[0m
[1.893s] [ 62%] Built target autopartol_interfaces__rosidl_typesupport_cpp
[1.934s] [ 65%] [32m[1mLinking CXX shared library libautopartol_interfaces__rosidl_typesupport_introspection_cpp.so[0m
[2.002s] [ 65%] Built target autopartol_interfaces__rosidl_typesupport_introspection_cpp
[2.007s] [ 68%] [32m[1mLinking CXX shared library libautopartol_interfaces__rosidl_typesupport_fastrtps_cpp.so[0m
[2.052s] [ 71%] [32m[1mLinking CXX shared library libautopartol_interfaces__rosidl_typesupport_fastrtps_c.so[0m
[2.089s] [ 71%] Built target autopartol_interfaces__rosidl_typesupport_fastrtps_cpp
[2.124s] [ 71%] Built target autopartol_interfaces__rosidl_typesupport_fastrtps_c
[2.145s] [ 71%] Built target autopartol_interfaces
[2.165s] [ 75%] [34m[1mGenerating Python code for ROS interfaces[0m
[2.450s] [ 75%] Built target autopartol_interfaces__py
[2.469s] [ 78%] [32mBuilding C object CMakeFiles/autopartol_interfaces__rosidl_generator_py.dir/rosidl_generator_py/autopartol_interfaces/srv/_speech_text_s.c.o[0m
[2.581s] [ 81%] [32m[1mLinking C shared library rosidl_generator_py/autopartol_interfaces/libautopartol_interfaces__rosidl_generator_py.so[0m
[2.620s] [ 81%] Built target autopartol_interfaces__rosidl_generator_py
[2.640s] [ 87%] [32mBuilding C object CMakeFiles/autopartol_interfaces__rosidl_typesupport_c__pyext.dir/rosidl_generator_py/autopartol_interfaces/_autopartol_interfaces_s.ep.rosidl_typesupport_c.c.o[0m
[2.640s] [ 87%] [32mBuilding C object CMakeFiles/autopartol_interfaces__rosidl_typesupport_fastrtps_c__pyext.dir/rosidl_generator_py/autopartol_interfaces/_autopartol_interfaces_s.ep.rosidl_typesupport_fastrtps_c.c.o[0m
[2.640s] [ 90%] [32mBuilding C object CMakeFiles/autopartol_interfaces__rosidl_typesupport_introspection_c__pyext.dir/rosidl_generator_py/autopartol_interfaces/_autopartol_interfaces_s.ep.rosidl_typesupport_introspection_c.c.o[0m
[2.721s] [ 96%] [32m[1mLinking C shared library rosidl_generator_py/autopartol_interfaces/autopartol_interfaces_s__rosidl_typesupport_introspection_c.cpython-310-x86_64-linux-gnu.so[0m
[2.721s] [ 96%] [32m[1mLinking C shared library rosidl_generator_py/autopartol_interfaces/autopartol_interfaces_s__rosidl_typesupport_c.cpython-310-x86_64-linux-gnu.so[0m
[2.727s] [100%] [32m[1mLinking C shared library rosidl_generator_py/autopartol_interfaces/autopartol_interfaces_s__rosidl_typesupport_fastrtps_c.cpython-310-x86_64-linux-gnu.so[0m
[2.754s] [100%] Built target autopartol_interfaces__rosidl_typesupport_c__pyext
[2.754s] [100%] Built target autopartol_interfaces__rosidl_typesupport_introspection_c__pyext
[2.761s] [100%] Built target autopartol_interfaces__rosidl_typesupport_fastrtps_c__pyext
[2.774s] Invoked command in '/shared/ws1_stu/build/autopartol_interfaces' returned '0': CMAKE_PREFIX_PATH=${CMAKE_PREFIX_PATH}:/shared/ws1_stu/install/py2_autopartol:/shared/ws1_stu/install/py1_car_application:/shared/ws1_stu/install/autopartol_car:/opt/ros/humble /usr/bin/cmake --build /shared/ws1_stu/build/autopartol_interfaces -- -j12 -l12
[2.776s] Invoking command in '/shared/ws1_stu/build/autopartol_interfaces': CMAKE_PREFIX_PATH=${CMAKE_PREFIX_PATH}:/shared/ws1_stu/install/py2_autopartol:/shared/ws1_stu/install/py1_car_application:/shared/ws1_stu/install/autopartol_car:/opt/ros/humble /usr/bin/cmake --install /shared/ws1_stu/build/autopartol_interfaces
[2.783s] -- Install configuration: ""
[2.784s] -- Installing: /shared/ws1_stu/install/autopartol_interfaces/share/ament_index/resource_index/rosidl_interfaces/autopartol_interfaces
[2.784s] -- Installing: /shared/ws1_stu/install/autopartol_interfaces/include/autopartol_interfaces/autopartol_interfaces
[2.784s] -- Installing: /shared/ws1_stu/install/autopartol_interfaces/include/autopartol_interfaces/autopartol_interfaces/srv
[2.784s] -- Installing: /shared/ws1_stu/install/autopartol_interfaces/include/autopartol_interfaces/autopartol_interfaces/srv/detail
[2.784s] -- Installing: /shared/ws1_stu/install/autopartol_interfaces/include/autopartol_interfaces/autopartol_interfaces/srv/detail/speech_text__struct.h
[2.784s] -- Installing: /shared/ws1_stu/install/autopartol_interfaces/include/autopartol_interfaces/autopartol_interfaces/srv/detail/speech_text__functions.c
[2.784s] -- Installing: /shared/ws1_stu/install/autopartol_interfaces/include/autopartol_interfaces/autopartol_interfaces/srv/detail/speech_text__functions.h
[2.784s] -- Installing: /shared/ws1_stu/install/autopartol_interfaces/include/autopartol_interfaces/autopartol_interfaces/srv/detail/speech_text__type_support.h
[2.784s] -- Installing: /shared/ws1_stu/install/autopartol_interfaces/include/autopartol_interfaces/autopartol_interfaces/srv/speech_text.h
[2.785s] -- Installing: /shared/ws1_stu/install/autopartol_interfaces/include/autopartol_interfaces/autopartol_interfaces/msg
[2.785s] -- Installing: /shared/ws1_stu/install/autopartol_interfaces/include/autopartol_interfaces/autopartol_interfaces/msg/rosidl_generator_c__visibility_control.h
[2.785s] -- Installing: /shared/ws1_stu/install/autopartol_interfaces/share/autopartol_interfaces/environment/library_path.sh
[2.785s] -- Installing: /shared/ws1_stu/install/autopartol_interfaces/share/autopartol_interfaces/environment/library_path.dsv
[2.785s] -- Installing: /shared/ws1_stu/install/autopartol_interfaces/lib/libautopartol_interfaces__rosidl_generator_c.so
[2.786s] -- Set runtime path of "/shared/ws1_stu/install/autopartol_interfaces/lib/libautopartol_interfaces__rosidl_generator_c.so" to ""
[2.786s] -- Up-to-date: /shared/ws1_stu/install/autopartol_interfaces/include/autopartol_interfaces/autopartol_interfaces
[2.786s] -- Up-to-date: /shared/ws1_stu/install/autopartol_interfaces/include/autopartol_interfaces/autopartol_interfaces/srv
[2.786s] -- Up-to-date: /shared/ws1_stu/install/autopartol_interfaces/include/autopartol_interfaces/autopartol_interfaces/srv/detail
[2.786s] -- Installing: /shared/ws1_stu/install/autopartol_interfaces/include/autopartol_interfaces/autopartol_interfaces/srv/detail/speech_text__rosidl_typesupport_fastrtps_c.h
[2.786s] -- Up-to-date: /shared/ws1_stu/install/autopartol_interfaces/include/autopartol_interfaces/autopartol_interfaces/msg
[2.786s] -- Installing: /shared/ws1_stu/install/autopartol_interfaces/include/autopartol_interfaces/autopartol_interfaces/msg/rosidl_typesupport_fastrtps_c__visibility_control.h
[2.787s] -- Installing: /shared/ws1_stu/install/autopartol_interfaces/lib/libautopartol_interfaces__rosidl_typesupport_fastrtps_c.so
[2.787s] -- Set runtime path of "/shared/ws1_stu/install/autopartol_interfaces/lib/libautopartol_interfaces__rosidl_typesupport_fastrtps_c.so" to ""
[2.787s] -- Up-to-date: /shared/ws1_stu/install/autopartol_interfaces/include/autopartol_interfaces/autopartol_interfaces
[2.787s] -- Up-to-date: /shared/ws1_stu/install/autopartol_interfaces/include/autopartol_interfaces/autopartol_interfaces/srv
[2.787s] -- Up-to-date: /shared/ws1_stu/install/autopartol_interfaces/include/autopartol_interfaces/autopartol_interfaces/srv/detail
[2.787s] -- Installing: /shared/ws1_stu/install/autopartol_interfaces/include/autopartol_interfaces/autopartol_interfaces/srv/detail/speech_text__rosidl_typesupport_introspection_c.h
[2.787s] -- Installing: /shared/ws1_stu/install/autopartol_interfaces/include/autopartol_interfaces/autopartol_interfaces/srv/detail/speech_text__type_support.c
[2.787s] -- Up-to-date: /shared/ws1_stu/install/autopartol_interfaces/include/autopartol_interfaces/autopartol_interfaces/msg
[2.787s] -- Installing: /shared/ws1_stu/install/autopartol_interfaces/include/autopartol_interfaces/autopartol_interfaces/msg/rosidl_typesupport_introspection_c__visibility_control.h
[2.787s] -- Installing: /shared/ws1_stu/install/autopartol_interfaces/lib/libautopartol_interfaces__rosidl_typesupport_introspection_c.so
[2.788s] -- Set runtime path of "/shared/ws1_stu/install/autopartol_interfaces/lib/libautopartol_interfaces__rosidl_typesupport_introspection_c.so" to ""
[2.788s] -- Installing: /shared/ws1_stu/install/autopartol_interfaces/lib/libautopartol_interfaces__rosidl_typesupport_c.so
[2.788s] -- Set runtime path of "/shared/ws1_stu/install/autopartol_interfaces/lib/libautopartol_interfaces__rosidl_typesupport_c.so" to ""
[2.788s] -- Up-to-date: /shared/ws1_stu/install/autopartol_interfaces/include/autopartol_interfaces/autopartol_interfaces
[2.788s] -- Up-to-date: /shared/ws1_stu/install/autopartol_interfaces/include/autopartol_interfaces/autopartol_interfaces/srv
[2.788s] -- Up-to-date: /shared/ws1_stu/install/autopartol_interfaces/include/autopartol_interfaces/autopartol_interfaces/srv/detail
[2.788s] -- Installing: /shared/ws1_stu/install/autopartol_interfaces/include/autopartol_interfaces/autopartol_interfaces/srv/detail/speech_text__traits.hpp
[2.788s] -- Installing: /shared/ws1_stu/install/autopartol_interfaces/include/autopartol_interfaces/autopartol_interfaces/srv/detail/speech_text__builder.hpp
[2.788s] -- Installing: /shared/ws1_stu/install/autopartol_interfaces/include/autopartol_interfaces/autopartol_interfaces/srv/detail/speech_text__type_support.hpp
[2.788s] -- Installing: /shared/ws1_stu/install/autopartol_interfaces/include/autopartol_interfaces/autopartol_interfaces/srv/detail/speech_text__struct.hpp
[2.789s] -- Installing: /shared/ws1_stu/install/autopartol_interfaces/include/autopartol_interfaces/autopartol_interfaces/srv/speech_text.hpp
[2.789s] -- Up-to-date: /shared/ws1_stu/install/autopartol_interfaces/include/autopartol_interfaces/autopartol_interfaces/msg
[2.789s] -- Installing: /shared/ws1_stu/install/autopartol_interfaces/include/autopartol_interfaces/autopartol_interfaces/msg/rosidl_generator_cpp__visibility_control.hpp
[2.789s] -- Up-to-date: /shared/ws1_stu/install/autopartol_interfaces/include/autopartol_interfaces/autopartol_interfaces
[2.789s] -- Up-to-date: /shared/ws1_stu/install/autopartol_interfaces/include/autopartol_interfaces/autopartol_interfaces/srv
[2.789s] -- Up-to-date: /shared/ws1_stu/install/autopartol_interfaces/include/autopartol_interfaces/autopartol_interfaces/srv/detail
[2.789s] -- Installing: /shared/ws1_stu/install/autopartol_interfaces/include/autopartol_interfaces/autopartol_interfaces/srv/detail/speech_text__rosidl_typesupport_fastrtps_cpp.hpp
[2.789s] -- Installing: /shared/ws1_stu/install/autopartol_interfaces/include/autopartol_interfaces/autopartol_interfaces/srv/detail/dds_fastrtps
[2.789s] -- Up-to-date: /shared/ws1_stu/install/autopartol_interfaces/include/autopartol_interfaces/autopartol_interfaces/msg
[2.790s] -- Installing: /shared/ws1_stu/install/autopartol_interfaces/include/autopartol_interfaces/autopartol_interfaces/msg/rosidl_typesupport_fastrtps_cpp__visibility_control.h
[2.790s] -- Installing: /shared/ws1_stu/install/autopartol_interfaces/lib/libautopartol_interfaces__rosidl_typesupport_fastrtps_cpp.so
[2.790s] -- Set runtime path of "/shared/ws1_stu/install/autopartol_interfaces/lib/libautopartol_interfaces__rosidl_typesupport_fastrtps_cpp.so" to ""
[2.790s] -- Up-to-date: /shared/ws1_stu/install/autopartol_interfaces/include/autopartol_interfaces/autopartol_interfaces
[2.790s] -- Up-to-date: /shared/ws1_stu/install/autopartol_interfaces/include/autopartol_interfaces/autopartol_interfaces/srv
[2.790s] -- Up-to-date: /shared/ws1_stu/install/autopartol_interfaces/include/autopartol_interfaces/autopartol_interfaces/srv/detail
[2.790s] -- Installing: /shared/ws1_stu/install/autopartol_interfaces/include/autopartol_interfaces/autopartol_interfaces/srv/detail/speech_text__rosidl_typesupport_introspection_cpp.hpp
[2.790s] -- Installing: /shared/ws1_stu/install/autopartol_interfaces/include/autopartol_interfaces/autopartol_interfaces/srv/detail/speech_text__type_support.cpp
[2.790s] -- Installing: /shared/ws1_stu/install/autopartol_interfaces/lib/libautopartol_interfaces__rosidl_typesupport_introspection_cpp.so
[2.791s] -- Set runtime path of "/shared/ws1_stu/install/autopartol_interfaces/lib/libautopartol_interfaces__rosidl_typesupport_introspection_cpp.so" to ""
[2.791s] -- Installing: /shared/ws1_stu/install/autopartol_interfaces/lib/libautopartol_interfaces__rosidl_typesupport_cpp.so
[2.791s] -- Set runtime path of "/shared/ws1_stu/install/autopartol_interfaces/lib/libautopartol_interfaces__rosidl_typesupport_cpp.so" to ""
[2.791s] -- Installing: /shared/ws1_stu/install/autopartol_interfaces/share/autopartol_interfaces/environment/pythonpath.sh
[2.792s] -- Installing: /shared/ws1_stu/install/autopartol_interfaces/share/autopartol_interfaces/environment/pythonpath.dsv
[2.792s] -- Installing: /shared/ws1_stu/install/autopartol_interfaces/local/lib/python3.10/dist-packages/autopartol_interfaces-0.0.0-py3.10.egg-info
[2.792s] -- Installing: /shared/ws1_stu/install/autopartol_interfaces/local/lib/python3.10/dist-packages/autopartol_interfaces-0.0.0-py3.10.egg-info/dependency_links.txt
[2.792s] -- Installing: /shared/ws1_stu/install/autopartol_interfaces/local/lib/python3.10/dist-packages/autopartol_interfaces-0.0.0-py3.10.egg-info/PKG-INFO
[2.792s] -- Installing: /shared/ws1_stu/install/autopartol_interfaces/local/lib/python3.10/dist-packages/autopartol_interfaces-0.0.0-py3.10.egg-info/top_level.txt
[2.792s] -- Installing: /shared/ws1_stu/install/autopartol_interfaces/local/lib/python3.10/dist-packages/autopartol_interfaces-0.0.0-py3.10.egg-info/SOURCES.txt
[2.792s] -- Installing: /shared/ws1_stu/install/autopartol_interfaces/local/lib/python3.10/dist-packages/autopartol_interfaces
[2.792s] -- Installing: /shared/ws1_stu/install/autopartol_interfaces/local/lib/python3.10/dist-packages/autopartol_interfaces/srv
[2.793s] -- Installing: /shared/ws1_stu/install/autopartol_interfaces/local/lib/python3.10/dist-packages/autopartol_interfaces/srv/_speech_text_s.c
[2.793s] -- Installing: /shared/ws1_stu/install/autopartol_interfaces/local/lib/python3.10/dist-packages/autopartol_interfaces/srv/__init__.py
[2.793s] -- Installing: /shared/ws1_stu/install/autopartol_interfaces/local/lib/python3.10/dist-packages/autopartol_interfaces/srv/_speech_text.py
[2.793s] -- Installing: /shared/ws1_stu/install/autopartol_interfaces/local/lib/python3.10/dist-packages/autopartol_interfaces/libautopartol_interfaces__rosidl_generator_py.so
[2.793s] -- Installing: /shared/ws1_stu/install/autopartol_interfaces/local/lib/python3.10/dist-packages/autopartol_interfaces/autopartol_interfaces_s__rosidl_typesupport_fastrtps_c.cpython-310-x86_64-linux-gnu.so
[2.793s] -- Installing: /shared/ws1_stu/install/autopartol_interfaces/local/lib/python3.10/dist-packages/autopartol_interfaces/_autopartol_interfaces_s.ep.rosidl_typesupport_fastrtps_c.c
[2.793s] -- Installing: /shared/ws1_stu/install/autopartol_interfaces/local/lib/python3.10/dist-packages/autopartol_interfaces/__init__.py
[2.794s] -- Installing: /shared/ws1_stu/install/autopartol_interfaces/local/lib/python3.10/dist-packages/autopartol_interfaces/_autopartol_interfaces_s.ep.rosidl_typesupport_c.c
[2.794s] -- Installing: /shared/ws1_stu/install/autopartol_interfaces/local/lib/python3.10/dist-packages/autopartol_interfaces/_autopartol_interfaces_s.ep.rosidl_typesupport_introspection_c.c
[2.794s] -- Installing: /shared/ws1_stu/install/autopartol_interfaces/local/lib/python3.10/dist-packages/autopartol_interfaces/autopartol_interfaces_s__rosidl_typesupport_c.cpython-310-x86_64-linux-gnu.so
[2.794s] -- Installing: /shared/ws1_stu/install/autopartol_interfaces/local/lib/python3.10/dist-packages/autopartol_interfaces/autopartol_interfaces_s__rosidl_typesupport_introspection_c.cpython-310-x86_64-linux-gnu.so
[2.825s] Listing '/shared/ws1_stu/install/autopartol_interfaces/local/lib/python3.10/dist-packages/autopartol_interfaces'...
[2.825s] Compiling '/shared/ws1_stu/install/autopartol_interfaces/local/lib/python3.10/dist-packages/autopartol_interfaces/__init__.py'...
[2.825s] Listing '/shared/ws1_stu/install/autopartol_interfaces/local/lib/python3.10/dist-packages/autopartol_interfaces/srv'...
[2.825s] Compiling '/shared/ws1_stu/install/autopartol_interfaces/local/lib/python3.10/dist-packages/autopartol_interfaces/srv/__init__.py'...
[2.825s] Compiling '/shared/ws1_stu/install/autopartol_interfaces/local/lib/python3.10/dist-packages/autopartol_interfaces/srv/_speech_text.py'...
[2.830s] -- Installing: /shared/ws1_stu/install/autopartol_interfaces/local/lib/python3.10/dist-packages/autopartol_interfaces/autopartol_interfaces_s__rosidl_typesupport_fastrtps_c.cpython-310-x86_64-linux-gnu.so
[2.831s] -- Set runtime path of "/shared/ws1_stu/install/autopartol_interfaces/local/lib/python3.10/dist-packages/autopartol_interfaces/autopartol_interfaces_s__rosidl_typesupport_fastrtps_c.cpython-310-x86_64-linux-gnu.so" to ""
[2.831s] -- Installing: /shared/ws1_stu/install/autopartol_interfaces/local/lib/python3.10/dist-packages/autopartol_interfaces/autopartol_interfaces_s__rosidl_typesupport_introspection_c.cpython-310-x86_64-linux-gnu.so
[2.831s] -- Set runtime path of "/shared/ws1_stu/install/autopartol_interfaces/local/lib/python3.10/dist-packages/autopartol_interfaces/autopartol_interfaces_s__rosidl_typesupport_introspection_c.cpython-310-x86_64-linux-gnu.so" to ""
[2.831s] -- Installing: /shared/ws1_stu/install/autopartol_interfaces/local/lib/python3.10/dist-packages/autopartol_interfaces/autopartol_interfaces_s__rosidl_typesupport_c.cpython-310-x86_64-linux-gnu.so
[2.832s] -- Set runtime path of "/shared/ws1_stu/install/autopartol_interfaces/local/lib/python3.10/dist-packages/autopartol_interfaces/autopartol_interfaces_s__rosidl_typesupport_c.cpython-310-x86_64-linux-gnu.so" to ""
[2.832s] -- Installing: /shared/ws1_stu/install/autopartol_interfaces/lib/libautopartol_interfaces__rosidl_generator_py.so
[2.832s] -- Set runtime path of "/shared/ws1_stu/install/autopartol_interfaces/lib/libautopartol_interfaces__rosidl_generator_py.so" to ""
[2.832s] -- Installing: /shared/ws1_stu/install/autopartol_interfaces/share/ament_index/resource_index/rust_packages/autopartol_interfaces
[2.832s] -- Installing: /shared/ws1_stu/install/autopartol_interfaces/share/autopartol_interfaces/rust
[2.833s] -- Installing: /shared/ws1_stu/install/autopartol_interfaces/share/autopartol_interfaces/rust/src
[2.833s] -- Installing: /shared/ws1_stu/install/autopartol_interfaces/share/autopartol_interfaces/rust/src/srv
[2.833s] -- Installing: /shared/ws1_stu/install/autopartol_interfaces/share/autopartol_interfaces/rust/src/srv/rmw.rs
[2.833s] -- Installing: /shared/ws1_stu/install/autopartol_interfaces/share/autopartol_interfaces/rust/src/srv.rs
[2.834s] -- Installing: /shared/ws1_stu/install/autopartol_interfaces/share/autopartol_interfaces/rust/src/lib.rs
[2.834s] -- Installing: /shared/ws1_stu/install/autopartol_interfaces/share/autopartol_interfaces/rust/build.rs
[2.834s] -- Installing: /shared/ws1_stu/install/autopartol_interfaces/share/autopartol_interfaces/rust/Cargo.toml
[2.834s] -- Installing: /shared/ws1_stu/install/autopartol_interfaces/share/autopartol_interfaces/srv/SpeechText.idl
[2.834s] -- Installing: /shared/ws1_stu/install/autopartol_interfaces/share/autopartol_interfaces/srv/SpeechText.srv
[2.834s] -- Installing: /shared/ws1_stu/install/autopartol_interfaces/share/autopartol_interfaces/srv/SpeechText_Request.msg
[2.834s] -- Installing: /shared/ws1_stu/install/autopartol_interfaces/share/autopartol_interfaces/srv/SpeechText_Response.msg
[2.834s] -- Installing: /shared/ws1_stu/install/autopartol_interfaces/share/ament_index/resource_index/package_run_dependencies/autopartol_interfaces
[2.834s] -- Installing: /shared/ws1_stu/install/autopartol_interfaces/share/ament_index/resource_index/parent_prefix_path/autopartol_interfaces
[2.834s] -- Installing: /shared/ws1_stu/install/autopartol_interfaces/share/autopartol_interfaces/environment/ament_prefix_path.sh
[2.834s] -- Installing: /shared/ws1_stu/install/autopartol_interfaces/share/autopartol_interfaces/environment/ament_prefix_path.dsv
[2.835s] -- Installing: /shared/ws1_stu/install/autopartol_interfaces/share/autopartol_interfaces/environment/path.sh
[2.835s] -- Installing: /shared/ws1_stu/install/autopartol_interfaces/share/autopartol_interfaces/environment/path.dsv
[2.835s] -- Installing: /shared/ws1_stu/install/autopartol_interfaces/share/autopartol_interfaces/local_setup.bash
[2.835s] -- Installing: /shared/ws1_stu/install/autopartol_interfaces/share/autopartol_interfaces/local_setup.sh
[2.835s] -- Installing: /shared/ws1_stu/install/autopartol_interfaces/share/autopartol_interfaces/local_setup.zsh
[2.835s] -- Installing: /shared/ws1_stu/install/autopartol_interfaces/share/autopartol_interfaces/local_setup.dsv
[2.835s] -- Installing: /shared/ws1_stu/install/autopartol_interfaces/share/autopartol_interfaces/package.dsv
[2.836s] -- Installing: /shared/ws1_stu/install/autopartol_interfaces/share/ament_index/resource_index/packages/autopartol_interfaces
[2.836s] -- Installing: /shared/ws1_stu/install/autopartol_interfaces/share/autopartol_interfaces/cmake/export_autopartol_interfaces__rosidl_generator_cExport.cmake
[2.836s] -- Installing: /shared/ws1_stu/install/autopartol_interfaces/share/autopartol_interfaces/cmake/export_autopartol_interfaces__rosidl_generator_cExport-noconfig.cmake
[2.836s] -- Installing: /shared/ws1_stu/install/autopartol_interfaces/share/autopartol_interfaces/cmake/export_autopartol_interfaces__rosidl_typesupport_fastrtps_cExport.cmake
[2.836s] -- Installing: /shared/ws1_stu/install/autopartol_interfaces/share/autopartol_interfaces/cmake/export_autopartol_interfaces__rosidl_typesupport_fastrtps_cExport-noconfig.cmake
[2.837s] -- Installing: /shared/ws1_stu/install/autopartol_interfaces/share/autopartol_interfaces/cmake/autopartol_interfaces__rosidl_typesupport_introspection_cExport.cmake
[2.837s] -- Installing: /shared/ws1_stu/install/autopartol_interfaces/share/autopartol_interfaces/cmake/autopartol_interfaces__rosidl_typesupport_introspection_cExport-noconfig.cmake
[2.837s] -- Installing: /shared/ws1_stu/install/autopartol_interfaces/share/autopartol_interfaces/cmake/autopartol_interfaces__rosidl_typesupport_cExport.cmake
[2.837s] -- Installing: /shared/ws1_stu/install/autopartol_interfaces/share/autopartol_interfaces/cmake/autopartol_interfaces__rosidl_typesupport_cExport-noconfig.cmake
[2.837s] -- Installing: /shared/ws1_stu/install/autopartol_interfaces/share/autopartol_interfaces/cmake/export_autopartol_interfaces__rosidl_generator_cppExport.cmake
[2.838s] -- Installing: /shared/ws1_stu/install/autopartol_interfaces/share/autopartol_interfaces/cmake/export_autopartol_interfaces__rosidl_typesupport_fastrtps_cppExport.cmake
[2.838s] -- Installing: /shared/ws1_stu/install/autopartol_interfaces/share/autopartol_interfaces/cmake/export_autopartol_interfaces__rosidl_typesupport_fastrtps_cppExport-noconfig.cmake
[2.838s] -- Installing: /shared/ws1_stu/install/autopartol_interfaces/share/autopartol_interfaces/cmake/autopartol_interfaces__rosidl_typesupport_introspection_cppExport.cmake
[2.838s] -- Installing: /shared/ws1_stu/install/autopartol_interfaces/share/autopartol_interfaces/cmake/autopartol_interfaces__rosidl_typesupport_introspection_cppExport-noconfig.cmake
[2.838s] -- Installing: /shared/ws1_stu/install/autopartol_interfaces/share/autopartol_interfaces/cmake/autopartol_interfaces__rosidl_typesupport_cppExport.cmake
[2.838s] -- Installing: /shared/ws1_stu/install/autopartol_interfaces/share/autopartol_interfaces/cmake/autopartol_interfaces__rosidl_typesupport_cppExport-noconfig.cmake
[2.839s] -- Installing: /shared/ws1_stu/install/autopartol_interfaces/share/autopartol_interfaces/cmake/export_autopartol_interfaces__rosidl_generator_pyExport.cmake
[2.839s] -- Installing: /shared/ws1_stu/install/autopartol_interfaces/share/autopartol_interfaces/cmake/export_autopartol_interfaces__rosidl_generator_pyExport-noconfig.cmake
[2.839s] -- Installing: /shared/ws1_stu/install/autopartol_interfaces/share/autopartol_interfaces/cmake/rosidl_cmake-extras.cmake
[2.839s] -- Installing: /shared/ws1_stu/install/autopartol_interfaces/share/autopartol_interfaces/cmake/ament_cmake_export_include_directories-extras.cmake
[2.839s] -- Installing: /shared/ws1_stu/install/autopartol_interfaces/share/autopartol_interfaces/cmake/ament_cmake_export_libraries-extras.cmake
[2.839s] -- Installing: /shared/ws1_stu/install/autopartol_interfaces/share/autopartol_interfaces/cmake/ament_cmake_export_targets-extras.cmake
[2.839s] -- Installing: /shared/ws1_stu/install/autopartol_interfaces/share/autopartol_interfaces/cmake/rosidl_cmake_export_typesupport_targets-extras.cmake
[2.840s] -- Installing: /shared/ws1_stu/install/autopartol_interfaces/share/autopartol_interfaces/cmake/ament_cmake_export_dependencies-extras.cmake
[2.840s] -- Installing: /shared/ws1_stu/install/autopartol_interfaces/share/autopartol_interfaces/cmake/rosidl_cmake_export_typesupport_libraries-extras.cmake
[2.840s] -- Installing: /shared/ws1_stu/install/autopartol_interfaces/share/autopartol_interfaces/cmake/autopartol_interfacesConfig.cmake
[2.840s] -- Installing: /shared/ws1_stu/install/autopartol_interfaces/share/autopartol_interfaces/cmake/autopartol_interfacesConfig-version.cmake
[2.840s] -- Installing: /shared/ws1_stu/install/autopartol_interfaces/share/autopartol_interfaces/package.xml
[2.843s] Invoked command in '/shared/ws1_stu/build/autopartol_interfaces' returned '0': CMAKE_PREFIX_PATH=${CMAKE_PREFIX_PATH}:/shared/ws1_stu/install/py2_autopartol:/shared/ws1_stu/install/py1_car_application:/shared/ws1_stu/install/autopartol_car:/opt/ros/humble /usr/bin/cmake --install /shared/ws1_stu/build/autopartol_interfaces
