[0.051s] Invoking command in '/shared/ws2_pluginlib/build/autopartol_interfaces': CMAKE_PREFIX_PATH=${CMAKE_PREFIX_PATH}:/shared/ws2_pluginlib/install/py2_autopartol:/shared/ws2_pluginlib/install/py1_car_application:/opt/ros/humble /usr/bin/cmake --build /shared/ws2_pluginlib/build/autopartol_interfaces -- -j12 -l12
[0.375s] [  3%] Built target autopartol_interfaces__rs
[0.375s] [ 12%] Built target autopartol_interfaces__rosidl_generator_c
[0.375s] [ 15%] Built target autopartol_interfaces__cpp
[0.375s] [ 15%] Built target ament_cmake_python_copy_autopartol_interfaces
[0.375s] [ 25%] Built target autopartol_interfaces__rosidl_typesupport_introspection_c
[0.375s] [ 34%] Built target autopartol_interfaces__rosidl_typesupport_c
[0.375s] [ 43%] Built target autopartol_interfaces__rosidl_typesupport_fastrtps_c
[0.375s] [ 53%] Built target autopartol_interfaces__rosidl_typesupport_cpp
[0.375s] [ 62%] Built target autopartol_interfaces__rosidl_typesupport_fastrtps_cpp
[0.375s] [ 71%] Built target autopartol_interfaces__rosidl_typesupport_introspection_cpp
[0.376s] [ 71%] Built target autopartol_interfaces
[0.376s] [ 75%] Built target autopartol_interfaces__py
[0.376s] [ 81%] Built target autopartol_interfaces__rosidl_generator_py
[0.376s] [ 87%] Built target autopartol_interfaces__rosidl_typesupport_c__pyext
[0.376s] [ 93%] Built target autopartol_interfaces__rosidl_typesupport_fastrtps_c__pyext
[0.376s] [100%] Built target autopartol_interfaces__rosidl_typesupport_introspection_c__pyext
[0.390s] running egg_info
[0.391s] writing autopartol_interfaces.egg-info/PKG-INFO
[0.391s] writing dependency_links to autopartol_interfaces.egg-info/dependency_links.txt
[0.391s] writing top-level names to autopartol_interfaces.egg-info/top_level.txt
[0.394s] reading manifest file 'autopartol_interfaces.egg-info/SOURCES.txt'
[0.395s] writing manifest file 'autopartol_interfaces.egg-info/SOURCES.txt'
[0.432s] [100%] Built target ament_cmake_python_build_autopartol_interfaces_egg
[0.712s] Invoked command in '/shared/ws2_pluginlib/build/autopartol_interfaces' returned '0': CMAKE_PREFIX_PATH=${CMAKE_PREFIX_PATH}:/shared/ws2_pluginlib/install/py2_autopartol:/shared/ws2_pluginlib/install/py1_car_application:/opt/ros/humble /usr/bin/cmake --build /shared/ws2_pluginlib/build/autopartol_interfaces -- -j12 -l12
[0.713s] Invoking command in '/shared/ws2_pluginlib/build/autopartol_interfaces': CMAKE_PREFIX_PATH=${CMAKE_PREFIX_PATH}:/shared/ws2_pluginlib/install/py2_autopartol:/shared/ws2_pluginlib/install/py1_car_application:/opt/ros/humble /usr/bin/cmake --install /shared/ws2_pluginlib/build/autopartol_interfaces
[0.713s] -- Install configuration: ""
[0.713s] -- Up-to-date: /shared/ws2_pluginlib/install/autopartol_interfaces/share/ament_index/resource_index/rosidl_interfaces/autopartol_interfaces
[0.713s] -- Up-to-date: /shared/ws2_pluginlib/install/autopartol_interfaces/include/autopartol_interfaces/autopartol_interfaces
[0.716s] -- Up-to-date: /shared/ws2_pluginlib/install/autopartol_interfaces/include/autopartol_interfaces/autopartol_interfaces/srv
[0.716s] -- Up-to-date: /shared/ws2_pluginlib/install/autopartol_interfaces/include/autopartol_interfaces/autopartol_interfaces/srv/detail
[0.716s] -- Up-to-date: /shared/ws2_pluginlib/install/autopartol_interfaces/include/autopartol_interfaces/autopartol_interfaces/srv/detail/speech_text__struct.h
[0.716s] -- Up-to-date: /shared/ws2_pluginlib/install/autopartol_interfaces/include/autopartol_interfaces/autopartol_interfaces/srv/detail/speech_text__functions.c
[0.716s] -- Up-to-date: /shared/ws2_pluginlib/install/autopartol_interfaces/include/autopartol_interfaces/autopartol_interfaces/srv/detail/speech_text__functions.h
[0.716s] -- Up-to-date: /shared/ws2_pluginlib/install/autopartol_interfaces/include/autopartol_interfaces/autopartol_interfaces/srv/detail/speech_text__type_support.h
[0.716s] -- Up-to-date: /shared/ws2_pluginlib/install/autopartol_interfaces/include/autopartol_interfaces/autopartol_interfaces/srv/speech_text.h
[0.716s] -- Up-to-date: /shared/ws2_pluginlib/install/autopartol_interfaces/include/autopartol_interfaces/autopartol_interfaces/msg
[0.716s] -- Up-to-date: /shared/ws2_pluginlib/install/autopartol_interfaces/include/autopartol_interfaces/autopartol_interfaces/msg/rosidl_generator_c__visibility_control.h
[0.716s] -- Up-to-date: /shared/ws2_pluginlib/install/autopartol_interfaces/share/autopartol_interfaces/environment/library_path.sh
[0.716s] -- Up-to-date: /shared/ws2_pluginlib/install/autopartol_interfaces/share/autopartol_interfaces/environment/library_path.dsv
[0.716s] -- Up-to-date: /shared/ws2_pluginlib/install/autopartol_interfaces/lib/libautopartol_interfaces__rosidl_generator_c.so
[0.716s] -- Up-to-date: /shared/ws2_pluginlib/install/autopartol_interfaces/include/autopartol_interfaces/autopartol_interfaces
[0.717s] -- Up-to-date: /shared/ws2_pluginlib/install/autopartol_interfaces/include/autopartol_interfaces/autopartol_interfaces/srv
[0.717s] -- Up-to-date: /shared/ws2_pluginlib/install/autopartol_interfaces/include/autopartol_interfaces/autopartol_interfaces/srv/detail
[0.717s] -- Up-to-date: /shared/ws2_pluginlib/install/autopartol_interfaces/include/autopartol_interfaces/autopartol_interfaces/srv/detail/speech_text__rosidl_typesupport_fastrtps_c.h
[0.717s] -- Up-to-date: /shared/ws2_pluginlib/install/autopartol_interfaces/include/autopartol_interfaces/autopartol_interfaces/msg
[0.717s] -- Up-to-date: /shared/ws2_pluginlib/install/autopartol_interfaces/include/autopartol_interfaces/autopartol_interfaces/msg/rosidl_typesupport_fastrtps_c__visibility_control.h
[0.717s] -- Up-to-date: /shared/ws2_pluginlib/install/autopartol_interfaces/lib/libautopartol_interfaces__rosidl_typesupport_fastrtps_c.so
[0.717s] -- Up-to-date: /shared/ws2_pluginlib/install/autopartol_interfaces/include/autopartol_interfaces/autopartol_interfaces
[0.717s] -- Up-to-date: /shared/ws2_pluginlib/install/autopartol_interfaces/include/autopartol_interfaces/autopartol_interfaces/srv
[0.717s] -- Up-to-date: /shared/ws2_pluginlib/install/autopartol_interfaces/include/autopartol_interfaces/autopartol_interfaces/srv/detail
[0.717s] -- Up-to-date: /shared/ws2_pluginlib/install/autopartol_interfaces/include/autopartol_interfaces/autopartol_interfaces/srv/detail/speech_text__rosidl_typesupport_introspection_c.h
[0.717s] -- Up-to-date: /shared/ws2_pluginlib/install/autopartol_interfaces/include/autopartol_interfaces/autopartol_interfaces/srv/detail/speech_text__type_support.c
[0.717s] -- Up-to-date: /shared/ws2_pluginlib/install/autopartol_interfaces/include/autopartol_interfaces/autopartol_interfaces/msg
[0.717s] -- Up-to-date: /shared/ws2_pluginlib/install/autopartol_interfaces/include/autopartol_interfaces/autopartol_interfaces/msg/rosidl_typesupport_introspection_c__visibility_control.h
[0.718s] -- Up-to-date: /shared/ws2_pluginlib/install/autopartol_interfaces/lib/libautopartol_interfaces__rosidl_typesupport_introspection_c.so
[0.718s] -- Up-to-date: /shared/ws2_pluginlib/install/autopartol_interfaces/lib/libautopartol_interfaces__rosidl_typesupport_c.so
[0.718s] -- Up-to-date: /shared/ws2_pluginlib/install/autopartol_interfaces/include/autopartol_interfaces/autopartol_interfaces
[0.718s] -- Up-to-date: /shared/ws2_pluginlib/install/autopartol_interfaces/include/autopartol_interfaces/autopartol_interfaces/srv
[0.718s] -- Up-to-date: /shared/ws2_pluginlib/install/autopartol_interfaces/include/autopartol_interfaces/autopartol_interfaces/srv/detail
[0.718s] -- Up-to-date: /shared/ws2_pluginlib/install/autopartol_interfaces/include/autopartol_interfaces/autopartol_interfaces/srv/detail/speech_text__traits.hpp
[0.718s] -- Up-to-date: /shared/ws2_pluginlib/install/autopartol_interfaces/include/autopartol_interfaces/autopartol_interfaces/srv/detail/speech_text__builder.hpp
[0.718s] -- Up-to-date: /shared/ws2_pluginlib/install/autopartol_interfaces/include/autopartol_interfaces/autopartol_interfaces/srv/detail/speech_text__type_support.hpp
[0.718s] -- Up-to-date: /shared/ws2_pluginlib/install/autopartol_interfaces/include/autopartol_interfaces/autopartol_interfaces/srv/detail/speech_text__struct.hpp
[0.718s] -- Up-to-date: /shared/ws2_pluginlib/install/autopartol_interfaces/include/autopartol_interfaces/autopartol_interfaces/srv/speech_text.hpp
[0.718s] -- Up-to-date: /shared/ws2_pluginlib/install/autopartol_interfaces/include/autopartol_interfaces/autopartol_interfaces/msg
[0.721s] -- Up-to-date: /shared/ws2_pluginlib/install/autopartol_interfaces/include/autopartol_interfaces/autopartol_interfaces/msg/rosidl_generator_cpp__visibility_control.hpp
[0.721s] -- Up-to-date: /shared/ws2_pluginlib/install/autopartol_interfaces/include/autopartol_interfaces/autopartol_interfaces
[0.721s] -- Up-to-date: /shared/ws2_pluginlib/install/autopartol_interfaces/include/autopartol_interfaces/autopartol_interfaces/srv
[0.721s] -- Up-to-date: /shared/ws2_pluginlib/install/autopartol_interfaces/include/autopartol_interfaces/autopartol_interfaces/srv/detail
[0.722s] -- Up-to-date: /shared/ws2_pluginlib/install/autopartol_interfaces/include/autopartol_interfaces/autopartol_interfaces/srv/detail/speech_text__rosidl_typesupport_fastrtps_cpp.hpp
[0.722s] -- Up-to-date: /shared/ws2_pluginlib/install/autopartol_interfaces/include/autopartol_interfaces/autopartol_interfaces/srv/detail/dds_fastrtps
[0.722s] -- Up-to-date: /shared/ws2_pluginlib/install/autopartol_interfaces/include/autopartol_interfaces/autopartol_interfaces/msg
[0.722s] -- Up-to-date: /shared/ws2_pluginlib/install/autopartol_interfaces/include/autopartol_interfaces/autopartol_interfaces/msg/rosidl_typesupport_fastrtps_cpp__visibility_control.h
[0.722s] -- Up-to-date: /shared/ws2_pluginlib/install/autopartol_interfaces/lib/libautopartol_interfaces__rosidl_typesupport_fastrtps_cpp.so
[0.722s] -- Up-to-date: /shared/ws2_pluginlib/install/autopartol_interfaces/include/autopartol_interfaces/autopartol_interfaces
[0.722s] -- Up-to-date: /shared/ws2_pluginlib/install/autopartol_interfaces/include/autopartol_interfaces/autopartol_interfaces/srv
[0.722s] -- Up-to-date: /shared/ws2_pluginlib/install/autopartol_interfaces/include/autopartol_interfaces/autopartol_interfaces/srv/detail
[0.722s] -- Up-to-date: /shared/ws2_pluginlib/install/autopartol_interfaces/include/autopartol_interfaces/autopartol_interfaces/srv/detail/speech_text__rosidl_typesupport_introspection_cpp.hpp
[0.722s] -- Up-to-date: /shared/ws2_pluginlib/install/autopartol_interfaces/include/autopartol_interfaces/autopartol_interfaces/srv/detail/speech_text__type_support.cpp
[0.722s] -- Up-to-date: /shared/ws2_pluginlib/install/autopartol_interfaces/lib/libautopartol_interfaces__rosidl_typesupport_introspection_cpp.so
[0.722s] -- Up-to-date: /shared/ws2_pluginlib/install/autopartol_interfaces/lib/libautopartol_interfaces__rosidl_typesupport_cpp.so
[0.722s] -- Up-to-date: /shared/ws2_pluginlib/install/autopartol_interfaces/share/autopartol_interfaces/environment/pythonpath.sh
[0.723s] -- Up-to-date: /shared/ws2_pluginlib/install/autopartol_interfaces/share/autopartol_interfaces/environment/pythonpath.dsv
[0.723s] -- Up-to-date: /shared/ws2_pluginlib/install/autopartol_interfaces/local/lib/python3.10/dist-packages/autopartol_interfaces-0.0.0-py3.10.egg-info
[0.723s] -- Installing: /shared/ws2_pluginlib/install/autopartol_interfaces/local/lib/python3.10/dist-packages/autopartol_interfaces-0.0.0-py3.10.egg-info/dependency_links.txt
[0.723s] -- Installing: /shared/ws2_pluginlib/install/autopartol_interfaces/local/lib/python3.10/dist-packages/autopartol_interfaces-0.0.0-py3.10.egg-info/PKG-INFO
[0.723s] -- Installing: /shared/ws2_pluginlib/install/autopartol_interfaces/local/lib/python3.10/dist-packages/autopartol_interfaces-0.0.0-py3.10.egg-info/top_level.txt
[0.723s] -- Installing: /shared/ws2_pluginlib/install/autopartol_interfaces/local/lib/python3.10/dist-packages/autopartol_interfaces-0.0.0-py3.10.egg-info/SOURCES.txt
[0.723s] -- Up-to-date: /shared/ws2_pluginlib/install/autopartol_interfaces/local/lib/python3.10/dist-packages/autopartol_interfaces
[0.723s] -- Up-to-date: /shared/ws2_pluginlib/install/autopartol_interfaces/local/lib/python3.10/dist-packages/autopartol_interfaces/srv
[0.723s] -- Up-to-date: /shared/ws2_pluginlib/install/autopartol_interfaces/local/lib/python3.10/dist-packages/autopartol_interfaces/srv/_speech_text_s.c
[0.723s] -- Up-to-date: /shared/ws2_pluginlib/install/autopartol_interfaces/local/lib/python3.10/dist-packages/autopartol_interfaces/srv/__init__.py
[0.723s] -- Up-to-date: /shared/ws2_pluginlib/install/autopartol_interfaces/local/lib/python3.10/dist-packages/autopartol_interfaces/srv/_speech_text.py
[0.723s] -- Up-to-date: /shared/ws2_pluginlib/install/autopartol_interfaces/local/lib/python3.10/dist-packages/autopartol_interfaces/libautopartol_interfaces__rosidl_generator_py.so
[0.723s] -- Up-to-date: /shared/ws2_pluginlib/install/autopartol_interfaces/local/lib/python3.10/dist-packages/autopartol_interfaces/autopartol_interfaces_s__rosidl_typesupport_fastrtps_c.cpython-310-x86_64-linux-gnu.so
[0.724s] -- Up-to-date: /shared/ws2_pluginlib/install/autopartol_interfaces/local/lib/python3.10/dist-packages/autopartol_interfaces/_autopartol_interfaces_s.ep.rosidl_typesupport_fastrtps_c.c
[0.724s] -- Up-to-date: /shared/ws2_pluginlib/install/autopartol_interfaces/local/lib/python3.10/dist-packages/autopartol_interfaces/__init__.py
[0.724s] -- Up-to-date: /shared/ws2_pluginlib/install/autopartol_interfaces/local/lib/python3.10/dist-packages/autopartol_interfaces/_autopartol_interfaces_s.ep.rosidl_typesupport_c.c
[0.724s] -- Up-to-date: /shared/ws2_pluginlib/install/autopartol_interfaces/local/lib/python3.10/dist-packages/autopartol_interfaces/_autopartol_interfaces_s.ep.rosidl_typesupport_introspection_c.c
[0.724s] -- Up-to-date: /shared/ws2_pluginlib/install/autopartol_interfaces/local/lib/python3.10/dist-packages/autopartol_interfaces/autopartol_interfaces_s__rosidl_typesupport_c.cpython-310-x86_64-linux-gnu.so
[0.724s] -- Up-to-date: /shared/ws2_pluginlib/install/autopartol_interfaces/local/lib/python3.10/dist-packages/autopartol_interfaces/autopartol_interfaces_s__rosidl_typesupport_introspection_c.cpython-310-x86_64-linux-gnu.so
[0.747s] Listing '/shared/ws2_pluginlib/install/autopartol_interfaces/local/lib/python3.10/dist-packages/autopartol_interfaces'...
[0.747s] Listing '/shared/ws2_pluginlib/install/autopartol_interfaces/local/lib/python3.10/dist-packages/autopartol_interfaces/srv'...
[0.758s] -- Up-to-date: /shared/ws2_pluginlib/install/autopartol_interfaces/local/lib/python3.10/dist-packages/autopartol_interfaces/autopartol_interfaces_s__rosidl_typesupport_fastrtps_c.cpython-310-x86_64-linux-gnu.so
[0.758s] -- Up-to-date: /shared/ws2_pluginlib/install/autopartol_interfaces/local/lib/python3.10/dist-packages/autopartol_interfaces/autopartol_interfaces_s__rosidl_typesupport_introspection_c.cpython-310-x86_64-linux-gnu.so
[0.758s] -- Up-to-date: /shared/ws2_pluginlib/install/autopartol_interfaces/local/lib/python3.10/dist-packages/autopartol_interfaces/autopartol_interfaces_s__rosidl_typesupport_c.cpython-310-x86_64-linux-gnu.so
[0.758s] -- Up-to-date: /shared/ws2_pluginlib/install/autopartol_interfaces/lib/libautopartol_interfaces__rosidl_generator_py.so
[0.758s] -- Up-to-date: /shared/ws2_pluginlib/install/autopartol_interfaces/share/ament_index/resource_index/rust_packages/autopartol_interfaces
[0.758s] -- Up-to-date: /shared/ws2_pluginlib/install/autopartol_interfaces/share/autopartol_interfaces/rust
[0.758s] -- Up-to-date: /shared/ws2_pluginlib/install/autopartol_interfaces/share/autopartol_interfaces/rust/src
[0.758s] -- Up-to-date: /shared/ws2_pluginlib/install/autopartol_interfaces/share/autopartol_interfaces/rust/src/srv
[0.758s] -- Up-to-date: /shared/ws2_pluginlib/install/autopartol_interfaces/share/autopartol_interfaces/rust/src/srv/rmw.rs
[0.758s] -- Up-to-date: /shared/ws2_pluginlib/install/autopartol_interfaces/share/autopartol_interfaces/rust/src/srv.rs
[0.758s] -- Up-to-date: /shared/ws2_pluginlib/install/autopartol_interfaces/share/autopartol_interfaces/rust/src/lib.rs
[0.758s] -- Up-to-date: /shared/ws2_pluginlib/install/autopartol_interfaces/share/autopartol_interfaces/rust/build.rs
[0.759s] -- Up-to-date: /shared/ws2_pluginlib/install/autopartol_interfaces/share/autopartol_interfaces/rust/Cargo.toml
[0.759s] -- Up-to-date: /shared/ws2_pluginlib/install/autopartol_interfaces/share/autopartol_interfaces/srv/SpeechText.idl
[0.763s] -- Up-to-date: /shared/ws2_pluginlib/install/autopartol_interfaces/share/autopartol_interfaces/srv/SpeechText.srv
[0.763s] -- Up-to-date: /shared/ws2_pluginlib/install/autopartol_interfaces/share/autopartol_interfaces/srv/SpeechText_Request.msg
[0.763s] -- Up-to-date: /shared/ws2_pluginlib/install/autopartol_interfaces/share/autopartol_interfaces/srv/SpeechText_Response.msg
[0.763s] -- Up-to-date: /shared/ws2_pluginlib/install/autopartol_interfaces/share/ament_index/resource_index/package_run_dependencies/autopartol_interfaces
[0.763s] -- Up-to-date: /shared/ws2_pluginlib/install/autopartol_interfaces/share/ament_index/resource_index/parent_prefix_path/autopartol_interfaces
[0.763s] -- Up-to-date: /shared/ws2_pluginlib/install/autopartol_interfaces/share/autopartol_interfaces/environment/ament_prefix_path.sh
[0.763s] -- Up-to-date: /shared/ws2_pluginlib/install/autopartol_interfaces/share/autopartol_interfaces/environment/ament_prefix_path.dsv
[0.763s] -- Up-to-date: /shared/ws2_pluginlib/install/autopartol_interfaces/share/autopartol_interfaces/environment/path.sh
[0.763s] -- Up-to-date: /shared/ws2_pluginlib/install/autopartol_interfaces/share/autopartol_interfaces/environment/path.dsv
[0.763s] -- Up-to-date: /shared/ws2_pluginlib/install/autopartol_interfaces/share/autopartol_interfaces/local_setup.bash
[0.763s] -- Up-to-date: /shared/ws2_pluginlib/install/autopartol_interfaces/share/autopartol_interfaces/local_setup.sh
[0.763s] -- Up-to-date: /shared/ws2_pluginlib/install/autopartol_interfaces/share/autopartol_interfaces/local_setup.zsh
[0.764s] -- Up-to-date: /shared/ws2_pluginlib/install/autopartol_interfaces/share/autopartol_interfaces/local_setup.dsv
[0.764s] -- Installing: /shared/ws2_pluginlib/install/autopartol_interfaces/share/autopartol_interfaces/package.dsv
[0.764s] -- Up-to-date: /shared/ws2_pluginlib/install/autopartol_interfaces/share/ament_index/resource_index/packages/autopartol_interfaces
[0.764s] -- Up-to-date: /shared/ws2_pluginlib/install/autopartol_interfaces/share/autopartol_interfaces/cmake/export_autopartol_interfaces__rosidl_generator_cExport.cmake
[0.764s] -- Up-to-date: /shared/ws2_pluginlib/install/autopartol_interfaces/share/autopartol_interfaces/cmake/export_autopartol_interfaces__rosidl_generator_cExport-noconfig.cmake
[0.764s] -- Up-to-date: /shared/ws2_pluginlib/install/autopartol_interfaces/share/autopartol_interfaces/cmake/export_autopartol_interfaces__rosidl_typesupport_fastrtps_cExport.cmake
[0.764s] -- Up-to-date: /shared/ws2_pluginlib/install/autopartol_interfaces/share/autopartol_interfaces/cmake/export_autopartol_interfaces__rosidl_typesupport_fastrtps_cExport-noconfig.cmake
[0.764s] -- Up-to-date: /shared/ws2_pluginlib/install/autopartol_interfaces/share/autopartol_interfaces/cmake/autopartol_interfaces__rosidl_typesupport_introspection_cExport.cmake
[0.764s] -- Up-to-date: /shared/ws2_pluginlib/install/autopartol_interfaces/share/autopartol_interfaces/cmake/autopartol_interfaces__rosidl_typesupport_introspection_cExport-noconfig.cmake
[0.764s] -- Up-to-date: /shared/ws2_pluginlib/install/autopartol_interfaces/share/autopartol_interfaces/cmake/autopartol_interfaces__rosidl_typesupport_cExport.cmake
[0.764s] -- Up-to-date: /shared/ws2_pluginlib/install/autopartol_interfaces/share/autopartol_interfaces/cmake/autopartol_interfaces__rosidl_typesupport_cExport-noconfig.cmake
[0.764s] -- Up-to-date: /shared/ws2_pluginlib/install/autopartol_interfaces/share/autopartol_interfaces/cmake/export_autopartol_interfaces__rosidl_generator_cppExport.cmake
[0.764s] -- Up-to-date: /shared/ws2_pluginlib/install/autopartol_interfaces/share/autopartol_interfaces/cmake/export_autopartol_interfaces__rosidl_typesupport_fastrtps_cppExport.cmake
[0.764s] -- Up-to-date: /shared/ws2_pluginlib/install/autopartol_interfaces/share/autopartol_interfaces/cmake/export_autopartol_interfaces__rosidl_typesupport_fastrtps_cppExport-noconfig.cmake
[0.764s] -- Up-to-date: /shared/ws2_pluginlib/install/autopartol_interfaces/share/autopartol_interfaces/cmake/autopartol_interfaces__rosidl_typesupport_introspection_cppExport.cmake
[0.764s] -- Up-to-date: /shared/ws2_pluginlib/install/autopartol_interfaces/share/autopartol_interfaces/cmake/autopartol_interfaces__rosidl_typesupport_introspection_cppExport-noconfig.cmake
[0.765s] -- Up-to-date: /shared/ws2_pluginlib/install/autopartol_interfaces/share/autopartol_interfaces/cmake/autopartol_interfaces__rosidl_typesupport_cppExport.cmake
[0.765s] -- Up-to-date: /shared/ws2_pluginlib/install/autopartol_interfaces/share/autopartol_interfaces/cmake/autopartol_interfaces__rosidl_typesupport_cppExport-noconfig.cmake
[0.765s] -- Up-to-date: /shared/ws2_pluginlib/install/autopartol_interfaces/share/autopartol_interfaces/cmake/export_autopartol_interfaces__rosidl_generator_pyExport.cmake
[0.765s] -- Up-to-date: /shared/ws2_pluginlib/install/autopartol_interfaces/share/autopartol_interfaces/cmake/export_autopartol_interfaces__rosidl_generator_pyExport-noconfig.cmake
[0.765s] -- Up-to-date: /shared/ws2_pluginlib/install/autopartol_interfaces/share/autopartol_interfaces/cmake/rosidl_cmake-extras.cmake
[0.765s] -- Up-to-date: /shared/ws2_pluginlib/install/autopartol_interfaces/share/autopartol_interfaces/cmake/ament_cmake_export_include_directories-extras.cmake
[0.765s] -- Up-to-date: /shared/ws2_pluginlib/install/autopartol_interfaces/share/autopartol_interfaces/cmake/ament_cmake_export_libraries-extras.cmake
[0.765s] -- Up-to-date: /shared/ws2_pluginlib/install/autopartol_interfaces/share/autopartol_interfaces/cmake/ament_cmake_export_targets-extras.cmake
[0.765s] -- Up-to-date: /shared/ws2_pluginlib/install/autopartol_interfaces/share/autopartol_interfaces/cmake/rosidl_cmake_export_typesupport_targets-extras.cmake
[0.765s] -- Up-to-date: /shared/ws2_pluginlib/install/autopartol_interfaces/share/autopartol_interfaces/cmake/ament_cmake_export_dependencies-extras.cmake
[0.765s] -- Up-to-date: /shared/ws2_pluginlib/install/autopartol_interfaces/share/autopartol_interfaces/cmake/rosidl_cmake_export_typesupport_libraries-extras.cmake
[0.765s] -- Up-to-date: /shared/ws2_pluginlib/install/autopartol_interfaces/share/autopartol_interfaces/cmake/autopartol_interfacesConfig.cmake
[0.765s] -- Up-to-date: /shared/ws2_pluginlib/install/autopartol_interfaces/share/autopartol_interfaces/cmake/autopartol_interfacesConfig-version.cmake
[0.765s] -- Up-to-date: /shared/ws2_pluginlib/install/autopartol_interfaces/share/autopartol_interfaces/package.xml
[0.813s] Invoked command in '/shared/ws2_pluginlib/build/autopartol_interfaces' returned '0': CMAKE_PREFIX_PATH=${CMAKE_PREFIX_PATH}:/shared/ws2_pluginlib/install/py2_autopartol:/shared/ws2_pluginlib/install/py1_car_application:/opt/ros/humble /usr/bin/cmake --install /shared/ws2_pluginlib/build/autopartol_interfaces
