[0.744s] Invoking command in '/shared/ws1_stu/src/py1_car_application': PYTHONPATH=/shared/ws1_stu/build/py1_car_application/prefix_override:/usr/lib/python3/dist-packages/colcon_core/task/python/colcon_distutils_commands:/shared/ws1_stu/install/py1_car_application/lib/python3.10/site-packages:${PYTHONPATH} /usr/bin/python3 -W ignore:setup.py install is deprecated -W ignore:easy_install command is deprecated setup.py egg_info --egg-base ../../build/py1_car_application build --build-base /shared/ws1_stu/build/py1_car_application/build install --record /shared/ws1_stu/build/py1_car_application/install.log --single-version-externally-managed install_data
[0.969s] running egg_info
[0.969s] writing ../../build/py1_car_application/py1_car_application.egg-info/PKG-INFO
[0.969s] writing dependency_links to ../../build/py1_car_application/py1_car_application.egg-info/dependency_links.txt
[0.970s] writing entry points to ../../build/py1_car_application/py1_car_application.egg-info/entry_points.txt
[0.970s] writing requirements to ../../build/py1_car_application/py1_car_application.egg-info/requires.txt
[0.970s] writing top-level names to ../../build/py1_car_application/py1_car_application.egg-info/top_level.txt
[0.971s] reading manifest file '../../build/py1_car_application/py1_car_application.egg-info/SOURCES.txt'
[0.971s] adding license file 'LICENSE'
[0.972s] writing manifest file '../../build/py1_car_application/py1_car_application.egg-info/SOURCES.txt'
[0.972s] running build
[0.972s] running build_py
[0.972s] copying py1_car_application/nav_to_poses.py -> /shared/ws1_stu/build/py1_car_application/build/lib/py1_car_application
[0.973s] running install
[0.973s] running install_lib
[0.974s] copying /shared/ws1_stu/build/py1_car_application/build/lib/py1_car_application/nav_to_poses.py -> /shared/ws1_stu/install/py1_car_application/lib/python3.10/site-packages/py1_car_application
[0.974s] byte-compiling /shared/ws1_stu/install/py1_car_application/lib/python3.10/site-packages/py1_car_application/nav_to_poses.py to nav_to_poses.cpython-310.pyc
[0.975s] running install_data
[0.975s] running install_egg_info
[0.977s] removing '/shared/ws1_stu/install/py1_car_application/lib/python3.10/site-packages/py1_car_application-0.0.0-py3.10.egg-info' (and everything under it)
[0.978s] Copying ../../build/py1_car_application/py1_car_application.egg-info to /shared/ws1_stu/install/py1_car_application/lib/python3.10/site-packages/py1_car_application-0.0.0-py3.10.egg-info
[0.979s] running install_scripts
[1.003s] Installing car_get_pose script to /shared/ws1_stu/install/py1_car_application/lib/py1_car_application
[1.003s] Installing car_init_pose script to /shared/ws1_stu/install/py1_car_application/lib/py1_car_application
[1.003s] Installing nav_to_pose script to /shared/ws1_stu/install/py1_car_application/lib/py1_car_application
[1.003s] Installing nav_to_poses script to /shared/ws1_stu/install/py1_car_application/lib/py1_car_application
[1.003s] writing list of installed files to '/shared/ws1_stu/build/py1_car_application/install.log'
[1.048s] Invoked command in '/shared/ws1_stu/src/py1_car_application' returned '0': PYTHONPATH=/shared/ws1_stu/build/py1_car_application/prefix_override:/usr/lib/python3/dist-packages/colcon_core/task/python/colcon_distutils_commands:/shared/ws1_stu/install/py1_car_application/lib/python3.10/site-packages:${PYTHONPATH} /usr/bin/python3 -W ignore:setup.py install is deprecated -W ignore:easy_install command is deprecated setup.py egg_info --egg-base ../../build/py1_car_application build --build-base /shared/ws1_stu/build/py1_car_application/build install --record /shared/ws1_stu/build/py1_car_application/install.log --single-version-externally-managed install_data
