-- Install configuration: ""
-- Up-to-date: /shared/ws2_pluginlib/install/cpp3_nav2/share/cpp3_nav2/launch
-- Up-to-date: /shared/ws2_pluginlib/install/cpp3_nav2/share/cpp3_nav2/launch/navigation2.launch.py
-- Up-to-date: /shared/ws2_pluginlib/install/cpp3_nav2/share/cpp3_nav2/config
-- Installing: /shared/ws2_pluginlib/install/cpp3_nav2/share/cpp3_nav2/config/nav2_params.yaml
-- Up-to-date: /shared/ws2_pluginlib/install/cpp3_nav2/share/cpp3_nav2/maps
-- Up-to-date: /shared/ws2_pluginlib/install/cpp3_nav2/share/cpp3_nav2/maps/room (副本).pgm
-- Up-to-date: /shared/ws2_pluginlib/install/cpp3_nav2/share/cpp3_nav2/maps/room.pgm
-- Up-to-date: /shared/ws2_pluginlib/install/cpp3_nav2/share/cpp3_nav2/maps/room.yaml
-- Up-to-date: /shared/ws2_pluginlib/install/cpp3_nav2/share/cpp3_nav2/rviz
-- Up-to-date: /shared/ws2_pluginlib/install/cpp3_nav2/share/cpp3_nav2/rviz/nav2_default_view.rviz
-- Up-to-date: /shared/ws2_pluginlib/install/cpp3_nav2/share/ament_index/resource_index/package_run_dependencies/cpp3_nav2
-- Up-to-date: /shared/ws2_pluginlib/install/cpp3_nav2/share/ament_index/resource_index/parent_prefix_path/cpp3_nav2
-- Up-to-date: /shared/ws2_pluginlib/install/cpp3_nav2/share/cpp3_nav2/environment/ament_prefix_path.sh
-- Up-to-date: /shared/ws2_pluginlib/install/cpp3_nav2/share/cpp3_nav2/environment/ament_prefix_path.dsv
-- Up-to-date: /shared/ws2_pluginlib/install/cpp3_nav2/share/cpp3_nav2/environment/path.sh
-- Up-to-date: /shared/ws2_pluginlib/install/cpp3_nav2/share/cpp3_nav2/environment/path.dsv
-- Up-to-date: /shared/ws2_pluginlib/install/cpp3_nav2/share/cpp3_nav2/local_setup.bash
-- Up-to-date: /shared/ws2_pluginlib/install/cpp3_nav2/share/cpp3_nav2/local_setup.sh
-- Up-to-date: /shared/ws2_pluginlib/install/cpp3_nav2/share/cpp3_nav2/local_setup.zsh
-- Up-to-date: /shared/ws2_pluginlib/install/cpp3_nav2/share/cpp3_nav2/local_setup.dsv
-- Installing: /shared/ws2_pluginlib/install/cpp3_nav2/share/cpp3_nav2/package.dsv
-- Up-to-date: /shared/ws2_pluginlib/install/cpp3_nav2/share/ament_index/resource_index/packages/cpp3_nav2
-- Up-to-date: /shared/ws2_pluginlib/install/cpp3_nav2/share/cpp3_nav2/cmake/cpp3_nav2Config.cmake
-- Up-to-date: /shared/ws2_pluginlib/install/cpp3_nav2/share/cpp3_nav2/cmake/cpp3_nav2Config-version.cmake
-- Up-to-date: /shared/ws2_pluginlib/install/cpp3_nav2/share/cpp3_nav2/package.xml
