[0.817s] Invoking command in '/shared/ws1_stu/src/py2_autopartol': PYTHONPATH=/shared/ws1_stu/build/py2_autopartol/prefix_override:/usr/lib/python3/dist-packages/colcon_core/task/python/colcon_distutils_commands:/shared/ws1_stu/install/py2_autopartol/lib/python3.10/site-packages:${PYTHONPATH} /usr/bin/python3 -W ignore:setup.py install is deprecated -W ignore:easy_install command is deprecated setup.py egg_info --egg-base ../../build/py2_autopartol build --build-base /shared/ws1_stu/build/py2_autopartol/build install --record /shared/ws1_stu/build/py2_autopartol/install.log --single-version-externally-managed install_data
[1.016s] running egg_info
[1.017s] writing ../../build/py2_autopartol/py2_autopartol.egg-info/PKG-INFO
[1.017s] writing dependency_links to ../../build/py2_autopartol/py2_autopartol.egg-info/dependency_links.txt
[1.017s] writing entry points to ../../build/py2_autopartol/py2_autopartol.egg-info/entry_points.txt
[1.017s] writing requirements to ../../build/py2_autopartol/py2_autopartol.egg-info/requires.txt
[1.017s] writing top-level names to ../../build/py2_autopartol/py2_autopartol.egg-info/top_level.txt
[1.018s] reading manifest file '../../build/py2_autopartol/py2_autopartol.egg-info/SOURCES.txt'
[1.018s] adding license file 'LICENSE'
[1.019s] writing manifest file '../../build/py2_autopartol/py2_autopartol.egg-info/SOURCES.txt'
[1.019s] running build
[1.020s] running build_py
[1.020s] running install
[1.020s] running install_lib
[1.021s] running install_data
[1.021s] running install_egg_info
[1.023s] removing '/shared/ws1_stu/install/py2_autopartol/lib/python3.10/site-packages/py2_autopartol-0.0.0-py3.10.egg-info' (and everything under it)
[1.023s] Copying ../../build/py2_autopartol/py2_autopartol.egg-info to /shared/ws1_stu/install/py2_autopartol/lib/python3.10/site-packages/py2_autopartol-0.0.0-py3.10.egg-info
[1.024s] running install_scripts
[1.047s] Installing partol_node script to /shared/ws1_stu/install/py2_autopartol/lib/py2_autopartol
[1.048s] writing list of installed files to '/shared/ws1_stu/build/py2_autopartol/install.log'
[1.084s] Invoked command in '/shared/ws1_stu/src/py2_autopartol' returned '0': PYTHONPATH=/shared/ws1_stu/build/py2_autopartol/prefix_override:/usr/lib/python3/dist-packages/colcon_core/task/python/colcon_distutils_commands:/shared/ws1_stu/install/py2_autopartol/lib/python3.10/site-packages:${PYTHONPATH} /usr/bin/python3 -W ignore:setup.py install is deprecated -W ignore:easy_install command is deprecated setup.py egg_info --egg-base ../../build/py2_autopartol build --build-base /shared/ws1_stu/build/py2_autopartol/build install --record /shared/ws1_stu/build/py2_autopartol/install.log --single-version-externally-managed install_data
