/home/hzc/linux/ros2/stu/ws01_plubming/install/py01_topic/lib/python3.14/site-packages/py01_topic/__init__.py
/home/hzc/linux/ros2/stu/ws01_plubming/install/py01_topic/lib/python3.14/site-packages/py01_topic/demo02_listener_stu_py.py
/home/hzc/linux/ros2/stu/ws01_plubming/install/py01_topic/lib/python3.14/site-packages/py01_topic/demo02_talker_stu_py.py
/home/hzc/linux/ros2/stu/ws01_plubming/install/py01_topic/lib/python3.14/site-packages/py01_topic/demo01_talker_sty_py.py
/home/hzc/linux/ros2/stu/ws01_plubming/install/py01_topic/lib/python3.14/site-packages/py01_topic/demo01_listener_sty_py.py
/home/hzc/linux/ros2/stu/ws01_plubming/install/py01_topic/lib/python3.14/site-packages/py01_topic/py.typed
/home/hzc/linux/ros2/stu/ws01_plubming/install/py01_topic/lib/python3.14/site-packages/py01_topic/__pycache__/__init__.cpython-314.pyc
/home/hzc/linux/ros2/stu/ws01_plubming/install/py01_topic/lib/python3.14/site-packages/py01_topic/__pycache__/demo02_listener_stu_py.cpython-314.pyc
/home/hzc/linux/ros2/stu/ws01_plubming/install/py01_topic/lib/python3.14/site-packages/py01_topic/__pycache__/demo02_talker_stu_py.cpython-314.pyc
/home/hzc/linux/ros2/stu/ws01_plubming/install/py01_topic/lib/python3.14/site-packages/py01_topic/__pycache__/demo01_talker_sty_py.cpython-314.pyc
/home/hzc/linux/ros2/stu/ws01_plubming/install/py01_topic/lib/python3.14/site-packages/py01_topic/__pycache__/demo01_listener_sty_py.cpython-314.pyc
/home/hzc/linux/ros2/stu/ws01_plubming/install/py01_topic/share/ament_index/resource_index/packages/py01_topic
/home/hzc/linux/ros2/stu/ws01_plubming/install/py01_topic/share/py01_topic/package.xml
/home/hzc/linux/ros2/stu/ws01_plubming/install/py01_topic/lib/python3.14/site-packages/py01_topic-0.0.0-py3.14.egg-info/entry_points.txt
/home/hzc/linux/ros2/stu/ws01_plubming/install/py01_topic/lib/python3.14/site-packages/py01_topic-0.0.0-py3.14.egg-info/zip-safe
/home/hzc/linux/ros2/stu/ws01_plubming/install/py01_topic/lib/python3.14/site-packages/py01_topic-0.0.0-py3.14.egg-info/dependency_links.txt
/home/hzc/linux/ros2/stu/ws01_plubming/install/py01_topic/lib/python3.14/site-packages/py01_topic-0.0.0-py3.14.egg-info/PKG-INFO
/home/hzc/linux/ros2/stu/ws01_plubming/install/py01_topic/lib/python3.14/site-packages/py01_topic-0.0.0-py3.14.egg-info/requires.txt
/home/hzc/linux/ros2/stu/ws01_plubming/install/py01_topic/lib/python3.14/site-packages/py01_topic-0.0.0-py3.14.egg-info/top_level.txt
/home/hzc/linux/ros2/stu/ws01_plubming/install/py01_topic/lib/python3.14/site-packages/py01_topic-0.0.0-py3.14.egg-info/SOURCES.txt
/home/hzc/linux/ros2/stu/ws01_plubming/install/py01_topic/lib/py01_topic/demo01_listener_sty_py
/home/hzc/linux/ros2/stu/ws01_plubming/install/py01_topic/lib/py01_topic/demo01_talker_sty_py
/home/hzc/linux/ros2/stu/ws01_plubming/install/py01_topic/lib/py01_topic/demo02_listener_stu_py
/home/hzc/linux/ros2/stu/ws01_plubming/install/py01_topic/lib/py01_topic/demo02_talker_stu_py
