-- Found ament_cmake: 2.8.7 (/opt/ros/lyrical/share/ament_cmake/cmake)
-- Found rclcpp: 32.0.0 (/opt/ros/lyrical/share/rclcpp/cmake)
-- Found rosidl_generator_c: 5.2.0 (/opt/ros/lyrical/share/rosidl_generator_c/cmake)
-- Found rosidl_generator_cpp: 5.2.0 (/opt/ros/lyrical/share/rosidl_generator_cpp/cmake)
-- Using all available rosidl_typesupport_c: rosidl_typesupport_fastrtps_c;rosidl_typesupport_introspection_c
-- Using all available rosidl_typesupport_cpp: rosidl_typesupport_fastrtps_cpp;rosidl_typesupport_introspection_cpp
-- Found rmw_implementation_cmake: 7.10.1 (/opt/ros/lyrical/share/rmw_implementation_cmake/cmake)
-- Found rmw_fastrtps_cpp: 9.4.8 (/opt/ros/lyrical/share/rmw_fastrtps_cpp/cmake)
-- Using RMW implementation 'rmw_fastrtps_cpp' as default
-- Found tf2: 0.45.7 (/opt/ros/lyrical/share/tf2/cmake)
-- Found tf2_ros: 0.45.7 (/opt/ros/lyrical/share/tf2_ros/cmake)
-- Found turtlesim_msgs: 1.10.9 (/opt/ros/lyrical/share/turtlesim_msgs/cmake)
-- Found ament_lint_auto: 0.20.6 (/opt/ros/lyrical/share/ament_lint_auto/cmake)
-- Added test 'cppcheck' to perform static code analysis on C / C++ code
-- Configured cppcheck include dirs: $<BUILD_INTERFACE:/home/hzc/linux/ros2/stu/ws02_tools/src/cpp3_tf_broadcaster/include>
-- Configured cppcheck exclude dirs and/or files: 
-- Added test 'lint_cmake' to check CMake code style
-- Added test 'uncrustify' to check C / C++ code style
-- Configured uncrustify additional arguments: 
-- Added test 'xmllint' to check XML markup files
-- Configuring done (0.7s)
-- Generating done (0.0s)
-- Build files have been written to: /home/hzc/linux/ros2/stu/ws02_tools/build/cpp3_tf_broadcaster
[ 16%] [32mBuilding CXX object CMakeFiles/demo3_point_tf.dir/src/demo3_point_tf.cpp.o[0m
[ 50%] Built target demo1_tf_static
[ 83%] Built target demo2_tf_dynamic
gmake[2]: *** [CMakeFiles/demo3_point_tf.dir/build.make:79: CMakeFiles/demo3_point_tf.dir/src/demo3_point_tf.cpp.o] 中断
gmake[1]: *** [CMakeFiles/Makefile2:223: CMakeFiles/demo3_point_tf.dir/all] 中断
gmake: *** [Makefile:146: all] 中断
