[0.861s] Invoking command in '/home/hzc/linux/ros2/stu/ws02_tools/src/py1_launch': DEBUGINFOD_URLS=https://debuginfod.ubuntu.com PYTHONPATH=/home/hzc/linux/ros2/stu/ws02_tools/build/py1_launch/prefix_override:/usr/lib/python3/dist-packages/colcon_core/task/python/colcon_distutils_commands:/home/hzc/linux/ros2/stu/ws02_tools/install/py1_launch/lib/python3.14/site-packages:${PYTHONPATH} /usr/bin/python3 -W ignore:setup.py install is deprecated -W ignore:easy_install command is deprecated setup.py egg_info --egg-base ../../build/py1_launch build --build-base /home/hzc/linux/ros2/stu/ws02_tools/build/py1_launch/build install --record /home/hzc/linux/ros2/stu/ws02_tools/build/py1_launch/install.log --single-version-externally-managed install_data
[1.144s] running egg_info
[1.164s] creating ../../build/py1_launch/py1_launch.egg-info
[1.164s] writing ../../build/py1_launch/py1_launch.egg-info/PKG-INFO
[1.165s] writing dependency_links to ../../build/py1_launch/py1_launch.egg-info/dependency_links.txt
[1.165s] writing requirements to ../../build/py1_launch/py1_launch.egg-info/requires.txt
[1.165s] writing top-level names to ../../build/py1_launch/py1_launch.egg-info/top_level.txt
[1.165s] writing manifest file '../../build/py1_launch/py1_launch.egg-info/SOURCES.txt'
[1.209s] reading manifest file '../../build/py1_launch/py1_launch.egg-info/SOURCES.txt'
[1.209s] writing manifest file '../../build/py1_launch/py1_launch.egg-info/SOURCES.txt'
[1.210s] running build
[1.210s] running build_py
[1.210s] creating /home/hzc/linux/ros2/stu/ws02_tools/build/py1_launch/build/lib/py1_launch
[1.210s] copying py1_launch/__init__.py -> /home/hzc/linux/ros2/stu/ws02_tools/build/py1_launch/build/lib/py1_launch
[1.210s] copying py1_launch/py.typed -> /home/hzc/linux/ros2/stu/ws02_tools/build/py1_launch/build/lib/py1_launch
[1.211s] running install
[1.215s] running install_lib
[1.235s] creating /home/hzc/linux/ros2/stu/ws02_tools/install/py1_launch/lib/python3.14/site-packages/py1_launch
[1.235s] copying /home/hzc/linux/ros2/stu/ws02_tools/build/py1_launch/build/lib/py1_launch/py.typed -> /home/hzc/linux/ros2/stu/ws02_tools/install/py1_launch/lib/python3.14/site-packages/py1_launch
[1.236s] copying /home/hzc/linux/ros2/stu/ws02_tools/build/py1_launch/build/lib/py1_launch/__init__.py -> /home/hzc/linux/ros2/stu/ws02_tools/install/py1_launch/lib/python3.14/site-packages/py1_launch
[1.236s] byte-compiling /home/hzc/linux/ros2/stu/ws02_tools/install/py1_launch/lib/python3.14/site-packages/py1_launch/__init__.py to __init__.cpython-314.pyc
[1.236s] running install_data
[1.236s] creating /home/hzc/linux/ros2/stu/ws02_tools/install/py1_launch/share/ament_index/resource_index/packages
[1.237s] copying resource/py1_launch -> /home/hzc/linux/ros2/stu/ws02_tools/install/py1_launch/share/ament_index/resource_index/packages
[1.237s] copying package.xml -> /home/hzc/linux/ros2/stu/ws02_tools/install/py1_launch/share/py1_launch
[1.237s] copying launch/py/py1_helloword_launch.py -> /home/hzc/linux/ros2/stu/ws02_tools/install/py1_launch/share/py1_launch
[1.237s] copying launch/xml/xml1_helloword_launch.xml -> /home/hzc/linux/ros2/stu/ws02_tools/install/py1_launch/share/py1_launch
[1.237s] copying launch/yaml/yaml1_helloword_launch.yaml -> /home/hzc/linux/ros2/stu/ws02_tools/install/py1_launch/share/py1_launch
[1.237s] running install_egg_info
[1.258s] Copying ../../build/py1_launch/py1_launch.egg-info to /home/hzc/linux/ros2/stu/ws02_tools/install/py1_launch/lib/python3.14/site-packages/py1_launch-0.0.0-py3.14.egg-info
[1.259s] running install_scripts
[1.366s] writing list of installed files to '/home/hzc/linux/ros2/stu/ws02_tools/build/py1_launch/install.log'
[1.399s] Invoked command in '/home/hzc/linux/ros2/stu/ws02_tools/src/py1_launch' returned '0': DEBUGINFOD_URLS=https://debuginfod.ubuntu.com PYTHONPATH=/home/hzc/linux/ros2/stu/ws02_tools/build/py1_launch/prefix_override:/usr/lib/python3/dist-packages/colcon_core/task/python/colcon_distutils_commands:/home/hzc/linux/ros2/stu/ws02_tools/install/py1_launch/lib/python3.14/site-packages:${PYTHONPATH} /usr/bin/python3 -W ignore:setup.py install is deprecated -W ignore:easy_install command is deprecated setup.py egg_info --egg-base ../../build/py1_launch build --build-base /home/hzc/linux/ros2/stu/ws02_tools/build/py1_launch/build install --record /home/hzc/linux/ros2/stu/ws02_tools/build/py1_launch/install.log --single-version-externally-managed install_data
