[0.012s] Invoking command in '/home/hzc/linux/ros2/ros2_stu/build/pkg01_hello_cpp': CMAKE_PREFIX_PATH=${CMAKE_PREFIX_PATH}:/opt/ros/lyrical DEBUGINFOD_URLS=https://debuginfod.ubuntu.com /usr/bin/cmake --build /home/hzc/linux/ros2/ros2_stu/build/pkg01_hello_cpp -- -j16 -l16
[0.039s] [33mCMake Warning (dev) in CMakeLists.txt:
[0.039s]   No project() command is present.  The top-level CMakeLists.txt file must
[0.039s]   contain a literal, direct call to the project() command.  Add a line of
[0.039s]   code such as
[0.039s] 
[0.040s]     project(ProjectName)
[0.040s] 
[0.040s]   near the top of the file, but after cmake_minimum_required().
[0.040s] 
[0.040s]   CMake is pretending there is a "project(Project)" command on the first
[0.040s]   line.
[0.040s] This warning is for project developers.  Use -Wno-dev to suppress it.
[0.040s] [0m
[0.040s] [33mCMake Warning (dev) in CMakeLists.txt:
[0.041s]   cmake_minimum_required() should be called prior to this top-level project()
[0.041s]   call.  Please see the cmake-commands(7) manual for usage documentation of
[0.041s]   both commands.
[0.041s] This warning is for project developers.  Use -Wno-dev to suppress it.
[0.041s] [0m
[0.044s] -- Found ament_cmake: 2.8.7 (/opt/ros/lyrical/share/ament_cmake/cmake)
[0.241s] -- Found rclcpp: 32.0.0 (/opt/ros/lyrical/share/rclcpp/cmake)
[0.259s] -- Found rosidl_generator_c: 5.2.0 (/opt/ros/lyrical/share/rosidl_generator_c/cmake)
[0.264s] -- Found rosidl_generator_cpp: 5.2.0 (/opt/ros/lyrical/share/rosidl_generator_cpp/cmake)
[0.273s] -- Using all available rosidl_typesupport_c: rosidl_typesupport_fastrtps_c;rosidl_typesupport_introspection_c
[0.281s] -- Using all available rosidl_typesupport_cpp: rosidl_typesupport_fastrtps_cpp;rosidl_typesupport_introspection_cpp
[0.342s] -- Found rmw_implementation_cmake: 7.10.1 (/opt/ros/lyrical/share/rmw_implementation_cmake/cmake)
[0.343s] -- Found rmw_fastrtps_cpp: 9.4.8 (/opt/ros/lyrical/share/rmw_fastrtps_cpp/cmake)
[0.369s] -- Using RMW implementation 'rmw_fastrtps_cpp' as default
[0.432s] [31mCMake Error at CMakeLists.txt:30 (install):
[0.432s]   install TARGETS given target "hello2" which does not exist.
[0.432s] 
[0.432s] [0m
[0.432s] -- Found ament_lint_auto: 0.20.6 (/opt/ros/lyrical/share/ament_lint_auto/cmake)
[0.525s] [31mCMake Error at /opt/ros/lyrical/share/ament_cmake_core/cmake/core/ament_package_xml.cmake:53 (message):
[0.525s]   ament_package_xml() package name 'pkg01_hello_cpp' in '/package.xml' does
[0.525s]   not match current PROJECT_NAME 'Project'.  You must call project() with the
[0.525s]   same package name before.
[0.525s] Call Stack (most recent call first):
[0.525s]   /opt/ros/lyrical/share/ament_lint_auto/cmake/ament_lint_auto_find_test_dependencies.cmake:31 (ament_package_xml)
[0.525s]   CMakeLists.txt:42 (ament_lint_auto_find_test_dependencies)
[0.525s] 
[0.525s] [0m
[0.526s] -- Configuring incomplete, errors occurred!
[0.532s] gmake: *** [Makefile:267：cmake_check_build_system] 错误 1
[0.533s] Invoked command in '/home/hzc/linux/ros2/ros2_stu/build/pkg01_hello_cpp' returned '2': CMAKE_PREFIX_PATH=${CMAKE_PREFIX_PATH}:/opt/ros/lyrical DEBUGINFOD_URLS=https://debuginfod.ubuntu.com /usr/bin/cmake --build /home/hzc/linux/ros2/ros2_stu/build/pkg01_hello_cpp -- -j16 -l16
