[0.014s] Invoking command in '/home/hzc/linux/ros2/stu/ws02_tools/build/cpp4_tf_listener': CMAKE_PREFIX_PATH=${CMAKE_PREFIX_PATH}:/home/hzc/linux/ros2/stu/ws02_tools/install/py3_tf_broadcaster:/home/hzc/linux/ros2/stu/ws02_tools/install/py1_launch:/opt/ros/lyrical DEBUGINFOD_URLS=https://debuginfod.ubuntu.com /usr/bin/cmake --build /home/hzc/linux/ros2/stu/ws02_tools/build/cpp4_tf_listener -- -j16 -l16
[0.084s] [ 50%] Built target demo1_tf_listener
[0.109s] [ 75%] [32mBuilding CXX object CMakeFiles/demo2_msg_filter.dir/src/demo2_msg_filter.cpp.o[0m
[9.225s] [100%] [1m[32mLinking CXX executable demo2_msg_filter[0m
[9.664s] [100%] Built target demo2_msg_filter
[9.679s] Invoked command in '/home/hzc/linux/ros2/stu/ws02_tools/build/cpp4_tf_listener' returned '0': CMAKE_PREFIX_PATH=${CMAKE_PREFIX_PATH}:/home/hzc/linux/ros2/stu/ws02_tools/install/py3_tf_broadcaster:/home/hzc/linux/ros2/stu/ws02_tools/install/py1_launch:/opt/ros/lyrical DEBUGINFOD_URLS=https://debuginfod.ubuntu.com /usr/bin/cmake --build /home/hzc/linux/ros2/stu/ws02_tools/build/cpp4_tf_listener -- -j16 -l16
[9.692s] Invoking command in '/home/hzc/linux/ros2/stu/ws02_tools/build/cpp4_tf_listener': CMAKE_PREFIX_PATH=${CMAKE_PREFIX_PATH}:/home/hzc/linux/ros2/stu/ws02_tools/install/py3_tf_broadcaster:/home/hzc/linux/ros2/stu/ws02_tools/install/py1_launch:/opt/ros/lyrical DEBUGINFOD_URLS=https://debuginfod.ubuntu.com /usr/bin/cmake --install /home/hzc/linux/ros2/stu/ws02_tools/build/cpp4_tf_listener
[9.701s] -- Install configuration: ""
[9.702s] -- Up-to-date: /home/hzc/linux/ros2/stu/ws02_tools/install/cpp4_tf_listener/lib/cpp4_tf_listener/demo1_tf_listener
[9.702s] -- Installing: /home/hzc/linux/ros2/stu/ws02_tools/install/cpp4_tf_listener/lib/cpp4_tf_listener/demo2_msg_filter
[9.711s] -- Set non-toolchain portion of runtime path of "/home/hzc/linux/ros2/stu/ws02_tools/install/cpp4_tf_listener/lib/cpp4_tf_listener/demo2_msg_filter" to ""
[9.711s] -- Up-to-date: /home/hzc/linux/ros2/stu/ws02_tools/install/cpp4_tf_listener/share/ament_index/resource_index/package_run_dependencies/cpp4_tf_listener
[9.712s] -- Up-to-date: /home/hzc/linux/ros2/stu/ws02_tools/install/cpp4_tf_listener/share/ament_index/resource_index/parent_prefix_path/cpp4_tf_listener
[9.712s] -- Up-to-date: /home/hzc/linux/ros2/stu/ws02_tools/install/cpp4_tf_listener/share/cpp4_tf_listener/environment/ament_prefix_path.sh
[9.712s] -- Up-to-date: /home/hzc/linux/ros2/stu/ws02_tools/install/cpp4_tf_listener/share/cpp4_tf_listener/environment/ament_prefix_path.dsv
[9.712s] -- Up-to-date: /home/hzc/linux/ros2/stu/ws02_tools/install/cpp4_tf_listener/share/cpp4_tf_listener/environment/path.sh
[9.712s] -- Up-to-date: /home/hzc/linux/ros2/stu/ws02_tools/install/cpp4_tf_listener/share/cpp4_tf_listener/environment/path.dsv
[9.712s] -- Up-to-date: /home/hzc/linux/ros2/stu/ws02_tools/install/cpp4_tf_listener/share/cpp4_tf_listener/local_setup.bash
[9.712s] -- Up-to-date: /home/hzc/linux/ros2/stu/ws02_tools/install/cpp4_tf_listener/share/cpp4_tf_listener/local_setup.fish
[9.712s] -- Up-to-date: /home/hzc/linux/ros2/stu/ws02_tools/install/cpp4_tf_listener/share/cpp4_tf_listener/local_setup.sh
[9.712s] -- Up-to-date: /home/hzc/linux/ros2/stu/ws02_tools/install/cpp4_tf_listener/share/cpp4_tf_listener/local_setup.zsh
[9.712s] -- Up-to-date: /home/hzc/linux/ros2/stu/ws02_tools/install/cpp4_tf_listener/share/cpp4_tf_listener/local_setup.dsv
[9.712s] -- Installing: /home/hzc/linux/ros2/stu/ws02_tools/install/cpp4_tf_listener/share/cpp4_tf_listener/package.dsv
[9.713s] -- Up-to-date: /home/hzc/linux/ros2/stu/ws02_tools/install/cpp4_tf_listener/share/ament_index/resource_index/packages/cpp4_tf_listener
[9.713s] -- Up-to-date: /home/hzc/linux/ros2/stu/ws02_tools/install/cpp4_tf_listener/share/cpp4_tf_listener/cmake/cpp4_tf_listenerConfig.cmake
[9.713s] -- Up-to-date: /home/hzc/linux/ros2/stu/ws02_tools/install/cpp4_tf_listener/share/cpp4_tf_listener/cmake/cpp4_tf_listenerConfig-version.cmake
[9.713s] -- Up-to-date: /home/hzc/linux/ros2/stu/ws02_tools/install/cpp4_tf_listener/share/cpp4_tf_listener/package.xml
[9.714s] Invoked command in '/home/hzc/linux/ros2/stu/ws02_tools/build/cpp4_tf_listener' returned '0': CMAKE_PREFIX_PATH=${CMAKE_PREFIX_PATH}:/home/hzc/linux/ros2/stu/ws02_tools/install/py3_tf_broadcaster:/home/hzc/linux/ros2/stu/ws02_tools/install/py1_launch:/opt/ros/lyrical DEBUGINFOD_URLS=https://debuginfod.ubuntu.com /usr/bin/cmake --install /home/hzc/linux/ros2/stu/ws02_tools/build/cpp4_tf_listener
