[0.015s] Invoking command in '/home/hzc/linux/ros2/stu/ws01_plubming/build/base_interfeces': CMAKE_PREFIX_PATH=${CMAKE_PREFIX_PATH}:/home/hzc/linux/ros2/stu/ws01_plubming/install/py06_timer:/home/hzc/linux/ros2/stu/ws01_plubming/install/py05_names:/home/hzc/linux/ros2/stu/ws01_plubming/install/py04_param:/home/hzc/linux/ros2/stu/ws01_plubming/install/py03_action:/home/hzc/linux/ros2/stu/ws01_plubming/install/py02_seriver:/home/hzc/linux/ros2/stu/ws01_plubming/install/py01_topic:/opt/ros/lyrical DEBUGINFOD_URLS=https://debuginfod.ubuntu.com /usr/bin/cmake --build /home/hzc/linux/ros2/stu/ws01_plubming/build/base_interfeces -- -j16 -l16
[0.077s] [  2%] Built target base_interfeces__rs
[0.077s] [  2%] Built target base_interfeces__rosidl_generator_type_description
[0.102s] [  4%] Built target base_interfeces__cpp
[0.117s] [ 26%] Built target base_interfeces__rosidl_generator_c
[0.150s] [ 36%] Built target base_interfeces__rosidl_typesupport_introspection_c
[0.151s] [ 45%] Built target base_interfeces__rosidl_typesupport_c
[0.160s] [ 54%] Built target base_interfeces__rosidl_typesupport_introspection_cpp
[0.161s] [ 64%] Built target base_interfeces__rosidl_typesupport_fastrtps_cpp
[0.161s] [ 73%] Built target base_interfeces__rosidl_typesupport_fastrtps_c
[0.163s] [ 82%] Built target base_interfeces__rosidl_typesupport_cpp
[0.187s] [ 82%] Built target base_interfeces
[0.213s] [ 84%] Built target base_interfeces__py
[0.254s] [ 84%] Built target ament_cmake_python_sync_base_interfeces
[0.259s] [ 92%] Built target base_interfeces__rosidl_generator_py
[0.291s] [100%] Built target base_interfeces_s__rosidl_typesupport_c
[0.291s] [100%] Built target base_interfeces_s__rosidl_typesupport_fastrtps_c
[0.292s] [100%] Built target base_interfeces_s__rosidl_typesupport_introspection_c
[0.512s] running egg_info
[0.534s] writing base_interfeces.egg-info/PKG-INFO
[0.534s] writing dependency_links to base_interfeces.egg-info/dependency_links.txt
[0.535s] writing top-level names to base_interfeces.egg-info/top_level.txt
[0.601s] reading manifest file 'base_interfeces.egg-info/SOURCES.txt'
[0.602s] writing manifest file 'base_interfeces.egg-info/SOURCES.txt'
[0.640s] [100%] Built target ament_cmake_python_build_base_interfeces_egg
[0.656s] Invoked command in '/home/hzc/linux/ros2/stu/ws01_plubming/build/base_interfeces' returned '0': CMAKE_PREFIX_PATH=${CMAKE_PREFIX_PATH}:/home/hzc/linux/ros2/stu/ws01_plubming/install/py06_timer:/home/hzc/linux/ros2/stu/ws01_plubming/install/py05_names:/home/hzc/linux/ros2/stu/ws01_plubming/install/py04_param:/home/hzc/linux/ros2/stu/ws01_plubming/install/py03_action:/home/hzc/linux/ros2/stu/ws01_plubming/install/py02_seriver:/home/hzc/linux/ros2/stu/ws01_plubming/install/py01_topic:/opt/ros/lyrical DEBUGINFOD_URLS=https://debuginfod.ubuntu.com /usr/bin/cmake --build /home/hzc/linux/ros2/stu/ws01_plubming/build/base_interfeces -- -j16 -l16
[0.668s] Invoking command in '/home/hzc/linux/ros2/stu/ws01_plubming/build/base_interfeces': CMAKE_PREFIX_PATH=${CMAKE_PREFIX_PATH}:/home/hzc/linux/ros2/stu/ws01_plubming/install/py06_timer:/home/hzc/linux/ros2/stu/ws01_plubming/install/py05_names:/home/hzc/linux/ros2/stu/ws01_plubming/install/py04_param:/home/hzc/linux/ros2/stu/ws01_plubming/install/py03_action:/home/hzc/linux/ros2/stu/ws01_plubming/install/py02_seriver:/home/hzc/linux/ros2/stu/ws01_plubming/install/py01_topic:/opt/ros/lyrical DEBUGINFOD_URLS=https://debuginfod.ubuntu.com /usr/bin/cmake --install /home/hzc/linux/ros2/stu/ws01_plubming/build/base_interfeces
[0.678s] -- Install configuration: ""
[0.678s] -- Up-to-date: /home/hzc/linux/ros2/stu/ws01_plubming/install/base_interfeces/share/ament_index/resource_index/rosidl_interfaces/base_interfeces
[0.678s] -- Up-to-date: /home/hzc/linux/ros2/stu/ws01_plubming/install/base_interfeces/share/base_interfeces/msg/Student.json
[0.679s] -- Up-to-date: /home/hzc/linux/ros2/stu/ws01_plubming/install/base_interfeces/share/base_interfeces/srv/Addints.json
[0.679s] -- Up-to-date: /home/hzc/linux/ros2/stu/ws01_plubming/install/base_interfeces/share/base_interfeces/srv/Distance.json
[0.679s] -- Up-to-date: /home/hzc/linux/ros2/stu/ws01_plubming/install/base_interfeces/share/base_interfeces/action/Progress.json
[0.679s] -- Up-to-date: /home/hzc/linux/ros2/stu/ws01_plubming/install/base_interfeces/share/base_interfeces/action/Nav.json
[0.679s] -- Up-to-date: /home/hzc/linux/ros2/stu/ws01_plubming/install/base_interfeces/include/base_interfeces/base_interfeces
[0.680s] -- Up-to-date: /home/hzc/linux/ros2/stu/ws01_plubming/install/base_interfeces/include/base_interfeces/base_interfeces/action
[0.681s] -- Up-to-date: /home/hzc/linux/ros2/stu/ws01_plubming/install/base_interfeces/include/base_interfeces/base_interfeces/action/progress.h
[0.681s] -- Up-to-date: /home/hzc/linux/ros2/stu/ws01_plubming/install/base_interfeces/include/base_interfeces/base_interfeces/action/nav.h
[0.681s] -- Up-to-date: /home/hzc/linux/ros2/stu/ws01_plubming/install/base_interfeces/include/base_interfeces/base_interfeces/action/detail
[0.681s] -- Up-to-date: /home/hzc/linux/ros2/stu/ws01_plubming/install/base_interfeces/include/base_interfeces/base_interfeces/action/detail/nav__struct.h
[0.681s] -- Up-to-date: /home/hzc/linux/ros2/stu/ws01_plubming/install/base_interfeces/include/base_interfeces/base_interfeces/action/detail/nav__description.c
[0.681s] -- Up-to-date: /home/hzc/linux/ros2/stu/ws01_plubming/install/base_interfeces/include/base_interfeces/base_interfeces/action/detail/nav__functions.h
[0.682s] -- Up-to-date: /home/hzc/linux/ros2/stu/ws01_plubming/install/base_interfeces/include/base_interfeces/base_interfeces/action/detail/progress__functions.c
[0.682s] -- Up-to-date: /home/hzc/linux/ros2/stu/ws01_plubming/install/base_interfeces/include/base_interfeces/base_interfeces/action/detail/progress__description.c
[0.682s] -- Up-to-date: /home/hzc/linux/ros2/stu/ws01_plubming/install/base_interfeces/include/base_interfeces/base_interfeces/action/detail/nav__type_support.c
[0.682s] -- Up-to-date: /home/hzc/linux/ros2/stu/ws01_plubming/install/base_interfeces/include/base_interfeces/base_interfeces/action/detail/progress__functions.h
[0.683s] -- Up-to-date: /home/hzc/linux/ros2/stu/ws01_plubming/install/base_interfeces/include/base_interfeces/base_interfeces/action/detail/progress__type_support.h
[0.683s] -- Up-to-date: /home/hzc/linux/ros2/stu/ws01_plubming/install/base_interfeces/include/base_interfeces/base_interfeces/action/detail/nav__functions.c
[0.683s] -- Up-to-date: /home/hzc/linux/ros2/stu/ws01_plubming/install/base_interfeces/include/base_interfeces/base_interfeces/action/detail/progress__type_support.c
[0.683s] -- Up-to-date: /home/hzc/linux/ros2/stu/ws01_plubming/install/base_interfeces/include/base_interfeces/base_interfeces/action/detail/nav__type_support.h
[0.683s] -- Up-to-date: /home/hzc/linux/ros2/stu/ws01_plubming/install/base_interfeces/include/base_interfeces/base_interfeces/action/detail/progress__struct.h
[0.683s] -- Up-to-date: /home/hzc/linux/ros2/stu/ws01_plubming/install/base_interfeces/include/base_interfeces/base_interfeces/srv
[0.683s] -- Up-to-date: /home/hzc/linux/ros2/stu/ws01_plubming/install/base_interfeces/include/base_interfeces/base_interfeces/srv/distance.h
[0.684s] -- Up-to-date: /home/hzc/linux/ros2/stu/ws01_plubming/install/base_interfeces/include/base_interfeces/base_interfeces/srv/detail
[0.684s] -- Up-to-date: /home/hzc/linux/ros2/stu/ws01_plubming/install/base_interfeces/include/base_interfeces/base_interfeces/srv/detail/addints__functions.h
[0.684s] -- Up-to-date: /home/hzc/linux/ros2/stu/ws01_plubming/install/base_interfeces/include/base_interfeces/base_interfeces/srv/detail/distance__type_support.h
[0.684s] -- Up-to-date: /home/hzc/linux/ros2/stu/ws01_plubming/install/base_interfeces/include/base_interfeces/base_interfeces/srv/detail/addints__functions.c
[0.684s] -- Up-to-date: /home/hzc/linux/ros2/stu/ws01_plubming/install/base_interfeces/include/base_interfeces/base_interfeces/srv/detail/distance__functions.h
[0.684s] -- Up-to-date: /home/hzc/linux/ros2/stu/ws01_plubming/install/base_interfeces/include/base_interfeces/base_interfeces/srv/detail/addints__struct.h
[0.684s] -- Up-to-date: /home/hzc/linux/ros2/stu/ws01_plubming/install/base_interfeces/include/base_interfeces/base_interfeces/srv/detail/distance__struct.h
[0.684s] -- Up-to-date: /home/hzc/linux/ros2/stu/ws01_plubming/install/base_interfeces/include/base_interfeces/base_interfeces/srv/detail/addints__description.c
[0.684s] -- Up-to-date: /home/hzc/linux/ros2/stu/ws01_plubming/install/base_interfeces/include/base_interfeces/base_interfeces/srv/detail/addints__type_support.c
[0.685s] -- Up-to-date: /home/hzc/linux/ros2/stu/ws01_plubming/install/base_interfeces/include/base_interfeces/base_interfeces/srv/detail/distance__description.c
[0.685s] -- Up-to-date: /home/hzc/linux/ros2/stu/ws01_plubming/install/base_interfeces/include/base_interfeces/base_interfeces/srv/detail/distance__functions.c
[0.685s] -- Up-to-date: /home/hzc/linux/ros2/stu/ws01_plubming/install/base_interfeces/include/base_interfeces/base_interfeces/srv/detail/addints__type_support.h
[0.685s] -- Up-to-date: /home/hzc/linux/ros2/stu/ws01_plubming/install/base_interfeces/include/base_interfeces/base_interfeces/srv/detail/distance__type_support.c
[0.685s] -- Up-to-date: /home/hzc/linux/ros2/stu/ws01_plubming/install/base_interfeces/include/base_interfeces/base_interfeces/srv/addints.h
[0.685s] -- Up-to-date: /home/hzc/linux/ros2/stu/ws01_plubming/install/base_interfeces/include/base_interfeces/base_interfeces/msg
[0.685s] -- Up-to-date: /home/hzc/linux/ros2/stu/ws01_plubming/install/base_interfeces/include/base_interfeces/base_interfeces/msg/rosidl_generator_c__visibility_control.h
[0.685s] -- Up-to-date: /home/hzc/linux/ros2/stu/ws01_plubming/install/base_interfeces/include/base_interfeces/base_interfeces/msg/detail
[0.685s] -- Up-to-date: /home/hzc/linux/ros2/stu/ws01_plubming/install/base_interfeces/include/base_interfeces/base_interfeces/msg/detail/student__functions.h
[0.685s] -- Up-to-date: /home/hzc/linux/ros2/stu/ws01_plubming/install/base_interfeces/include/base_interfeces/base_interfeces/msg/detail/student__functions.c
[0.685s] -- Up-to-date: /home/hzc/linux/ros2/stu/ws01_plubming/install/base_interfeces/include/base_interfeces/base_interfeces/msg/detail/student__struct.h
[0.686s] -- Up-to-date: /home/hzc/linux/ros2/stu/ws01_plubming/install/base_interfeces/include/base_interfeces/base_interfeces/msg/detail/student__description.c
[0.686s] -- Up-to-date: /home/hzc/linux/ros2/stu/ws01_plubming/install/base_interfeces/include/base_interfeces/base_interfeces/msg/detail/student__type_support.h
[0.686s] -- Up-to-date: /home/hzc/linux/ros2/stu/ws01_plubming/install/base_interfeces/include/base_interfeces/base_interfeces/msg/detail/student__type_support.c
[0.686s] -- Up-to-date: /home/hzc/linux/ros2/stu/ws01_plubming/install/base_interfeces/include/base_interfeces/base_interfeces/msg/student.h
[0.686s] -- Up-to-date: /home/hzc/linux/ros2/stu/ws01_plubming/install/base_interfeces/share/base_interfeces/environment/library_path.sh
[0.686s] -- Up-to-date: /home/hzc/linux/ros2/stu/ws01_plubming/install/base_interfeces/share/base_interfeces/environment/library_path.dsv
[0.686s] -- Up-to-date: /home/hzc/linux/ros2/stu/ws01_plubming/install/base_interfeces/lib/libbase_interfeces__rosidl_generator_c.so
[0.686s] -- Up-to-date: /home/hzc/linux/ros2/stu/ws01_plubming/install/base_interfeces/include/base_interfeces/base_interfeces
[0.686s] -- Up-to-date: /home/hzc/linux/ros2/stu/ws01_plubming/install/base_interfeces/include/base_interfeces/base_interfeces/action
[0.686s] -- Up-to-date: /home/hzc/linux/ros2/stu/ws01_plubming/install/base_interfeces/include/base_interfeces/base_interfeces/action/detail
[0.686s] -- Up-to-date: /home/hzc/linux/ros2/stu/ws01_plubming/install/base_interfeces/include/base_interfeces/base_interfeces/action/detail/progress__rosidl_typesupport_fastrtps_c.h
[0.687s] -- Up-to-date: /home/hzc/linux/ros2/stu/ws01_plubming/install/base_interfeces/include/base_interfeces/base_interfeces/action/detail/nav__rosidl_typesupport_fastrtps_c.h
[0.687s] -- Up-to-date: /home/hzc/linux/ros2/stu/ws01_plubming/install/base_interfeces/include/base_interfeces/base_interfeces/srv
[0.687s] -- Up-to-date: /home/hzc/linux/ros2/stu/ws01_plubming/install/base_interfeces/include/base_interfeces/base_interfeces/srv/detail
[0.687s] -- Up-to-date: /home/hzc/linux/ros2/stu/ws01_plubming/install/base_interfeces/include/base_interfeces/base_interfeces/srv/detail/addints__rosidl_typesupport_fastrtps_c.h
[0.687s] -- Up-to-date: /home/hzc/linux/ros2/stu/ws01_plubming/install/base_interfeces/include/base_interfeces/base_interfeces/srv/detail/distance__rosidl_typesupport_fastrtps_c.h
[0.687s] -- Up-to-date: /home/hzc/linux/ros2/stu/ws01_plubming/install/base_interfeces/include/base_interfeces/base_interfeces/msg
[0.687s] -- Up-to-date: /home/hzc/linux/ros2/stu/ws01_plubming/install/base_interfeces/include/base_interfeces/base_interfeces/msg/detail
[0.687s] -- Up-to-date: /home/hzc/linux/ros2/stu/ws01_plubming/install/base_interfeces/include/base_interfeces/base_interfeces/msg/detail/student__rosidl_typesupport_fastrtps_c.h
[0.688s] -- Up-to-date: /home/hzc/linux/ros2/stu/ws01_plubming/install/base_interfeces/include/base_interfeces/base_interfeces/msg/rosidl_typesupport_fastrtps_c__visibility_control.h
[0.688s] -- Up-to-date: /home/hzc/linux/ros2/stu/ws01_plubming/install/base_interfeces/lib/libbase_interfeces__rosidl_typesupport_fastrtps_c.so
[0.688s] -- Up-to-date: /home/hzc/linux/ros2/stu/ws01_plubming/install/base_interfeces/include/base_interfeces/base_interfeces
[0.688s] -- Up-to-date: /home/hzc/linux/ros2/stu/ws01_plubming/install/base_interfeces/include/base_interfeces/base_interfeces/action
[0.688s] -- Up-to-date: /home/hzc/linux/ros2/stu/ws01_plubming/install/base_interfeces/include/base_interfeces/base_interfeces/action/detail
[0.688s] -- Up-to-date: /home/hzc/linux/ros2/stu/ws01_plubming/install/base_interfeces/include/base_interfeces/base_interfeces/action/detail/progress__rosidl_typesupport_introspection_c.h
[0.688s] -- Up-to-date: /home/hzc/linux/ros2/stu/ws01_plubming/install/base_interfeces/include/base_interfeces/base_interfeces/action/detail/nav__rosidl_typesupport_introspection_c.h
[0.688s] -- Up-to-date: /home/hzc/linux/ros2/stu/ws01_plubming/install/base_interfeces/include/base_interfeces/base_interfeces/action/detail/nav__type_support.c
[0.688s] -- Up-to-date: /home/hzc/linux/ros2/stu/ws01_plubming/install/base_interfeces/include/base_interfeces/base_interfeces/action/detail/progress__type_support.c
[0.689s] -- Up-to-date: /home/hzc/linux/ros2/stu/ws01_plubming/install/base_interfeces/include/base_interfeces/base_interfeces/srv
[0.689s] -- Up-to-date: /home/hzc/linux/ros2/stu/ws01_plubming/install/base_interfeces/include/base_interfeces/base_interfeces/srv/detail
[0.689s] -- Up-to-date: /home/hzc/linux/ros2/stu/ws01_plubming/install/base_interfeces/include/base_interfeces/base_interfeces/srv/detail/distance__rosidl_typesupport_introspection_c.h
[0.689s] -- Up-to-date: /home/hzc/linux/ros2/stu/ws01_plubming/install/base_interfeces/include/base_interfeces/base_interfeces/srv/detail/addints__type_support.c
[0.689s] -- Up-to-date: /home/hzc/linux/ros2/stu/ws01_plubming/install/base_interfeces/include/base_interfeces/base_interfeces/srv/detail/addints__rosidl_typesupport_introspection_c.h
[0.689s] -- Up-to-date: /home/hzc/linux/ros2/stu/ws01_plubming/install/base_interfeces/include/base_interfeces/base_interfeces/srv/detail/distance__type_support.c
[0.689s] -- Up-to-date: /home/hzc/linux/ros2/stu/ws01_plubming/install/base_interfeces/include/base_interfeces/base_interfeces/msg
[0.690s] -- Up-to-date: /home/hzc/linux/ros2/stu/ws01_plubming/install/base_interfeces/include/base_interfeces/base_interfeces/msg/detail
[0.690s] -- Up-to-date: /home/hzc/linux/ros2/stu/ws01_plubming/install/base_interfeces/include/base_interfeces/base_interfeces/msg/detail/student__rosidl_typesupport_introspection_c.h
[0.690s] -- Up-to-date: /home/hzc/linux/ros2/stu/ws01_plubming/install/base_interfeces/include/base_interfeces/base_interfeces/msg/detail/student__type_support.c
[0.690s] -- Up-to-date: /home/hzc/linux/ros2/stu/ws01_plubming/install/base_interfeces/include/base_interfeces/base_interfeces/msg/rosidl_typesupport_introspection_c__visibility_control.h
[0.690s] -- Up-to-date: /home/hzc/linux/ros2/stu/ws01_plubming/install/base_interfeces/lib/libbase_interfeces__rosidl_typesupport_introspection_c.so
[0.690s] -- Up-to-date: /home/hzc/linux/ros2/stu/ws01_plubming/install/base_interfeces/lib/libbase_interfeces__rosidl_typesupport_c.so
[0.690s] -- Up-to-date: /home/hzc/linux/ros2/stu/ws01_plubming/install/base_interfeces/include/base_interfeces/base_interfeces
[0.690s] -- Up-to-date: /home/hzc/linux/ros2/stu/ws01_plubming/install/base_interfeces/include/base_interfeces/base_interfeces/action
[0.691s] -- Up-to-date: /home/hzc/linux/ros2/stu/ws01_plubming/install/base_interfeces/include/base_interfeces/base_interfeces/action/nav.hpp
[0.691s] -- Up-to-date: /home/hzc/linux/ros2/stu/ws01_plubming/install/base_interfeces/include/base_interfeces/base_interfeces/action/progress.hpp
[0.691s] -- Up-to-date: /home/hzc/linux/ros2/stu/ws01_plubming/install/base_interfeces/include/base_interfeces/base_interfeces/action/detail
[0.691s] -- Up-to-date: /home/hzc/linux/ros2/stu/ws01_plubming/install/base_interfeces/include/base_interfeces/base_interfeces/action/detail/progress__type_support.hpp
[0.691s] -- Up-to-date: /home/hzc/linux/ros2/stu/ws01_plubming/install/base_interfeces/include/base_interfeces/base_interfeces/action/detail/progress__traits.hpp
[0.691s] -- Up-to-date: /home/hzc/linux/ros2/stu/ws01_plubming/install/base_interfeces/include/base_interfeces/base_interfeces/action/detail/progress__struct.hpp
[0.691s] -- Up-to-date: /home/hzc/linux/ros2/stu/ws01_plubming/install/base_interfeces/include/base_interfeces/base_interfeces/action/detail/nav__traits.hpp
[0.692s] -- Up-to-date: /home/hzc/linux/ros2/stu/ws01_plubming/install/base_interfeces/include/base_interfeces/base_interfeces/action/detail/nav__struct.hpp
[0.692s] -- Up-to-date: /home/hzc/linux/ros2/stu/ws01_plubming/install/base_interfeces/include/base_interfeces/base_interfeces/action/detail/nav__type_support.hpp
[0.692s] -- Up-to-date: /home/hzc/linux/ros2/stu/ws01_plubming/install/base_interfeces/include/base_interfeces/base_interfeces/action/detail/nav__builder.hpp
[0.692s] -- Up-to-date: /home/hzc/linux/ros2/stu/ws01_plubming/install/base_interfeces/include/base_interfeces/base_interfeces/action/detail/progress__builder.hpp
[0.692s] -- Up-to-date: /home/hzc/linux/ros2/stu/ws01_plubming/install/base_interfeces/include/base_interfeces/base_interfeces/srv
[0.692s] -- Up-to-date: /home/hzc/linux/ros2/stu/ws01_plubming/install/base_interfeces/include/base_interfeces/base_interfeces/srv/addints.hpp
[0.692s] -- Up-to-date: /home/hzc/linux/ros2/stu/ws01_plubming/install/base_interfeces/include/base_interfeces/base_interfeces/srv/detail
[0.692s] -- Up-to-date: /home/hzc/linux/ros2/stu/ws01_plubming/install/base_interfeces/include/base_interfeces/base_interfeces/srv/detail/addints__type_support.hpp
[0.692s] -- Up-to-date: /home/hzc/linux/ros2/stu/ws01_plubming/install/base_interfeces/include/base_interfeces/base_interfeces/srv/detail/distance__struct.hpp
[0.693s] -- Up-to-date: /home/hzc/linux/ros2/stu/ws01_plubming/install/base_interfeces/include/base_interfeces/base_interfeces/srv/detail/addints__traits.hpp
[0.693s] -- Up-to-date: /home/hzc/linux/ros2/stu/ws01_plubming/install/base_interfeces/include/base_interfeces/base_interfeces/srv/detail/distance__type_support.hpp
[0.693s] -- Up-to-date: /home/hzc/linux/ros2/stu/ws01_plubming/install/base_interfeces/include/base_interfeces/base_interfeces/srv/detail/addints__struct.hpp
[0.693s] -- Up-to-date: /home/hzc/linux/ros2/stu/ws01_plubming/install/base_interfeces/include/base_interfeces/base_interfeces/srv/detail/distance__builder.hpp
[0.693s] -- Up-to-date: /home/hzc/linux/ros2/stu/ws01_plubming/install/base_interfeces/include/base_interfeces/base_interfeces/srv/detail/distance__traits.hpp
[0.693s] -- Up-to-date: /home/hzc/linux/ros2/stu/ws01_plubming/install/base_interfeces/include/base_interfeces/base_interfeces/srv/detail/addints__builder.hpp
[0.693s] -- Up-to-date: /home/hzc/linux/ros2/stu/ws01_plubming/install/base_interfeces/include/base_interfeces/base_interfeces/srv/distance.hpp
[0.693s] -- Up-to-date: /home/hzc/linux/ros2/stu/ws01_plubming/install/base_interfeces/include/base_interfeces/base_interfeces/msg
[0.693s] -- Up-to-date: /home/hzc/linux/ros2/stu/ws01_plubming/install/base_interfeces/include/base_interfeces/base_interfeces/msg/rosidl_generator_cpp__visibility_control.hpp
[0.693s] -- Up-to-date: /home/hzc/linux/ros2/stu/ws01_plubming/install/base_interfeces/include/base_interfeces/base_interfeces/msg/student.hpp
[0.693s] -- Up-to-date: /home/hzc/linux/ros2/stu/ws01_plubming/install/base_interfeces/include/base_interfeces/base_interfeces/msg/detail
[0.693s] -- Up-to-date: /home/hzc/linux/ros2/stu/ws01_plubming/install/base_interfeces/include/base_interfeces/base_interfeces/msg/detail/student__struct.hpp
[0.694s] -- Up-to-date: /home/hzc/linux/ros2/stu/ws01_plubming/install/base_interfeces/include/base_interfeces/base_interfeces/msg/detail/student__type_support.hpp
[0.694s] -- Up-to-date: /home/hzc/linux/ros2/stu/ws01_plubming/install/base_interfeces/include/base_interfeces/base_interfeces/msg/detail/student__traits.hpp
[0.694s] -- Up-to-date: /home/hzc/linux/ros2/stu/ws01_plubming/install/base_interfeces/include/base_interfeces/base_interfeces/msg/detail/student__builder.hpp
[0.694s] -- Up-to-date: /home/hzc/linux/ros2/stu/ws01_plubming/install/base_interfeces/include/base_interfeces/base_interfeces
[0.694s] -- Up-to-date: /home/hzc/linux/ros2/stu/ws01_plubming/install/base_interfeces/include/base_interfeces/base_interfeces/action
[0.694s] -- Up-to-date: /home/hzc/linux/ros2/stu/ws01_plubming/install/base_interfeces/include/base_interfeces/base_interfeces/action/detail
[0.694s] -- Up-to-date: /home/hzc/linux/ros2/stu/ws01_plubming/install/base_interfeces/include/base_interfeces/base_interfeces/action/detail/progress__rosidl_typesupport_fastrtps_cpp.hpp
[0.694s] -- Up-to-date: /home/hzc/linux/ros2/stu/ws01_plubming/install/base_interfeces/include/base_interfeces/base_interfeces/action/detail/nav__rosidl_typesupport_fastrtps_cpp.hpp
[0.694s] -- Up-to-date: /home/hzc/linux/ros2/stu/ws01_plubming/install/base_interfeces/include/base_interfeces/base_interfeces/action/detail/dds_fastrtps
[0.694s] -- Up-to-date: /home/hzc/linux/ros2/stu/ws01_plubming/install/base_interfeces/include/base_interfeces/base_interfeces/srv
[0.694s] -- Up-to-date: /home/hzc/linux/ros2/stu/ws01_plubming/install/base_interfeces/include/base_interfeces/base_interfeces/srv/detail
[0.694s] -- Up-to-date: /home/hzc/linux/ros2/stu/ws01_plubming/install/base_interfeces/include/base_interfeces/base_interfeces/srv/detail/distance__rosidl_typesupport_fastrtps_cpp.hpp
[0.695s] -- Up-to-date: /home/hzc/linux/ros2/stu/ws01_plubming/install/base_interfeces/include/base_interfeces/base_interfeces/srv/detail/addints__rosidl_typesupport_fastrtps_cpp.hpp
[0.695s] -- Up-to-date: /home/hzc/linux/ros2/stu/ws01_plubming/install/base_interfeces/include/base_interfeces/base_interfeces/srv/detail/dds_fastrtps
[0.695s] -- Up-to-date: /home/hzc/linux/ros2/stu/ws01_plubming/install/base_interfeces/include/base_interfeces/base_interfeces/msg
[0.695s] -- Up-to-date: /home/hzc/linux/ros2/stu/ws01_plubming/install/base_interfeces/include/base_interfeces/base_interfeces/msg/rosidl_typesupport_fastrtps_cpp__visibility_control.h
[0.695s] -- Up-to-date: /home/hzc/linux/ros2/stu/ws01_plubming/install/base_interfeces/include/base_interfeces/base_interfeces/msg/detail
[0.695s] -- Up-to-date: /home/hzc/linux/ros2/stu/ws01_plubming/install/base_interfeces/include/base_interfeces/base_interfeces/msg/detail/student__rosidl_typesupport_fastrtps_cpp.hpp
[0.695s] -- Up-to-date: /home/hzc/linux/ros2/stu/ws01_plubming/install/base_interfeces/include/base_interfeces/base_interfeces/msg/detail/dds_fastrtps
[0.695s] -- Up-to-date: /home/hzc/linux/ros2/stu/ws01_plubming/install/base_interfeces/lib/libbase_interfeces__rosidl_typesupport_fastrtps_cpp.so
[0.695s] -- Up-to-date: /home/hzc/linux/ros2/stu/ws01_plubming/install/base_interfeces/include/base_interfeces/base_interfeces
[0.695s] -- Up-to-date: /home/hzc/linux/ros2/stu/ws01_plubming/install/base_interfeces/include/base_interfeces/base_interfeces/action
[0.695s] -- Up-to-date: /home/hzc/linux/ros2/stu/ws01_plubming/install/base_interfeces/include/base_interfeces/base_interfeces/action/detail
[0.695s] -- Up-to-date: /home/hzc/linux/ros2/stu/ws01_plubming/install/base_interfeces/include/base_interfeces/base_interfeces/action/detail/progress__type_support.cpp
[0.696s] -- Up-to-date: /home/hzc/linux/ros2/stu/ws01_plubming/install/base_interfeces/include/base_interfeces/base_interfeces/action/detail/nav__rosidl_typesupport_introspection_cpp.hpp
[0.696s] -- Up-to-date: /home/hzc/linux/ros2/stu/ws01_plubming/install/base_interfeces/include/base_interfeces/base_interfeces/action/detail/progress__rosidl_typesupport_introspection_cpp.hpp
[0.696s] -- Up-to-date: /home/hzc/linux/ros2/stu/ws01_plubming/install/base_interfeces/include/base_interfeces/base_interfeces/action/detail/nav__type_support.cpp
[0.696s] -- Up-to-date: /home/hzc/linux/ros2/stu/ws01_plubming/install/base_interfeces/include/base_interfeces/base_interfeces/srv
[0.696s] -- Up-to-date: /home/hzc/linux/ros2/stu/ws01_plubming/install/base_interfeces/include/base_interfeces/base_interfeces/srv/detail
[0.696s] -- Up-to-date: /home/hzc/linux/ros2/stu/ws01_plubming/install/base_interfeces/include/base_interfeces/base_interfeces/srv/detail/distance__type_support.cpp
[0.696s] -- Up-to-date: /home/hzc/linux/ros2/stu/ws01_plubming/install/base_interfeces/include/base_interfeces/base_interfeces/srv/detail/addints__type_support.cpp
[0.696s] -- Up-to-date: /home/hzc/linux/ros2/stu/ws01_plubming/install/base_interfeces/include/base_interfeces/base_interfeces/srv/detail/distance__rosidl_typesupport_introspection_cpp.hpp
[0.696s] -- Up-to-date: /home/hzc/linux/ros2/stu/ws01_plubming/install/base_interfeces/include/base_interfeces/base_interfeces/srv/detail/addints__rosidl_typesupport_introspection_cpp.hpp
[0.696s] -- Up-to-date: /home/hzc/linux/ros2/stu/ws01_plubming/install/base_interfeces/include/base_interfeces/base_interfeces/msg
[0.697s] -- Up-to-date: /home/hzc/linux/ros2/stu/ws01_plubming/install/base_interfeces/include/base_interfeces/base_interfeces/msg/detail
[0.697s] -- Up-to-date: /home/hzc/linux/ros2/stu/ws01_plubming/install/base_interfeces/include/base_interfeces/base_interfeces/msg/detail/student__type_support.cpp
[0.697s] -- Up-to-date: /home/hzc/linux/ros2/stu/ws01_plubming/install/base_interfeces/include/base_interfeces/base_interfeces/msg/detail/student__rosidl_typesupport_introspection_cpp.hpp
[0.697s] -- Up-to-date: /home/hzc/linux/ros2/stu/ws01_plubming/install/base_interfeces/lib/libbase_interfeces__rosidl_typesupport_introspection_cpp.so
[0.697s] -- Up-to-date: /home/hzc/linux/ros2/stu/ws01_plubming/install/base_interfeces/lib/libbase_interfeces__rosidl_typesupport_cpp.so
[0.697s] -- Up-to-date: /home/hzc/linux/ros2/stu/ws01_plubming/install/base_interfeces/share/base_interfeces/environment/pythonpath.sh
[0.697s] -- Up-to-date: /home/hzc/linux/ros2/stu/ws01_plubming/install/base_interfeces/share/base_interfeces/environment/pythonpath.dsv
[0.697s] -- Up-to-date: /home/hzc/linux/ros2/stu/ws01_plubming/install/base_interfeces/lib/python3.14/site-packages/base_interfeces/base_interfeces_s__rosidl_typesupport_fastrtps_c.so
[0.697s] -- Up-to-date: /home/hzc/linux/ros2/stu/ws01_plubming/install/base_interfeces/lib/python3.14/site-packages/base_interfeces/base_interfeces_s__rosidl_typesupport_introspection_c.so
[0.697s] -- Up-to-date: /home/hzc/linux/ros2/stu/ws01_plubming/install/base_interfeces/lib/python3.14/site-packages/base_interfeces/base_interfeces_s__rosidl_typesupport_c.so
[0.698s] -- Up-to-date: /home/hzc/linux/ros2/stu/ws01_plubming/install/base_interfeces/lib/libbase_interfeces__rosidl_generator_py.so
[0.698s] -- Up-to-date: /home/hzc/linux/ros2/stu/ws01_plubming/install/base_interfeces/share/ament_index/resource_index/rust_packages/base_interfeces
[0.698s] -- Up-to-date: /home/hzc/linux/ros2/stu/ws01_plubming/install/base_interfeces/share/base_interfeces/rust
[0.698s] -- Up-to-date: /home/hzc/linux/ros2/stu/ws01_plubming/install/base_interfeces/share/base_interfeces/rust/src
[0.698s] -- Up-to-date: /home/hzc/linux/ros2/stu/ws01_plubming/install/base_interfeces/share/base_interfeces/rust/src/action
[0.698s] -- Up-to-date: /home/hzc/linux/ros2/stu/ws01_plubming/install/base_interfeces/share/base_interfeces/rust/src/action/rmw.rs
[0.698s] -- Up-to-date: /home/hzc/linux/ros2/stu/ws01_plubming/install/base_interfeces/share/base_interfeces/rust/src/srv
[0.698s] -- Up-to-date: /home/hzc/linux/ros2/stu/ws01_plubming/install/base_interfeces/share/base_interfeces/rust/src/srv/rmw.rs
[0.698s] -- Up-to-date: /home/hzc/linux/ros2/stu/ws01_plubming/install/base_interfeces/share/base_interfeces/rust/src/action.rs
[0.698s] -- Up-to-date: /home/hzc/linux/ros2/stu/ws01_plubming/install/base_interfeces/share/base_interfeces/rust/src/msg.rs
[0.698s] -- Up-to-date: /home/hzc/linux/ros2/stu/ws01_plubming/install/base_interfeces/share/base_interfeces/rust/src/srv.rs
[0.698s] -- Up-to-date: /home/hzc/linux/ros2/stu/ws01_plubming/install/base_interfeces/share/base_interfeces/rust/src/lib.rs
[0.699s] -- Up-to-date: /home/hzc/linux/ros2/stu/ws01_plubming/install/base_interfeces/share/base_interfeces/rust/src/msg
[0.699s] -- Up-to-date: /home/hzc/linux/ros2/stu/ws01_plubming/install/base_interfeces/share/base_interfeces/rust/src/msg/rmw.rs
[0.699s] -- Up-to-date: /home/hzc/linux/ros2/stu/ws01_plubming/install/base_interfeces/share/base_interfeces/rust/build.rs
[0.699s] -- Up-to-date: /home/hzc/linux/ros2/stu/ws01_plubming/install/base_interfeces/share/base_interfeces/rust/Cargo.toml
[0.699s] -- Up-to-date: /home/hzc/linux/ros2/stu/ws01_plubming/install/base_interfeces/share/base_interfeces/msg/Student.idl
[0.699s] -- Up-to-date: /home/hzc/linux/ros2/stu/ws01_plubming/install/base_interfeces/share/base_interfeces/srv/Addints.idl
[0.699s] -- Up-to-date: /home/hzc/linux/ros2/stu/ws01_plubming/install/base_interfeces/share/base_interfeces/srv/Distance.idl
[0.699s] -- Up-to-date: /home/hzc/linux/ros2/stu/ws01_plubming/install/base_interfeces/share/base_interfeces/action/Progress.idl
[0.699s] -- Up-to-date: /home/hzc/linux/ros2/stu/ws01_plubming/install/base_interfeces/share/base_interfeces/action/Nav.idl
[0.699s] -- Up-to-date: /home/hzc/linux/ros2/stu/ws01_plubming/install/base_interfeces/share/base_interfeces/msg/Student.msg
[0.700s] -- Up-to-date: /home/hzc/linux/ros2/stu/ws01_plubming/install/base_interfeces/share/base_interfeces/srv/Addints.srv
[0.700s] -- Up-to-date: /home/hzc/linux/ros2/stu/ws01_plubming/install/base_interfeces/share/base_interfeces/srv/Distance.srv
[0.700s] -- Up-to-date: /home/hzc/linux/ros2/stu/ws01_plubming/install/base_interfeces/share/base_interfeces/action/Progress.action
[0.700s] -- Up-to-date: /home/hzc/linux/ros2/stu/ws01_plubming/install/base_interfeces/share/base_interfeces/action/Nav.action
[0.700s] -- Up-to-date: /home/hzc/linux/ros2/stu/ws01_plubming/install/base_interfeces/share/ament_index/resource_index/package_run_dependencies/base_interfeces
[0.700s] -- Up-to-date: /home/hzc/linux/ros2/stu/ws01_plubming/install/base_interfeces/share/ament_index/resource_index/parent_prefix_path/base_interfeces
[0.700s] -- Up-to-date: /home/hzc/linux/ros2/stu/ws01_plubming/install/base_interfeces/share/base_interfeces/environment/ament_prefix_path.sh
[0.700s] -- Up-to-date: /home/hzc/linux/ros2/stu/ws01_plubming/install/base_interfeces/share/base_interfeces/environment/ament_prefix_path.dsv
[0.700s] -- Up-to-date: /home/hzc/linux/ros2/stu/ws01_plubming/install/base_interfeces/share/base_interfeces/environment/path.sh
[0.700s] -- Up-to-date: /home/hzc/linux/ros2/stu/ws01_plubming/install/base_interfeces/share/base_interfeces/environment/path.dsv
[0.701s] -- Up-to-date: /home/hzc/linux/ros2/stu/ws01_plubming/install/base_interfeces/share/base_interfeces/local_setup.bash
[0.701s] -- Up-to-date: /home/hzc/linux/ros2/stu/ws01_plubming/install/base_interfeces/share/base_interfeces/local_setup.fish
[0.701s] -- Up-to-date: /home/hzc/linux/ros2/stu/ws01_plubming/install/base_interfeces/share/base_interfeces/local_setup.sh
[0.701s] -- Up-to-date: /home/hzc/linux/ros2/stu/ws01_plubming/install/base_interfeces/share/base_interfeces/local_setup.zsh
[0.701s] -- Up-to-date: /home/hzc/linux/ros2/stu/ws01_plubming/install/base_interfeces/share/base_interfeces/local_setup.dsv
[0.701s] -- Installing: /home/hzc/linux/ros2/stu/ws01_plubming/install/base_interfeces/share/base_interfeces/package.dsv
[0.701s] -- Up-to-date: /home/hzc/linux/ros2/stu/ws01_plubming/install/base_interfeces/share/ament_index/resource_index/packages/base_interfeces
[0.701s] -- Up-to-date: /home/hzc/linux/ros2/stu/ws01_plubming/install/base_interfeces/share/base_interfeces/cmake/export_base_interfeces__rosidl_generator_cExport.cmake
[0.701s] -- Up-to-date: /home/hzc/linux/ros2/stu/ws01_plubming/install/base_interfeces/share/base_interfeces/cmake/export_base_interfeces__rosidl_generator_cExport-noconfig.cmake
[0.701s] -- Up-to-date: /home/hzc/linux/ros2/stu/ws01_plubming/install/base_interfeces/share/base_interfeces/cmake/export_base_interfeces__rosidl_typesupport_fastrtps_cExport.cmake
[0.701s] -- Up-to-date: /home/hzc/linux/ros2/stu/ws01_plubming/install/base_interfeces/share/base_interfeces/cmake/export_base_interfeces__rosidl_typesupport_fastrtps_cExport-noconfig.cmake
[0.701s] -- Up-to-date: /home/hzc/linux/ros2/stu/ws01_plubming/install/base_interfeces/share/base_interfeces/cmake/base_interfeces__rosidl_typesupport_introspection_cExport.cmake
[0.701s] -- Up-to-date: /home/hzc/linux/ros2/stu/ws01_plubming/install/base_interfeces/share/base_interfeces/cmake/base_interfeces__rosidl_typesupport_introspection_cExport-noconfig.cmake
[0.702s] -- Up-to-date: /home/hzc/linux/ros2/stu/ws01_plubming/install/base_interfeces/share/base_interfeces/cmake/base_interfeces__rosidl_typesupport_cExport.cmake
[0.702s] -- Up-to-date: /home/hzc/linux/ros2/stu/ws01_plubming/install/base_interfeces/share/base_interfeces/cmake/base_interfeces__rosidl_typesupport_cExport-noconfig.cmake
[0.702s] -- Up-to-date: /home/hzc/linux/ros2/stu/ws01_plubming/install/base_interfeces/share/base_interfeces/cmake/export_base_interfeces__rosidl_generator_cppExport.cmake
[0.702s] -- Up-to-date: /home/hzc/linux/ros2/stu/ws01_plubming/install/base_interfeces/share/base_interfeces/cmake/export_base_interfeces__rosidl_typesupport_fastrtps_cppExport.cmake
[0.702s] -- Up-to-date: /home/hzc/linux/ros2/stu/ws01_plubming/install/base_interfeces/share/base_interfeces/cmake/export_base_interfeces__rosidl_typesupport_fastrtps_cppExport-noconfig.cmake
[0.702s] -- Up-to-date: /home/hzc/linux/ros2/stu/ws01_plubming/install/base_interfeces/share/base_interfeces/cmake/base_interfeces__rosidl_typesupport_introspection_cppExport.cmake
[0.702s] -- Up-to-date: /home/hzc/linux/ros2/stu/ws01_plubming/install/base_interfeces/share/base_interfeces/cmake/base_interfeces__rosidl_typesupport_introspection_cppExport-noconfig.cmake
[0.702s] -- Up-to-date: /home/hzc/linux/ros2/stu/ws01_plubming/install/base_interfeces/share/base_interfeces/cmake/base_interfeces__rosidl_typesupport_cppExport.cmake
[0.702s] -- Up-to-date: /home/hzc/linux/ros2/stu/ws01_plubming/install/base_interfeces/share/base_interfeces/cmake/base_interfeces__rosidl_typesupport_cppExport-noconfig.cmake
[0.702s] -- Up-to-date: /home/hzc/linux/ros2/stu/ws01_plubming/install/base_interfeces/share/base_interfeces/cmake/export_base_interfeces__rosidl_generator_pyExport.cmake
[0.702s] -- Up-to-date: /home/hzc/linux/ros2/stu/ws01_plubming/install/base_interfeces/share/base_interfeces/cmake/export_base_interfeces__rosidl_generator_pyExport-noconfig.cmake
[0.702s] -- Up-to-date: /home/hzc/linux/ros2/stu/ws01_plubming/install/base_interfeces/lib/python3.14/site-packages/base_interfeces-0.0.0-py3.14.egg-info
[0.703s] -- Installing: /home/hzc/linux/ros2/stu/ws01_plubming/install/base_interfeces/lib/python3.14/site-packages/base_interfeces-0.0.0-py3.14.egg-info/dependency_links.txt
[0.703s] -- Installing: /home/hzc/linux/ros2/stu/ws01_plubming/install/base_interfeces/lib/python3.14/site-packages/base_interfeces-0.0.0-py3.14.egg-info/PKG-INFO
[0.703s] -- Installing: /home/hzc/linux/ros2/stu/ws01_plubming/install/base_interfeces/lib/python3.14/site-packages/base_interfeces-0.0.0-py3.14.egg-info/top_level.txt
[0.703s] -- Installing: /home/hzc/linux/ros2/stu/ws01_plubming/install/base_interfeces/lib/python3.14/site-packages/base_interfeces-0.0.0-py3.14.egg-info/SOURCES.txt
[0.703s] -- Up-to-date: /home/hzc/linux/ros2/stu/ws01_plubming/install/base_interfeces/lib/python3.14/site-packages/base_interfeces
[0.703s] -- Up-to-date: /home/hzc/linux/ros2/stu/ws01_plubming/install/base_interfeces/lib/python3.14/site-packages/base_interfeces/_base_interfeces_s.ep.rosidl_typesupport_introspection_c.c
[0.703s] -- Up-to-date: /home/hzc/linux/ros2/stu/ws01_plubming/install/base_interfeces/lib/python3.14/site-packages/base_interfeces/action
[0.703s] -- Up-to-date: /home/hzc/linux/ros2/stu/ws01_plubming/install/base_interfeces/lib/python3.14/site-packages/base_interfeces/action/_progress.py
[0.703s] -- Up-to-date: /home/hzc/linux/ros2/stu/ws01_plubming/install/base_interfeces/lib/python3.14/site-packages/base_interfeces/action/__init__.py
[0.703s] -- Up-to-date: /home/hzc/linux/ros2/stu/ws01_plubming/install/base_interfeces/lib/python3.14/site-packages/base_interfeces/action/_nav_s.c
[0.703s] -- Up-to-date: /home/hzc/linux/ros2/stu/ws01_plubming/install/base_interfeces/lib/python3.14/site-packages/base_interfeces/action/_progress_s.c
[0.704s] -- Up-to-date: /home/hzc/linux/ros2/stu/ws01_plubming/install/base_interfeces/lib/python3.14/site-packages/base_interfeces/action/_nav.py
[0.704s] -- Up-to-date: /home/hzc/linux/ros2/stu/ws01_plubming/install/base_interfeces/lib/python3.14/site-packages/base_interfeces/srv
[0.704s] -- Up-to-date: /home/hzc/linux/ros2/stu/ws01_plubming/install/base_interfeces/lib/python3.14/site-packages/base_interfeces/srv/_addints_s.c
[0.704s] -- Up-to-date: /home/hzc/linux/ros2/stu/ws01_plubming/install/base_interfeces/lib/python3.14/site-packages/base_interfeces/srv/_addints.py
[0.704s] -- Up-to-date: /home/hzc/linux/ros2/stu/ws01_plubming/install/base_interfeces/lib/python3.14/site-packages/base_interfeces/srv/_distance_s.c
[0.704s] -- Up-to-date: /home/hzc/linux/ros2/stu/ws01_plubming/install/base_interfeces/lib/python3.14/site-packages/base_interfeces/srv/_distance.py
[0.704s] -- Up-to-date: /home/hzc/linux/ros2/stu/ws01_plubming/install/base_interfeces/lib/python3.14/site-packages/base_interfeces/srv/__init__.py
[0.704s] -- Up-to-date: /home/hzc/linux/ros2/stu/ws01_plubming/install/base_interfeces/lib/python3.14/site-packages/base_interfeces/base_interfeces_s__rosidl_typesupport_introspection_c.so
[0.704s] -- Up-to-date: /home/hzc/linux/ros2/stu/ws01_plubming/install/base_interfeces/lib/python3.14/site-packages/base_interfeces/_base_interfeces_s.ep.rosidl_typesupport_c.c
[0.704s] -- Up-to-date: /home/hzc/linux/ros2/stu/ws01_plubming/install/base_interfeces/lib/python3.14/site-packages/base_interfeces/py.typed
[0.704s] -- Up-to-date: /home/hzc/linux/ros2/stu/ws01_plubming/install/base_interfeces/lib/python3.14/site-packages/base_interfeces/base_interfeces_s__rosidl_typesupport_fastrtps_c.so
[0.704s] -- Up-to-date: /home/hzc/linux/ros2/stu/ws01_plubming/install/base_interfeces/lib/python3.14/site-packages/base_interfeces/__init__.py
[0.705s] -- Up-to-date: /home/hzc/linux/ros2/stu/ws01_plubming/install/base_interfeces/lib/python3.14/site-packages/base_interfeces/base_interfeces_s__rosidl_typesupport_c.so
[0.705s] -- Up-to-date: /home/hzc/linux/ros2/stu/ws01_plubming/install/base_interfeces/lib/python3.14/site-packages/base_interfeces/_base_interfeces_s.ep.rosidl_typesupport_fastrtps_c.c
[0.705s] -- Up-to-date: /home/hzc/linux/ros2/stu/ws01_plubming/install/base_interfeces/lib/python3.14/site-packages/base_interfeces/msg
[0.705s] -- Up-to-date: /home/hzc/linux/ros2/stu/ws01_plubming/install/base_interfeces/lib/python3.14/site-packages/base_interfeces/msg/_student_s.c
[0.705s] -- Up-to-date: /home/hzc/linux/ros2/stu/ws01_plubming/install/base_interfeces/lib/python3.14/site-packages/base_interfeces/msg/_student.py
[0.705s] -- Up-to-date: /home/hzc/linux/ros2/stu/ws01_plubming/install/base_interfeces/lib/python3.14/site-packages/base_interfeces/msg/__init__.py
[0.741s] Listing '/home/hzc/linux/ros2/stu/ws01_plubming/install/base_interfeces/lib/python3.14/site-packages/base_interfeces'...
[0.742s] Listing '/home/hzc/linux/ros2/stu/ws01_plubming/install/base_interfeces/lib/python3.14/site-packages/base_interfeces/action'...
[0.742s] Listing '/home/hzc/linux/ros2/stu/ws01_plubming/install/base_interfeces/lib/python3.14/site-packages/base_interfeces/msg'...
[0.742s] Listing '/home/hzc/linux/ros2/stu/ws01_plubming/install/base_interfeces/lib/python3.14/site-packages/base_interfeces/srv'...
[0.747s] -- Up-to-date: /home/hzc/linux/ros2/stu/ws01_plubming/install/base_interfeces/share/base_interfeces/cmake/rosidl_cmake-extras.cmake
[0.747s] -- Up-to-date: /home/hzc/linux/ros2/stu/ws01_plubming/install/base_interfeces/share/base_interfeces/cmake/ament_cmake_export_dependencies-extras.cmake
[0.747s] -- Up-to-date: /home/hzc/linux/ros2/stu/ws01_plubming/install/base_interfeces/share/base_interfeces/cmake/ament_cmake_export_include_directories-extras.cmake
[0.747s] -- Up-to-date: /home/hzc/linux/ros2/stu/ws01_plubming/install/base_interfeces/share/base_interfeces/cmake/ament_cmake_export_libraries-extras.cmake
[0.747s] -- Up-to-date: /home/hzc/linux/ros2/stu/ws01_plubming/install/base_interfeces/share/base_interfeces/cmake/ament_cmake_export_targets-extras.cmake
[0.747s] -- Up-to-date: /home/hzc/linux/ros2/stu/ws01_plubming/install/base_interfeces/share/base_interfeces/cmake/rosidl_cmake_export_typesupport_targets-extras.cmake
[0.747s] -- Up-to-date: /home/hzc/linux/ros2/stu/ws01_plubming/install/base_interfeces/share/base_interfeces/cmake/rosidl_cmake_export_typesupport_libraries-extras.cmake
[0.747s] -- Up-to-date: /home/hzc/linux/ros2/stu/ws01_plubming/install/base_interfeces/share/base_interfeces/cmake/rosidl_cmake_aggregate_target-extras.cmake
[0.747s] -- Up-to-date: /home/hzc/linux/ros2/stu/ws01_plubming/install/base_interfeces/share/base_interfeces/cmake/base_interfecesConfig.cmake
[0.748s] -- Up-to-date: /home/hzc/linux/ros2/stu/ws01_plubming/install/base_interfeces/share/base_interfeces/cmake/base_interfecesConfig-version.cmake
[0.748s] -- Up-to-date: /home/hzc/linux/ros2/stu/ws01_plubming/install/base_interfeces/share/base_interfeces/package.xml
[0.750s] Invoked command in '/home/hzc/linux/ros2/stu/ws01_plubming/build/base_interfeces' returned '0': CMAKE_PREFIX_PATH=${CMAKE_PREFIX_PATH}:/home/hzc/linux/ros2/stu/ws01_plubming/install/py06_timer:/home/hzc/linux/ros2/stu/ws01_plubming/install/py05_names:/home/hzc/linux/ros2/stu/ws01_plubming/install/py04_param:/home/hzc/linux/ros2/stu/ws01_plubming/install/py03_action:/home/hzc/linux/ros2/stu/ws01_plubming/install/py02_seriver:/home/hzc/linux/ros2/stu/ws01_plubming/install/py01_topic:/opt/ros/lyrical DEBUGINFOD_URLS=https://debuginfod.ubuntu.com /usr/bin/cmake --install /home/hzc/linux/ros2/stu/ws01_plubming/build/base_interfeces
