[ 50%] Built target demo01_action_client
[ 75%] [32mBuilding CXX object CMakeFiles/demo01_action_server.dir/src/demo01_action_server.cpp.o[0m
[01m[K/home/hzc/linux/ros2/stu/ws01_plubming/src/cpp03_action/src/demo01_action_server.cpp:[m[K In member function ‘[01m[Kvoid ProgressActionServer::[01;32m[Kexecute[m[K(std::shared_ptr<rclcpp_action::ServerGoalHandle<base_interfeces::action::Progress> >)[m[K’:
[01m[K/home/hzc/linux/ros2/stu/ws01_plubming/src/cpp03_action/src/demo01_action_server.cpp:95:21:[m[K [01;35m[Kwarning: [m[Kthe address of ‘[01m[Kbool rclcpp::[01;32m[Kok[m[K(const Context::SharedPtr&)[m[K’ will never be NULL [[01;35m[K]8;;https://gcc.gnu.org/onlinedocs/gcc-15.2.0/gcc/Warning-Options.html#index-Waddress-Waddress]8;;[m[K]
   95 |         if ([01;35m[Krclcpp::ok[m[K)
      |             [01;35m[K~~~~~~~~^~[m[K
In file included from [01m[K/opt/ros/lyrical/include/rclcpp/rclcpp/client.hpp:48[m[K,
                 from [01m[K/opt/ros/lyrical/include/rclcpp/rclcpp/callback_group.hpp:24[m[K,
                 from [01m[K/opt/ros/lyrical/include/rclcpp/rclcpp/any_executable.hpp:20[m[K,
                 from [01m[K/opt/ros/lyrical/include/rclcpp/rclcpp/memory_strategy.hpp:25[m[K,
                 from [01m[K/opt/ros/lyrical/include/rclcpp/rclcpp/memory_strategies.hpp:18[m[K,
                 from [01m[K/opt/ros/lyrical/include/rclcpp/rclcpp/executor_options.hpp:22[m[K,
                 from [01m[K/opt/ros/lyrical/include/rclcpp/rclcpp/executor.hpp:38[m[K,
                 from [01m[K/opt/ros/lyrical/include/rclcpp/rclcpp/executors/multi_threaded_executor.hpp:25[m[K,
                 from [01m[K/opt/ros/lyrical/include/rclcpp/rclcpp/executors.hpp:21[m[K,
                 from [01m[K/opt/ros/lyrical/include/rclcpp/rclcpp/rclcpp.hpp:174[m[K,
                 from [01m[K/home/hzc/linux/ros2/stu/ws01_plubming/src/cpp03_action/src/demo01_action_server.cpp:21[m[K:
[01m[K/opt/ros/lyrical/include/rclcpp/rclcpp/utilities.hpp:177:1:[m[K [01;36m[Knote: [m[K‘[01m[Kbool rclcpp::[01;32m[Kok[m[K(const Context::SharedPtr&)[m[K’ declared here
  177 | [01;36m[Kok[m[K(const rclcpp::Context::SharedPtr & context = rclcpp::contexts::get_global_default_context());
      | [01;36m[K^~[m[K
[100%] [1m[32mLinking CXX executable demo01_action_server[0m
[100%] Built target demo01_action_server
-- Install configuration: ""
-- Installing: /home/hzc/linux/ros2/stu/ws01_plubming/install/cpp03_action/lib/cpp03_action/demo01_action_server
-- Set non-toolchain portion of runtime path of "/home/hzc/linux/ros2/stu/ws01_plubming/install/cpp03_action/lib/cpp03_action/demo01_action_server" to ""
-- Up-to-date: /home/hzc/linux/ros2/stu/ws01_plubming/install/cpp03_action/lib/cpp03_action/demo01_action_client
-- Up-to-date: /home/hzc/linux/ros2/stu/ws01_plubming/install/cpp03_action/share/ament_index/resource_index/package_run_dependencies/cpp03_action
-- Up-to-date: /home/hzc/linux/ros2/stu/ws01_plubming/install/cpp03_action/share/ament_index/resource_index/parent_prefix_path/cpp03_action
-- Up-to-date: /home/hzc/linux/ros2/stu/ws01_plubming/install/cpp03_action/share/cpp03_action/environment/ament_prefix_path.sh
-- Up-to-date: /home/hzc/linux/ros2/stu/ws01_plubming/install/cpp03_action/share/cpp03_action/environment/ament_prefix_path.dsv
-- Up-to-date: /home/hzc/linux/ros2/stu/ws01_plubming/install/cpp03_action/share/cpp03_action/environment/path.sh
-- Up-to-date: /home/hzc/linux/ros2/stu/ws01_plubming/install/cpp03_action/share/cpp03_action/environment/path.dsv
-- Up-to-date: /home/hzc/linux/ros2/stu/ws01_plubming/install/cpp03_action/share/cpp03_action/local_setup.bash
-- Up-to-date: /home/hzc/linux/ros2/stu/ws01_plubming/install/cpp03_action/share/cpp03_action/local_setup.fish
-- Up-to-date: /home/hzc/linux/ros2/stu/ws01_plubming/install/cpp03_action/share/cpp03_action/local_setup.sh
-- Up-to-date: /home/hzc/linux/ros2/stu/ws01_plubming/install/cpp03_action/share/cpp03_action/local_setup.zsh
-- Up-to-date: /home/hzc/linux/ros2/stu/ws01_plubming/install/cpp03_action/share/cpp03_action/local_setup.dsv
-- Installing: /home/hzc/linux/ros2/stu/ws01_plubming/install/cpp03_action/share/cpp03_action/package.dsv
-- Up-to-date: /home/hzc/linux/ros2/stu/ws01_plubming/install/cpp03_action/share/ament_index/resource_index/packages/cpp03_action
-- Up-to-date: /home/hzc/linux/ros2/stu/ws01_plubming/install/cpp03_action/share/cpp03_action/cmake/cpp03_actionConfig.cmake
-- Up-to-date: /home/hzc/linux/ros2/stu/ws01_plubming/install/cpp03_action/share/cpp03_action/cmake/cpp03_actionConfig-version.cmake
-- Up-to-date: /home/hzc/linux/ros2/stu/ws01_plubming/install/cpp03_action/share/cpp03_action/package.xml
