-- Found ament_cmake: 2.8.7 (/opt/ros/lyrical/share/ament_cmake/cmake)
-- Found rclcpp: 32.0.0 (/opt/ros/lyrical/share/rclcpp/cmake)
-- Found rosidl_generator_c: 5.2.0 (/opt/ros/lyrical/share/rosidl_generator_c/cmake)
-- Found rosidl_generator_cpp: 5.2.0 (/opt/ros/lyrical/share/rosidl_generator_cpp/cmake)
-- Using all available rosidl_typesupport_c: rosidl_typesupport_fastrtps_c;rosidl_typesupport_introspection_c
-- Using all available rosidl_typesupport_cpp: rosidl_typesupport_fastrtps_cpp;rosidl_typesupport_introspection_cpp
-- Found rmw_implementation_cmake: 7.10.1 (/opt/ros/lyrical/share/rmw_implementation_cmake/cmake)
-- Found rmw_fastrtps_cpp: 9.4.8 (/opt/ros/lyrical/share/rmw_fastrtps_cpp/cmake)
-- Using RMW implementation 'rmw_fastrtps_cpp' as default
-- Found tf2: 0.45.7 (/opt/ros/lyrical/share/tf2/cmake)
-- Found tf2_ros: 0.45.7 (/opt/ros/lyrical/share/tf2_ros/cmake)
-- Found tf2_geometry_msgs: 0.45.7 (/opt/ros/lyrical/share/tf2_geometry_msgs/cmake)
-- Found ament_lint_auto: 0.20.6 (/opt/ros/lyrical/share/ament_lint_auto/cmake)
-- Added test 'cppcheck' to perform static code analysis on C / C++ code
-- Configured cppcheck include dirs: $<BUILD_INTERFACE:/home/hzc/linux/ros2/stu/ws02_tools/src/cpp4_tf_listener/include>
-- Configured cppcheck exclude dirs and/or files: 
-- Added test 'lint_cmake' to check CMake code style
-- Added test 'uncrustify' to check C / C++ code style
-- Configured uncrustify additional arguments: 
-- Added test 'xmllint' to check XML markup files
-- Configuring done (0.7s)
-- Generating done (0.0s)
-- Build files have been written to: /home/hzc/linux/ros2/stu/ws02_tools/build/cpp4_tf_listener
[ 25%] [32mBuilding CXX object CMakeFiles/demo2_msg_filter.dir/src/demo2_msg_filter.cpp.o[0m
[ 75%] Built target demo1_tf_listener
[100%] [1m[32mLinking CXX executable demo2_msg_filter[0m
[100%] Built target demo2_msg_filter
-- Install configuration: ""
-- Up-to-date: /home/hzc/linux/ros2/stu/ws02_tools/install/cpp4_tf_listener/lib/cpp4_tf_listener/demo1_tf_listener
-- Installing: /home/hzc/linux/ros2/stu/ws02_tools/install/cpp4_tf_listener/lib/cpp4_tf_listener/demo2_msg_filter
-- Set non-toolchain portion of runtime path of "/home/hzc/linux/ros2/stu/ws02_tools/install/cpp4_tf_listener/lib/cpp4_tf_listener/demo2_msg_filter" to ""
-- Installing: /home/hzc/linux/ros2/stu/ws02_tools/install/cpp4_tf_listener/share/ament_index/resource_index/package_run_dependencies/cpp4_tf_listener
-- Installing: /home/hzc/linux/ros2/stu/ws02_tools/install/cpp4_tf_listener/share/ament_index/resource_index/parent_prefix_path/cpp4_tf_listener
-- Up-to-date: /home/hzc/linux/ros2/stu/ws02_tools/install/cpp4_tf_listener/share/cpp4_tf_listener/environment/ament_prefix_path.sh
-- Up-to-date: /home/hzc/linux/ros2/stu/ws02_tools/install/cpp4_tf_listener/share/cpp4_tf_listener/environment/ament_prefix_path.dsv
-- Up-to-date: /home/hzc/linux/ros2/stu/ws02_tools/install/cpp4_tf_listener/share/cpp4_tf_listener/environment/path.sh
-- Up-to-date: /home/hzc/linux/ros2/stu/ws02_tools/install/cpp4_tf_listener/share/cpp4_tf_listener/environment/path.dsv
-- Up-to-date: /home/hzc/linux/ros2/stu/ws02_tools/install/cpp4_tf_listener/share/cpp4_tf_listener/local_setup.bash
-- Up-to-date: /home/hzc/linux/ros2/stu/ws02_tools/install/cpp4_tf_listener/share/cpp4_tf_listener/local_setup.fish
-- Up-to-date: /home/hzc/linux/ros2/stu/ws02_tools/install/cpp4_tf_listener/share/cpp4_tf_listener/local_setup.sh
-- Up-to-date: /home/hzc/linux/ros2/stu/ws02_tools/install/cpp4_tf_listener/share/cpp4_tf_listener/local_setup.zsh
-- Up-to-date: /home/hzc/linux/ros2/stu/ws02_tools/install/cpp4_tf_listener/share/cpp4_tf_listener/local_setup.dsv
-- Installing: /home/hzc/linux/ros2/stu/ws02_tools/install/cpp4_tf_listener/share/cpp4_tf_listener/package.dsv
-- Up-to-date: /home/hzc/linux/ros2/stu/ws02_tools/install/cpp4_tf_listener/share/ament_index/resource_index/packages/cpp4_tf_listener
-- Up-to-date: /home/hzc/linux/ros2/stu/ws02_tools/install/cpp4_tf_listener/share/cpp4_tf_listener/cmake/cpp4_tf_listenerConfig.cmake
-- Up-to-date: /home/hzc/linux/ros2/stu/ws02_tools/install/cpp4_tf_listener/share/cpp4_tf_listener/cmake/cpp4_tf_listenerConfig-version.cmake
-- Installing: /home/hzc/linux/ros2/stu/ws02_tools/install/cpp4_tf_listener/share/cpp4_tf_listener/package.xml
