running egg_info
creating ../../build/pkg02_hello_py/pkg02_hello_py.egg-info
writing ../../build/pkg02_hello_py/pkg02_hello_py.egg-info/PKG-INFO
writing dependency_links to ../../build/pkg02_hello_py/pkg02_hello_py.egg-info/dependency_links.txt
writing entry points to ../../build/pkg02_hello_py/pkg02_hello_py.egg-info/entry_points.txt
writing requirements to ../../build/pkg02_hello_py/pkg02_hello_py.egg-info/requires.txt
writing top-level names to ../../build/pkg02_hello_py/pkg02_hello_py.egg-info/top_level.txt
writing manifest file '../../build/pkg02_hello_py/pkg02_hello_py.egg-info/SOURCES.txt'
reading manifest file '../../build/pkg02_hello_py/pkg02_hello_py.egg-info/SOURCES.txt'
writing manifest file '../../build/pkg02_hello_py/pkg02_hello_py.egg-info/SOURCES.txt'
running build
running build_py
creating /home/hzc/linux/ros2/ros2_stu/build/pkg02_hello_py/build/lib/pkg02_hello_py
copying pkg02_hello_py/hello.py -> /home/hzc/linux/ros2/ros2_stu/build/pkg02_hello_py/build/lib/pkg02_hello_py
copying pkg02_hello_py/__init__.py -> /home/hzc/linux/ros2/ros2_stu/build/pkg02_hello_py/build/lib/pkg02_hello_py
copying pkg02_hello_py/py.typed -> /home/hzc/linux/ros2/ros2_stu/build/pkg02_hello_py/build/lib/pkg02_hello_py
running install
running install_lib
creating /home/hzc/linux/ros2/ros2_stu/install/pkg02_hello_py/lib/python3.14/site-packages/pkg02_hello_py
copying /home/hzc/linux/ros2/ros2_stu/build/pkg02_hello_py/build/lib/pkg02_hello_py/hello.py -> /home/hzc/linux/ros2/ros2_stu/install/pkg02_hello_py/lib/python3.14/site-packages/pkg02_hello_py
copying /home/hzc/linux/ros2/ros2_stu/build/pkg02_hello_py/build/lib/pkg02_hello_py/py.typed -> /home/hzc/linux/ros2/ros2_stu/install/pkg02_hello_py/lib/python3.14/site-packages/pkg02_hello_py
copying /home/hzc/linux/ros2/ros2_stu/build/pkg02_hello_py/build/lib/pkg02_hello_py/__init__.py -> /home/hzc/linux/ros2/ros2_stu/install/pkg02_hello_py/lib/python3.14/site-packages/pkg02_hello_py
byte-compiling /home/hzc/linux/ros2/ros2_stu/install/pkg02_hello_py/lib/python3.14/site-packages/pkg02_hello_py/hello.py to hello.cpython-314.pyc
byte-compiling /home/hzc/linux/ros2/ros2_stu/install/pkg02_hello_py/lib/python3.14/site-packages/pkg02_hello_py/__init__.py to __init__.cpython-314.pyc
running install_data
creating /home/hzc/linux/ros2/ros2_stu/install/pkg02_hello_py/share/ament_index/resource_index/packages
copying resource/pkg02_hello_py -> /home/hzc/linux/ros2/ros2_stu/install/pkg02_hello_py/share/ament_index/resource_index/packages
copying package.xml -> /home/hzc/linux/ros2/ros2_stu/install/pkg02_hello_py/share/pkg02_hello_py
running install_egg_info
Copying ../../build/pkg02_hello_py/pkg02_hello_py.egg-info to /home/hzc/linux/ros2/ros2_stu/install/pkg02_hello_py/lib/python3.14/site-packages/pkg02_hello_py-0.0.0-py3.14.egg-info
running install_scripts
Installing hello script to /home/hzc/linux/ros2/ros2_stu/install/pkg02_hello_py/lib/pkg02_hello_py
writing list of installed files to '/home/hzc/linux/ros2/ros2_stu/build/pkg02_hello_py/install.log'
