[0.013s] Invoking command in '/home/hzc/linux/ros2/stu/ws01_plubming/build/cpp05_names': CMAKE_PREFIX_PATH=${CMAKE_PREFIX_PATH}:/home/hzc/linux/ros2/stu/ws01_plubming/install/py05_names:/home/hzc/linux/ros2/stu/ws01_plubming/install/py01_topic:/home/hzc/linux/ros2/stu/ws01_plubming/install/py04_param:/home/hzc/linux/ros2/stu/ws01_plubming/install/py03_action:/home/hzc/linux/ros2/stu/ws01_plubming/install/py02_seriver:/opt/ros/lyrical DEBUGINFOD_URLS=https://debuginfod.ubuntu.com /usr/bin/cmake --build /home/hzc/linux/ros2/stu/ws01_plubming/build/cpp05_names -- -j16 -l16
[0.046s] -- Found ament_cmake: 2.8.7 (/opt/ros/lyrical/share/ament_cmake/cmake)
[0.248s] -- Found rclcpp: 32.0.0 (/opt/ros/lyrical/share/rclcpp/cmake)
[0.267s] -- Found rosidl_generator_c: 5.2.0 (/opt/ros/lyrical/share/rosidl_generator_c/cmake)
[0.268s] -- Found rosidl_generator_cpp: 5.2.0 (/opt/ros/lyrical/share/rosidl_generator_cpp/cmake)
[0.277s] -- Using all available rosidl_typesupport_c: rosidl_typesupport_fastrtps_c;rosidl_typesupport_introspection_c
[0.291s] -- Using all available rosidl_typesupport_cpp: rosidl_typesupport_fastrtps_cpp;rosidl_typesupport_introspection_cpp
[0.360s] -- Found rmw_implementation_cmake: 7.10.1 (/opt/ros/lyrical/share/rmw_implementation_cmake/cmake)
[0.361s] -- Found rmw_fastrtps_cpp: 9.4.8 (/opt/ros/lyrical/share/rmw_fastrtps_cpp/cmake)
[0.392s] -- Using RMW implementation 'rmw_fastrtps_cpp' as default
[0.461s] -- Found std_msgs: 5.9.2 (/opt/ros/lyrical/share/std_msgs/cmake)
[0.477s] -- Found ament_lint_auto: 0.20.6 (/opt/ros/lyrical/share/ament_lint_auto/cmake)
[0.580s] -- Added test 'cppcheck' to perform static code analysis on C / C++ code
[0.580s] -- Configured cppcheck include dirs: $<BUILD_INTERFACE:/home/hzc/linux/ros2/stu/ws01_plubming/src/cpp05_names/include>
[0.580s] -- Configured cppcheck exclude dirs and/or files: 
[0.580s] -- Added test 'flake8' to check Python code syntax and style conventions
[0.581s] -- Configured 'flake8' exclude dirs and/or files: 
[0.581s] -- Added test 'lint_cmake' to check CMake code style
[0.581s] -- Added test 'pep257' to check Python code against some of the docstring style conventions in PEP 257
[0.582s] -- Added test 'uncrustify' to check C / C++ code style
[0.582s] -- Configured uncrustify additional arguments: 
[0.582s] -- Added test 'xmllint' to check XML markup files
[0.583s] -- Configuring done (0.5s)
[0.596s] -- Generating done (0.0s)
[0.621s] -- Build files have been written to: /home/hzc/linux/ros2/stu/ws01_plubming/build/cpp05_names
[0.684s] [ 50%] [1m[32mLinking CXX executable demo1_names[0m
[0.703s] /usr/bin/x86_64-linux-gnu-ld.bfd: 找不到 -lstd_msgs: 没有那个文件或目录
[0.745s] collect2: error: ld returned 1 exit status
[0.747s] gmake[2]: *** [CMakeFiles/demo1_names.dir/build.make:168：demo1_names] 错误 1
[0.748s] gmake[1]: *** [CMakeFiles/Makefile2:153：CMakeFiles/demo1_names.dir/all] 错误 2
[0.749s] gmake: *** [Makefile:146：all] 错误 2
[0.751s] Invoked command in '/home/hzc/linux/ros2/stu/ws01_plubming/build/cpp05_names' returned '2': CMAKE_PREFIX_PATH=${CMAKE_PREFIX_PATH}:/home/hzc/linux/ros2/stu/ws01_plubming/install/py05_names:/home/hzc/linux/ros2/stu/ws01_plubming/install/py01_topic:/home/hzc/linux/ros2/stu/ws01_plubming/install/py04_param:/home/hzc/linux/ros2/stu/ws01_plubming/install/py03_action:/home/hzc/linux/ros2/stu/ws01_plubming/install/py02_seriver:/opt/ros/lyrical DEBUGINFOD_URLS=https://debuginfod.ubuntu.com /usr/bin/cmake --build /home/hzc/linux/ros2/stu/ws01_plubming/build/cpp05_names -- -j16 -l16
