[0.026s] Invoking command in '/home/hzc/linux/ros2/stu/ws01_plubming/build/cpp07_exercise': AMENT_PREFIX_PATH=/home/hzc/linux/ros2/stu/ws01_plubming/install/base_interfeces:${AMENT_PREFIX_PATH} CMAKE_PREFIX_PATH=/home/hzc/linux/ros2/stu/ws01_plubming/install/base_interfeces:/opt/ros/lyrical/opt/gz_sim_vendor:/opt/ros/lyrical/opt/gz_sensors_vendor:/opt/ros/lyrical/opt/gz_gui_vendor:/opt/ros/lyrical/opt/gz_transport_vendor:/opt/ros/lyrical/opt/gz_physics_vendor:/opt/ros/lyrical/opt/sdformat_vendor:/opt/ros/lyrical/opt/gz_rendering_vendor:/opt/ros/lyrical/opt/gz_plugin_vendor:/opt/ros/lyrical/opt/gz_fuel_tools_vendor:/opt/ros/lyrical/opt/gz_msgs_vendor:/opt/ros/lyrical/opt/gz_common_vendor:/opt/ros/lyrical/opt/gz_math_vendor:/opt/ros/lyrical/opt/gz_utils_vendor:/opt/ros/lyrical/opt/gz_tools_vendor:/opt/ros/lyrical/opt/gz_ogre_next_vendor:/opt/ros/lyrical/opt/gz_dartsim_vendor:/opt/ros/lyrical/opt/gz_cmake_vendor:/opt/ros/lyrical DEBUGINFOD_URLS=https://debuginfod.ubuntu.com LD_LIBRARY_PATH=/home/hzc/linux/ros2/stu/ws01_plubming/install/base_interfeces/lib:${LD_LIBRARY_PATH} PYTHONPATH=/home/hzc/linux/ros2/stu/ws01_plubming/install/base_interfeces/lib/python3.14/site-packages:${PYTHONPATH} /usr/bin/cmake --build /home/hzc/linux/ros2/stu/ws01_plubming/build/cpp07_exercise -- -j16 -l16
[0.149s] [ 66%] Built target exer1_pub_sub
[0.149s] [ 66%] Built target exer1_server
[0.167s] [100%] Built target exer1_client
[0.182s] Invoked command in '/home/hzc/linux/ros2/stu/ws01_plubming/build/cpp07_exercise' returned '0': AMENT_PREFIX_PATH=/home/hzc/linux/ros2/stu/ws01_plubming/install/base_interfeces:${AMENT_PREFIX_PATH} CMAKE_PREFIX_PATH=/home/hzc/linux/ros2/stu/ws01_plubming/install/base_interfeces:/opt/ros/lyrical/opt/gz_sim_vendor:/opt/ros/lyrical/opt/gz_sensors_vendor:/opt/ros/lyrical/opt/gz_gui_vendor:/opt/ros/lyrical/opt/gz_transport_vendor:/opt/ros/lyrical/opt/gz_physics_vendor:/opt/ros/lyrical/opt/sdformat_vendor:/opt/ros/lyrical/opt/gz_rendering_vendor:/opt/ros/lyrical/opt/gz_plugin_vendor:/opt/ros/lyrical/opt/gz_fuel_tools_vendor:/opt/ros/lyrical/opt/gz_msgs_vendor:/opt/ros/lyrical/opt/gz_common_vendor:/opt/ros/lyrical/opt/gz_math_vendor:/opt/ros/lyrical/opt/gz_utils_vendor:/opt/ros/lyrical/opt/gz_tools_vendor:/opt/ros/lyrical/opt/gz_ogre_next_vendor:/opt/ros/lyrical/opt/gz_dartsim_vendor:/opt/ros/lyrical/opt/gz_cmake_vendor:/opt/ros/lyrical DEBUGINFOD_URLS=https://debuginfod.ubuntu.com LD_LIBRARY_PATH=/home/hzc/linux/ros2/stu/ws01_plubming/install/base_interfeces/lib:${LD_LIBRARY_PATH} PYTHONPATH=/home/hzc/linux/ros2/stu/ws01_plubming/install/base_interfeces/lib/python3.14/site-packages:${PYTHONPATH} /usr/bin/cmake --build /home/hzc/linux/ros2/stu/ws01_plubming/build/cpp07_exercise -- -j16 -l16
[0.195s] Invoking command in '/home/hzc/linux/ros2/stu/ws01_plubming/build/cpp07_exercise': AMENT_PREFIX_PATH=/home/hzc/linux/ros2/stu/ws01_plubming/install/base_interfeces:${AMENT_PREFIX_PATH} CMAKE_PREFIX_PATH=/home/hzc/linux/ros2/stu/ws01_plubming/install/base_interfeces:/opt/ros/lyrical/opt/gz_sim_vendor:/opt/ros/lyrical/opt/gz_sensors_vendor:/opt/ros/lyrical/opt/gz_gui_vendor:/opt/ros/lyrical/opt/gz_transport_vendor:/opt/ros/lyrical/opt/gz_physics_vendor:/opt/ros/lyrical/opt/sdformat_vendor:/opt/ros/lyrical/opt/gz_rendering_vendor:/opt/ros/lyrical/opt/gz_plugin_vendor:/opt/ros/lyrical/opt/gz_fuel_tools_vendor:/opt/ros/lyrical/opt/gz_msgs_vendor:/opt/ros/lyrical/opt/gz_common_vendor:/opt/ros/lyrical/opt/gz_math_vendor:/opt/ros/lyrical/opt/gz_utils_vendor:/opt/ros/lyrical/opt/gz_tools_vendor:/opt/ros/lyrical/opt/gz_ogre_next_vendor:/opt/ros/lyrical/opt/gz_dartsim_vendor:/opt/ros/lyrical/opt/gz_cmake_vendor:/opt/ros/lyrical DEBUGINFOD_URLS=https://debuginfod.ubuntu.com LD_LIBRARY_PATH=/home/hzc/linux/ros2/stu/ws01_plubming/install/base_interfeces/lib:${LD_LIBRARY_PATH} PYTHONPATH=/home/hzc/linux/ros2/stu/ws01_plubming/install/base_interfeces/lib/python3.14/site-packages:${PYTHONPATH} /usr/bin/cmake --install /home/hzc/linux/ros2/stu/ws01_plubming/build/cpp07_exercise
[0.206s] -- Install configuration: ""
[0.207s] -- Up-to-date: /home/hzc/linux/ros2/stu/ws01_plubming/install/cpp07_exercise/lib/cpp07_exercise/exer1_pub_sub
[0.208s] -- Up-to-date: /home/hzc/linux/ros2/stu/ws01_plubming/install/cpp07_exercise/lib/cpp07_exercise/exer1_server
[0.208s] -- Up-to-date: /home/hzc/linux/ros2/stu/ws01_plubming/install/cpp07_exercise/lib/cpp07_exercise/exer1_client
[0.209s] -- Up-to-date: /home/hzc/linux/ros2/stu/ws01_plubming/install/cpp07_exercise/share/cpp07_exercise/launch
[0.209s] -- Up-to-date: /home/hzc/linux/ros2/stu/ws01_plubming/install/cpp07_exercise/share/cpp07_exercise/launch/exer1_pub_sub_launch.py
[0.209s] -- Up-to-date: /home/hzc/linux/ros2/stu/ws01_plubming/install/cpp07_exercise/share/cpp07_exercise/launch/exer1_server_launch.py
[0.209s] -- Up-to-date: /home/hzc/linux/ros2/stu/ws01_plubming/install/cpp07_exercise/share/cpp07_exercise/launch/exer1_client_launch.py
[0.209s] -- Up-to-date: /home/hzc/linux/ros2/stu/ws01_plubming/install/cpp07_exercise/share/ament_index/resource_index/package_run_dependencies/cpp07_exercise
[0.209s] -- Up-to-date: /home/hzc/linux/ros2/stu/ws01_plubming/install/cpp07_exercise/share/ament_index/resource_index/parent_prefix_path/cpp07_exercise
[0.210s] -- Up-to-date: /home/hzc/linux/ros2/stu/ws01_plubming/install/cpp07_exercise/share/cpp07_exercise/environment/ament_prefix_path.sh
[0.210s] -- Up-to-date: /home/hzc/linux/ros2/stu/ws01_plubming/install/cpp07_exercise/share/cpp07_exercise/environment/ament_prefix_path.dsv
[0.210s] -- Up-to-date: /home/hzc/linux/ros2/stu/ws01_plubming/install/cpp07_exercise/share/cpp07_exercise/environment/path.sh
[0.210s] -- Up-to-date: /home/hzc/linux/ros2/stu/ws01_plubming/install/cpp07_exercise/share/cpp07_exercise/environment/path.dsv
[0.210s] -- Up-to-date: /home/hzc/linux/ros2/stu/ws01_plubming/install/cpp07_exercise/share/cpp07_exercise/local_setup.bash
[0.210s] -- Up-to-date: /home/hzc/linux/ros2/stu/ws01_plubming/install/cpp07_exercise/share/cpp07_exercise/local_setup.fish
[0.210s] -- Up-to-date: /home/hzc/linux/ros2/stu/ws01_plubming/install/cpp07_exercise/share/cpp07_exercise/local_setup.sh
[0.210s] -- Up-to-date: /home/hzc/linux/ros2/stu/ws01_plubming/install/cpp07_exercise/share/cpp07_exercise/local_setup.zsh
[0.210s] -- Up-to-date: /home/hzc/linux/ros2/stu/ws01_plubming/install/cpp07_exercise/share/cpp07_exercise/local_setup.dsv
[0.210s] -- Installing: /home/hzc/linux/ros2/stu/ws01_plubming/install/cpp07_exercise/share/cpp07_exercise/package.dsv
[0.211s] -- Up-to-date: /home/hzc/linux/ros2/stu/ws01_plubming/install/cpp07_exercise/share/ament_index/resource_index/packages/cpp07_exercise
[0.211s] -- Up-to-date: /home/hzc/linux/ros2/stu/ws01_plubming/install/cpp07_exercise/share/cpp07_exercise/cmake/cpp07_exerciseConfig.cmake
[0.211s] -- Up-to-date: /home/hzc/linux/ros2/stu/ws01_plubming/install/cpp07_exercise/share/cpp07_exercise/cmake/cpp07_exerciseConfig-version.cmake
[0.211s] -- Up-to-date: /home/hzc/linux/ros2/stu/ws01_plubming/install/cpp07_exercise/share/cpp07_exercise/package.xml
[0.213s] Invoked command in '/home/hzc/linux/ros2/stu/ws01_plubming/build/cpp07_exercise' returned '0': AMENT_PREFIX_PATH=/home/hzc/linux/ros2/stu/ws01_plubming/install/base_interfeces:${AMENT_PREFIX_PATH} CMAKE_PREFIX_PATH=/home/hzc/linux/ros2/stu/ws01_plubming/install/base_interfeces:/opt/ros/lyrical/opt/gz_sim_vendor:/opt/ros/lyrical/opt/gz_sensors_vendor:/opt/ros/lyrical/opt/gz_gui_vendor:/opt/ros/lyrical/opt/gz_transport_vendor:/opt/ros/lyrical/opt/gz_physics_vendor:/opt/ros/lyrical/opt/sdformat_vendor:/opt/ros/lyrical/opt/gz_rendering_vendor:/opt/ros/lyrical/opt/gz_plugin_vendor:/opt/ros/lyrical/opt/gz_fuel_tools_vendor:/opt/ros/lyrical/opt/gz_msgs_vendor:/opt/ros/lyrical/opt/gz_common_vendor:/opt/ros/lyrical/opt/gz_math_vendor:/opt/ros/lyrical/opt/gz_utils_vendor:/opt/ros/lyrical/opt/gz_tools_vendor:/opt/ros/lyrical/opt/gz_ogre_next_vendor:/opt/ros/lyrical/opt/gz_dartsim_vendor:/opt/ros/lyrical/opt/gz_cmake_vendor:/opt/ros/lyrical DEBUGINFOD_URLS=https://debuginfod.ubuntu.com LD_LIBRARY_PATH=/home/hzc/linux/ros2/stu/ws01_plubming/install/base_interfeces/lib:${LD_LIBRARY_PATH} PYTHONPATH=/home/hzc/linux/ros2/stu/ws01_plubming/install/base_interfeces/lib/python3.14/site-packages:${PYTHONPATH} /usr/bin/cmake --install /home/hzc/linux/ros2/stu/ws01_plubming/build/cpp07_exercise
