[0.014s] Invoking command in '/home/hzc/linux/ros2/stu/ws02_tools/build/cpp5_exercise': CMAKE_PREFIX_PATH=${CMAKE_PREFIX_PATH}:/home/hzc/linux/ros2/stu/ws02_tools/install/py5_exercise:/home/hzc/linux/ros2/stu/ws02_tools/install/py3_tf_broadcaster:/home/hzc/linux/ros2/stu/ws02_tools/install/py1_launch:/opt/ros/lyrical DEBUGINFOD_URLS=https://debuginfod.ubuntu.com /usr/bin/cmake --build /home/hzc/linux/ros2/stu/ws02_tools/build/cpp5_exercise -- -j16 -l16
[0.081s] [ 33%] Built target exer1_spawn
[0.082s] [ 50%] [32mBuilding CXX object CMakeFiles/exer3_tf_listener.dir/src/exer3_tf_listener.cpp.o[0m
[0.084s] [ 66%] [32mBuilding CXX object CMakeFiles/exer2_tf_broadcaster.dir/src/exer2_tf_broadcaster.cpp.o[0m
[5.423s] [ 83%] [1m[32mLinking CXX executable exer3_tf_listener[0m
[5.664s] [ 83%] Built target exer3_tf_listener
[8.324s] [100%] [1m[32mLinking CXX executable exer2_tf_broadcaster[0m
[8.714s] [100%] Built target exer2_tf_broadcaster
[8.730s] Invoked command in '/home/hzc/linux/ros2/stu/ws02_tools/build/cpp5_exercise' returned '0': CMAKE_PREFIX_PATH=${CMAKE_PREFIX_PATH}:/home/hzc/linux/ros2/stu/ws02_tools/install/py5_exercise:/home/hzc/linux/ros2/stu/ws02_tools/install/py3_tf_broadcaster:/home/hzc/linux/ros2/stu/ws02_tools/install/py1_launch:/opt/ros/lyrical DEBUGINFOD_URLS=https://debuginfod.ubuntu.com /usr/bin/cmake --build /home/hzc/linux/ros2/stu/ws02_tools/build/cpp5_exercise -- -j16 -l16
[8.746s] Invoking command in '/home/hzc/linux/ros2/stu/ws02_tools/build/cpp5_exercise': CMAKE_PREFIX_PATH=${CMAKE_PREFIX_PATH}:/home/hzc/linux/ros2/stu/ws02_tools/install/py5_exercise:/home/hzc/linux/ros2/stu/ws02_tools/install/py3_tf_broadcaster:/home/hzc/linux/ros2/stu/ws02_tools/install/py1_launch:/opt/ros/lyrical DEBUGINFOD_URLS=https://debuginfod.ubuntu.com /usr/bin/cmake --install /home/hzc/linux/ros2/stu/ws02_tools/build/cpp5_exercise
[8.755s] -- Install configuration: ""
[8.755s] -- Up-to-date: /home/hzc/linux/ros2/stu/ws02_tools/install/cpp5_exercise/lib/cpp5_exercise/exer1_spawn
[8.756s] -- Installing: /home/hzc/linux/ros2/stu/ws02_tools/install/cpp5_exercise/lib/cpp5_exercise/exer2_tf_broadcaster
[8.764s] -- Set non-toolchain portion of runtime path of "/home/hzc/linux/ros2/stu/ws02_tools/install/cpp5_exercise/lib/cpp5_exercise/exer2_tf_broadcaster" to ""
[8.764s] -- Installing: /home/hzc/linux/ros2/stu/ws02_tools/install/cpp5_exercise/lib/cpp5_exercise/exer3_tf_listener
[8.765s] -- Set non-toolchain portion of runtime path of "/home/hzc/linux/ros2/stu/ws02_tools/install/cpp5_exercise/lib/cpp5_exercise/exer3_tf_listener" to ""
[8.765s] -- Up-to-date: /home/hzc/linux/ros2/stu/ws02_tools/install/cpp5_exercise/share/cpp5_exercise/launch
[8.765s] -- Installing: /home/hzc/linux/ros2/stu/ws02_tools/install/cpp5_exercise/share/cpp5_exercise/launch/follow.launch.py
[8.765s] -- Up-to-date: /home/hzc/linux/ros2/stu/ws02_tools/install/cpp5_exercise/share/ament_index/resource_index/package_run_dependencies/cpp5_exercise
[8.765s] -- Up-to-date: /home/hzc/linux/ros2/stu/ws02_tools/install/cpp5_exercise/share/ament_index/resource_index/parent_prefix_path/cpp5_exercise
[8.766s] -- Up-to-date: /home/hzc/linux/ros2/stu/ws02_tools/install/cpp5_exercise/share/cpp5_exercise/environment/ament_prefix_path.sh
[8.766s] -- Up-to-date: /home/hzc/linux/ros2/stu/ws02_tools/install/cpp5_exercise/share/cpp5_exercise/environment/ament_prefix_path.dsv
[8.766s] -- Up-to-date: /home/hzc/linux/ros2/stu/ws02_tools/install/cpp5_exercise/share/cpp5_exercise/environment/path.sh
[8.766s] -- Up-to-date: /home/hzc/linux/ros2/stu/ws02_tools/install/cpp5_exercise/share/cpp5_exercise/environment/path.dsv
[8.766s] -- Up-to-date: /home/hzc/linux/ros2/stu/ws02_tools/install/cpp5_exercise/share/cpp5_exercise/local_setup.bash
[8.766s] -- Up-to-date: /home/hzc/linux/ros2/stu/ws02_tools/install/cpp5_exercise/share/cpp5_exercise/local_setup.fish
[8.766s] -- Up-to-date: /home/hzc/linux/ros2/stu/ws02_tools/install/cpp5_exercise/share/cpp5_exercise/local_setup.sh
[8.766s] -- Up-to-date: /home/hzc/linux/ros2/stu/ws02_tools/install/cpp5_exercise/share/cpp5_exercise/local_setup.zsh
[8.766s] -- Up-to-date: /home/hzc/linux/ros2/stu/ws02_tools/install/cpp5_exercise/share/cpp5_exercise/local_setup.dsv
[8.766s] -- Installing: /home/hzc/linux/ros2/stu/ws02_tools/install/cpp5_exercise/share/cpp5_exercise/package.dsv
[8.766s] -- Up-to-date: /home/hzc/linux/ros2/stu/ws02_tools/install/cpp5_exercise/share/ament_index/resource_index/packages/cpp5_exercise
[8.767s] -- Up-to-date: /home/hzc/linux/ros2/stu/ws02_tools/install/cpp5_exercise/share/cpp5_exercise/cmake/cpp5_exerciseConfig.cmake
[8.767s] -- Up-to-date: /home/hzc/linux/ros2/stu/ws02_tools/install/cpp5_exercise/share/cpp5_exercise/cmake/cpp5_exerciseConfig-version.cmake
[8.767s] -- Up-to-date: /home/hzc/linux/ros2/stu/ws02_tools/install/cpp5_exercise/share/cpp5_exercise/package.xml
[8.768s] Invoked command in '/home/hzc/linux/ros2/stu/ws02_tools/build/cpp5_exercise' returned '0': CMAKE_PREFIX_PATH=${CMAKE_PREFIX_PATH}:/home/hzc/linux/ros2/stu/ws02_tools/install/py5_exercise:/home/hzc/linux/ros2/stu/ws02_tools/install/py3_tf_broadcaster:/home/hzc/linux/ros2/stu/ws02_tools/install/py1_launch:/opt/ros/lyrical DEBUGINFOD_URLS=https://debuginfod.ubuntu.com /usr/bin/cmake --install /home/hzc/linux/ros2/stu/ws02_tools/build/cpp5_exercise
