[2.013s] Invoking command in '/home/hzc/linux/ros2/stu/ws01_plubming/src/py02_seriver': AMENT_PREFIX_PATH=/home/hzc/linux/ros2/stu/ws01_plubming/install/base_interfeces:${AMENT_PREFIX_PATH} CMAKE_PREFIX_PATH=/home/hzc/linux/ros2/stu/ws01_plubming/install/base_interfeces:${CMAKE_PREFIX_PATH} DEBUGINFOD_URLS=https://debuginfod.ubuntu.com LD_LIBRARY_PATH=/home/hzc/linux/ros2/stu/ws01_plubming/install/base_interfeces/lib:${LD_LIBRARY_PATH} PYTHONPATH=/home/hzc/linux/ros2/stu/ws01_plubming/build/py02_seriver/prefix_override:/usr/lib/python3/dist-packages/colcon_core/task/python/colcon_distutils_commands:/home/hzc/linux/ros2/stu/ws01_plubming/install/py02_seriver/lib/python3.14/site-packages:/home/hzc/linux/ros2/stu/ws01_plubming/install/base_interfeces/lib/python3.14/site-packages:${PYTHONPATH} /usr/bin/python3 -W ignore:setup.py install is deprecated -W ignore:easy_install command is deprecated setup.py egg_info --egg-base ../../build/py02_seriver build --build-base /home/hzc/linux/ros2/stu/ws01_plubming/build/py02_seriver/build install --record /home/hzc/linux/ros2/stu/ws01_plubming/build/py02_seriver/install.log --single-version-externally-managed install_data
[2.501s] running egg_info
[2.536s] writing ../../build/py02_seriver/py02_seriver.egg-info/PKG-INFO
[2.537s] writing dependency_links to ../../build/py02_seriver/py02_seriver.egg-info/dependency_links.txt
[2.537s] writing entry points to ../../build/py02_seriver/py02_seriver.egg-info/entry_points.txt
[2.538s] writing requirements to ../../build/py02_seriver/py02_seriver.egg-info/requires.txt
[2.538s] writing top-level names to ../../build/py02_seriver/py02_seriver.egg-info/top_level.txt
[2.601s] reading manifest file '../../build/py02_seriver/py02_seriver.egg-info/SOURCES.txt'
[2.603s] writing manifest file '../../build/py02_seriver/py02_seriver.egg-info/SOURCES.txt'
[2.603s] running build
[2.603s] running build_py
[2.603s] copying py02_seriver/demo1_client_py.py -> /home/hzc/linux/ros2/stu/ws01_plubming/build/py02_seriver/build/lib/py02_seriver
[2.604s] copying py02_seriver/demo1_server_py.py -> /home/hzc/linux/ros2/stu/ws01_plubming/build/py02_seriver/build/lib/py02_seriver
[2.604s] copying py02_seriver/__init__.py -> /home/hzc/linux/ros2/stu/ws01_plubming/build/py02_seriver/build/lib/py02_seriver
[2.604s] copying py02_seriver/py.typed -> /home/hzc/linux/ros2/stu/ws01_plubming/build/py02_seriver/build/lib/py02_seriver
[2.605s] running install
[2.611s] running install_lib
[2.642s] copying /home/hzc/linux/ros2/stu/ws01_plubming/build/py02_seriver/build/lib/py02_seriver/demo1_client_py.py -> /home/hzc/linux/ros2/stu/ws01_plubming/install/py02_seriver/lib/python3.14/site-packages/py02_seriver
[2.643s] byte-compiling /home/hzc/linux/ros2/stu/ws01_plubming/install/py02_seriver/lib/python3.14/site-packages/py02_seriver/demo1_client_py.py to demo1_client_py.cpython-314.pyc
[2.644s] running install_data
[2.644s] copying resource/py02_seriver -> /home/hzc/linux/ros2/stu/ws01_plubming/install/py02_seriver/share/ament_index/resource_index/packages
[2.645s] copying package.xml -> /home/hzc/linux/ros2/stu/ws01_plubming/install/py02_seriver/share/py02_seriver
[2.645s] running install_egg_info
[2.676s] removing '/home/hzc/linux/ros2/stu/ws01_plubming/install/py02_seriver/lib/python3.14/site-packages/py02_seriver-0.0.0-py3.14.egg-info' (and everything under it)
[2.677s] Copying ../../build/py02_seriver/py02_seriver.egg-info to /home/hzc/linux/ros2/stu/ws01_plubming/install/py02_seriver/lib/python3.14/site-packages/py02_seriver-0.0.0-py3.14.egg-info
[2.678s] running install_scripts
[2.835s] Installing demo1_client_py script to /home/hzc/linux/ros2/stu/ws01_plubming/install/py02_seriver/lib/py02_seriver
[2.836s] Installing demo1_server_py script to /home/hzc/linux/ros2/stu/ws01_plubming/install/py02_seriver/lib/py02_seriver
[2.836s] writing list of installed files to '/home/hzc/linux/ros2/stu/ws01_plubming/build/py02_seriver/install.log'
[2.940s] Invoked command in '/home/hzc/linux/ros2/stu/ws01_plubming/src/py02_seriver' returned '0': AMENT_PREFIX_PATH=/home/hzc/linux/ros2/stu/ws01_plubming/install/base_interfeces:${AMENT_PREFIX_PATH} CMAKE_PREFIX_PATH=/home/hzc/linux/ros2/stu/ws01_plubming/install/base_interfeces:${CMAKE_PREFIX_PATH} DEBUGINFOD_URLS=https://debuginfod.ubuntu.com LD_LIBRARY_PATH=/home/hzc/linux/ros2/stu/ws01_plubming/install/base_interfeces/lib:${LD_LIBRARY_PATH} PYTHONPATH=/home/hzc/linux/ros2/stu/ws01_plubming/build/py02_seriver/prefix_override:/usr/lib/python3/dist-packages/colcon_core/task/python/colcon_distutils_commands:/home/hzc/linux/ros2/stu/ws01_plubming/install/py02_seriver/lib/python3.14/site-packages:/home/hzc/linux/ros2/stu/ws01_plubming/install/base_interfeces/lib/python3.14/site-packages:${PYTHONPATH} /usr/bin/python3 -W ignore:setup.py install is deprecated -W ignore:easy_install command is deprecated setup.py egg_info --egg-base ../../build/py02_seriver build --build-base /home/hzc/linux/ros2/stu/ws01_plubming/build/py02_seriver/build install --record /home/hzc/linux/ros2/stu/ws01_plubming/build/py02_seriver/install.log --single-version-externally-managed install_data
