[01m[K/home/hzc/linux/ros2/stu/ws02_tools/src/cpp4_tf_listener/src/demo1_tf_listener.cpp:[m[K In constructor ‘[01m[KTFListener::[01;32m[KTFListener[m[K()[m[K’:
[01m[K/home/hzc/linux/ros2/stu/ws02_tools/src/cpp4_tf_listener/src/demo1_tf_listener.cpp:27:80:[m[K [01;31m[Kerror: [m[Kexpected ‘[01m[K)[m[K’ before ‘[01m[K;[m[K’ token
   27 |       timer_ = this->create_wall_timer(1s,std::bind(&TFListener::on_timer,this)[01;31m[K;[m[K
      |                                                                                [01;31m[K^[m[K
[01m[K/home/hzc/linux/ros2/stu/ws02_tools/src/cpp4_tf_listener/src/demo1_tf_listener.cpp:27:39:[m[K [01;36m[Knote: [m[Kto match this ‘[01m[K([m[K’
   27 |       timer_ = this->create_wall_timer[01;36m[K([m[K1s,std::bind(&TFListener::on_timer,this);
      |                                       [01;36m[K^[m[K
In file included from [01m[K/opt/ros/lyrical/include/rclcpp/rclcpp/copy_all_parameter_values.hpp:27[m[K,
                 from [01m[K/opt/ros/lyrical/include/rclcpp/rclcpp/rclcpp.hpp:173[m[K,
                 from [01m[K/home/hzc/linux/ros2/stu/ws02_tools/src/cpp4_tf_listener/src/demo1_tf_listener.cpp:12[m[K:
[01m[K/home/hzc/linux/ros2/stu/ws02_tools/src/cpp4_tf_listener/src/demo1_tf_listener.cpp:[m[K In member function ‘[01m[Kvoid TFListener::[01;32m[Kon_timer[m[K()[m[K’:
[01m[K/home/hzc/linux/ros2/stu/ws02_tools/src/cpp4_tf_listener/src/demo1_tf_listener.cpp:35:9:[m[K [01;31m[Kerror: [m[Kinvalid use of non-static member function ‘[01m[Krclcpp::Logger rclcpp::Node::[01;32m[Kget_logger[m[K() const[m[K’
   35 |         [01;31m[KRCLCPP_INFO[m[K(this->get_logger,
      |         [01;31m[K^~~~~~~~~~~[m[K
In file included from [01m[K/opt/ros/lyrical/include/rclcpp/rclcpp/executors/single_threaded_executor.hpp:28[m[K,
                 from [01m[K/opt/ros/lyrical/include/rclcpp/rclcpp/executors.hpp:22[m[K,
                 from [01m[K/opt/ros/lyrical/include/rclcpp/rclcpp/rclcpp.hpp:174[m[K:
[01m[K/opt/ros/lyrical/include/rclcpp/rclcpp/node.hpp:145:3:[m[K [01;36m[Knote: [m[Kdeclared here
  145 |   [01;36m[Kget_logger[m[K() const;
      |   [01;36m[K^~~~~~~~~~[m[K
[01m[K/home/hzc/linux/ros2/stu/ws02_tools/src/cpp4_tf_listener/src/demo1_tf_listener.cpp:35:9:[m[K [01;31m[Kerror: [m[Ktemplate argument 1 is invalid
   35 |         [01;31m[KRCLCPP_INFO[m[K(this->get_logger,
      |         [01;31m[K^~~~~~~~~~~[m[K
In file included from [01m[K/opt/ros/lyrical/include/rclcpp/rclcpp/logging.hpp:22[m[K:
[01m[K/home/hzc/linux/ros2/stu/ws02_tools/src/cpp4_tf_listener/src/demo1_tf_listener.cpp:35:27:[m[K [01;31m[Kerror: [m[Kinvalid use of member function ‘[01m[Krclcpp::Logger rclcpp::Node::[01;32m[Kget_logger[m[K() const[m[K’ (did you forget the ‘[01m[K()[m[K’ ?)
   35 |         RCLCPP_INFO(this->[01;31m[Kg[m[Ket_logger,
      |                           [01;31m[K^[m[K
[01m[K/home/hzc/linux/ros2/stu/ws02_tools/src/cpp4_tf_listener/src/demo1_tf_listener.cpp:35:27:[m[K [01;31m[Kerror: [m[Kinvalid use of member function ‘[01m[Krclcpp::Logger rclcpp::Node::[01;32m[Kget_logger[m[K() const[m[K’ (did you forget the ‘[01m[K()[m[K’ ?)
   35 |         RCLCPP_INFO(this->[01;31m[Kg[m[Ket_logger,
      |                           [01;31m[K^[m[K
[01m[K/home/hzc/linux/ros2/stu/ws02_tools/src/cpp4_tf_listener/src/demo1_tf_listener.cpp:35:9:[m[K [01;31m[Kerror: [m[Kexpected primary-expression before ‘[01m[K)[m[K’ token
   35 |         [01;31m[KRCLCPP_INFO[m[K(this->get_logger,
      |         [01;31m[K^~~~~~~~~~~[m[K
gmake[2]: *** [CMakeFiles/demo1_tf_listener.dir/build.make:79：CMakeFiles/demo1_tf_listener.dir/src/demo1_tf_listener.cpp.o] 错误 1
gmake[1]: *** [CMakeFiles/Makefile2:153：CMakeFiles/demo1_tf_listener.dir/all] 错误 2
gmake: *** [Makefile:146：all] 错误 2
