[0.013s] Invoking command in '/home/hzc/linux/ros2/stu/ws02_tools/build/cpp4_tf_listener': CMAKE_PREFIX_PATH=${CMAKE_PREFIX_PATH}:/home/hzc/linux/ros2/stu/ws02_tools/install/py3_tf_broadcaster:/home/hzc/linux/ros2/stu/ws02_tools/install/py1_launch:/opt/ros/lyrical DEBUGINFOD_URLS=https://debuginfod.ubuntu.com /usr/bin/cmake /home/hzc/linux/ros2/stu/ws02_tools/src/cpp4_tf_listener -DCMAKE_INSTALL_PREFIX=/home/hzc/linux/ros2/stu/ws02_tools/install/cpp4_tf_listener
[0.078s] -- The C compiler identification is GNU 15.2.0
[0.154s] -- The CXX compiler identification is GNU 15.2.0
[0.163s] -- Detecting C compiler ABI info
[0.259s] -- Detecting C compiler ABI info - done
[0.276s] -- Check for working C compiler: /usr/bin/cc - skipped
[0.276s] -- Detecting C compile features
[0.277s] -- Detecting C compile features - done
[0.293s] -- Detecting CXX compiler ABI info
[0.402s] -- Detecting CXX compiler ABI info - done
[0.421s] -- Check for working CXX compiler: /usr/bin/c++ - skipped
[0.421s] -- Detecting CXX compile features
[0.422s] -- Detecting CXX compile features - done
[0.440s] -- Found ament_cmake: 2.8.7 (/opt/ros/lyrical/share/ament_cmake/cmake)
[1.258s] -- Found rclcpp: 32.0.0 (/opt/ros/lyrical/share/rclcpp/cmake)
[1.343s] -- Found rosidl_generator_c: 5.2.0 (/opt/ros/lyrical/share/rosidl_generator_c/cmake)
[1.368s] -- Found rosidl_generator_cpp: 5.2.0 (/opt/ros/lyrical/share/rosidl_generator_cpp/cmake)
[1.406s] -- Using all available rosidl_typesupport_c: rosidl_typesupport_fastrtps_c;rosidl_typesupport_introspection_c
[1.437s] -- Using all available rosidl_typesupport_cpp: rosidl_typesupport_fastrtps_cpp;rosidl_typesupport_introspection_cpp
[1.557s] -- Found rmw_implementation_cmake: 7.10.1 (/opt/ros/lyrical/share/rmw_implementation_cmake/cmake)
[1.565s] -- Found rmw_fastrtps_cpp: 9.4.8 (/opt/ros/lyrical/share/rmw_fastrtps_cpp/cmake)
[1.626s] -- Using RMW implementation 'rmw_fastrtps_cpp' as default
[1.743s] -- Found tf2: 0.45.7 (/opt/ros/lyrical/share/tf2/cmake)
[1.799s] -- Found tf2_ros: 0.45.7 (/opt/ros/lyrical/share/tf2_ros/cmake)
[1.993s] -- Found ament_lint_auto: 0.20.6 (/opt/ros/lyrical/share/ament_lint_auto/cmake)
[2.184s] -- Added test 'cppcheck' to perform static code analysis on C / C++ code
[2.184s] -- Configured cppcheck include dirs: $<BUILD_INTERFACE:/home/hzc/linux/ros2/stu/ws02_tools/src/cpp4_tf_listener/include>
[2.184s] -- Configured cppcheck exclude dirs and/or files: 
[2.187s] -- Added test 'lint_cmake' to check CMake code style
[2.190s] -- Added test 'uncrustify' to check C / C++ code style
[2.190s] -- Configured uncrustify additional arguments: 
[2.192s] -- Added test 'xmllint' to check XML markup files
[2.197s] -- Configuring done (2.2s)
[2.212s] -- Generating done (0.0s)
[2.246s] -- Build files have been written to: /home/hzc/linux/ros2/stu/ws02_tools/build/cpp4_tf_listener
[2.255s] Invoked command in '/home/hzc/linux/ros2/stu/ws02_tools/build/cpp4_tf_listener' returned '0': CMAKE_PREFIX_PATH=${CMAKE_PREFIX_PATH}:/home/hzc/linux/ros2/stu/ws02_tools/install/py3_tf_broadcaster:/home/hzc/linux/ros2/stu/ws02_tools/install/py1_launch:/opt/ros/lyrical DEBUGINFOD_URLS=https://debuginfod.ubuntu.com /usr/bin/cmake /home/hzc/linux/ros2/stu/ws02_tools/src/cpp4_tf_listener -DCMAKE_INSTALL_PREFIX=/home/hzc/linux/ros2/stu/ws02_tools/install/cpp4_tf_listener
[2.256s] Invoking command in '/home/hzc/linux/ros2/stu/ws02_tools/build/cpp4_tf_listener': CMAKE_PREFIX_PATH=${CMAKE_PREFIX_PATH}:/home/hzc/linux/ros2/stu/ws02_tools/install/py3_tf_broadcaster:/home/hzc/linux/ros2/stu/ws02_tools/install/py1_launch:/opt/ros/lyrical DEBUGINFOD_URLS=https://debuginfod.ubuntu.com /usr/bin/cmake --build /home/hzc/linux/ros2/stu/ws02_tools/build/cpp4_tf_listener -- -j16 -l16
[2.320s] [ 50%] [32mBuilding CXX object CMakeFiles/demo1_tf_listener.dir/src/demo1_tf_listener.cpp.o[0m
[4.759s] [01m[K/home/hzc/linux/ros2/stu/ws02_tools/src/cpp4_tf_listener/src/demo1_tf_listener.cpp:[m[K In constructor ‘[01m[KTFListener::[01;32m[KTFListener[m[K()[m[K’:
[4.759s] [01m[K/home/hzc/linux/ros2/stu/ws02_tools/src/cpp4_tf_listener/src/demo1_tf_listener.cpp:27:80:[m[K [01;31m[Kerror: [m[Kexpected ‘[01m[K)[m[K’ before ‘[01m[K;[m[K’ token
[4.760s]    27 |       timer_ = this->create_wall_timer(1s,std::bind(&TFListener::on_timer,this)[01;31m[K;[m[K
[4.760s]       |                                                                                [01;31m[K^[m[K
[4.760s] [01m[K/home/hzc/linux/ros2/stu/ws02_tools/src/cpp4_tf_listener/src/demo1_tf_listener.cpp:27:39:[m[K [01;36m[Knote: [m[Kto match this ‘[01m[K([m[K’
[4.760s]    27 |       timer_ = this->create_wall_timer[01;36m[K([m[K1s,std::bind(&TFListener::on_timer,this);
[4.760s]       |                                       [01;36m[K^[m[K
[4.760s] In file included from [01m[K/opt/ros/lyrical/include/rclcpp/rclcpp/copy_all_parameter_values.hpp:27[m[K,
[4.760s]                  from [01m[K/opt/ros/lyrical/include/rclcpp/rclcpp/rclcpp.hpp:173[m[K,
[4.760s]                  from [01m[K/home/hzc/linux/ros2/stu/ws02_tools/src/cpp4_tf_listener/src/demo1_tf_listener.cpp:12[m[K:
[4.761s] [01m[K/home/hzc/linux/ros2/stu/ws02_tools/src/cpp4_tf_listener/src/demo1_tf_listener.cpp:[m[K In member function ‘[01m[Kvoid TFListener::[01;32m[Kon_timer[m[K()[m[K’:
[4.761s] [01m[K/home/hzc/linux/ros2/stu/ws02_tools/src/cpp4_tf_listener/src/demo1_tf_listener.cpp:35:9:[m[K [01;31m[Kerror: [m[Kinvalid use of non-static member function ‘[01m[Krclcpp::Logger rclcpp::Node::[01;32m[Kget_logger[m[K() const[m[K’
[4.761s]    35 |         [01;31m[KRCLCPP_INFO[m[K(this->get_logger,
[4.761s]       |         [01;31m[K^~~~~~~~~~~[m[K
[4.761s] In file included from [01m[K/opt/ros/lyrical/include/rclcpp/rclcpp/executors/single_threaded_executor.hpp:28[m[K,
[4.761s]                  from [01m[K/opt/ros/lyrical/include/rclcpp/rclcpp/executors.hpp:22[m[K,
[4.761s]                  from [01m[K/opt/ros/lyrical/include/rclcpp/rclcpp/rclcpp.hpp:174[m[K:
[4.761s] [01m[K/opt/ros/lyrical/include/rclcpp/rclcpp/node.hpp:145:3:[m[K [01;36m[Knote: [m[Kdeclared here
[4.761s]   145 |   [01;36m[Kget_logger[m[K() const;
[4.761s]       |   [01;36m[K^~~~~~~~~~[m[K
[4.761s] [01m[K/home/hzc/linux/ros2/stu/ws02_tools/src/cpp4_tf_listener/src/demo1_tf_listener.cpp:35:9:[m[K [01;31m[Kerror: [m[Ktemplate argument 1 is invalid
[4.762s]    35 |         [01;31m[KRCLCPP_INFO[m[K(this->get_logger,
[4.762s]       |         [01;31m[K^~~~~~~~~~~[m[K
[4.762s] In file included from [01m[K/opt/ros/lyrical/include/rclcpp/rclcpp/logging.hpp:22[m[K:
[4.762s] [01m[K/home/hzc/linux/ros2/stu/ws02_tools/src/cpp4_tf_listener/src/demo1_tf_listener.cpp:35:27:[m[K [01;31m[Kerror: [m[Kinvalid use of member function ‘[01m[Krclcpp::Logger rclcpp::Node::[01;32m[Kget_logger[m[K() const[m[K’ (did you forget the ‘[01m[K()[m[K’ ?)
[4.762s]    35 |         RCLCPP_INFO(this->[01;31m[Kg[m[Ket_logger,
[4.762s]       |                           [01;31m[K^[m[K
[4.762s] [01m[K/home/hzc/linux/ros2/stu/ws02_tools/src/cpp4_tf_listener/src/demo1_tf_listener.cpp:35:27:[m[K [01;31m[Kerror: [m[Kinvalid use of member function ‘[01m[Krclcpp::Logger rclcpp::Node::[01;32m[Kget_logger[m[K() const[m[K’ (did you forget the ‘[01m[K()[m[K’ ?)
[4.762s]    35 |         RCLCPP_INFO(this->[01;31m[Kg[m[Ket_logger,
[4.762s]       |                           [01;31m[K^[m[K
[4.762s] [01m[K/home/hzc/linux/ros2/stu/ws02_tools/src/cpp4_tf_listener/src/demo1_tf_listener.cpp:35:9:[m[K [01;31m[Kerror: [m[Kexpected primary-expression before ‘[01m[K)[m[K’ token
[4.763s]    35 |         [01;31m[KRCLCPP_INFO[m[K(this->get_logger,
[4.763s]       |         [01;31m[K^~~~~~~~~~~[m[K
[7.293s] gmake[2]: *** [CMakeFiles/demo1_tf_listener.dir/build.make:79：CMakeFiles/demo1_tf_listener.dir/src/demo1_tf_listener.cpp.o] 错误 1
[7.293s] gmake[1]: *** [CMakeFiles/Makefile2:153：CMakeFiles/demo1_tf_listener.dir/all] 错误 2
[7.293s] gmake: *** [Makefile:146：all] 错误 2
[7.298s] Invoked command in '/home/hzc/linux/ros2/stu/ws02_tools/build/cpp4_tf_listener' returned '2': CMAKE_PREFIX_PATH=${CMAKE_PREFIX_PATH}:/home/hzc/linux/ros2/stu/ws02_tools/install/py3_tf_broadcaster:/home/hzc/linux/ros2/stu/ws02_tools/install/py1_launch:/opt/ros/lyrical DEBUGINFOD_URLS=https://debuginfod.ubuntu.com /usr/bin/cmake --build /home/hzc/linux/ros2/stu/ws02_tools/build/cpp4_tf_listener -- -j16 -l16
