[0.770s] Invoking command in '/home/hzc/linux/ros2/stu/ws02_tools/src/py1_launch': DEBUGINFOD_URLS=https://debuginfod.ubuntu.com PYTHONPATH=/home/hzc/linux/ros2/stu/ws02_tools/build/py1_launch/prefix_override:/usr/lib/python3/dist-packages/colcon_core/task/python/colcon_distutils_commands:/home/hzc/linux/ros2/stu/ws02_tools/install/py1_launch/lib/python3.14/site-packages:${PYTHONPATH} /usr/bin/python3 -W ignore:setup.py install is deprecated -W ignore:easy_install command is deprecated setup.py egg_info --egg-base ../../build/py1_launch build --build-base /home/hzc/linux/ros2/stu/ws02_tools/build/py1_launch/build install --record /home/hzc/linux/ros2/stu/ws02_tools/build/py1_launch/install.log --single-version-externally-managed install_data
[1.040s] running egg_info
[1.060s] writing ../../build/py1_launch/py1_launch.egg-info/PKG-INFO
[1.061s] writing dependency_links to ../../build/py1_launch/py1_launch.egg-info/dependency_links.txt
[1.061s] writing requirements to ../../build/py1_launch/py1_launch.egg-info/requires.txt
[1.061s] writing top-level names to ../../build/py1_launch/py1_launch.egg-info/top_level.txt
[1.101s] reading manifest file '../../build/py1_launch/py1_launch.egg-info/SOURCES.txt'
[1.102s] writing manifest file '../../build/py1_launch/py1_launch.egg-info/SOURCES.txt'
[1.102s] running build
[1.102s] running build_py
[1.102s] copying py1_launch/__init__.py -> /home/hzc/linux/ros2/stu/ws02_tools/build/py1_launch/build/lib/py1_launch
[1.103s] copying py1_launch/py.typed -> /home/hzc/linux/ros2/stu/ws02_tools/build/py1_launch/build/lib/py1_launch
[1.103s] running install
[1.108s] running install_lib
[1.131s] running install_data
[1.132s] copying resource/py1_launch -> /home/hzc/linux/ros2/stu/ws02_tools/install/py1_launch/share/ament_index/resource_index/packages
[1.132s] copying package.xml -> /home/hzc/linux/ros2/stu/ws02_tools/install/py1_launch/share/py1_launch
[1.132s] copying launch/py/py1_helloword_launch.py -> /home/hzc/linux/ros2/stu/ws02_tools/install/py1_launch/share/py1_launch
[1.132s] copying launch/xml/xml1_helloword_launch.xml -> /home/hzc/linux/ros2/stu/ws02_tools/install/py1_launch/share/py1_launch
[1.132s] copying launch/yaml/yaml1_helloword_launch.yaml -> /home/hzc/linux/ros2/stu/ws02_tools/install/py1_launch/share/py1_launch
[1.133s] running install_egg_info
[1.153s] removing '/home/hzc/linux/ros2/stu/ws02_tools/install/py1_launch/lib/python3.14/site-packages/py1_launch-0.0.0-py3.14.egg-info' (and everything under it)
[1.153s] Copying ../../build/py1_launch/py1_launch.egg-info to /home/hzc/linux/ros2/stu/ws02_tools/install/py1_launch/lib/python3.14/site-packages/py1_launch-0.0.0-py3.14.egg-info
[1.154s] running install_scripts
[1.259s] writing list of installed files to '/home/hzc/linux/ros2/stu/ws02_tools/build/py1_launch/install.log'
[1.291s] Invoked command in '/home/hzc/linux/ros2/stu/ws02_tools/src/py1_launch' returned '0': DEBUGINFOD_URLS=https://debuginfod.ubuntu.com PYTHONPATH=/home/hzc/linux/ros2/stu/ws02_tools/build/py1_launch/prefix_override:/usr/lib/python3/dist-packages/colcon_core/task/python/colcon_distutils_commands:/home/hzc/linux/ros2/stu/ws02_tools/install/py1_launch/lib/python3.14/site-packages:${PYTHONPATH} /usr/bin/python3 -W ignore:setup.py install is deprecated -W ignore:easy_install command is deprecated setup.py egg_info --egg-base ../../build/py1_launch build --build-base /home/hzc/linux/ros2/stu/ws02_tools/build/py1_launch/build install --record /home/hzc/linux/ros2/stu/ws02_tools/build/py1_launch/install.log --single-version-externally-managed install_data
