[1.921s] Invoking command in '/home/hzc/linux/ros2/stu/ws01_plubming/src/py03_action': AMENT_PREFIX_PATH=/home/hzc/linux/ros2/stu/ws01_plubming/install/base_interfeces:${AMENT_PREFIX_PATH} CMAKE_PREFIX_PATH=/home/hzc/linux/ros2/stu/ws01_plubming/install/base_interfeces:${CMAKE_PREFIX_PATH} DEBUGINFOD_URLS=https://debuginfod.ubuntu.com LD_LIBRARY_PATH=/home/hzc/linux/ros2/stu/ws01_plubming/install/base_interfeces/lib:${LD_LIBRARY_PATH} PYTHONPATH=/home/hzc/linux/ros2/stu/ws01_plubming/build/py03_action/prefix_override:/usr/lib/python3/dist-packages/colcon_core/task/python/colcon_distutils_commands:/home/hzc/linux/ros2/stu/ws01_plubming/install/py03_action/lib/python3.14/site-packages:/home/hzc/linux/ros2/stu/ws01_plubming/install/base_interfeces/lib/python3.14/site-packages:${PYTHONPATH} /usr/bin/python3 -W ignore:setup.py install is deprecated -W ignore:easy_install command is deprecated setup.py egg_info --egg-base ../../build/py03_action build --build-base /home/hzc/linux/ros2/stu/ws01_plubming/build/py03_action/build install --record /home/hzc/linux/ros2/stu/ws01_plubming/build/py03_action/install.log --single-version-externally-managed install_data
[2.466s] running egg_info
[2.501s] writing ../../build/py03_action/py03_action.egg-info/PKG-INFO
[2.503s] writing dependency_links to ../../build/py03_action/py03_action.egg-info/dependency_links.txt
[2.503s] writing entry points to ../../build/py03_action/py03_action.egg-info/entry_points.txt
[2.503s] writing requirements to ../../build/py03_action/py03_action.egg-info/requires.txt
[2.504s] writing top-level names to ../../build/py03_action/py03_action.egg-info/top_level.txt
[2.571s] reading manifest file '../../build/py03_action/py03_action.egg-info/SOURCES.txt'
[2.573s] writing manifest file '../../build/py03_action/py03_action.egg-info/SOURCES.txt'
[2.574s] running build
[2.576s] running build_py
[2.576s] copying py03_action/demo1_action_server_py.py -> /home/hzc/linux/ros2/stu/ws01_plubming/build/py03_action/build/lib/py03_action
[2.576s] copying py03_action/__init__.py -> /home/hzc/linux/ros2/stu/ws01_plubming/build/py03_action/build/lib/py03_action
[2.576s] copying py03_action/demo1_action_client_py.py -> /home/hzc/linux/ros2/stu/ws01_plubming/build/py03_action/build/lib/py03_action
[2.576s] copying py03_action/py.typed -> /home/hzc/linux/ros2/stu/ws01_plubming/build/py03_action/build/lib/py03_action
[2.577s] running install
[2.582s] running install_lib
[2.615s] running install_data
[2.618s] copying resource/py03_action -> /home/hzc/linux/ros2/stu/ws01_plubming/install/py03_action/share/ament_index/resource_index/packages
[2.618s] copying package.xml -> /home/hzc/linux/ros2/stu/ws01_plubming/install/py03_action/share/py03_action
[2.618s] running install_egg_info
[2.649s] removing '/home/hzc/linux/ros2/stu/ws01_plubming/install/py03_action/lib/python3.14/site-packages/py03_action-0.0.0-py3.14.egg-info' (and everything under it)
[2.652s] Copying ../../build/py03_action/py03_action.egg-info to /home/hzc/linux/ros2/stu/ws01_plubming/install/py03_action/lib/python3.14/site-packages/py03_action-0.0.0-py3.14.egg-info
[2.652s] running install_scripts
[2.813s] Installing demo1_action_client_py script to /home/hzc/linux/ros2/stu/ws01_plubming/install/py03_action/lib/py03_action
[2.813s] Installing demo1_action_server_py script to /home/hzc/linux/ros2/stu/ws01_plubming/install/py03_action/lib/py03_action
[2.814s] writing list of installed files to '/home/hzc/linux/ros2/stu/ws01_plubming/build/py03_action/install.log'
[2.895s] Invoked command in '/home/hzc/linux/ros2/stu/ws01_plubming/src/py03_action' returned '0': AMENT_PREFIX_PATH=/home/hzc/linux/ros2/stu/ws01_plubming/install/base_interfeces:${AMENT_PREFIX_PATH} CMAKE_PREFIX_PATH=/home/hzc/linux/ros2/stu/ws01_plubming/install/base_interfeces:${CMAKE_PREFIX_PATH} DEBUGINFOD_URLS=https://debuginfod.ubuntu.com LD_LIBRARY_PATH=/home/hzc/linux/ros2/stu/ws01_plubming/install/base_interfeces/lib:${LD_LIBRARY_PATH} PYTHONPATH=/home/hzc/linux/ros2/stu/ws01_plubming/build/py03_action/prefix_override:/usr/lib/python3/dist-packages/colcon_core/task/python/colcon_distutils_commands:/home/hzc/linux/ros2/stu/ws01_plubming/install/py03_action/lib/python3.14/site-packages:/home/hzc/linux/ros2/stu/ws01_plubming/install/base_interfeces/lib/python3.14/site-packages:${PYTHONPATH} /usr/bin/python3 -W ignore:setup.py install is deprecated -W ignore:easy_install command is deprecated setup.py egg_info --egg-base ../../build/py03_action build --build-base /home/hzc/linux/ros2/stu/ws01_plubming/build/py03_action/build install --record /home/hzc/linux/ros2/stu/ws01_plubming/build/py03_action/install.log --single-version-externally-managed install_data
