[0.014s] Invoking command in '/home/hzc/linux/ros2/stu/ws02_tools/build/cpp6_urdf': CMAKE_PREFIX_PATH=${CMAKE_PREFIX_PATH}:/home/hzc/linux/ros2/stu/ws02_tools/install/py5_exercise:/home/hzc/linux/ros2/stu/ws02_tools/install/py3_tf_broadcaster:/home/hzc/linux/ros2/stu/ws02_tools/install/py1_launch:/opt/ros/lyrical DEBUGINFOD_URLS=https://debuginfod.ubuntu.com /usr/bin/cmake /home/hzc/linux/ros2/stu/ws02_tools/src/cpp6_urdf -DCMAKE_INSTALL_PREFIX=/home/hzc/linux/ros2/stu/ws02_tools/install/cpp6_urdf
[0.081s] -- The C compiler identification is GNU 15.2.0
[0.153s] -- The CXX compiler identification is GNU 15.2.0
[0.173s] -- Detecting C compiler ABI info
[0.264s] -- Detecting C compiler ABI info - done
[0.280s] -- Check for working C compiler: /usr/bin/cc - skipped
[0.280s] -- Detecting C compile features
[0.281s] -- Detecting C compile features - done
[0.296s] -- Detecting CXX compiler ABI info
[0.399s] -- Detecting CXX compiler ABI info - done
[0.415s] -- Check for working CXX compiler: /usr/bin/c++ - skipped
[0.415s] -- Detecting CXX compile features
[0.415s] -- Detecting CXX compile features - done
[0.441s] -- Found ament_cmake: 2.8.7 (/opt/ros/lyrical/share/ament_cmake/cmake)
[1.348s] -- Found ament_lint_auto: 0.20.6 (/opt/ros/lyrical/share/ament_lint_auto/cmake)
[1.504s] -- Added test 'lint_cmake' to check CMake code style
[1.508s] -- Added test 'xmllint' to check XML markup files
[1.514s] -- Configuring done (1.5s)
[1.518s] -- Generating done (0.0s)
[1.519s] -- Build files have been written to: /home/hzc/linux/ros2/stu/ws02_tools/build/cpp6_urdf
[1.526s] Invoked command in '/home/hzc/linux/ros2/stu/ws02_tools/build/cpp6_urdf' returned '0': CMAKE_PREFIX_PATH=${CMAKE_PREFIX_PATH}:/home/hzc/linux/ros2/stu/ws02_tools/install/py5_exercise:/home/hzc/linux/ros2/stu/ws02_tools/install/py3_tf_broadcaster:/home/hzc/linux/ros2/stu/ws02_tools/install/py1_launch:/opt/ros/lyrical DEBUGINFOD_URLS=https://debuginfod.ubuntu.com /usr/bin/cmake /home/hzc/linux/ros2/stu/ws02_tools/src/cpp6_urdf -DCMAKE_INSTALL_PREFIX=/home/hzc/linux/ros2/stu/ws02_tools/install/cpp6_urdf
[1.527s] Invoking command in '/home/hzc/linux/ros2/stu/ws02_tools/build/cpp6_urdf': CMAKE_PREFIX_PATH=${CMAKE_PREFIX_PATH}:/home/hzc/linux/ros2/stu/ws02_tools/install/py5_exercise:/home/hzc/linux/ros2/stu/ws02_tools/install/py3_tf_broadcaster:/home/hzc/linux/ros2/stu/ws02_tools/install/py1_launch:/opt/ros/lyrical DEBUGINFOD_URLS=https://debuginfod.ubuntu.com /usr/bin/cmake --build /home/hzc/linux/ros2/stu/ws02_tools/build/cpp6_urdf -- -j16 -l16
[1.571s] Invoked command in '/home/hzc/linux/ros2/stu/ws02_tools/build/cpp6_urdf' returned '0': CMAKE_PREFIX_PATH=${CMAKE_PREFIX_PATH}:/home/hzc/linux/ros2/stu/ws02_tools/install/py5_exercise:/home/hzc/linux/ros2/stu/ws02_tools/install/py3_tf_broadcaster:/home/hzc/linux/ros2/stu/ws02_tools/install/py1_launch:/opt/ros/lyrical DEBUGINFOD_URLS=https://debuginfod.ubuntu.com /usr/bin/cmake --build /home/hzc/linux/ros2/stu/ws02_tools/build/cpp6_urdf -- -j16 -l16
[1.583s] Invoking command in '/home/hzc/linux/ros2/stu/ws02_tools/build/cpp6_urdf': CMAKE_PREFIX_PATH=${CMAKE_PREFIX_PATH}:/home/hzc/linux/ros2/stu/ws02_tools/install/py5_exercise:/home/hzc/linux/ros2/stu/ws02_tools/install/py3_tf_broadcaster:/home/hzc/linux/ros2/stu/ws02_tools/install/py1_launch:/opt/ros/lyrical DEBUGINFOD_URLS=https://debuginfod.ubuntu.com /usr/bin/cmake --install /home/hzc/linux/ros2/stu/ws02_tools/build/cpp6_urdf
[1.592s] -- Install configuration: ""
[1.592s] -- Installing: /home/hzc/linux/ros2/stu/ws02_tools/install/cpp6_urdf/share/ament_index/resource_index/package_run_dependencies/cpp6_urdf
[1.592s] -- Installing: /home/hzc/linux/ros2/stu/ws02_tools/install/cpp6_urdf/share/ament_index/resource_index/parent_prefix_path/cpp6_urdf
[1.593s] -- Installing: /home/hzc/linux/ros2/stu/ws02_tools/install/cpp6_urdf/share/cpp6_urdf/environment/ament_prefix_path.sh
[1.593s] -- Installing: /home/hzc/linux/ros2/stu/ws02_tools/install/cpp6_urdf/share/cpp6_urdf/environment/ament_prefix_path.dsv
[1.593s] -- Installing: /home/hzc/linux/ros2/stu/ws02_tools/install/cpp6_urdf/share/cpp6_urdf/environment/path.sh
[1.593s] -- Installing: /home/hzc/linux/ros2/stu/ws02_tools/install/cpp6_urdf/share/cpp6_urdf/environment/path.dsv
[1.593s] -- Installing: /home/hzc/linux/ros2/stu/ws02_tools/install/cpp6_urdf/share/cpp6_urdf/local_setup.bash
[1.593s] -- Installing: /home/hzc/linux/ros2/stu/ws02_tools/install/cpp6_urdf/share/cpp6_urdf/local_setup.fish
[1.593s] -- Installing: /home/hzc/linux/ros2/stu/ws02_tools/install/cpp6_urdf/share/cpp6_urdf/local_setup.sh
[1.593s] -- Installing: /home/hzc/linux/ros2/stu/ws02_tools/install/cpp6_urdf/share/cpp6_urdf/local_setup.zsh
[1.593s] -- Installing: /home/hzc/linux/ros2/stu/ws02_tools/install/cpp6_urdf/share/cpp6_urdf/local_setup.dsv
[1.594s] -- Installing: /home/hzc/linux/ros2/stu/ws02_tools/install/cpp6_urdf/share/cpp6_urdf/package.dsv
[1.594s] -- Installing: /home/hzc/linux/ros2/stu/ws02_tools/install/cpp6_urdf/share/ament_index/resource_index/packages/cpp6_urdf
[1.594s] -- Installing: /home/hzc/linux/ros2/stu/ws02_tools/install/cpp6_urdf/share/cpp6_urdf/cmake/cpp6_urdfConfig.cmake
[1.594s] -- Installing: /home/hzc/linux/ros2/stu/ws02_tools/install/cpp6_urdf/share/cpp6_urdf/cmake/cpp6_urdfConfig-version.cmake
[1.594s] -- Installing: /home/hzc/linux/ros2/stu/ws02_tools/install/cpp6_urdf/share/cpp6_urdf/package.xml
[1.596s] Invoked command in '/home/hzc/linux/ros2/stu/ws02_tools/build/cpp6_urdf' returned '0': CMAKE_PREFIX_PATH=${CMAKE_PREFIX_PATH}:/home/hzc/linux/ros2/stu/ws02_tools/install/py5_exercise:/home/hzc/linux/ros2/stu/ws02_tools/install/py3_tf_broadcaster:/home/hzc/linux/ros2/stu/ws02_tools/install/py1_launch:/opt/ros/lyrical DEBUGINFOD_URLS=https://debuginfod.ubuntu.com /usr/bin/cmake --install /home/hzc/linux/ros2/stu/ws02_tools/build/cpp6_urdf
