[0.012s] Invoking command in '/home/hzc/linux/ros2/stu/ws01_plubming/build/cpp02_service': CMAKE_PREFIX_PATH=${CMAKE_PREFIX_PATH}:/home/hzc/linux/ros2/stu/ws01_plubming/install/py02_seriver:/home/hzc/linux/ros2/stu/ws01_plubming/install/py01_topic:/opt/ros/lyrical DEBUGINFOD_URLS=https://debuginfod.ubuntu.com /usr/bin/cmake --build /home/hzc/linux/ros2/stu/ws01_plubming/build/cpp02_service -- -j16 -l16
[0.078s] [ 50%] [32mBuilding CXX object CMakeFiles/demo1_server.dir/src/demo1_server.cpp.o[0m
[0.078s] [ 50%] [32mBuilding CXX object CMakeFiles/demo1_client.dir/src/demo1_client.cpp.o[0m
[2.471s] In file included from [01m[K/opt/ros/lyrical/include/rclcpp/rclcpp/copy_all_parameter_values.hpp:27[m[K,
[2.471s]                  from [01m[K/opt/ros/lyrical/include/rclcpp/rclcpp/rclcpp.hpp:173[m[K,
[2.471s]                  from [01m[K/home/hzc/linux/ros2/stu/ws01_plubming/src/cpp02_service/src/demo1_client.cpp:11[m[K:
[2.472s] [01m[K/home/hzc/linux/ros2/stu/ws01_plubming/src/cpp02_service/src/demo1_client.cpp:[m[K In function ‘[01m[Kint[01;32m[K main[m[K(int, const char**)[m[K’:
[2.472s] [01m[K/home/hzc/linux/ros2/stu/ws01_plubming/src/cpp02_service/src/demo1_client.cpp:28:9:[m[K [01;31m[Kerror: [m[Kexpected primary-expression before ‘[01m[K)[m[K’ token
[2.472s]    28 |         [01;31m[KRCLCPP_INFO[m[K();
[2.472s]       |         [01;31m[K^~~~~~~~~~~[m[K
[2.472s] [01m[K/home/hzc/linux/ros2/stu/ws01_plubming/src/cpp02_service/src/demo1_client.cpp:28:9:[m[K [01;31m[Kerror: [m[Ktemplate argument 1 is invalid
[2.472s]    28 |         [01;31m[KRCLCPP_INFO[m[K();
[2.472s]       |         [01;31m[K^~~~~~~~~~~[m[K
[2.472s] In file included from [01m[K/opt/ros/lyrical/include/rclcpp/rclcpp/logging.hpp:22[m[K:
[2.472s] [01m[K/home/hzc/linux/ros2/stu/ws01_plubming/src/cpp02_service/src/demo1_client.cpp:28:9:[m[K [01;31m[Kerror: [m[Kexpected primary-expression before ‘[01m[K)[m[K’ token
[2.472s]    28 |         [01;31m[KRCLCPP_INFO[m[K();
[2.472s]       |         [01;31m[K^~~~~~~~~~~[m[K
[2.472s] [01m[K/home/hzc/linux/ros2/stu/ws01_plubming/src/cpp02_service/src/demo1_client.cpp:28:9:[m[K [01;31m[Kerror: [m[Kexpected primary-expression before ‘[01m[K)[m[K’ token
[2.473s]    28 |         [01;31m[KRCLCPP_INFO[m[K();
[2.473s]       |         [01;31m[K^~~~~~~~~~~[m[K
[2.473s] [01m[K/home/hzc/linux/ros2/stu/ws01_plubming/src/cpp02_service/src/demo1_client.cpp:28:9:[m[K [01;31m[Kerror: [m[Kexpected primary-expression before ‘[01m[K)[m[K’ token
[2.473s]    28 |         [01;31m[KRCLCPP_INFO[m[K();
[2.473s]       |         [01;31m[K^~~~~~~~~~~[m[K
[3.598s] gmake[2]: *** [CMakeFiles/demo1_client.dir/build.make:79：CMakeFiles/demo1_client.dir/src/demo1_client.cpp.o] 错误 1
[3.598s] gmake[1]: *** [CMakeFiles/Makefile2:188：CMakeFiles/demo1_client.dir/all] 错误 2
[3.598s] gmake[1]: *** 正在等待未完成的任务....
[4.630s] [ 75%] [1m[32mLinking CXX executable demo1_server[0m
[4.805s] [ 75%] Built target demo1_server
[4.806s] gmake: *** [Makefile:146：all] 错误 2
[4.810s] Invoked command in '/home/hzc/linux/ros2/stu/ws01_plubming/build/cpp02_service' returned '2': CMAKE_PREFIX_PATH=${CMAKE_PREFIX_PATH}:/home/hzc/linux/ros2/stu/ws01_plubming/install/py02_seriver:/home/hzc/linux/ros2/stu/ws01_plubming/install/py01_topic:/opt/ros/lyrical DEBUGINFOD_URLS=https://debuginfod.ubuntu.com /usr/bin/cmake --build /home/hzc/linux/ros2/stu/ws01_plubming/build/cpp02_service -- -j16 -l16
