-- The C compiler identification is GNU 15.2.0
-- The CXX compiler identification is GNU 15.2.0
-- Detecting C compiler ABI info
-- Detecting C compiler ABI info - done
-- Check for working C compiler: /usr/bin/cc - skipped
-- Detecting C compile features
-- Detecting C compile features - done
-- Detecting CXX compiler ABI info
-- Detecting CXX compiler ABI info - done
-- Check for working CXX compiler: /usr/bin/c++ - skipped
-- Detecting CXX compile features
-- Detecting CXX compile features - done
-- Found ament_cmake: 2.8.7 (/opt/ros/lyrical/share/ament_cmake/cmake)
-- Found ament_lint_auto: 0.20.6 (/opt/ros/lyrical/share/ament_lint_auto/cmake)
-- Added test 'cppcheck' to perform static code analysis on C / C++ code
-- Configured cppcheck include dirs: $<BUILD_INTERFACE:/home/hzc/linux/ros2/stu/ws01_plubming/src/turtlesim/include>
-- Configured cppcheck exclude dirs and/or files: 
-- Added test 'lint_cmake' to check CMake code style
-- Added test 'uncrustify' to check C / C++ code style
-- Configured uncrustify additional arguments: 
-- Added test 'xmllint' to check XML markup files
-- Configuring done (1.3s)
-- Generating done (0.0s)
-- Build files have been written to: /home/hzc/linux/ros2/stu/ws01_plubming/build/turtlesim
[ 50%] [32mBuilding CXX object CMakeFiles/turtlesim_node.dir/src/turtlesim_node.cpp.o[0m
[100%] [1m[32mLinking CXX executable turtlesim_node[0m
[100%] Built target turtlesim_node
-- Install configuration: ""
-- Installing: /home/hzc/linux/ros2/stu/ws01_plubming/install/turtlesim/lib/turtlesim/turtlesim_node
-- Installing: /home/hzc/linux/ros2/stu/ws01_plubming/install/turtlesim/share/ament_index/resource_index/package_run_dependencies/turtlesim
-- Installing: /home/hzc/linux/ros2/stu/ws01_plubming/install/turtlesim/share/ament_index/resource_index/parent_prefix_path/turtlesim
-- Installing: /home/hzc/linux/ros2/stu/ws01_plubming/install/turtlesim/share/turtlesim/environment/ament_prefix_path.sh
-- Installing: /home/hzc/linux/ros2/stu/ws01_plubming/install/turtlesim/share/turtlesim/environment/ament_prefix_path.dsv
-- Installing: /home/hzc/linux/ros2/stu/ws01_plubming/install/turtlesim/share/turtlesim/environment/path.sh
-- Installing: /home/hzc/linux/ros2/stu/ws01_plubming/install/turtlesim/share/turtlesim/environment/path.dsv
-- Installing: /home/hzc/linux/ros2/stu/ws01_plubming/install/turtlesim/share/turtlesim/local_setup.bash
-- Installing: /home/hzc/linux/ros2/stu/ws01_plubming/install/turtlesim/share/turtlesim/local_setup.fish
-- Installing: /home/hzc/linux/ros2/stu/ws01_plubming/install/turtlesim/share/turtlesim/local_setup.sh
-- Installing: /home/hzc/linux/ros2/stu/ws01_plubming/install/turtlesim/share/turtlesim/local_setup.zsh
-- Installing: /home/hzc/linux/ros2/stu/ws01_plubming/install/turtlesim/share/turtlesim/local_setup.dsv
-- Installing: /home/hzc/linux/ros2/stu/ws01_plubming/install/turtlesim/share/turtlesim/package.dsv
-- Installing: /home/hzc/linux/ros2/stu/ws01_plubming/install/turtlesim/share/ament_index/resource_index/packages/turtlesim
-- Installing: /home/hzc/linux/ros2/stu/ws01_plubming/install/turtlesim/share/turtlesim/cmake/turtlesimConfig.cmake
-- Installing: /home/hzc/linux/ros2/stu/ws01_plubming/install/turtlesim/share/turtlesim/cmake/turtlesimConfig-version.cmake
-- Installing: /home/hzc/linux/ros2/stu/ws01_plubming/install/turtlesim/share/turtlesim/package.xml
