[0.020s] Invoking command in '/home/hzc/linux/ros2/stu/ws01_plubming/build/turtlesim': CMAKE_PREFIX_PATH=${CMAKE_PREFIX_PATH}:/opt/ros/lyrical DEBUGINFOD_URLS=https://debuginfod.ubuntu.com /usr/bin/cmake /home/hzc/linux/ros2/stu/ws01_plubming/src/turtlesim -DCMAKE_INSTALL_PREFIX=/home/hzc/linux/ros2/stu/ws01_plubming/install/turtlesim
[0.089s] -- The C compiler identification is GNU 15.2.0
[0.170s] -- The CXX compiler identification is GNU 15.2.0
[0.180s] -- Detecting C compiler ABI info
[0.287s] -- Detecting C compiler ABI info - done
[0.303s] -- Check for working C compiler: /usr/bin/cc - skipped
[0.303s] -- Detecting C compile features
[0.303s] -- Detecting C compile features - done
[0.322s] -- Detecting CXX compiler ABI info
[0.430s] -- Detecting CXX compiler ABI info - done
[0.445s] -- Check for working CXX compiler: /usr/bin/c++ - skipped
[0.446s] -- Detecting CXX compile features
[0.446s] -- Detecting CXX compile features - done
[0.472s] -- Found ament_cmake: 2.8.7 (/opt/ros/lyrical/share/ament_cmake/cmake)
[1.170s] -- Found ament_lint_auto: 0.20.6 (/opt/ros/lyrical/share/ament_lint_auto/cmake)
[1.311s] -- Added test 'cppcheck' to perform static code analysis on C / C++ code
[1.311s] -- Configured cppcheck include dirs: $<BUILD_INTERFACE:/home/hzc/linux/ros2/stu/ws01_plubming/src/turtlesim/include>
[1.311s] -- Configured cppcheck exclude dirs and/or files: 
[1.313s] -- Added test 'lint_cmake' to check CMake code style
[1.315s] -- Added test 'uncrustify' to check C / C++ code style
[1.315s] -- Configured uncrustify additional arguments: 
[1.318s] -- Added test 'xmllint' to check XML markup files
[1.322s] -- Configuring done (1.3s)
[1.328s] -- Generating done (0.0s)
[1.329s] -- Build files have been written to: /home/hzc/linux/ros2/stu/ws01_plubming/build/turtlesim
[1.336s] Invoked command in '/home/hzc/linux/ros2/stu/ws01_plubming/build/turtlesim' returned '0': CMAKE_PREFIX_PATH=${CMAKE_PREFIX_PATH}:/opt/ros/lyrical DEBUGINFOD_URLS=https://debuginfod.ubuntu.com /usr/bin/cmake /home/hzc/linux/ros2/stu/ws01_plubming/src/turtlesim -DCMAKE_INSTALL_PREFIX=/home/hzc/linux/ros2/stu/ws01_plubming/install/turtlesim
[1.337s] Invoking command in '/home/hzc/linux/ros2/stu/ws01_plubming/build/turtlesim': CMAKE_PREFIX_PATH=${CMAKE_PREFIX_PATH}:/opt/ros/lyrical DEBUGINFOD_URLS=https://debuginfod.ubuntu.com /usr/bin/cmake --build /home/hzc/linux/ros2/stu/ws01_plubming/build/turtlesim -- -j16 -l16
[1.396s] [ 50%] [32mBuilding CXX object CMakeFiles/turtlesim_node.dir/src/turtlesim_node.cpp.o[0m
[1.428s] [100%] [1m[32mLinking CXX executable turtlesim_node[0m
[1.478s] [100%] Built target turtlesim_node
[1.492s] Invoked command in '/home/hzc/linux/ros2/stu/ws01_plubming/build/turtlesim' returned '0': CMAKE_PREFIX_PATH=${CMAKE_PREFIX_PATH}:/opt/ros/lyrical DEBUGINFOD_URLS=https://debuginfod.ubuntu.com /usr/bin/cmake --build /home/hzc/linux/ros2/stu/ws01_plubming/build/turtlesim -- -j16 -l16
[1.504s] Invoking command in '/home/hzc/linux/ros2/stu/ws01_plubming/build/turtlesim': CMAKE_PREFIX_PATH=${CMAKE_PREFIX_PATH}:/opt/ros/lyrical DEBUGINFOD_URLS=https://debuginfod.ubuntu.com /usr/bin/cmake --install /home/hzc/linux/ros2/stu/ws01_plubming/build/turtlesim
[1.514s] -- Install configuration: ""
[1.514s] -- Installing: /home/hzc/linux/ros2/stu/ws01_plubming/install/turtlesim/lib/turtlesim/turtlesim_node
[1.514s] -- Installing: /home/hzc/linux/ros2/stu/ws01_plubming/install/turtlesim/share/ament_index/resource_index/package_run_dependencies/turtlesim
[1.515s] -- Installing: /home/hzc/linux/ros2/stu/ws01_plubming/install/turtlesim/share/ament_index/resource_index/parent_prefix_path/turtlesim
[1.515s] -- Installing: /home/hzc/linux/ros2/stu/ws01_plubming/install/turtlesim/share/turtlesim/environment/ament_prefix_path.sh
[1.515s] -- Installing: /home/hzc/linux/ros2/stu/ws01_plubming/install/turtlesim/share/turtlesim/environment/ament_prefix_path.dsv
[1.515s] -- Installing: /home/hzc/linux/ros2/stu/ws01_plubming/install/turtlesim/share/turtlesim/environment/path.sh
[1.515s] -- Installing: /home/hzc/linux/ros2/stu/ws01_plubming/install/turtlesim/share/turtlesim/environment/path.dsv
[1.515s] -- Installing: /home/hzc/linux/ros2/stu/ws01_plubming/install/turtlesim/share/turtlesim/local_setup.bash
[1.515s] -- Installing: /home/hzc/linux/ros2/stu/ws01_plubming/install/turtlesim/share/turtlesim/local_setup.fish
[1.516s] -- Installing: /home/hzc/linux/ros2/stu/ws01_plubming/install/turtlesim/share/turtlesim/local_setup.sh
[1.516s] -- Installing: /home/hzc/linux/ros2/stu/ws01_plubming/install/turtlesim/share/turtlesim/local_setup.zsh
[1.516s] -- Installing: /home/hzc/linux/ros2/stu/ws01_plubming/install/turtlesim/share/turtlesim/local_setup.dsv
[1.516s] -- Installing: /home/hzc/linux/ros2/stu/ws01_plubming/install/turtlesim/share/turtlesim/package.dsv
[1.516s] -- Installing: /home/hzc/linux/ros2/stu/ws01_plubming/install/turtlesim/share/ament_index/resource_index/packages/turtlesim
[1.516s] -- Installing: /home/hzc/linux/ros2/stu/ws01_plubming/install/turtlesim/share/turtlesim/cmake/turtlesimConfig.cmake
[1.517s] -- Installing: /home/hzc/linux/ros2/stu/ws01_plubming/install/turtlesim/share/turtlesim/cmake/turtlesimConfig-version.cmake
[1.517s] -- Installing: /home/hzc/linux/ros2/stu/ws01_plubming/install/turtlesim/share/turtlesim/package.xml
[1.520s] Invoked command in '/home/hzc/linux/ros2/stu/ws01_plubming/build/turtlesim' returned '0': CMAKE_PREFIX_PATH=${CMAKE_PREFIX_PATH}:/opt/ros/lyrical DEBUGINFOD_URLS=https://debuginfod.ubuntu.com /usr/bin/cmake --install /home/hzc/linux/ros2/stu/ws01_plubming/build/turtlesim
