[1.025s] Invoking command in '/shared/ws1_stu/src/py2_autopartol': PYTHONPATH=/shared/ws1_stu/build/py2_autopartol/prefix_override:/usr/lib/python3/dist-packages/colcon_core/task/python/colcon_distutils_commands:/shared/ws1_stu/install/py2_autopartol/lib/python3.10/site-packages:${PYTHONPATH} /usr/bin/python3 -W ignore:setup.py install is deprecated -W ignore:easy_install command is deprecated setup.py egg_info --egg-base ../../build/py2_autopartol build --build-base /shared/ws1_stu/build/py2_autopartol/build install --record /shared/ws1_stu/build/py2_autopartol/install.log --single-version-externally-managed install_data
[1.207s] running egg_info
[1.208s] creating ../../build/py2_autopartol/py2_autopartol.egg-info
[1.208s] writing ../../build/py2_autopartol/py2_autopartol.egg-info/PKG-INFO
[1.208s] writing dependency_links to ../../build/py2_autopartol/py2_autopartol.egg-info/dependency_links.txt
[1.208s] writing entry points to ../../build/py2_autopartol/py2_autopartol.egg-info/entry_points.txt
[1.208s] writing requirements to ../../build/py2_autopartol/py2_autopartol.egg-info/requires.txt
[1.209s] writing top-level names to ../../build/py2_autopartol/py2_autopartol.egg-info/top_level.txt
[1.209s] writing manifest file '../../build/py2_autopartol/py2_autopartol.egg-info/SOURCES.txt'
[1.212s] reading manifest file '../../build/py2_autopartol/py2_autopartol.egg-info/SOURCES.txt'
[1.212s] adding license file 'LICENSE'
[1.212s] writing manifest file '../../build/py2_autopartol/py2_autopartol.egg-info/SOURCES.txt'
[1.212s] running build
[1.212s] running build_py
[1.212s] creating /shared/ws1_stu/build/py2_autopartol/build
[1.213s] creating /shared/ws1_stu/build/py2_autopartol/build/lib
[1.213s] creating /shared/ws1_stu/build/py2_autopartol/build/lib/py2_autopartol
[1.213s] copying py2_autopartol/__init__.py -> /shared/ws1_stu/build/py2_autopartol/build/lib/py2_autopartol
[1.213s] copying py2_autopartol/partol_node.py -> /shared/ws1_stu/build/py2_autopartol/build/lib/py2_autopartol
[1.213s] running install
[1.213s] running install_lib
[1.213s] creating /shared/ws1_stu/install/py2_autopartol/lib/python3.10/site-packages/py2_autopartol
[1.213s] copying /shared/ws1_stu/build/py2_autopartol/build/lib/py2_autopartol/__init__.py -> /shared/ws1_stu/install/py2_autopartol/lib/python3.10/site-packages/py2_autopartol
[1.214s] copying /shared/ws1_stu/build/py2_autopartol/build/lib/py2_autopartol/partol_node.py -> /shared/ws1_stu/install/py2_autopartol/lib/python3.10/site-packages/py2_autopartol
[1.214s] byte-compiling /shared/ws1_stu/install/py2_autopartol/lib/python3.10/site-packages/py2_autopartol/__init__.py to __init__.cpython-310.pyc
[1.214s] byte-compiling /shared/ws1_stu/install/py2_autopartol/lib/python3.10/site-packages/py2_autopartol/partol_node.py to partol_node.cpython-310.pyc
[1.217s] running install_data
[1.217s] creating /shared/ws1_stu/install/py2_autopartol/share/ament_index
[1.217s] creating /shared/ws1_stu/install/py2_autopartol/share/ament_index/resource_index
[1.217s] creating /shared/ws1_stu/install/py2_autopartol/share/ament_index/resource_index/packages
[1.218s] copying resource/py2_autopartol -> /shared/ws1_stu/install/py2_autopartol/share/ament_index/resource_index/packages
[1.218s] copying package.xml -> /shared/ws1_stu/install/py2_autopartol/share/py2_autopartol
[1.218s] running install_egg_info
[1.218s] Copying ../../build/py2_autopartol/py2_autopartol.egg-info to /shared/ws1_stu/install/py2_autopartol/lib/python3.10/site-packages/py2_autopartol-0.0.0-py3.10.egg-info
[1.219s] running install_scripts
[1.237s] Installing partol_node script to /shared/ws1_stu/install/py2_autopartol/lib/py2_autopartol
[1.237s] writing list of installed files to '/shared/ws1_stu/build/py2_autopartol/install.log'
[1.273s] Invoked command in '/shared/ws1_stu/src/py2_autopartol' returned '0': PYTHONPATH=/shared/ws1_stu/build/py2_autopartol/prefix_override:/usr/lib/python3/dist-packages/colcon_core/task/python/colcon_distutils_commands:/shared/ws1_stu/install/py2_autopartol/lib/python3.10/site-packages:${PYTHONPATH} /usr/bin/python3 -W ignore:setup.py install is deprecated -W ignore:easy_install command is deprecated setup.py egg_info --egg-base ../../build/py2_autopartol build --build-base /shared/ws1_stu/build/py2_autopartol/build install --record /shared/ws1_stu/build/py2_autopartol/install.log --single-version-externally-managed install_data
