running egg_info
creating ../../build/py01_topic/py01_topic.egg-info
writing ../../build/py01_topic/py01_topic.egg-info/PKG-INFO
writing dependency_links to ../../build/py01_topic/py01_topic.egg-info/dependency_links.txt
writing entry points to ../../build/py01_topic/py01_topic.egg-info/entry_points.txt
writing requirements to ../../build/py01_topic/py01_topic.egg-info/requires.txt
writing top-level names to ../../build/py01_topic/py01_topic.egg-info/top_level.txt
writing manifest file '../../build/py01_topic/py01_topic.egg-info/SOURCES.txt'
reading manifest file '../../build/py01_topic/py01_topic.egg-info/SOURCES.txt'
writing manifest file '../../build/py01_topic/py01_topic.egg-info/SOURCES.txt'
running build
running build_py
creating /home/hzc/linux/ros2/stu/ws01_plubming/build/py01_topic/build/lib/py01_topic
copying py01_topic/__init__.py -> /home/hzc/linux/ros2/stu/ws01_plubming/build/py01_topic/build/lib/py01_topic
copying py01_topic/demo02_listener_stu_py.py -> /home/hzc/linux/ros2/stu/ws01_plubming/build/py01_topic/build/lib/py01_topic
copying py01_topic/demo02_talker_stu_py.py -> /home/hzc/linux/ros2/stu/ws01_plubming/build/py01_topic/build/lib/py01_topic
copying py01_topic/demo01_talker_sty_py.py -> /home/hzc/linux/ros2/stu/ws01_plubming/build/py01_topic/build/lib/py01_topic
copying py01_topic/demo01_listener_sty_py.py -> /home/hzc/linux/ros2/stu/ws01_plubming/build/py01_topic/build/lib/py01_topic
copying py01_topic/py.typed -> /home/hzc/linux/ros2/stu/ws01_plubming/build/py01_topic/build/lib/py01_topic
running install
running install_lib
creating /home/hzc/linux/ros2/stu/ws01_plubming/install/py01_topic/lib/python3.14/site-packages/py01_topic
copying /home/hzc/linux/ros2/stu/ws01_plubming/build/py01_topic/build/lib/py01_topic/py.typed -> /home/hzc/linux/ros2/stu/ws01_plubming/install/py01_topic/lib/python3.14/site-packages/py01_topic
copying /home/hzc/linux/ros2/stu/ws01_plubming/build/py01_topic/build/lib/py01_topic/__init__.py -> /home/hzc/linux/ros2/stu/ws01_plubming/install/py01_topic/lib/python3.14/site-packages/py01_topic
copying /home/hzc/linux/ros2/stu/ws01_plubming/build/py01_topic/build/lib/py01_topic/demo02_listener_stu_py.py -> /home/hzc/linux/ros2/stu/ws01_plubming/install/py01_topic/lib/python3.14/site-packages/py01_topic
copying /home/hzc/linux/ros2/stu/ws01_plubming/build/py01_topic/build/lib/py01_topic/demo02_talker_stu_py.py -> /home/hzc/linux/ros2/stu/ws01_plubming/install/py01_topic/lib/python3.14/site-packages/py01_topic
copying /home/hzc/linux/ros2/stu/ws01_plubming/build/py01_topic/build/lib/py01_topic/demo01_talker_sty_py.py -> /home/hzc/linux/ros2/stu/ws01_plubming/install/py01_topic/lib/python3.14/site-packages/py01_topic
copying /home/hzc/linux/ros2/stu/ws01_plubming/build/py01_topic/build/lib/py01_topic/demo01_listener_sty_py.py -> /home/hzc/linux/ros2/stu/ws01_plubming/install/py01_topic/lib/python3.14/site-packages/py01_topic
byte-compiling /home/hzc/linux/ros2/stu/ws01_plubming/install/py01_topic/lib/python3.14/site-packages/py01_topic/__init__.py to __init__.cpython-314.pyc
byte-compiling /home/hzc/linux/ros2/stu/ws01_plubming/install/py01_topic/lib/python3.14/site-packages/py01_topic/demo02_listener_stu_py.py to demo02_listener_stu_py.cpython-314.pyc
byte-compiling /home/hzc/linux/ros2/stu/ws01_plubming/install/py01_topic/lib/python3.14/site-packages/py01_topic/demo02_talker_stu_py.py to demo02_talker_stu_py.cpython-314.pyc
byte-compiling /home/hzc/linux/ros2/stu/ws01_plubming/install/py01_topic/lib/python3.14/site-packages/py01_topic/demo01_talker_sty_py.py to demo01_talker_sty_py.cpython-314.pyc
byte-compiling /home/hzc/linux/ros2/stu/ws01_plubming/install/py01_topic/lib/python3.14/site-packages/py01_topic/demo01_listener_sty_py.py to demo01_listener_sty_py.cpython-314.pyc
running install_data
creating /home/hzc/linux/ros2/stu/ws01_plubming/install/py01_topic/share/ament_index/resource_index/packages
copying resource/py01_topic -> /home/hzc/linux/ros2/stu/ws01_plubming/install/py01_topic/share/ament_index/resource_index/packages
copying package.xml -> /home/hzc/linux/ros2/stu/ws01_plubming/install/py01_topic/share/py01_topic
running install_egg_info
Copying ../../build/py01_topic/py01_topic.egg-info to /home/hzc/linux/ros2/stu/ws01_plubming/install/py01_topic/lib/python3.14/site-packages/py01_topic-0.0.0-py3.14.egg-info
running install_scripts
Installing demo01_listener_sty_py script to /home/hzc/linux/ros2/stu/ws01_plubming/install/py01_topic/lib/py01_topic
Installing demo01_talker_sty_py script to /home/hzc/linux/ros2/stu/ws01_plubming/install/py01_topic/lib/py01_topic
Installing demo02_listener_stu_py script to /home/hzc/linux/ros2/stu/ws01_plubming/install/py01_topic/lib/py01_topic
Installing demo02_talker_stu_py script to /home/hzc/linux/ros2/stu/ws01_plubming/install/py01_topic/lib/py01_topic
writing list of installed files to '/home/hzc/linux/ros2/stu/ws01_plubming/build/py01_topic/install.log'
