[2.016s] Invoking command in '/home/hzc/linux/ros2/stu/ws01_plubming/src/py01_topic': AMENT_PREFIX_PATH=/home/hzc/linux/ros2/stu/ws01_plubming/install/base_interfeces:${AMENT_PREFIX_PATH} CMAKE_PREFIX_PATH=/home/hzc/linux/ros2/stu/ws01_plubming/install/base_interfeces:${CMAKE_PREFIX_PATH} DEBUGINFOD_URLS=https://debuginfod.ubuntu.com LD_LIBRARY_PATH=/home/hzc/linux/ros2/stu/ws01_plubming/install/base_interfeces/lib:${LD_LIBRARY_PATH} PYTHONPATH=/home/hzc/linux/ros2/stu/ws01_plubming/build/py01_topic/prefix_override:/usr/lib/python3/dist-packages/colcon_core/task/python/colcon_distutils_commands:/home/hzc/linux/ros2/stu/ws01_plubming/install/py01_topic/lib/python3.14/site-packages:/home/hzc/linux/ros2/stu/ws01_plubming/install/base_interfeces/lib/python3.14/site-packages:${PYTHONPATH} /usr/bin/python3 -W ignore:setup.py install is deprecated -W ignore:easy_install command is deprecated setup.py egg_info --egg-base ../../build/py01_topic build --build-base /home/hzc/linux/ros2/stu/ws01_plubming/build/py01_topic/build install --record /home/hzc/linux/ros2/stu/ws01_plubming/build/py01_topic/install.log --single-version-externally-managed install_data
[2.535s] running egg_info
[2.563s] creating ../../build/py01_topic/py01_topic.egg-info
[2.563s] writing ../../build/py01_topic/py01_topic.egg-info/PKG-INFO
[2.563s] writing dependency_links to ../../build/py01_topic/py01_topic.egg-info/dependency_links.txt
[2.566s] writing entry points to ../../build/py01_topic/py01_topic.egg-info/entry_points.txt
[2.566s] writing requirements to ../../build/py01_topic/py01_topic.egg-info/requires.txt
[2.566s] writing top-level names to ../../build/py01_topic/py01_topic.egg-info/top_level.txt
[2.566s] writing manifest file '../../build/py01_topic/py01_topic.egg-info/SOURCES.txt'
[2.621s] reading manifest file '../../build/py01_topic/py01_topic.egg-info/SOURCES.txt'
[2.622s] writing manifest file '../../build/py01_topic/py01_topic.egg-info/SOURCES.txt'
[2.623s] running build
[2.626s] running build_py
[2.626s] creating /home/hzc/linux/ros2/stu/ws01_plubming/build/py01_topic/build/lib/py01_topic
[2.626s] copying py01_topic/__init__.py -> /home/hzc/linux/ros2/stu/ws01_plubming/build/py01_topic/build/lib/py01_topic
[2.626s] copying py01_topic/demo02_listener_stu_py.py -> /home/hzc/linux/ros2/stu/ws01_plubming/build/py01_topic/build/lib/py01_topic
[2.626s] copying py01_topic/demo02_talker_stu_py.py -> /home/hzc/linux/ros2/stu/ws01_plubming/build/py01_topic/build/lib/py01_topic
[2.627s] copying py01_topic/demo01_talker_sty_py.py -> /home/hzc/linux/ros2/stu/ws01_plubming/build/py01_topic/build/lib/py01_topic
[2.627s] copying py01_topic/demo01_listener_sty_py.py -> /home/hzc/linux/ros2/stu/ws01_plubming/build/py01_topic/build/lib/py01_topic
[2.627s] copying py01_topic/py.typed -> /home/hzc/linux/ros2/stu/ws01_plubming/build/py01_topic/build/lib/py01_topic
[2.627s] running install
[2.631s] running install_lib
[2.654s] creating /home/hzc/linux/ros2/stu/ws01_plubming/install/py01_topic/lib/python3.14/site-packages/py01_topic
[2.655s] copying /home/hzc/linux/ros2/stu/ws01_plubming/build/py01_topic/build/lib/py01_topic/py.typed -> /home/hzc/linux/ros2/stu/ws01_plubming/install/py01_topic/lib/python3.14/site-packages/py01_topic
[2.655s] copying /home/hzc/linux/ros2/stu/ws01_plubming/build/py01_topic/build/lib/py01_topic/__init__.py -> /home/hzc/linux/ros2/stu/ws01_plubming/install/py01_topic/lib/python3.14/site-packages/py01_topic
[2.655s] copying /home/hzc/linux/ros2/stu/ws01_plubming/build/py01_topic/build/lib/py01_topic/demo02_listener_stu_py.py -> /home/hzc/linux/ros2/stu/ws01_plubming/install/py01_topic/lib/python3.14/site-packages/py01_topic
[2.655s] copying /home/hzc/linux/ros2/stu/ws01_plubming/build/py01_topic/build/lib/py01_topic/demo02_talker_stu_py.py -> /home/hzc/linux/ros2/stu/ws01_plubming/install/py01_topic/lib/python3.14/site-packages/py01_topic
[2.656s] copying /home/hzc/linux/ros2/stu/ws01_plubming/build/py01_topic/build/lib/py01_topic/demo01_talker_sty_py.py -> /home/hzc/linux/ros2/stu/ws01_plubming/install/py01_topic/lib/python3.14/site-packages/py01_topic
[2.656s] copying /home/hzc/linux/ros2/stu/ws01_plubming/build/py01_topic/build/lib/py01_topic/demo01_listener_sty_py.py -> /home/hzc/linux/ros2/stu/ws01_plubming/install/py01_topic/lib/python3.14/site-packages/py01_topic
[2.657s] byte-compiling /home/hzc/linux/ros2/stu/ws01_plubming/install/py01_topic/lib/python3.14/site-packages/py01_topic/__init__.py to __init__.cpython-314.pyc
[2.657s] byte-compiling /home/hzc/linux/ros2/stu/ws01_plubming/install/py01_topic/lib/python3.14/site-packages/py01_topic/demo02_listener_stu_py.py to demo02_listener_stu_py.cpython-314.pyc
[2.657s] byte-compiling /home/hzc/linux/ros2/stu/ws01_plubming/install/py01_topic/lib/python3.14/site-packages/py01_topic/demo02_talker_stu_py.py to demo02_talker_stu_py.cpython-314.pyc
[2.658s] byte-compiling /home/hzc/linux/ros2/stu/ws01_plubming/install/py01_topic/lib/python3.14/site-packages/py01_topic/demo01_talker_sty_py.py to demo01_talker_sty_py.cpython-314.pyc
[2.658s] byte-compiling /home/hzc/linux/ros2/stu/ws01_plubming/install/py01_topic/lib/python3.14/site-packages/py01_topic/demo01_listener_sty_py.py to demo01_listener_sty_py.cpython-314.pyc
[2.659s] running install_data
[2.659s] creating /home/hzc/linux/ros2/stu/ws01_plubming/install/py01_topic/share/ament_index/resource_index/packages
[2.660s] copying resource/py01_topic -> /home/hzc/linux/ros2/stu/ws01_plubming/install/py01_topic/share/ament_index/resource_index/packages
[2.660s] copying package.xml -> /home/hzc/linux/ros2/stu/ws01_plubming/install/py01_topic/share/py01_topic
[2.660s] running install_egg_info
[2.686s] Copying ../../build/py01_topic/py01_topic.egg-info to /home/hzc/linux/ros2/stu/ws01_plubming/install/py01_topic/lib/python3.14/site-packages/py01_topic-0.0.0-py3.14.egg-info
[2.688s] running install_scripts
[2.823s] Installing demo01_listener_sty_py script to /home/hzc/linux/ros2/stu/ws01_plubming/install/py01_topic/lib/py01_topic
[2.823s] Installing demo01_talker_sty_py script to /home/hzc/linux/ros2/stu/ws01_plubming/install/py01_topic/lib/py01_topic
[2.823s] Installing demo02_listener_stu_py script to /home/hzc/linux/ros2/stu/ws01_plubming/install/py01_topic/lib/py01_topic
[2.824s] Installing demo02_talker_stu_py script to /home/hzc/linux/ros2/stu/ws01_plubming/install/py01_topic/lib/py01_topic
[2.824s] writing list of installed files to '/home/hzc/linux/ros2/stu/ws01_plubming/build/py01_topic/install.log'
[2.921s] Invoked command in '/home/hzc/linux/ros2/stu/ws01_plubming/src/py01_topic' returned '0': AMENT_PREFIX_PATH=/home/hzc/linux/ros2/stu/ws01_plubming/install/base_interfeces:${AMENT_PREFIX_PATH} CMAKE_PREFIX_PATH=/home/hzc/linux/ros2/stu/ws01_plubming/install/base_interfeces:${CMAKE_PREFIX_PATH} DEBUGINFOD_URLS=https://debuginfod.ubuntu.com LD_LIBRARY_PATH=/home/hzc/linux/ros2/stu/ws01_plubming/install/base_interfeces/lib:${LD_LIBRARY_PATH} PYTHONPATH=/home/hzc/linux/ros2/stu/ws01_plubming/build/py01_topic/prefix_override:/usr/lib/python3/dist-packages/colcon_core/task/python/colcon_distutils_commands:/home/hzc/linux/ros2/stu/ws01_plubming/install/py01_topic/lib/python3.14/site-packages:/home/hzc/linux/ros2/stu/ws01_plubming/install/base_interfeces/lib/python3.14/site-packages:${PYTHONPATH} /usr/bin/python3 -W ignore:setup.py install is deprecated -W ignore:easy_install command is deprecated setup.py egg_info --egg-base ../../build/py01_topic build --build-base /home/hzc/linux/ros2/stu/ws01_plubming/build/py01_topic/build install --record /home/hzc/linux/ros2/stu/ws01_plubming/build/py01_topic/install.log --single-version-externally-managed install_data
