-- Install configuration: ""
-- Up-to-date: /home/hzc/linux/ros2/stu/ws02_tools/install/cpp7_gazebo/share/cpp7_gazebo/launch
-- Up-to-date: /home/hzc/linux/ros2/stu/ws02_tools/install/cpp7_gazebo/share/cpp7_gazebo/launch/display_launch.py
-- Up-to-date: /home/hzc/linux/ros2/stu/ws02_tools/install/cpp7_gazebo/share/cpp7_gazebo/launch/display_gazebo_launch.py
-- Up-to-date: /home/hzc/linux/ros2/stu/ws02_tools/install/cpp7_gazebo/share/cpp7_gazebo/urdf
-- Up-to-date: /home/hzc/linux/ros2/stu/ws02_tools/install/cpp7_gazebo/share/cpp7_gazebo/urdf/urdf
-- Up-to-date: /home/hzc/linux/ros2/stu/ws02_tools/install/cpp7_gazebo/share/cpp7_gazebo/urdf/xacro
-- Up-to-date: /home/hzc/linux/ros2/stu/ws02_tools/install/cpp7_gazebo/share/cpp7_gazebo/urdf/xacro/car_urdf.xacro
-- Installing: /home/hzc/linux/ros2/stu/ws02_tools/install/cpp7_gazebo/share/cpp7_gazebo/urdf/xacro/car_base.urdf.xacro
-- Up-to-date: /home/hzc/linux/ros2/stu/ws02_tools/install/cpp7_gazebo/share/cpp7_gazebo/urdf/xacro/car_head.xacro
-- Up-to-date: /home/hzc/linux/ros2/stu/ws02_tools/install/cpp7_gazebo/share/cpp7_gazebo/urdf/xacro/car_camera.urdf.xacro
-- Installing: /home/hzc/linux/ros2/stu/ws02_tools/install/cpp7_gazebo/share/cpp7_gazebo/urdf/xacro/car_laser.urdf.xacro
-- Up-to-date: /home/hzc/linux/ros2/stu/ws02_tools/install/cpp7_gazebo/share/ament_index/resource_index/package_run_dependencies/cpp7_gazebo
-- Up-to-date: /home/hzc/linux/ros2/stu/ws02_tools/install/cpp7_gazebo/share/ament_index/resource_index/parent_prefix_path/cpp7_gazebo
-- Up-to-date: /home/hzc/linux/ros2/stu/ws02_tools/install/cpp7_gazebo/share/cpp7_gazebo/environment/ament_prefix_path.sh
-- Up-to-date: /home/hzc/linux/ros2/stu/ws02_tools/install/cpp7_gazebo/share/cpp7_gazebo/environment/ament_prefix_path.dsv
-- Up-to-date: /home/hzc/linux/ros2/stu/ws02_tools/install/cpp7_gazebo/share/cpp7_gazebo/environment/path.sh
-- Up-to-date: /home/hzc/linux/ros2/stu/ws02_tools/install/cpp7_gazebo/share/cpp7_gazebo/environment/path.dsv
-- Up-to-date: /home/hzc/linux/ros2/stu/ws02_tools/install/cpp7_gazebo/share/cpp7_gazebo/local_setup.bash
-- Up-to-date: /home/hzc/linux/ros2/stu/ws02_tools/install/cpp7_gazebo/share/cpp7_gazebo/local_setup.fish
-- Up-to-date: /home/hzc/linux/ros2/stu/ws02_tools/install/cpp7_gazebo/share/cpp7_gazebo/local_setup.sh
-- Up-to-date: /home/hzc/linux/ros2/stu/ws02_tools/install/cpp7_gazebo/share/cpp7_gazebo/local_setup.zsh
-- Up-to-date: /home/hzc/linux/ros2/stu/ws02_tools/install/cpp7_gazebo/share/cpp7_gazebo/local_setup.dsv
-- Installing: /home/hzc/linux/ros2/stu/ws02_tools/install/cpp7_gazebo/share/cpp7_gazebo/package.dsv
-- Up-to-date: /home/hzc/linux/ros2/stu/ws02_tools/install/cpp7_gazebo/share/ament_index/resource_index/packages/cpp7_gazebo
-- Up-to-date: /home/hzc/linux/ros2/stu/ws02_tools/install/cpp7_gazebo/share/cpp7_gazebo/cmake/cpp7_gazeboConfig.cmake
-- Up-to-date: /home/hzc/linux/ros2/stu/ws02_tools/install/cpp7_gazebo/share/cpp7_gazebo/cmake/cpp7_gazeboConfig-version.cmake
-- Up-to-date: /home/hzc/linux/ros2/stu/ws02_tools/install/cpp7_gazebo/share/cpp7_gazebo/package.xml
