[0.020s] Invoking command in '/home/hzc/linux/ros2/stu/ws01_plubming/build/cpp07_exercise': CMAKE_PREFIX_PATH=/home/hzc/linux/ros2/stu/ws01_plubming/install/base_interfeces:/home/hzc/linux/ros2/stu/ws01_plubming/install/tutorails_plumbing:/home/hzc/linux/ros2/stu/ws01_plubming/install/cpp07_exercise:/home/hzc/linux/ros2/stu/ws01_plubming/install/cpp06_time:/home/hzc/linux/ros2/stu/ws01_plubming/install/cpp05_names:/home/hzc/linux/ros2/stu/ws01_plubming/install/cpp04_param:/home/hzc/linux/ros2/stu/ws01_plubming/install/cpp03_action:/home/hzc/linux/ros2/stu/ws01_plubming/install/cpp02_service:/home/hzc/linux/ros2/stu/ws01_plubming/install/cpp01_topic:/opt/ros/lyrical/opt/gz_sim_vendor:/opt/ros/lyrical/opt/gz_sensors_vendor:/opt/ros/lyrical/opt/gz_gui_vendor:/opt/ros/lyrical/opt/gz_transport_vendor:/opt/ros/lyrical/opt/gz_physics_vendor:/opt/ros/lyrical/opt/sdformat_vendor:/opt/ros/lyrical/opt/gz_rendering_vendor:/opt/ros/lyrical/opt/gz_plugin_vendor:/opt/ros/lyrical/opt/gz_fuel_tools_vendor:/opt/ros/lyrical/opt/gz_msgs_vendor:/opt/ros/lyrical/opt/gz_common_vendor:/opt/ros/lyrical/opt/gz_math_vendor:/opt/ros/lyrical/opt/gz_utils_vendor:/opt/ros/lyrical/opt/gz_tools_vendor:/opt/ros/lyrical/opt/gz_ogre_next_vendor:/opt/ros/lyrical/opt/gz_dartsim_vendor:/opt/ros/lyrical/opt/gz_cmake_vendor:/home/hzc/linux/ros2/stu/ws01_plubming/install/py06_timer:/home/hzc/linux/ros2/stu/ws01_plubming/install/py05_names:/home/hzc/linux/ros2/stu/ws01_plubming/install/py04_param:/home/hzc/linux/ros2/stu/ws01_plubming/install/py03_action:/home/hzc/linux/ros2/stu/ws01_plubming/install/py02_seriver:/home/hzc/linux/ros2/stu/ws01_plubming/install/py01_topic:/opt/ros/lyrical DEBUGINFOD_URLS=https://debuginfod.ubuntu.com PYTHONPATH=/home/hzc/linux/ros2/stu/ws01_plubming/install/base_interfeces/lib/python3.14/site-packages:/home/hzc/linux/ros2/stu/ws01_plubming/install/py06_timer/lib/python3.14/site-packages:/home/hzc/linux/ros2/stu/ws01_plubming/install/py05_names/lib/python3.14/site-packages:/home/hzc/linux/ros2/stu/ws01_plubming/install/py04_param/lib/python3.14/site-packages:/home/hzc/linux/ros2/stu/ws01_plubming/install/py03_action/lib/python3.14/site-packages:/home/hzc/linux/ros2/stu/ws01_plubming/install/py02_seriver/lib/python3.14/site-packages:/home/hzc/linux/ros2/stu/ws01_plubming/install/py01_topic/lib/python3.14/site-packages:/opt/ros/lyrical/opt/gz_sim_vendor/lib/python:/opt/ros/lyrical/opt/gz_transport_vendor/lib/python:/opt/ros/lyrical/opt/sdformat_vendor/lib/python:/opt/ros/lyrical/opt/gz_msgs_vendor/lib/python:/opt/ros/lyrical/opt/gz_math_vendor/lib/python:/opt/ros/lyrical/lib/python3.14/site-packages /usr/bin/cmake --build /home/hzc/linux/ros2/stu/ws01_plubming/build/cpp07_exercise -- -j16 -l16
[0.052s] -- Found ament_cmake: 2.8.7 (/opt/ros/lyrical/share/ament_cmake/cmake)
[0.259s] -- Found rclcpp: 32.0.0 (/opt/ros/lyrical/share/rclcpp/cmake)
[0.277s] -- Found rosidl_generator_c: 5.2.0 (/opt/ros/lyrical/share/rosidl_generator_c/cmake)
[0.282s] -- Found rosidl_generator_cpp: 5.2.0 (/opt/ros/lyrical/share/rosidl_generator_cpp/cmake)
[0.290s] -- Using all available rosidl_typesupport_c: rosidl_typesupport_fastrtps_c;rosidl_typesupport_introspection_c
[0.300s] -- Using all available rosidl_typesupport_cpp: rosidl_typesupport_fastrtps_cpp;rosidl_typesupport_introspection_cpp
[0.362s] -- Found rmw_implementation_cmake: 7.10.1 (/opt/ros/lyrical/share/rmw_implementation_cmake/cmake)
[0.363s] -- Found rmw_fastrtps_cpp: 9.4.8 (/opt/ros/lyrical/share/rmw_fastrtps_cpp/cmake)
[0.390s] -- Using RMW implementation 'rmw_fastrtps_cpp' as default
[0.472s] -- Found turtlesim_msgs: 1.10.9 (/opt/ros/lyrical/share/turtlesim_msgs/cmake)
[0.532s] -- Found base_interfeces: 0.0.0 (/home/hzc/linux/ros2/stu/ws01_plubming/install/base_interfeces/share/base_interfeces/cmake)
[0.551s] -- Found geometry_msgs: 5.9.2 (/opt/ros/lyrical/share/geometry_msgs/cmake)
[0.581s] -- Found rclcpp_action: 32.0.0 (/opt/ros/lyrical/share/rclcpp_action/cmake)
[0.589s] -- Found ament_lint_auto: 0.20.6 (/opt/ros/lyrical/share/ament_lint_auto/cmake)
[0.708s] -- Added test 'cppcheck' to perform static code analysis on C / C++ code
[0.708s] -- Configured cppcheck include dirs: $<BUILD_INTERFACE:/home/hzc/linux/ros2/stu/ws01_plubming/src/cpp07_exercise/include>
[0.708s] -- Configured cppcheck exclude dirs and/or files: 
[0.708s] -- Added test 'flake8' to check Python code syntax and style conventions
[0.708s] -- Configured 'flake8' exclude dirs and/or files: 
[0.709s] -- Added test 'lint_cmake' to check CMake code style
[0.709s] -- Added test 'pep257' to check Python code against some of the docstring style conventions in PEP 257
[0.710s] -- Added test 'uncrustify' to check C / C++ code style
[0.710s] -- Configured uncrustify additional arguments: 
[0.710s] -- Added test 'xmllint' to check XML markup files
[0.711s] -- Configuring done (0.7s)
[0.726s] -- Generating done (0.0s)
[0.760s] -- Build files have been written to: /home/hzc/linux/ros2/stu/ws01_plubming/build/cpp07_exercise
[0.826s] [ 50%] [32mBuilding CXX object CMakeFiles/exer1_pub_sub.dir/src/exer1_pub_sub.cpp.o[0m
[1.176s] [01m[K/home/hzc/linux/ros2/stu/ws01_plubming/src/cpp07_exercise/src/exer1_pub_sub.cpp:40:10:[m[K [01;31m[Kfatal error: [m[Kturtlesim_msgs/msg/pose.hpp: 没有那个文件或目录
[1.176s]    40 | #include [01;31m[K"turtlesim_msgs/msg/pose.hpp"[m[K
[1.176s]       |          [01;31m[K^~~~~~~~~~~~~~~~~~~~~~~~~~~~~[m[K
[1.176s] compilation terminated.
[1.184s] gmake[2]: *** [CMakeFiles/exer1_pub_sub.dir/build.make:79：CMakeFiles/exer1_pub_sub.dir/src/exer1_pub_sub.cpp.o] 错误 1
[1.186s] gmake[1]: *** [CMakeFiles/Makefile2:153：CMakeFiles/exer1_pub_sub.dir/all] 错误 2
[1.187s] gmake: *** [Makefile:146：all] 错误 2
[1.189s] Invoked command in '/home/hzc/linux/ros2/stu/ws01_plubming/build/cpp07_exercise' returned '2': CMAKE_PREFIX_PATH=/home/hzc/linux/ros2/stu/ws01_plubming/install/base_interfeces:/home/hzc/linux/ros2/stu/ws01_plubming/install/tutorails_plumbing:/home/hzc/linux/ros2/stu/ws01_plubming/install/cpp07_exercise:/home/hzc/linux/ros2/stu/ws01_plubming/install/cpp06_time:/home/hzc/linux/ros2/stu/ws01_plubming/install/cpp05_names:/home/hzc/linux/ros2/stu/ws01_plubming/install/cpp04_param:/home/hzc/linux/ros2/stu/ws01_plubming/install/cpp03_action:/home/hzc/linux/ros2/stu/ws01_plubming/install/cpp02_service:/home/hzc/linux/ros2/stu/ws01_plubming/install/cpp01_topic:/opt/ros/lyrical/opt/gz_sim_vendor:/opt/ros/lyrical/opt/gz_sensors_vendor:/opt/ros/lyrical/opt/gz_gui_vendor:/opt/ros/lyrical/opt/gz_transport_vendor:/opt/ros/lyrical/opt/gz_physics_vendor:/opt/ros/lyrical/opt/sdformat_vendor:/opt/ros/lyrical/opt/gz_rendering_vendor:/opt/ros/lyrical/opt/gz_plugin_vendor:/opt/ros/lyrical/opt/gz_fuel_tools_vendor:/opt/ros/lyrical/opt/gz_msgs_vendor:/opt/ros/lyrical/opt/gz_common_vendor:/opt/ros/lyrical/opt/gz_math_vendor:/opt/ros/lyrical/opt/gz_utils_vendor:/opt/ros/lyrical/opt/gz_tools_vendor:/opt/ros/lyrical/opt/gz_ogre_next_vendor:/opt/ros/lyrical/opt/gz_dartsim_vendor:/opt/ros/lyrical/opt/gz_cmake_vendor:/home/hzc/linux/ros2/stu/ws01_plubming/install/py06_timer:/home/hzc/linux/ros2/stu/ws01_plubming/install/py05_names:/home/hzc/linux/ros2/stu/ws01_plubming/install/py04_param:/home/hzc/linux/ros2/stu/ws01_plubming/install/py03_action:/home/hzc/linux/ros2/stu/ws01_plubming/install/py02_seriver:/home/hzc/linux/ros2/stu/ws01_plubming/install/py01_topic:/opt/ros/lyrical DEBUGINFOD_URLS=https://debuginfod.ubuntu.com PYTHONPATH=/home/hzc/linux/ros2/stu/ws01_plubming/install/base_interfeces/lib/python3.14/site-packages:/home/hzc/linux/ros2/stu/ws01_plubming/install/py06_timer/lib/python3.14/site-packages:/home/hzc/linux/ros2/stu/ws01_plubming/install/py05_names/lib/python3.14/site-packages:/home/hzc/linux/ros2/stu/ws01_plubming/install/py04_param/lib/python3.14/site-packages:/home/hzc/linux/ros2/stu/ws01_plubming/install/py03_action/lib/python3.14/site-packages:/home/hzc/linux/ros2/stu/ws01_plubming/install/py02_seriver/lib/python3.14/site-packages:/home/hzc/linux/ros2/stu/ws01_plubming/install/py01_topic/lib/python3.14/site-packages:/opt/ros/lyrical/opt/gz_sim_vendor/lib/python:/opt/ros/lyrical/opt/gz_transport_vendor/lib/python:/opt/ros/lyrical/opt/sdformat_vendor/lib/python:/opt/ros/lyrical/opt/gz_msgs_vendor/lib/python:/opt/ros/lyrical/opt/gz_math_vendor/lib/python:/opt/ros/lyrical/lib/python3.14/site-packages /usr/bin/cmake --build /home/hzc/linux/ros2/stu/ws01_plubming/build/cpp07_exercise -- -j16 -l16
