[0.024s] Invoking command in '/shared/ws1_stu/build/cpp3_nav2': CMAKE_PREFIX_PATH=${CMAKE_PREFIX_PATH}:/shared/ws1_stu/install/py1_car_application:/opt/ros/humble /usr/bin/cmake --build /shared/ws1_stu/build/cpp3_nav2 -- -j12 -l12
[0.052s] -- Found ament_cmake: 1.3.14 (/opt/ros/humble/share/ament_cmake/cmake)
[0.196s] -- Found ament_lint_auto: 0.12.15 (/opt/ros/humble/share/ament_lint_auto/cmake)
[0.272s] -- Added test 'flake8' to check Python code syntax and style conventions
[0.272s] -- Added test 'lint_cmake' to check CMake code style
[0.273s] -- Added test 'pep257' to check Python code against some of the docstring style conventions in PEP 257
[0.274s] -- Added test 'xmllint' to check XML markup files
[0.275s] -- Configuring done
[0.281s] -- Generating done
[0.285s] -- Build files have been written to: /shared/ws1_stu/build/cpp3_nav2
[0.349s] Invoked command in '/shared/ws1_stu/build/cpp3_nav2' returned '0': CMAKE_PREFIX_PATH=${CMAKE_PREFIX_PATH}:/shared/ws1_stu/install/py1_car_application:/opt/ros/humble /usr/bin/cmake --build /shared/ws1_stu/build/cpp3_nav2 -- -j12 -l12
[0.349s] Invoking command in '/shared/ws1_stu/build/cpp3_nav2': CMAKE_PREFIX_PATH=${CMAKE_PREFIX_PATH}:/shared/ws1_stu/install/py1_car_application:/opt/ros/humble /usr/bin/cmake --install /shared/ws1_stu/build/cpp3_nav2
[0.350s] -- Install configuration: ""
[0.350s] -- Up-to-date: /shared/ws1_stu/install/cpp3_nav2/share/cpp3_nav2/launch
[0.350s] -- Installing: /shared/ws1_stu/install/cpp3_nav2/share/cpp3_nav2/launch/navigation2.launch.py
[0.350s] -- Up-to-date: /shared/ws1_stu/install/cpp3_nav2/share/cpp3_nav2/config
[0.350s] -- Up-to-date: /shared/ws1_stu/install/cpp3_nav2/share/cpp3_nav2/config/nav2_params.yaml
[0.350s] -- Up-to-date: /shared/ws1_stu/install/cpp3_nav2/share/cpp3_nav2/maps
[0.351s] -- Up-to-date: /shared/ws1_stu/install/cpp3_nav2/share/cpp3_nav2/maps/room (副本).pgm
[0.351s] -- Up-to-date: /shared/ws1_stu/install/cpp3_nav2/share/cpp3_nav2/maps/room.pgm
[0.351s] -- Up-to-date: /shared/ws1_stu/install/cpp3_nav2/share/cpp3_nav2/maps/room.yaml
[0.351s] -- Installing: /shared/ws1_stu/install/cpp3_nav2/share/cpp3_nav2/rviz
[0.353s] -- Installing: /shared/ws1_stu/install/cpp3_nav2/share/cpp3_nav2/rviz/nav2_default_view.rviz
[0.354s] -- Up-to-date: /shared/ws1_stu/install/cpp3_nav2/share/ament_index/resource_index/package_run_dependencies/cpp3_nav2
[0.354s] -- Installing: /shared/ws1_stu/install/cpp3_nav2/share/ament_index/resource_index/parent_prefix_path/cpp3_nav2
[0.354s] -- Up-to-date: /shared/ws1_stu/install/cpp3_nav2/share/cpp3_nav2/environment/ament_prefix_path.sh
[0.354s] -- Installing: /shared/ws1_stu/install/cpp3_nav2/share/cpp3_nav2/environment/ament_prefix_path.dsv
[0.354s] -- Up-to-date: /shared/ws1_stu/install/cpp3_nav2/share/cpp3_nav2/environment/path.sh
[0.354s] -- Installing: /shared/ws1_stu/install/cpp3_nav2/share/cpp3_nav2/environment/path.dsv
[0.354s] -- Up-to-date: /shared/ws1_stu/install/cpp3_nav2/share/cpp3_nav2/local_setup.bash
[0.354s] -- Up-to-date: /shared/ws1_stu/install/cpp3_nav2/share/cpp3_nav2/local_setup.sh
[0.354s] -- Up-to-date: /shared/ws1_stu/install/cpp3_nav2/share/cpp3_nav2/local_setup.zsh
[0.355s] -- Installing: /shared/ws1_stu/install/cpp3_nav2/share/cpp3_nav2/local_setup.dsv
[0.355s] -- Installing: /shared/ws1_stu/install/cpp3_nav2/share/cpp3_nav2/package.dsv
[0.355s] -- Up-to-date: /shared/ws1_stu/install/cpp3_nav2/share/ament_index/resource_index/packages/cpp3_nav2
[0.355s] -- Up-to-date: /shared/ws1_stu/install/cpp3_nav2/share/cpp3_nav2/cmake/cpp3_nav2Config.cmake
[0.355s] -- Up-to-date: /shared/ws1_stu/install/cpp3_nav2/share/cpp3_nav2/cmake/cpp3_nav2Config-version.cmake
[0.355s] -- Up-to-date: /shared/ws1_stu/install/cpp3_nav2/share/cpp3_nav2/package.xml
[0.361s] Invoked command in '/shared/ws1_stu/build/cpp3_nav2' returned '0': CMAKE_PREFIX_PATH=${CMAKE_PREFIX_PATH}:/shared/ws1_stu/install/py1_car_application:/opt/ros/humble /usr/bin/cmake --install /shared/ws1_stu/build/cpp3_nav2
