-- The C compiler identification is GNU 15.2.0
-- The CXX compiler identification is GNU 15.2.0
-- Detecting C compiler ABI info
-- Detecting C compiler ABI info - done
-- Check for working C compiler: /usr/bin/cc - skipped
-- Detecting C compile features
-- Detecting C compile features - done
-- Detecting CXX compiler ABI info
-- Detecting CXX compiler ABI info - done
-- Check for working CXX compiler: /usr/bin/c++ - skipped
-- Detecting CXX compile features
-- Detecting CXX compile features - done
-- Found ament_cmake: 2.8.7 (/opt/ros/lyrical/share/ament_cmake/cmake)
[31mCMake Error at CMakeLists.txt:10 (find_package):
  By not providing "Findros2.cmake" in CMAKE_MODULE_PATH this project has
  asked CMake to find a package configuration file provided by "ros2", but
  CMake did not find one.

  Could not find a package configuration file provided by "ros2" with any of
  the following names:

    ros2Config.cmake
    ros2-config.cmake

  Add the installation prefix of "ros2" to CMAKE_PREFIX_PATH or set
  "ros2_DIR" to a directory containing one of the above files.  If "ros2"
  provides a separate development package or SDK, be sure it has been
  installed.

[0m
-- Configuring incomplete, errors occurred!
