[0.038s] Invoking command in '/home/hzc/linux/ros2/stu/ws01_plubming/build/cpp03_action': AMENT_PREFIX_PATH=/home/hzc/linux/ros2/stu/ws01_plubming/install/base_interfeces:${AMENT_PREFIX_PATH} CMAKE_PREFIX_PATH=/home/hzc/linux/ros2/stu/ws01_plubming/install/base_interfeces:/opt/ros/lyrical/opt/gz_sim_vendor:/opt/ros/lyrical/opt/gz_sensors_vendor:/opt/ros/lyrical/opt/gz_gui_vendor:/opt/ros/lyrical/opt/gz_transport_vendor:/opt/ros/lyrical/opt/gz_physics_vendor:/opt/ros/lyrical/opt/sdformat_vendor:/opt/ros/lyrical/opt/gz_rendering_vendor:/opt/ros/lyrical/opt/gz_plugin_vendor:/opt/ros/lyrical/opt/gz_fuel_tools_vendor:/opt/ros/lyrical/opt/gz_msgs_vendor:/opt/ros/lyrical/opt/gz_common_vendor:/opt/ros/lyrical/opt/gz_math_vendor:/opt/ros/lyrical/opt/gz_utils_vendor:/opt/ros/lyrical/opt/gz_tools_vendor:/opt/ros/lyrical/opt/gz_ogre_next_vendor:/opt/ros/lyrical/opt/gz_dartsim_vendor:/opt/ros/lyrical/opt/gz_cmake_vendor:/opt/ros/lyrical DEBUGINFOD_URLS=https://debuginfod.ubuntu.com LD_LIBRARY_PATH=/home/hzc/linux/ros2/stu/ws01_plubming/install/base_interfeces/lib:${LD_LIBRARY_PATH} PYTHONPATH=/home/hzc/linux/ros2/stu/ws01_plubming/install/base_interfeces/lib/python3.14/site-packages:${PYTHONPATH} /usr/bin/cmake --build /home/hzc/linux/ros2/stu/ws01_plubming/build/cpp03_action -- -j16 -l16
[0.379s] [ 25%] [32mBuilding CXX object CMakeFiles/demo01_action_server.dir/src/demo01_action_server.cpp.o[0m
[0.380s] [ 50%] [32mBuilding CXX object CMakeFiles/demo01_action_client.dir/src/demo01_action_client.cpp.o[0m
[6.524s] [ 75%] [1m[32mLinking CXX executable demo01_action_server[0m
[6.640s] [100%] [1m[32mLinking CXX executable demo01_action_client[0m
[6.711s] [100%] Built target demo01_action_server
[6.852s] [100%] Built target demo01_action_client
[6.869s] Invoked command in '/home/hzc/linux/ros2/stu/ws01_plubming/build/cpp03_action' returned '0': AMENT_PREFIX_PATH=/home/hzc/linux/ros2/stu/ws01_plubming/install/base_interfeces:${AMENT_PREFIX_PATH} CMAKE_PREFIX_PATH=/home/hzc/linux/ros2/stu/ws01_plubming/install/base_interfeces:/opt/ros/lyrical/opt/gz_sim_vendor:/opt/ros/lyrical/opt/gz_sensors_vendor:/opt/ros/lyrical/opt/gz_gui_vendor:/opt/ros/lyrical/opt/gz_transport_vendor:/opt/ros/lyrical/opt/gz_physics_vendor:/opt/ros/lyrical/opt/sdformat_vendor:/opt/ros/lyrical/opt/gz_rendering_vendor:/opt/ros/lyrical/opt/gz_plugin_vendor:/opt/ros/lyrical/opt/gz_fuel_tools_vendor:/opt/ros/lyrical/opt/gz_msgs_vendor:/opt/ros/lyrical/opt/gz_common_vendor:/opt/ros/lyrical/opt/gz_math_vendor:/opt/ros/lyrical/opt/gz_utils_vendor:/opt/ros/lyrical/opt/gz_tools_vendor:/opt/ros/lyrical/opt/gz_ogre_next_vendor:/opt/ros/lyrical/opt/gz_dartsim_vendor:/opt/ros/lyrical/opt/gz_cmake_vendor:/opt/ros/lyrical DEBUGINFOD_URLS=https://debuginfod.ubuntu.com LD_LIBRARY_PATH=/home/hzc/linux/ros2/stu/ws01_plubming/install/base_interfeces/lib:${LD_LIBRARY_PATH} PYTHONPATH=/home/hzc/linux/ros2/stu/ws01_plubming/install/base_interfeces/lib/python3.14/site-packages:${PYTHONPATH} /usr/bin/cmake --build /home/hzc/linux/ros2/stu/ws01_plubming/build/cpp03_action -- -j16 -l16
[6.870s] Invoking command in '/home/hzc/linux/ros2/stu/ws01_plubming/build/cpp03_action': AMENT_PREFIX_PATH=/home/hzc/linux/ros2/stu/ws01_plubming/install/base_interfeces:${AMENT_PREFIX_PATH} CMAKE_PREFIX_PATH=/home/hzc/linux/ros2/stu/ws01_plubming/install/base_interfeces:/opt/ros/lyrical/opt/gz_sim_vendor:/opt/ros/lyrical/opt/gz_sensors_vendor:/opt/ros/lyrical/opt/gz_gui_vendor:/opt/ros/lyrical/opt/gz_transport_vendor:/opt/ros/lyrical/opt/gz_physics_vendor:/opt/ros/lyrical/opt/sdformat_vendor:/opt/ros/lyrical/opt/gz_rendering_vendor:/opt/ros/lyrical/opt/gz_plugin_vendor:/opt/ros/lyrical/opt/gz_fuel_tools_vendor:/opt/ros/lyrical/opt/gz_msgs_vendor:/opt/ros/lyrical/opt/gz_common_vendor:/opt/ros/lyrical/opt/gz_math_vendor:/opt/ros/lyrical/opt/gz_utils_vendor:/opt/ros/lyrical/opt/gz_tools_vendor:/opt/ros/lyrical/opt/gz_ogre_next_vendor:/opt/ros/lyrical/opt/gz_dartsim_vendor:/opt/ros/lyrical/opt/gz_cmake_vendor:/opt/ros/lyrical DEBUGINFOD_URLS=https://debuginfod.ubuntu.com LD_LIBRARY_PATH=/home/hzc/linux/ros2/stu/ws01_plubming/install/base_interfeces/lib:${LD_LIBRARY_PATH} PYTHONPATH=/home/hzc/linux/ros2/stu/ws01_plubming/install/base_interfeces/lib/python3.14/site-packages:${PYTHONPATH} /usr/bin/cmake --install /home/hzc/linux/ros2/stu/ws01_plubming/build/cpp03_action
[6.881s] -- Install configuration: ""
[6.881s] -- Installing: /home/hzc/linux/ros2/stu/ws01_plubming/install/cpp03_action/lib/cpp03_action/demo01_action_server
[6.883s] -- Set non-toolchain portion of runtime path of "/home/hzc/linux/ros2/stu/ws01_plubming/install/cpp03_action/lib/cpp03_action/demo01_action_server" to ""
[6.883s] -- Installing: /home/hzc/linux/ros2/stu/ws01_plubming/install/cpp03_action/lib/cpp03_action/demo01_action_client
[6.885s] -- Set non-toolchain portion of runtime path of "/home/hzc/linux/ros2/stu/ws01_plubming/install/cpp03_action/lib/cpp03_action/demo01_action_client" to ""
[6.885s] -- Up-to-date: /home/hzc/linux/ros2/stu/ws01_plubming/install/cpp03_action/share/ament_index/resource_index/package_run_dependencies/cpp03_action
[6.885s] -- Up-to-date: /home/hzc/linux/ros2/stu/ws01_plubming/install/cpp03_action/share/ament_index/resource_index/parent_prefix_path/cpp03_action
[6.885s] -- Up-to-date: /home/hzc/linux/ros2/stu/ws01_plubming/install/cpp03_action/share/cpp03_action/environment/ament_prefix_path.sh
[6.886s] -- Up-to-date: /home/hzc/linux/ros2/stu/ws01_plubming/install/cpp03_action/share/cpp03_action/environment/ament_prefix_path.dsv
[6.886s] -- Up-to-date: /home/hzc/linux/ros2/stu/ws01_plubming/install/cpp03_action/share/cpp03_action/environment/path.sh
[6.886s] -- Up-to-date: /home/hzc/linux/ros2/stu/ws01_plubming/install/cpp03_action/share/cpp03_action/environment/path.dsv
[6.886s] -- Up-to-date: /home/hzc/linux/ros2/stu/ws01_plubming/install/cpp03_action/share/cpp03_action/local_setup.bash
[6.886s] -- Up-to-date: /home/hzc/linux/ros2/stu/ws01_plubming/install/cpp03_action/share/cpp03_action/local_setup.fish
[6.886s] -- Up-to-date: /home/hzc/linux/ros2/stu/ws01_plubming/install/cpp03_action/share/cpp03_action/local_setup.sh
[6.886s] -- Up-to-date: /home/hzc/linux/ros2/stu/ws01_plubming/install/cpp03_action/share/cpp03_action/local_setup.zsh
[6.887s] -- Up-to-date: /home/hzc/linux/ros2/stu/ws01_plubming/install/cpp03_action/share/cpp03_action/local_setup.dsv
[6.887s] -- Installing: /home/hzc/linux/ros2/stu/ws01_plubming/install/cpp03_action/share/cpp03_action/package.dsv
[6.887s] -- Up-to-date: /home/hzc/linux/ros2/stu/ws01_plubming/install/cpp03_action/share/ament_index/resource_index/packages/cpp03_action
[6.887s] -- Up-to-date: /home/hzc/linux/ros2/stu/ws01_plubming/install/cpp03_action/share/cpp03_action/cmake/cpp03_actionConfig.cmake
[6.887s] -- Up-to-date: /home/hzc/linux/ros2/stu/ws01_plubming/install/cpp03_action/share/cpp03_action/cmake/cpp03_actionConfig-version.cmake
[6.887s] -- Up-to-date: /home/hzc/linux/ros2/stu/ws01_plubming/install/cpp03_action/share/cpp03_action/package.xml
[6.889s] Invoked command in '/home/hzc/linux/ros2/stu/ws01_plubming/build/cpp03_action' returned '0': AMENT_PREFIX_PATH=/home/hzc/linux/ros2/stu/ws01_plubming/install/base_interfeces:${AMENT_PREFIX_PATH} CMAKE_PREFIX_PATH=/home/hzc/linux/ros2/stu/ws01_plubming/install/base_interfeces:/opt/ros/lyrical/opt/gz_sim_vendor:/opt/ros/lyrical/opt/gz_sensors_vendor:/opt/ros/lyrical/opt/gz_gui_vendor:/opt/ros/lyrical/opt/gz_transport_vendor:/opt/ros/lyrical/opt/gz_physics_vendor:/opt/ros/lyrical/opt/sdformat_vendor:/opt/ros/lyrical/opt/gz_rendering_vendor:/opt/ros/lyrical/opt/gz_plugin_vendor:/opt/ros/lyrical/opt/gz_fuel_tools_vendor:/opt/ros/lyrical/opt/gz_msgs_vendor:/opt/ros/lyrical/opt/gz_common_vendor:/opt/ros/lyrical/opt/gz_math_vendor:/opt/ros/lyrical/opt/gz_utils_vendor:/opt/ros/lyrical/opt/gz_tools_vendor:/opt/ros/lyrical/opt/gz_ogre_next_vendor:/opt/ros/lyrical/opt/gz_dartsim_vendor:/opt/ros/lyrical/opt/gz_cmake_vendor:/opt/ros/lyrical DEBUGINFOD_URLS=https://debuginfod.ubuntu.com LD_LIBRARY_PATH=/home/hzc/linux/ros2/stu/ws01_plubming/install/base_interfeces/lib:${LD_LIBRARY_PATH} PYTHONPATH=/home/hzc/linux/ros2/stu/ws01_plubming/install/base_interfeces/lib/python3.14/site-packages:${PYTHONPATH} /usr/bin/cmake --install /home/hzc/linux/ros2/stu/ws01_plubming/build/cpp03_action
