-- The C compiler identification is GNU 15.2.0
-- The CXX compiler identification is GNU 15.2.0
-- Detecting C compiler ABI info
-- Detecting C compiler ABI info - done
-- Check for working C compiler: /usr/bin/cc - skipped
-- Detecting C compile features
-- Detecting C compile features - done
-- Detecting CXX compiler ABI info
-- Detecting CXX compiler ABI info - done
-- Check for working CXX compiler: /usr/bin/c++ - skipped
-- Detecting CXX compile features
-- Detecting CXX compile features - done
-- Found ament_cmake: 2.8.7 (/opt/ros/lyrical/share/ament_cmake/cmake)
-- Found rclcpp: 32.0.0 (/opt/ros/lyrical/share/rclcpp/cmake)
-- Found rosidl_generator_c: 5.2.0 (/opt/ros/lyrical/share/rosidl_generator_c/cmake)
-- Found rosidl_generator_cpp: 5.2.0 (/opt/ros/lyrical/share/rosidl_generator_cpp/cmake)
-- Using all available rosidl_typesupport_c: rosidl_typesupport_fastrtps_c;rosidl_typesupport_introspection_c
-- Using all available rosidl_typesupport_cpp: rosidl_typesupport_fastrtps_cpp;rosidl_typesupport_introspection_cpp
-- Found rmw_implementation_cmake: 7.10.1 (/opt/ros/lyrical/share/rmw_implementation_cmake/cmake)
-- Found rmw_fastrtps_cpp: 9.4.8 (/opt/ros/lyrical/share/rmw_fastrtps_cpp/cmake)
-- Using RMW implementation 'rmw_fastrtps_cpp' as default
-- Found tf2: 0.45.7 (/opt/ros/lyrical/share/tf2/cmake)
-- Found tf2_ros: 0.45.7 (/opt/ros/lyrical/share/tf2_ros/cmake)
-- Found ament_lint_auto: 0.20.6 (/opt/ros/lyrical/share/ament_lint_auto/cmake)
-- Added test 'cppcheck' to perform static code analysis on C / C++ code
-- Configured cppcheck include dirs: $<BUILD_INTERFACE:/home/hzc/linux/ros2/stu/ws02_tools/src/cpp3_tf_broadcaster/include>
-- Configured cppcheck exclude dirs and/or files: 
-- Added test 'lint_cmake' to check CMake code style
-- Added test 'uncrustify' to check C / C++ code style
-- Configured uncrustify additional arguments: 
-- Added test 'xmllint' to check XML markup files
-- Configuring done (2.1s)
-- Generating done (0.0s)
-- Build files have been written to: /home/hzc/linux/ros2/stu/ws02_tools/build/cpp3_tf_broadcaster
[ 50%] [32mBuilding CXX object CMakeFiles/demo1_tf_static.dir/src/demo1_tf_static.cpp.o[0m
[100%] [1m[32mLinking CXX executable demo1_tf_static[0m
[100%] Built target demo1_tf_static
-- Install configuration: ""
-- Installing: /home/hzc/linux/ros2/stu/ws02_tools/install/cpp3_tf_broadcaster/lib/cpp3_tf_broadcaster/demo1_tf_static
-- Set non-toolchain portion of runtime path of "/home/hzc/linux/ros2/stu/ws02_tools/install/cpp3_tf_broadcaster/lib/cpp3_tf_broadcaster/demo1_tf_static" to ""
-- Installing: /home/hzc/linux/ros2/stu/ws02_tools/install/cpp3_tf_broadcaster/share/ament_index/resource_index/package_run_dependencies/cpp3_tf_broadcaster
-- Installing: /home/hzc/linux/ros2/stu/ws02_tools/install/cpp3_tf_broadcaster/share/ament_index/resource_index/parent_prefix_path/cpp3_tf_broadcaster
-- Installing: /home/hzc/linux/ros2/stu/ws02_tools/install/cpp3_tf_broadcaster/share/cpp3_tf_broadcaster/environment/ament_prefix_path.sh
-- Installing: /home/hzc/linux/ros2/stu/ws02_tools/install/cpp3_tf_broadcaster/share/cpp3_tf_broadcaster/environment/ament_prefix_path.dsv
-- Installing: /home/hzc/linux/ros2/stu/ws02_tools/install/cpp3_tf_broadcaster/share/cpp3_tf_broadcaster/environment/path.sh
-- Installing: /home/hzc/linux/ros2/stu/ws02_tools/install/cpp3_tf_broadcaster/share/cpp3_tf_broadcaster/environment/path.dsv
-- Installing: /home/hzc/linux/ros2/stu/ws02_tools/install/cpp3_tf_broadcaster/share/cpp3_tf_broadcaster/local_setup.bash
-- Installing: /home/hzc/linux/ros2/stu/ws02_tools/install/cpp3_tf_broadcaster/share/cpp3_tf_broadcaster/local_setup.fish
-- Installing: /home/hzc/linux/ros2/stu/ws02_tools/install/cpp3_tf_broadcaster/share/cpp3_tf_broadcaster/local_setup.sh
-- Installing: /home/hzc/linux/ros2/stu/ws02_tools/install/cpp3_tf_broadcaster/share/cpp3_tf_broadcaster/local_setup.zsh
-- Installing: /home/hzc/linux/ros2/stu/ws02_tools/install/cpp3_tf_broadcaster/share/cpp3_tf_broadcaster/local_setup.dsv
-- Installing: /home/hzc/linux/ros2/stu/ws02_tools/install/cpp3_tf_broadcaster/share/cpp3_tf_broadcaster/package.dsv
-- Installing: /home/hzc/linux/ros2/stu/ws02_tools/install/cpp3_tf_broadcaster/share/ament_index/resource_index/packages/cpp3_tf_broadcaster
-- Installing: /home/hzc/linux/ros2/stu/ws02_tools/install/cpp3_tf_broadcaster/share/cpp3_tf_broadcaster/cmake/cpp3_tf_broadcasterConfig.cmake
-- Installing: /home/hzc/linux/ros2/stu/ws02_tools/install/cpp3_tf_broadcaster/share/cpp3_tf_broadcaster/cmake/cpp3_tf_broadcasterConfig-version.cmake
-- Installing: /home/hzc/linux/ros2/stu/ws02_tools/install/cpp3_tf_broadcaster/share/cpp3_tf_broadcaster/package.xml
