[0.799s] Invoking command in '/home/hzc/linux/ros2/stu/ws02_tools/src/py3_tf_broadcaster': DEBUGINFOD_URLS=https://debuginfod.ubuntu.com PYTHONPATH=/home/hzc/linux/ros2/stu/ws02_tools/build/py3_tf_broadcaster/prefix_override:/usr/lib/python3/dist-packages/colcon_core/task/python/colcon_distutils_commands:/home/hzc/linux/ros2/stu/ws02_tools/install/py3_tf_broadcaster/lib/python3.14/site-packages:${PYTHONPATH} /usr/bin/python3 -W ignore:setup.py install is deprecated -W ignore:easy_install command is deprecated setup.py egg_info --egg-base ../../build/py3_tf_broadcaster build --build-base /home/hzc/linux/ros2/stu/ws02_tools/build/py3_tf_broadcaster/build install --record /home/hzc/linux/ros2/stu/ws02_tools/build/py3_tf_broadcaster/install.log --single-version-externally-managed install_data
[1.095s] running egg_info
[1.116s] writing ../../build/py3_tf_broadcaster/py3_tf_broadcaster.egg-info/PKG-INFO
[1.116s] writing dependency_links to ../../build/py3_tf_broadcaster/py3_tf_broadcaster.egg-info/dependency_links.txt
[1.116s] writing entry points to ../../build/py3_tf_broadcaster/py3_tf_broadcaster.egg-info/entry_points.txt
[1.117s] writing requirements to ../../build/py3_tf_broadcaster/py3_tf_broadcaster.egg-info/requires.txt
[1.117s] writing top-level names to ../../build/py3_tf_broadcaster/py3_tf_broadcaster.egg-info/top_level.txt
[1.162s] reading manifest file '../../build/py3_tf_broadcaster/py3_tf_broadcaster.egg-info/SOURCES.txt'
[1.163s] writing manifest file '../../build/py3_tf_broadcaster/py3_tf_broadcaster.egg-info/SOURCES.txt'
[1.163s] running build
[1.164s] running build_py
[1.164s] copying py3_tf_broadcaster/demo2_tf_dynamic_py.py -> /home/hzc/linux/ros2/stu/ws02_tools/build/py3_tf_broadcaster/build/lib/py3_tf_broadcaster
[1.164s] copying py3_tf_broadcaster/demo1_tf_static_py.py -> /home/hzc/linux/ros2/stu/ws02_tools/build/py3_tf_broadcaster/build/lib/py3_tf_broadcaster
[1.164s] copying py3_tf_broadcaster/__init__.py -> /home/hzc/linux/ros2/stu/ws02_tools/build/py3_tf_broadcaster/build/lib/py3_tf_broadcaster
[1.164s] copying py3_tf_broadcaster/py.typed -> /home/hzc/linux/ros2/stu/ws02_tools/build/py3_tf_broadcaster/build/lib/py3_tf_broadcaster
[1.165s] running install
[1.169s] running install_lib
[1.189s] copying /home/hzc/linux/ros2/stu/ws02_tools/build/py3_tf_broadcaster/build/lib/py3_tf_broadcaster/demo2_tf_dynamic_py.py -> /home/hzc/linux/ros2/stu/ws02_tools/install/py3_tf_broadcaster/lib/python3.14/site-packages/py3_tf_broadcaster
[1.190s] byte-compiling /home/hzc/linux/ros2/stu/ws02_tools/install/py3_tf_broadcaster/lib/python3.14/site-packages/py3_tf_broadcaster/demo2_tf_dynamic_py.py to demo2_tf_dynamic_py.cpython-314.pyc
[1.190s] running install_data
[1.190s] copying resource/py3_tf_broadcaster -> /home/hzc/linux/ros2/stu/ws02_tools/install/py3_tf_broadcaster/share/ament_index/resource_index/packages
[1.190s] copying package.xml -> /home/hzc/linux/ros2/stu/ws02_tools/install/py3_tf_broadcaster/share/py3_tf_broadcaster
[1.191s] running install_egg_info
[1.212s] removing '/home/hzc/linux/ros2/stu/ws02_tools/install/py3_tf_broadcaster/lib/python3.14/site-packages/py3_tf_broadcaster-0.0.0-py3.14.egg-info' (and everything under it)
[1.212s] Copying ../../build/py3_tf_broadcaster/py3_tf_broadcaster.egg-info to /home/hzc/linux/ros2/stu/ws02_tools/install/py3_tf_broadcaster/lib/python3.14/site-packages/py3_tf_broadcaster-0.0.0-py3.14.egg-info
[1.213s] running install_scripts
[1.326s] Installing demo1_tf_static_py script to /home/hzc/linux/ros2/stu/ws02_tools/install/py3_tf_broadcaster/lib/py3_tf_broadcaster
[1.326s] Installing demo2_tf_dynamic_py script to /home/hzc/linux/ros2/stu/ws02_tools/install/py3_tf_broadcaster/lib/py3_tf_broadcaster
[1.326s] writing list of installed files to '/home/hzc/linux/ros2/stu/ws02_tools/build/py3_tf_broadcaster/install.log'
[1.366s] Invoked command in '/home/hzc/linux/ros2/stu/ws02_tools/src/py3_tf_broadcaster' returned '0': DEBUGINFOD_URLS=https://debuginfod.ubuntu.com PYTHONPATH=/home/hzc/linux/ros2/stu/ws02_tools/build/py3_tf_broadcaster/prefix_override:/usr/lib/python3/dist-packages/colcon_core/task/python/colcon_distutils_commands:/home/hzc/linux/ros2/stu/ws02_tools/install/py3_tf_broadcaster/lib/python3.14/site-packages:${PYTHONPATH} /usr/bin/python3 -W ignore:setup.py install is deprecated -W ignore:easy_install command is deprecated setup.py egg_info --egg-base ../../build/py3_tf_broadcaster build --build-base /home/hzc/linux/ros2/stu/ws02_tools/build/py3_tf_broadcaster/build install --record /home/hzc/linux/ros2/stu/ws02_tools/build/py3_tf_broadcaster/install.log --single-version-externally-managed install_data
