[0.013s] Invoking command in '/home/hzc/linux/ros2/stu/ws02_tools/build/cpp8_urdf_plus': CMAKE_PREFIX_PATH=${CMAKE_PREFIX_PATH}:/home/hzc/linux/ros2/stu/ws02_tools/install/py6_service_face:/home/hzc/linux/ros2/stu/ws02_tools/install/py5_exercise:/home/hzc/linux/ros2/stu/ws02_tools/install/py3_tf_broadcaster:/home/hzc/linux/ros2/stu/ws02_tools/install/py1_launch:/opt/ros/lyrical DEBUGINFOD_URLS=https://debuginfod.ubuntu.com /usr/bin/cmake --build /home/hzc/linux/ros2/stu/ws02_tools/build/cpp8_urdf_plus -- -j12 -l12
[0.042s] -- Found ament_cmake: 2.8.7 (/opt/ros/lyrical/share/ament_cmake/cmake)
[0.223s] -- Found ament_lint_auto: 0.20.6 (/opt/ros/lyrical/share/ament_lint_auto/cmake)
[0.310s] -- Added test 'flake8' to check Python code syntax and style conventions
[0.310s] -- Configured 'flake8' exclude dirs and/or files: 
[0.310s] -- Added test 'lint_cmake' to check CMake code style
[0.310s] -- Added test 'pep257' to check Python code against some of the docstring style conventions in PEP 257
[0.312s] -- Added test 'xmllint' to check XML markup files
[0.312s] -- Configuring done (0.3s)
[0.316s] -- Generating done (0.0s)
[0.318s] -- Build files have been written to: /home/hzc/linux/ros2/stu/ws02_tools/build/cpp8_urdf_plus
[0.342s] Invoked command in '/home/hzc/linux/ros2/stu/ws02_tools/build/cpp8_urdf_plus' returned '0': CMAKE_PREFIX_PATH=${CMAKE_PREFIX_PATH}:/home/hzc/linux/ros2/stu/ws02_tools/install/py6_service_face:/home/hzc/linux/ros2/stu/ws02_tools/install/py5_exercise:/home/hzc/linux/ros2/stu/ws02_tools/install/py3_tf_broadcaster:/home/hzc/linux/ros2/stu/ws02_tools/install/py1_launch:/opt/ros/lyrical DEBUGINFOD_URLS=https://debuginfod.ubuntu.com /usr/bin/cmake --build /home/hzc/linux/ros2/stu/ws02_tools/build/cpp8_urdf_plus -- -j12 -l12
[0.352s] Invoking command in '/home/hzc/linux/ros2/stu/ws02_tools/build/cpp8_urdf_plus': CMAKE_PREFIX_PATH=${CMAKE_PREFIX_PATH}:/home/hzc/linux/ros2/stu/ws02_tools/install/py6_service_face:/home/hzc/linux/ros2/stu/ws02_tools/install/py5_exercise:/home/hzc/linux/ros2/stu/ws02_tools/install/py3_tf_broadcaster:/home/hzc/linux/ros2/stu/ws02_tools/install/py1_launch:/opt/ros/lyrical DEBUGINFOD_URLS=https://debuginfod.ubuntu.com /usr/bin/cmake --install /home/hzc/linux/ros2/stu/ws02_tools/build/cpp8_urdf_plus
[0.360s] -- Install configuration: ""
[0.360s] -- Up-to-date: /home/hzc/linux/ros2/stu/ws02_tools/install/cpp8_urdf_plus/share/cpp8_urdf_plus/launch
[0.361s] -- Installing: /home/hzc/linux/ros2/stu/ws02_tools/install/cpp8_urdf_plus/share/cpp8_urdf_plus/launch/display_robot.launch.py
[0.361s] -- Up-to-date: /home/hzc/linux/ros2/stu/ws02_tools/install/cpp8_urdf_plus/share/cpp8_urdf_plus/urdf
[0.361s] -- Up-to-date: /home/hzc/linux/ros2/stu/ws02_tools/install/cpp8_urdf_plus/share/cpp8_urdf_plus/urdf/first_rebot.urdf
[0.361s] -- Up-to-date: /home/hzc/linux/ros2/stu/ws02_tools/install/cpp8_urdf_plus/share/cpp8_urdf_plus/urdf/first_robot.pdf
[0.361s] -- Up-to-date: /home/hzc/linux/ros2/stu/ws02_tools/install/cpp8_urdf_plus/share/cpp8_urdf_plus/urdf/first_robot.gv
[0.361s] -- Installing: /home/hzc/linux/ros2/stu/ws02_tools/install/cpp8_urdf_plus/share/cpp8_urdf_plus/config
[0.361s] -- Installing: /home/hzc/linux/ros2/stu/ws02_tools/install/cpp8_urdf_plus/share/cpp8_urdf_plus/config/robot_model.rviz
[0.361s] -- Up-to-date: /home/hzc/linux/ros2/stu/ws02_tools/install/cpp8_urdf_plus/share/ament_index/resource_index/package_run_dependencies/cpp8_urdf_plus
[0.361s] -- Installing: /home/hzc/linux/ros2/stu/ws02_tools/install/cpp8_urdf_plus/share/ament_index/resource_index/parent_prefix_path/cpp8_urdf_plus
[0.361s] -- Up-to-date: /home/hzc/linux/ros2/stu/ws02_tools/install/cpp8_urdf_plus/share/cpp8_urdf_plus/environment/ament_prefix_path.sh
[0.361s] -- Up-to-date: /home/hzc/linux/ros2/stu/ws02_tools/install/cpp8_urdf_plus/share/cpp8_urdf_plus/environment/ament_prefix_path.dsv
[0.361s] -- Up-to-date: /home/hzc/linux/ros2/stu/ws02_tools/install/cpp8_urdf_plus/share/cpp8_urdf_plus/environment/path.sh
[0.361s] -- Up-to-date: /home/hzc/linux/ros2/stu/ws02_tools/install/cpp8_urdf_plus/share/cpp8_urdf_plus/environment/path.dsv
[0.361s] -- Up-to-date: /home/hzc/linux/ros2/stu/ws02_tools/install/cpp8_urdf_plus/share/cpp8_urdf_plus/local_setup.bash
[0.361s] -- Up-to-date: /home/hzc/linux/ros2/stu/ws02_tools/install/cpp8_urdf_plus/share/cpp8_urdf_plus/local_setup.fish
[0.362s] -- Up-to-date: /home/hzc/linux/ros2/stu/ws02_tools/install/cpp8_urdf_plus/share/cpp8_urdf_plus/local_setup.sh
[0.362s] -- Up-to-date: /home/hzc/linux/ros2/stu/ws02_tools/install/cpp8_urdf_plus/share/cpp8_urdf_plus/local_setup.zsh
[0.362s] -- Up-to-date: /home/hzc/linux/ros2/stu/ws02_tools/install/cpp8_urdf_plus/share/cpp8_urdf_plus/local_setup.dsv
[0.362s] -- Installing: /home/hzc/linux/ros2/stu/ws02_tools/install/cpp8_urdf_plus/share/cpp8_urdf_plus/package.dsv
[0.362s] -- Up-to-date: /home/hzc/linux/ros2/stu/ws02_tools/install/cpp8_urdf_plus/share/ament_index/resource_index/packages/cpp8_urdf_plus
[0.362s] -- Up-to-date: /home/hzc/linux/ros2/stu/ws02_tools/install/cpp8_urdf_plus/share/cpp8_urdf_plus/cmake/cpp8_urdf_plusConfig.cmake
[0.362s] -- Up-to-date: /home/hzc/linux/ros2/stu/ws02_tools/install/cpp8_urdf_plus/share/cpp8_urdf_plus/cmake/cpp8_urdf_plusConfig-version.cmake
[0.362s] -- Up-to-date: /home/hzc/linux/ros2/stu/ws02_tools/install/cpp8_urdf_plus/share/cpp8_urdf_plus/package.xml
[0.363s] Invoked command in '/home/hzc/linux/ros2/stu/ws02_tools/build/cpp8_urdf_plus' returned '0': CMAKE_PREFIX_PATH=${CMAKE_PREFIX_PATH}:/home/hzc/linux/ros2/stu/ws02_tools/install/py6_service_face:/home/hzc/linux/ros2/stu/ws02_tools/install/py5_exercise:/home/hzc/linux/ros2/stu/ws02_tools/install/py3_tf_broadcaster:/home/hzc/linux/ros2/stu/ws02_tools/install/py1_launch:/opt/ros/lyrical DEBUGINFOD_URLS=https://debuginfod.ubuntu.com /usr/bin/cmake --install /home/hzc/linux/ros2/stu/ws02_tools/build/cpp8_urdf_plus
