[0.093s] DEBUG:colcon:Command line arguments: ['/usr/bin/colcon', 'build']
[0.094s] DEBUG:colcon:Parsed command line arguments: Namespace(log_base=None, log_level=None, verb_name='build', build_base='build', install_base='install', merge_install=False, symlink_install=False, test_result_base=None, continue_on_error=False, executor='parallel', parallel_workers=12, event_handlers=None, ignore_user_meta=False, metas=['./colcon.meta'], base_paths=['.'], packages_ignore=None, packages_ignore_regex=None, paths=None, packages_up_to=None, packages_up_to_regex=None, packages_above=None, packages_above_and_dependencies=None, packages_above_depth=None, packages_select_by_dep=None, packages_skip_by_dep=None, packages_skip_up_to=None, packages_select_build_failed=False, packages_skip_build_finished=False, packages_select_test_failures=False, packages_skip_test_passed=False, packages_select=None, packages_skip=None, packages_select_regex=None, packages_skip_regex=None, packages_start=None, packages_end=None, cmake_args=None, cmake_target=None, cmake_target_skip_unavailable=False, cmake_clean_cache=False, cmake_clean_first=False, cmake_force_configure=False, ament_cmake_args=None, catkin_cmake_args=None, catkin_skip_building_tests=False, mixin_files=None, mixin=None, verb_parser=<colcon_mixin.mixin.mixin_argument.MixinArgumentDecorator object at 0x7e56931b8f10>, verb_extension=<colcon_core.verb.build.BuildVerb object at 0x7e56931b82b0>, main=<bound method BuildVerb.main of <colcon_core.verb.build.BuildVerb object at 0x7e56931b82b0>>, mixin_verb=('build',))
[0.226s] Level 1:colcon.colcon_core.package_discovery:discover_packages(colcon_meta) check parameters
[0.227s] INFO:colcon.colcon_metadata.package_discovery.colcon_meta:Using configuration from '/root/.colcon/metadata/default/Gazebo.meta'
[0.227s] INFO:colcon.colcon_metadata.package_discovery.colcon_meta:Using configuration from '/root/.colcon/metadata/default/fastdds.meta'
[0.228s] INFO:colcon.colcon_metadata.package_discovery.colcon_meta:Using configuration from '/root/.colcon/metadata/default/fastrtps.meta'
[0.228s] Level 1:colcon.colcon_core.package_discovery:discover_packages(recursive) check parameters
[0.228s] Level 1:colcon.colcon_core.package_discovery:discover_packages(ignore) check parameters
[0.228s] Level 1:colcon.colcon_core.package_discovery:discover_packages(path) check parameters
[0.228s] Level 1:colcon.colcon_core.package_discovery:discover_packages(colcon_meta) discover
[0.228s] Level 1:colcon.colcon_core.package_discovery:discover_packages(recursive) discover
[0.228s] INFO:colcon.colcon_core.package_discovery:Crawling recursively for packages in '/shared/ws1_stu'
[0.228s] Level 1:colcon.colcon_core.package_identification:_identify(.) by extensions ['ignore', 'ignore_ament_install']
[0.228s] Level 1:colcon.colcon_core.package_identification:_identify(.) by extension 'ignore'
[0.228s] Level 1:colcon.colcon_core.package_identification:_identify(.) by extension 'ignore_ament_install'
[0.228s] Level 1:colcon.colcon_core.package_identification:_identify(.) by extensions ['colcon_pkg']
[0.229s] Level 1:colcon.colcon_core.package_identification:_identify(.) by extension 'colcon_pkg'
[0.229s] Level 1:colcon.colcon_core.package_identification:_identify(.) by extensions ['colcon_meta']
[0.229s] Level 1:colcon.colcon_core.package_identification:_identify(.) by extension 'colcon_meta'
[0.229s] Level 1:colcon.colcon_core.package_identification:_identify(.) by extensions ['ros']
[0.229s] Level 1:colcon.colcon_core.package_identification:_identify(.) by extension 'ros'
[0.237s] Level 1:colcon.colcon_core.package_identification:_identify(.) by extensions ['cmake', 'python']
[0.237s] Level 1:colcon.colcon_core.package_identification:_identify(.) by extension 'cmake'
[0.237s] Level 1:colcon.colcon_core.package_identification:_identify(.) by extension 'python'
[0.237s] Level 1:colcon.colcon_core.package_identification:_identify(.) by extensions ['python_setup_py']
[0.237s] Level 1:colcon.colcon_core.package_identification:_identify(.) by extension 'python_setup_py'
[0.238s] Level 1:colcon.colcon_core.package_identification:_identify(build) by extensions ['ignore', 'ignore_ament_install']
[0.238s] Level 1:colcon.colcon_core.package_identification:_identify(build) by extension 'ignore'
[0.238s] Level 1:colcon.colcon_core.package_identification:_identify(build) ignored
[0.238s] Level 1:colcon.colcon_core.package_identification:_identify(install) by extensions ['ignore', 'ignore_ament_install']
[0.238s] Level 1:colcon.colcon_core.package_identification:_identify(install) by extension 'ignore'
[0.238s] Level 1:colcon.colcon_core.package_identification:_identify(install) ignored
[0.238s] Level 1:colcon.colcon_core.package_identification:_identify(log) by extensions ['ignore', 'ignore_ament_install']
[0.238s] Level 1:colcon.colcon_core.package_identification:_identify(log) by extension 'ignore'
[0.238s] Level 1:colcon.colcon_core.package_identification:_identify(log) ignored
[0.238s] Level 1:colcon.colcon_core.package_identification:_identify(src) by extensions ['ignore', 'ignore_ament_install']
[0.238s] Level 1:colcon.colcon_core.package_identification:_identify(src) by extension 'ignore'
[0.238s] Level 1:colcon.colcon_core.package_identification:_identify(src) by extension 'ignore_ament_install'
[0.238s] Level 1:colcon.colcon_core.package_identification:_identify(src) by extensions ['colcon_pkg']
[0.239s] Level 1:colcon.colcon_core.package_identification:_identify(src) by extension 'colcon_pkg'
[0.239s] Level 1:colcon.colcon_core.package_identification:_identify(src) by extensions ['colcon_meta']
[0.239s] Level 1:colcon.colcon_core.package_identification:_identify(src) by extension 'colcon_meta'
[0.239s] Level 1:colcon.colcon_core.package_identification:_identify(src) by extensions ['ros']
[0.239s] Level 1:colcon.colcon_core.package_identification:_identify(src) by extension 'ros'
[0.239s] Level 1:colcon.colcon_core.package_identification:_identify(src) by extensions ['cmake', 'python']
[0.239s] Level 1:colcon.colcon_core.package_identification:_identify(src) by extension 'cmake'
[0.239s] Level 1:colcon.colcon_core.package_identification:_identify(src) by extension 'python'
[0.239s] Level 1:colcon.colcon_core.package_identification:_identify(src) by extensions ['python_setup_py']
[0.239s] Level 1:colcon.colcon_core.package_identification:_identify(src) by extension 'python_setup_py'
[0.239s] Level 1:colcon.colcon_core.package_identification:_identify(src/autopartol_car) by extensions ['ignore', 'ignore_ament_install']
[0.239s] Level 1:colcon.colcon_core.package_identification:_identify(src/autopartol_car) by extension 'ignore'
[0.239s] Level 1:colcon.colcon_core.package_identification:_identify(src/autopartol_car) by extension 'ignore_ament_install'
[0.239s] Level 1:colcon.colcon_core.package_identification:_identify(src/autopartol_car) by extensions ['colcon_pkg']
[0.239s] Level 1:colcon.colcon_core.package_identification:_identify(src/autopartol_car) by extension 'colcon_pkg'
[0.239s] Level 1:colcon.colcon_core.package_identification:_identify(src/autopartol_car) by extensions ['colcon_meta']
[0.239s] Level 1:colcon.colcon_core.package_identification:_identify(src/autopartol_car) by extension 'colcon_meta'
[0.239s] Level 1:colcon.colcon_core.package_identification:_identify(src/autopartol_car) by extensions ['ros']
[0.239s] Level 1:colcon.colcon_core.package_identification:_identify(src/autopartol_car) by extension 'ros'
[0.241s] DEBUG:colcon.colcon_core.package_identification:Package 'src/autopartol_car' with type 'ros.ament_python' and name 'autopartol_car'
[0.241s] Level 1:colcon.colcon_core.package_identification:_identify(src/cpp1_gazebo) by extensions ['ignore', 'ignore_ament_install']
[0.241s] Level 1:colcon.colcon_core.package_identification:_identify(src/cpp1_gazebo) by extension 'ignore'
[0.241s] Level 1:colcon.colcon_core.package_identification:_identify(src/cpp1_gazebo) by extension 'ignore_ament_install'
[0.242s] Level 1:colcon.colcon_core.package_identification:_identify(src/cpp1_gazebo) by extensions ['colcon_pkg']
[0.242s] Level 1:colcon.colcon_core.package_identification:_identify(src/cpp1_gazebo) by extension 'colcon_pkg'
[0.242s] Level 1:colcon.colcon_core.package_identification:_identify(src/cpp1_gazebo) by extensions ['colcon_meta']
[0.242s] Level 1:colcon.colcon_core.package_identification:_identify(src/cpp1_gazebo) by extension 'colcon_meta'
[0.242s] Level 1:colcon.colcon_core.package_identification:_identify(src/cpp1_gazebo) by extensions ['ros']
[0.242s] Level 1:colcon.colcon_core.package_identification:_identify(src/cpp1_gazebo) by extension 'ros'
[0.242s] DEBUG:colcon.colcon_core.package_identification:Package 'src/cpp1_gazebo' with type 'ros.ament_cmake' and name 'cpp1_gazebo'
[0.242s] Level 1:colcon.colcon_core.package_identification:_identify(src/cpp2_slam) by extensions ['ignore', 'ignore_ament_install']
[0.242s] Level 1:colcon.colcon_core.package_identification:_identify(src/cpp2_slam) by extension 'ignore'
[0.242s] Level 1:colcon.colcon_core.package_identification:_identify(src/cpp2_slam) by extension 'ignore_ament_install'
[0.242s] Level 1:colcon.colcon_core.package_identification:_identify(src/cpp2_slam) by extensions ['colcon_pkg']
[0.242s] Level 1:colcon.colcon_core.package_identification:_identify(src/cpp2_slam) by extension 'colcon_pkg'
[0.242s] Level 1:colcon.colcon_core.package_identification:_identify(src/cpp2_slam) by extensions ['colcon_meta']
[0.243s] Level 1:colcon.colcon_core.package_identification:_identify(src/cpp2_slam) by extension 'colcon_meta'
[0.243s] Level 1:colcon.colcon_core.package_identification:_identify(src/cpp2_slam) by extensions ['ros']
[0.243s] Level 1:colcon.colcon_core.package_identification:_identify(src/cpp2_slam) by extension 'ros'
[0.243s] DEBUG:colcon.colcon_core.package_identification:Package 'src/cpp2_slam' with type 'ros.ament_cmake' and name 'cpp2_slam'
[0.243s] Level 1:colcon.colcon_core.package_identification:_identify(src/cpp3_nav2) by extensions ['ignore', 'ignore_ament_install']
[0.243s] Level 1:colcon.colcon_core.package_identification:_identify(src/cpp3_nav2) by extension 'ignore'
[0.243s] Level 1:colcon.colcon_core.package_identification:_identify(src/cpp3_nav2) by extension 'ignore_ament_install'
[0.243s] Level 1:colcon.colcon_core.package_identification:_identify(src/cpp3_nav2) by extensions ['colcon_pkg']
[0.243s] Level 1:colcon.colcon_core.package_identification:_identify(src/cpp3_nav2) by extension 'colcon_pkg'
[0.244s] Level 1:colcon.colcon_core.package_identification:_identify(src/cpp3_nav2) by extensions ['colcon_meta']
[0.244s] Level 1:colcon.colcon_core.package_identification:_identify(src/cpp3_nav2) by extension 'colcon_meta'
[0.244s] Level 1:colcon.colcon_core.package_identification:_identify(src/cpp3_nav2) by extensions ['ros']
[0.244s] Level 1:colcon.colcon_core.package_identification:_identify(src/cpp3_nav2) by extension 'ros'
[0.244s] DEBUG:colcon.colcon_core.package_identification:Package 'src/cpp3_nav2' with type 'ros.ament_cmake' and name 'cpp3_nav2'
[0.244s] Level 1:colcon.colcon_core.package_identification:_identify(src/py1_car_application) by extensions ['ignore', 'ignore_ament_install']
[0.244s] Level 1:colcon.colcon_core.package_identification:_identify(src/py1_car_application) by extension 'ignore'
[0.244s] Level 1:colcon.colcon_core.package_identification:_identify(src/py1_car_application) by extension 'ignore_ament_install'
[0.244s] Level 1:colcon.colcon_core.package_identification:_identify(src/py1_car_application) by extensions ['colcon_pkg']
[0.244s] Level 1:colcon.colcon_core.package_identification:_identify(src/py1_car_application) by extension 'colcon_pkg'
[0.244s] Level 1:colcon.colcon_core.package_identification:_identify(src/py1_car_application) by extensions ['colcon_meta']
[0.244s] Level 1:colcon.colcon_core.package_identification:_identify(src/py1_car_application) by extension 'colcon_meta'
[0.244s] Level 1:colcon.colcon_core.package_identification:_identify(src/py1_car_application) by extensions ['ros']
[0.245s] Level 1:colcon.colcon_core.package_identification:_identify(src/py1_car_application) by extension 'ros'
[0.245s] DEBUG:colcon.colcon_core.package_identification:Package 'src/py1_car_application' with type 'ros.ament_python' and name 'py1_car_application'
[0.245s] Level 1:colcon.colcon_core.package_identification:_identify(src/py2_autopartol) by extensions ['ignore', 'ignore_ament_install']
[0.245s] Level 1:colcon.colcon_core.package_identification:_identify(src/py2_autopartol) by extension 'ignore'
[0.245s] Level 1:colcon.colcon_core.package_identification:_identify(src/py2_autopartol) by extension 'ignore_ament_install'
[0.245s] Level 1:colcon.colcon_core.package_identification:_identify(src/py2_autopartol) by extensions ['colcon_pkg']
[0.245s] Level 1:colcon.colcon_core.package_identification:_identify(src/py2_autopartol) by extension 'colcon_pkg'
[0.245s] Level 1:colcon.colcon_core.package_identification:_identify(src/py2_autopartol) by extensions ['colcon_meta']
[0.245s] Level 1:colcon.colcon_core.package_identification:_identify(src/py2_autopartol) by extension 'colcon_meta'
[0.245s] Level 1:colcon.colcon_core.package_identification:_identify(src/py2_autopartol) by extensions ['ros']
[0.245s] Level 1:colcon.colcon_core.package_identification:_identify(src/py2_autopartol) by extension 'ros'
[0.246s] DEBUG:colcon.colcon_core.package_identification:Package 'src/py2_autopartol' with type 'ros.ament_python' and name 'py2_autopartol'
[0.246s] Level 1:colcon.colcon_core.package_discovery:discover_packages(recursive) using defaults
[0.246s] Level 1:colcon.colcon_core.package_discovery:discover_packages(ignore) discover
[0.246s] Level 1:colcon.colcon_core.package_discovery:discover_packages(ignore) using defaults
[0.246s] Level 1:colcon.colcon_core.package_discovery:discover_packages(path) discover
[0.246s] Level 1:colcon.colcon_core.package_discovery:discover_packages(path) using defaults
[0.261s] Level 5:colcon.colcon_core.verb:set package 'autopartol_car' build argument 'cmake_args' from command line to 'None'
[0.261s] Level 5:colcon.colcon_core.verb:set package 'autopartol_car' build argument 'cmake_target' from command line to 'None'
[0.261s] Level 5:colcon.colcon_core.verb:set package 'autopartol_car' build argument 'cmake_target_skip_unavailable' from command line to 'False'
[0.261s] Level 5:colcon.colcon_core.verb:set package 'autopartol_car' build argument 'cmake_clean_cache' from command line to 'False'
[0.261s] Level 5:colcon.colcon_core.verb:set package 'autopartol_car' build argument 'cmake_clean_first' from command line to 'False'
[0.261s] Level 5:colcon.colcon_core.verb:set package 'autopartol_car' build argument 'cmake_force_configure' from command line to 'False'
[0.261s] Level 5:colcon.colcon_core.verb:set package 'autopartol_car' build argument 'ament_cmake_args' from command line to 'None'
[0.261s] Level 5:colcon.colcon_core.verb:set package 'autopartol_car' build argument 'catkin_cmake_args' from command line to 'None'
[0.261s] Level 5:colcon.colcon_core.verb:set package 'autopartol_car' build argument 'catkin_skip_building_tests' from command line to 'False'
[0.261s] DEBUG:colcon.colcon_core.verb:Building package 'autopartol_car' with the following arguments: {'ament_cmake_args': None, 'build_base': '/shared/ws1_stu/build/autopartol_car', 'catkin_cmake_args': None, 'catkin_skip_building_tests': False, 'cmake_args': None, 'cmake_clean_cache': False, 'cmake_clean_first': False, 'cmake_force_configure': False, 'cmake_target': None, 'cmake_target_skip_unavailable': False, 'install_base': '/shared/ws1_stu/install/autopartol_car', 'merge_install': False, 'path': '/shared/ws1_stu/src/autopartol_car', 'symlink_install': False, 'test_result_base': None}
[0.262s] Level 5:colcon.colcon_core.verb:set package 'cpp1_gazebo' build argument 'cmake_args' from command line to 'None'
[0.262s] Level 5:colcon.colcon_core.verb:set package 'cpp1_gazebo' build argument 'cmake_target' from command line to 'None'
[0.262s] Level 5:colcon.colcon_core.verb:set package 'cpp1_gazebo' build argument 'cmake_target_skip_unavailable' from command line to 'False'
[0.262s] Level 5:colcon.colcon_core.verb:set package 'cpp1_gazebo' build argument 'cmake_clean_cache' from command line to 'False'
[0.262s] Level 5:colcon.colcon_core.verb:set package 'cpp1_gazebo' build argument 'cmake_clean_first' from command line to 'False'
[0.262s] Level 5:colcon.colcon_core.verb:set package 'cpp1_gazebo' build argument 'cmake_force_configure' from command line to 'False'
[0.262s] Level 5:colcon.colcon_core.verb:set package 'cpp1_gazebo' build argument 'ament_cmake_args' from command line to 'None'
[0.262s] Level 5:colcon.colcon_core.verb:set package 'cpp1_gazebo' build argument 'catkin_cmake_args' from command line to 'None'
[0.262s] Level 5:colcon.colcon_core.verb:set package 'cpp1_gazebo' build argument 'catkin_skip_building_tests' from command line to 'False'
[0.262s] DEBUG:colcon.colcon_core.verb:Building package 'cpp1_gazebo' with the following arguments: {'ament_cmake_args': None, 'build_base': '/shared/ws1_stu/build/cpp1_gazebo', 'catkin_cmake_args': None, 'catkin_skip_building_tests': False, 'cmake_args': None, 'cmake_clean_cache': False, 'cmake_clean_first': False, 'cmake_force_configure': False, 'cmake_target': None, 'cmake_target_skip_unavailable': False, 'install_base': '/shared/ws1_stu/install/cpp1_gazebo', 'merge_install': False, 'path': '/shared/ws1_stu/src/cpp1_gazebo', 'symlink_install': False, 'test_result_base': None}
[0.262s] Level 5:colcon.colcon_core.verb:set package 'cpp2_slam' build argument 'cmake_args' from command line to 'None'
[0.262s] Level 5:colcon.colcon_core.verb:set package 'cpp2_slam' build argument 'cmake_target' from command line to 'None'
[0.262s] Level 5:colcon.colcon_core.verb:set package 'cpp2_slam' build argument 'cmake_target_skip_unavailable' from command line to 'False'
[0.262s] Level 5:colcon.colcon_core.verb:set package 'cpp2_slam' build argument 'cmake_clean_cache' from command line to 'False'
[0.262s] Level 5:colcon.colcon_core.verb:set package 'cpp2_slam' build argument 'cmake_clean_first' from command line to 'False'
[0.263s] Level 5:colcon.colcon_core.verb:set package 'cpp2_slam' build argument 'cmake_force_configure' from command line to 'False'
[0.263s] Level 5:colcon.colcon_core.verb:set package 'cpp2_slam' build argument 'ament_cmake_args' from command line to 'None'
[0.263s] Level 5:colcon.colcon_core.verb:set package 'cpp2_slam' build argument 'catkin_cmake_args' from command line to 'None'
[0.263s] Level 5:colcon.colcon_core.verb:set package 'cpp2_slam' build argument 'catkin_skip_building_tests' from command line to 'False'
[0.263s] DEBUG:colcon.colcon_core.verb:Building package 'cpp2_slam' with the following arguments: {'ament_cmake_args': None, 'build_base': '/shared/ws1_stu/build/cpp2_slam', 'catkin_cmake_args': None, 'catkin_skip_building_tests': False, 'cmake_args': None, 'cmake_clean_cache': False, 'cmake_clean_first': False, 'cmake_force_configure': False, 'cmake_target': None, 'cmake_target_skip_unavailable': False, 'install_base': '/shared/ws1_stu/install/cpp2_slam', 'merge_install': False, 'path': '/shared/ws1_stu/src/cpp2_slam', 'symlink_install': False, 'test_result_base': None}
[0.263s] Level 5:colcon.colcon_core.verb:set package 'cpp3_nav2' build argument 'cmake_args' from command line to 'None'
[0.263s] Level 5:colcon.colcon_core.verb:set package 'cpp3_nav2' build argument 'cmake_target' from command line to 'None'
[0.263s] Level 5:colcon.colcon_core.verb:set package 'cpp3_nav2' build argument 'cmake_target_skip_unavailable' from command line to 'False'
[0.263s] Level 5:colcon.colcon_core.verb:set package 'cpp3_nav2' build argument 'cmake_clean_cache' from command line to 'False'
[0.263s] Level 5:colcon.colcon_core.verb:set package 'cpp3_nav2' build argument 'cmake_clean_first' from command line to 'False'
[0.263s] Level 5:colcon.colcon_core.verb:set package 'cpp3_nav2' build argument 'cmake_force_configure' from command line to 'False'
[0.263s] Level 5:colcon.colcon_core.verb:set package 'cpp3_nav2' build argument 'ament_cmake_args' from command line to 'None'
[0.263s] Level 5:colcon.colcon_core.verb:set package 'cpp3_nav2' build argument 'catkin_cmake_args' from command line to 'None'
[0.263s] Level 5:colcon.colcon_core.verb:set package 'cpp3_nav2' build argument 'catkin_skip_building_tests' from command line to 'False'
[0.263s] DEBUG:colcon.colcon_core.verb:Building package 'cpp3_nav2' with the following arguments: {'ament_cmake_args': None, 'build_base': '/shared/ws1_stu/build/cpp3_nav2', 'catkin_cmake_args': None, 'catkin_skip_building_tests': False, 'cmake_args': None, 'cmake_clean_cache': False, 'cmake_clean_first': False, 'cmake_force_configure': False, 'cmake_target': None, 'cmake_target_skip_unavailable': False, 'install_base': '/shared/ws1_stu/install/cpp3_nav2', 'merge_install': False, 'path': '/shared/ws1_stu/src/cpp3_nav2', 'symlink_install': False, 'test_result_base': None}
[0.264s] Level 5:colcon.colcon_core.verb:set package 'py1_car_application' build argument 'cmake_args' from command line to 'None'
[0.264s] Level 5:colcon.colcon_core.verb:set package 'py1_car_application' build argument 'cmake_target' from command line to 'None'
[0.264s] Level 5:colcon.colcon_core.verb:set package 'py1_car_application' build argument 'cmake_target_skip_unavailable' from command line to 'False'
[0.264s] Level 5:colcon.colcon_core.verb:set package 'py1_car_application' build argument 'cmake_clean_cache' from command line to 'False'
[0.264s] Level 5:colcon.colcon_core.verb:set package 'py1_car_application' build argument 'cmake_clean_first' from command line to 'False'
[0.264s] Level 5:colcon.colcon_core.verb:set package 'py1_car_application' build argument 'cmake_force_configure' from command line to 'False'
[0.264s] Level 5:colcon.colcon_core.verb:set package 'py1_car_application' build argument 'ament_cmake_args' from command line to 'None'
[0.264s] Level 5:colcon.colcon_core.verb:set package 'py1_car_application' build argument 'catkin_cmake_args' from command line to 'None'
[0.264s] Level 5:colcon.colcon_core.verb:set package 'py1_car_application' build argument 'catkin_skip_building_tests' from command line to 'False'
[0.264s] DEBUG:colcon.colcon_core.verb:Building package 'py1_car_application' with the following arguments: {'ament_cmake_args': None, 'build_base': '/shared/ws1_stu/build/py1_car_application', 'catkin_cmake_args': None, 'catkin_skip_building_tests': False, 'cmake_args': None, 'cmake_clean_cache': False, 'cmake_clean_first': False, 'cmake_force_configure': False, 'cmake_target': None, 'cmake_target_skip_unavailable': False, 'install_base': '/shared/ws1_stu/install/py1_car_application', 'merge_install': False, 'path': '/shared/ws1_stu/src/py1_car_application', 'symlink_install': False, 'test_result_base': None}
[0.264s] Level 5:colcon.colcon_core.verb:set package 'py2_autopartol' build argument 'cmake_args' from command line to 'None'
[0.264s] Level 5:colcon.colcon_core.verb:set package 'py2_autopartol' build argument 'cmake_target' from command line to 'None'
[0.264s] Level 5:colcon.colcon_core.verb:set package 'py2_autopartol' build argument 'cmake_target_skip_unavailable' from command line to 'False'
[0.264s] Level 5:colcon.colcon_core.verb:set package 'py2_autopartol' build argument 'cmake_clean_cache' from command line to 'False'
[0.264s] Level 5:colcon.colcon_core.verb:set package 'py2_autopartol' build argument 'cmake_clean_first' from command line to 'False'
[0.264s] Level 5:colcon.colcon_core.verb:set package 'py2_autopartol' build argument 'cmake_force_configure' from command line to 'False'
[0.264s] Level 5:colcon.colcon_core.verb:set package 'py2_autopartol' build argument 'ament_cmake_args' from command line to 'None'
[0.264s] Level 5:colcon.colcon_core.verb:set package 'py2_autopartol' build argument 'catkin_cmake_args' from command line to 'None'
[0.264s] Level 5:colcon.colcon_core.verb:set package 'py2_autopartol' build argument 'catkin_skip_building_tests' from command line to 'False'
[0.264s] DEBUG:colcon.colcon_core.verb:Building package 'py2_autopartol' with the following arguments: {'ament_cmake_args': None, 'build_base': '/shared/ws1_stu/build/py2_autopartol', 'catkin_cmake_args': None, 'catkin_skip_building_tests': False, 'cmake_args': None, 'cmake_clean_cache': False, 'cmake_clean_first': False, 'cmake_force_configure': False, 'cmake_target': None, 'cmake_target_skip_unavailable': False, 'install_base': '/shared/ws1_stu/install/py2_autopartol', 'merge_install': False, 'path': '/shared/ws1_stu/src/py2_autopartol', 'symlink_install': False, 'test_result_base': None}
[0.264s] INFO:colcon.colcon_core.executor:Executing jobs using 'parallel' executor
[0.265s] DEBUG:colcon.colcon_parallel_executor.executor.parallel:run_until_complete
[0.266s] INFO:colcon.colcon_ros.task.ament_python.build:Building ROS package in '/shared/ws1_stu/src/autopartol_car' with build type 'ament_python'
[0.266s] Level 1:colcon.colcon_core.shell:create_environment_hook('autopartol_car', 'ament_prefix_path')
[0.268s] INFO:colcon.colcon_core.plugin_system:Skipping extension 'colcon_core.shell.bat': Not used on non-Windows systems
[0.268s] INFO:colcon.colcon_core.shell:Creating environment hook '/shared/ws1_stu/install/autopartol_car/share/autopartol_car/hook/ament_prefix_path.ps1'
[0.268s] INFO:colcon.colcon_core.shell:Creating environment descriptor '/shared/ws1_stu/install/autopartol_car/share/autopartol_car/hook/ament_prefix_path.dsv'
[0.269s] INFO:colcon.colcon_core.shell:Creating environment hook '/shared/ws1_stu/install/autopartol_car/share/autopartol_car/hook/ament_prefix_path.sh'
[0.269s] INFO:colcon.colcon_core.shell:Skip shell extension 'powershell' for command environment: Not usable outside of PowerShell
[0.269s] DEBUG:colcon.colcon_core.shell:Skip shell extension 'dsv' for command environment
[0.274s] INFO:colcon.colcon_ros.task.ament_cmake.build:Building ROS package in '/shared/ws1_stu/src/cpp1_gazebo' with build type 'ament_cmake'
[0.274s] INFO:colcon.colcon_cmake.task.cmake.build:Building CMake package in '/shared/ws1_stu/src/cpp1_gazebo'
[0.275s] INFO:colcon.colcon_core.shell:Skip shell extension 'powershell' for command environment: Not usable outside of PowerShell
[0.275s] DEBUG:colcon.colcon_core.shell:Skip shell extension 'dsv' for command environment
[0.278s] INFO:colcon.colcon_ros.task.ament_cmake.build:Building ROS package in '/shared/ws1_stu/src/cpp2_slam' with build type 'ament_cmake'
[0.279s] INFO:colcon.colcon_cmake.task.cmake.build:Building CMake package in '/shared/ws1_stu/src/cpp2_slam'
[0.279s] INFO:colcon.colcon_core.shell:Skip shell extension 'powershell' for command environment: Not usable outside of PowerShell
[0.279s] DEBUG:colcon.colcon_core.shell:Skip shell extension 'dsv' for command environment
[0.283s] INFO:colcon.colcon_ros.task.ament_cmake.build:Building ROS package in '/shared/ws1_stu/src/cpp3_nav2' with build type 'ament_cmake'
[0.283s] INFO:colcon.colcon_cmake.task.cmake.build:Building CMake package in '/shared/ws1_stu/src/cpp3_nav2'
[0.284s] INFO:colcon.colcon_core.shell:Skip shell extension 'powershell' for command environment: Not usable outside of PowerShell
[0.284s] DEBUG:colcon.colcon_core.shell:Skip shell extension 'dsv' for command environment
[0.288s] INFO:colcon.colcon_ros.task.ament_python.build:Building ROS package in '/shared/ws1_stu/src/py1_car_application' with build type 'ament_python'
[0.288s] Level 1:colcon.colcon_core.shell:create_environment_hook('py1_car_application', 'ament_prefix_path')
[0.288s] INFO:colcon.colcon_core.shell:Creating environment hook '/shared/ws1_stu/install/py1_car_application/share/py1_car_application/hook/ament_prefix_path.ps1'
[0.291s] INFO:colcon.colcon_core.shell:Creating environment descriptor '/shared/ws1_stu/install/py1_car_application/share/py1_car_application/hook/ament_prefix_path.dsv'
[0.292s] INFO:colcon.colcon_core.shell:Creating environment hook '/shared/ws1_stu/install/py1_car_application/share/py1_car_application/hook/ament_prefix_path.sh'
[0.292s] INFO:colcon.colcon_core.shell:Skip shell extension 'powershell' for command environment: Not usable outside of PowerShell
[0.292s] DEBUG:colcon.colcon_core.shell:Skip shell extension 'dsv' for command environment
[0.296s] INFO:colcon.colcon_ros.task.ament_python.build:Building ROS package in '/shared/ws1_stu/src/py2_autopartol' with build type 'ament_python'
[0.296s] Level 1:colcon.colcon_core.shell:create_environment_hook('py2_autopartol', 'ament_prefix_path')
[0.296s] INFO:colcon.colcon_core.shell:Creating environment hook '/shared/ws1_stu/install/py2_autopartol/share/py2_autopartol/hook/ament_prefix_path.ps1'
[0.297s] INFO:colcon.colcon_core.shell:Creating environment descriptor '/shared/ws1_stu/install/py2_autopartol/share/py2_autopartol/hook/ament_prefix_path.dsv'
[0.297s] INFO:colcon.colcon_core.shell:Creating environment hook '/shared/ws1_stu/install/py2_autopartol/share/py2_autopartol/hook/ament_prefix_path.sh'
[0.299s] INFO:colcon.colcon_core.shell:Skip shell extension 'powershell' for command environment: Not usable outside of PowerShell
[0.299s] DEBUG:colcon.colcon_core.shell:Skip shell extension 'dsv' for command environment
[0.504s] INFO:colcon.colcon_core.task.python.build:Building Python package in '/shared/ws1_stu/src/autopartol_car'
[0.504s] INFO:colcon.colcon_core.shell:Skip shell extension 'powershell' for command environment: Not usable outside of PowerShell
[0.504s] DEBUG:colcon.colcon_core.shell:Skip shell extension 'dsv' for command environment
[0.511s] DEBUG:colcon.colcon_core.event_handler.log_command:Invoking command in '/shared/ws1_stu/build/cpp1_gazebo': CMAKE_PREFIX_PATH=${CMAKE_PREFIX_PATH}:/shared/ws1_stu/install/py2_autopartol:/shared/ws1_stu/install/py1_car_application:/shared/ws1_stu/install/autopartol_car:/opt/ros/humble /usr/bin/cmake --build /shared/ws1_stu/build/cpp1_gazebo -- -j12 -l12
[0.515s] DEBUG:colcon.colcon_core.event_handler.log_command:Invoking command in '/shared/ws1_stu/build/cpp2_slam': CMAKE_PREFIX_PATH=${CMAKE_PREFIX_PATH}:/shared/ws1_stu/install/py2_autopartol:/shared/ws1_stu/install/py1_car_application:/shared/ws1_stu/install/autopartol_car:/opt/ros/humble /usr/bin/cmake --build /shared/ws1_stu/build/cpp2_slam -- -j12 -l12
[0.517s] DEBUG:colcon.colcon_core.event_handler.log_command:Invoking command in '/shared/ws1_stu/build/cpp3_nav2': CMAKE_PREFIX_PATH=${CMAKE_PREFIX_PATH}:/shared/ws1_stu/install/py2_autopartol:/shared/ws1_stu/install/py1_car_application:/shared/ws1_stu/install/autopartol_car:/opt/ros/humble /usr/bin/cmake --build /shared/ws1_stu/build/cpp3_nav2 -- -j12 -l12
[0.731s] INFO:colcon.colcon_core.task.python.build:Building Python package in '/shared/ws1_stu/src/py1_car_application'
[0.732s] INFO:colcon.colcon_core.shell:Skip shell extension 'powershell' for command environment: Not usable outside of PowerShell
[0.732s] DEBUG:colcon.colcon_core.shell:Skip shell extension 'dsv' for command environment
[0.742s] DEBUG:colcon.colcon_core.event_handler.log_command:Invoked command in '/shared/ws1_stu/build/cpp1_gazebo' returned '0': CMAKE_PREFIX_PATH=${CMAKE_PREFIX_PATH}:/shared/ws1_stu/install/py2_autopartol:/shared/ws1_stu/install/py1_car_application:/shared/ws1_stu/install/autopartol_car:/opt/ros/humble /usr/bin/cmake --build /shared/ws1_stu/build/cpp1_gazebo -- -j12 -l12
[0.751s] DEBUG:colcon.colcon_core.event_handler.log_command:Invoking command in '/shared/ws1_stu/build/cpp1_gazebo': CMAKE_PREFIX_PATH=${CMAKE_PREFIX_PATH}:/shared/ws1_stu/install/py2_autopartol:/shared/ws1_stu/install/py1_car_application:/shared/ws1_stu/install/autopartol_car:/opt/ros/humble /usr/bin/cmake --install /shared/ws1_stu/build/cpp1_gazebo
[0.943s] INFO:colcon.colcon_core.task.python.build:Building Python package in '/shared/ws1_stu/src/py2_autopartol'
[0.943s] INFO:colcon.colcon_core.shell:Skip shell extension 'powershell' for command environment: Not usable outside of PowerShell
[0.943s] DEBUG:colcon.colcon_core.shell:Skip shell extension 'dsv' for command environment
[0.947s] DEBUG:colcon.colcon_core.event_handler.log_command:Invoked command in '/shared/ws1_stu/build/cpp2_slam' returned '0': CMAKE_PREFIX_PATH=${CMAKE_PREFIX_PATH}:/shared/ws1_stu/install/py2_autopartol:/shared/ws1_stu/install/py1_car_application:/shared/ws1_stu/install/autopartol_car:/opt/ros/humble /usr/bin/cmake --build /shared/ws1_stu/build/cpp2_slam -- -j12 -l12
[0.949s] DEBUG:colcon.colcon_core.event_handler.log_command:Invoking command in '/shared/ws1_stu/build/cpp2_slam': CMAKE_PREFIX_PATH=${CMAKE_PREFIX_PATH}:/shared/ws1_stu/install/py2_autopartol:/shared/ws1_stu/install/py1_car_application:/shared/ws1_stu/install/autopartol_car:/opt/ros/humble /usr/bin/cmake --install /shared/ws1_stu/build/cpp2_slam
[0.949s] DEBUG:colcon.colcon_core.event_handler.log_command:Invoked command in '/shared/ws1_stu/build/cpp3_nav2' returned '0': CMAKE_PREFIX_PATH=${CMAKE_PREFIX_PATH}:/shared/ws1_stu/install/py2_autopartol:/shared/ws1_stu/install/py1_car_application:/shared/ws1_stu/install/autopartol_car:/opt/ros/humble /usr/bin/cmake --build /shared/ws1_stu/build/cpp3_nav2 -- -j12 -l12
[0.950s] DEBUG:colcon.colcon_core.event_handler.log_command:Invoking command in '/shared/ws1_stu/build/cpp3_nav2': CMAKE_PREFIX_PATH=${CMAKE_PREFIX_PATH}:/shared/ws1_stu/install/py2_autopartol:/shared/ws1_stu/install/py1_car_application:/shared/ws1_stu/install/autopartol_car:/opt/ros/humble /usr/bin/cmake --install /shared/ws1_stu/build/cpp3_nav2
[0.970s] Level 1:colcon.colcon_core.environment:create_environment_scripts_only(cpp1_gazebo)
[0.974s] Level 1:colcon.colcon_core.environment:checking '/shared/ws1_stu/install/cpp1_gazebo' for CMake module files
[0.975s] Level 1:colcon.colcon_core.environment:checking '/shared/ws1_stu/install/cpp1_gazebo' for CMake config files
[0.977s] Level 1:colcon.colcon_core.shell:create_environment_hook('cpp1_gazebo', 'cmake_prefix_path')
[0.977s] INFO:colcon.colcon_core.shell:Creating environment hook '/shared/ws1_stu/install/cpp1_gazebo/share/cpp1_gazebo/hook/cmake_prefix_path.ps1'
[0.978s] INFO:colcon.colcon_core.shell:Creating environment descriptor '/shared/ws1_stu/install/cpp1_gazebo/share/cpp1_gazebo/hook/cmake_prefix_path.dsv'
[0.979s] INFO:colcon.colcon_core.shell:Creating environment hook '/shared/ws1_stu/install/cpp1_gazebo/share/cpp1_gazebo/hook/cmake_prefix_path.sh'
[0.980s] Level 1:colcon.colcon_core.environment:checking '/shared/ws1_stu/install/cpp1_gazebo/bin'
[0.980s] Level 1:colcon.colcon_core.environment:checking '/shared/ws1_stu/install/cpp1_gazebo/lib/pkgconfig/cpp1_gazebo.pc'
[0.981s] Level 1:colcon.colcon_core.environment:checking '/shared/ws1_stu/install/cpp1_gazebo/lib/python3.10/site-packages'
[0.982s] Level 1:colcon.colcon_core.environment:checking '/shared/ws1_stu/install/cpp1_gazebo/bin'
[0.982s] INFO:colcon.colcon_core.shell:Creating package script '/shared/ws1_stu/install/cpp1_gazebo/share/cpp1_gazebo/package.ps1'
[0.983s] INFO:colcon.colcon_core.shell:Creating package descriptor '/shared/ws1_stu/install/cpp1_gazebo/share/cpp1_gazebo/package.dsv'
[0.984s] INFO:colcon.colcon_core.shell:Creating package script '/shared/ws1_stu/install/cpp1_gazebo/share/cpp1_gazebo/package.sh'
[0.985s] INFO:colcon.colcon_core.shell:Creating package script '/shared/ws1_stu/install/cpp1_gazebo/share/cpp1_gazebo/package.bash'
[0.986s] INFO:colcon.colcon_core.shell:Creating package script '/shared/ws1_stu/install/cpp1_gazebo/share/cpp1_gazebo/package.zsh'
[0.987s] Level 1:colcon.colcon_core.environment:create_file_with_runtime_dependencies(/shared/ws1_stu/install/cpp1_gazebo/share/colcon-core/packages/cpp1_gazebo)
[0.987s] Level 1:colcon.colcon_core.environment:create_environment_scripts_only(cpp1_gazebo)
[0.988s] Level 1:colcon.colcon_core.environment:checking '/shared/ws1_stu/install/cpp1_gazebo' for CMake module files
[0.989s] Level 1:colcon.colcon_core.environment:checking '/shared/ws1_stu/install/cpp1_gazebo' for CMake config files
[0.990s] Level 1:colcon.colcon_core.shell:create_environment_hook('cpp1_gazebo', 'cmake_prefix_path')
[0.990s] INFO:colcon.colcon_core.shell:Creating environment hook '/shared/ws1_stu/install/cpp1_gazebo/share/cpp1_gazebo/hook/cmake_prefix_path.ps1'
[0.991s] INFO:colcon.colcon_core.shell:Creating environment descriptor '/shared/ws1_stu/install/cpp1_gazebo/share/cpp1_gazebo/hook/cmake_prefix_path.dsv'
[0.991s] INFO:colcon.colcon_core.shell:Creating environment hook '/shared/ws1_stu/install/cpp1_gazebo/share/cpp1_gazebo/hook/cmake_prefix_path.sh'
[0.992s] Level 1:colcon.colcon_core.environment:checking '/shared/ws1_stu/install/cpp1_gazebo/bin'
[0.992s] Level 1:colcon.colcon_core.environment:checking '/shared/ws1_stu/install/cpp1_gazebo/lib/pkgconfig/cpp1_gazebo.pc'
[0.992s] Level 1:colcon.colcon_core.environment:checking '/shared/ws1_stu/install/cpp1_gazebo/lib/python3.10/site-packages'
[0.993s] Level 1:colcon.colcon_core.environment:checking '/shared/ws1_stu/install/cpp1_gazebo/bin'
[0.993s] INFO:colcon.colcon_core.shell:Creating package script '/shared/ws1_stu/install/cpp1_gazebo/share/cpp1_gazebo/package.ps1'
[0.994s] INFO:colcon.colcon_core.shell:Creating package descriptor '/shared/ws1_stu/install/cpp1_gazebo/share/cpp1_gazebo/package.dsv'
[0.995s] INFO:colcon.colcon_core.shell:Creating package script '/shared/ws1_stu/install/cpp1_gazebo/share/cpp1_gazebo/package.sh'
[0.996s] INFO:colcon.colcon_core.shell:Creating package script '/shared/ws1_stu/install/cpp1_gazebo/share/cpp1_gazebo/package.bash'
[0.996s] INFO:colcon.colcon_core.shell:Creating package script '/shared/ws1_stu/install/cpp1_gazebo/share/cpp1_gazebo/package.zsh'
[0.997s] Level 1:colcon.colcon_core.environment:create_file_with_runtime_dependencies(/shared/ws1_stu/install/cpp1_gazebo/share/colcon-core/packages/cpp1_gazebo)
[0.998s] Level 1:colcon.colcon_core.environment:create_environment_scripts_only(cpp3_nav2)
[0.998s] Level 1:colcon.colcon_core.environment:checking '/shared/ws1_stu/install/cpp3_nav2' for CMake module files
[0.999s] Level 1:colcon.colcon_core.environment:checking '/shared/ws1_stu/install/cpp3_nav2' for CMake config files
[0.999s] Level 1:colcon.colcon_core.shell:create_environment_hook('cpp3_nav2', 'cmake_prefix_path')
[0.999s] INFO:colcon.colcon_core.shell:Creating environment hook '/shared/ws1_stu/install/cpp3_nav2/share/cpp3_nav2/hook/cmake_prefix_path.ps1'
[0.999s] INFO:colcon.colcon_core.shell:Creating environment descriptor '/shared/ws1_stu/install/cpp3_nav2/share/cpp3_nav2/hook/cmake_prefix_path.dsv'
[1.000s] INFO:colcon.colcon_core.shell:Creating environment hook '/shared/ws1_stu/install/cpp3_nav2/share/cpp3_nav2/hook/cmake_prefix_path.sh'
[1.000s] Level 1:colcon.colcon_core.environment:checking '/shared/ws1_stu/install/cpp3_nav2/bin'
[1.001s] Level 1:colcon.colcon_core.environment:checking '/shared/ws1_stu/install/cpp3_nav2/lib/pkgconfig/cpp3_nav2.pc'
[1.001s] Level 1:colcon.colcon_core.environment:checking '/shared/ws1_stu/install/cpp3_nav2/lib/python3.10/site-packages'
[1.001s] Level 1:colcon.colcon_core.environment:checking '/shared/ws1_stu/install/cpp3_nav2/bin'
[1.001s] INFO:colcon.colcon_core.shell:Creating package script '/shared/ws1_stu/install/cpp3_nav2/share/cpp3_nav2/package.ps1'
[1.002s] INFO:colcon.colcon_core.shell:Creating package descriptor '/shared/ws1_stu/install/cpp3_nav2/share/cpp3_nav2/package.dsv'
[1.003s] INFO:colcon.colcon_core.shell:Creating package script '/shared/ws1_stu/install/cpp3_nav2/share/cpp3_nav2/package.sh'
[1.003s] DEBUG:colcon.colcon_core.event_handler.log_command:Invoked command in '/shared/ws1_stu/build/cpp1_gazebo' returned '0': CMAKE_PREFIX_PATH=${CMAKE_PREFIX_PATH}:/shared/ws1_stu/install/py2_autopartol:/shared/ws1_stu/install/py1_car_application:/shared/ws1_stu/install/autopartol_car:/opt/ros/humble /usr/bin/cmake --install /shared/ws1_stu/build/cpp1_gazebo
[1.003s] INFO:colcon.colcon_core.shell:Creating package script '/shared/ws1_stu/install/cpp3_nav2/share/cpp3_nav2/package.bash'
[1.004s] INFO:colcon.colcon_core.shell:Creating package script '/shared/ws1_stu/install/cpp3_nav2/share/cpp3_nav2/package.zsh'
[1.004s] DEBUG:colcon.colcon_core.event_handler.log_command:Invoked command in '/shared/ws1_stu/build/cpp3_nav2' returned '0': CMAKE_PREFIX_PATH=${CMAKE_PREFIX_PATH}:/shared/ws1_stu/install/py2_autopartol:/shared/ws1_stu/install/py1_car_application:/shared/ws1_stu/install/autopartol_car:/opt/ros/humble /usr/bin/cmake --install /shared/ws1_stu/build/cpp3_nav2
[1.004s] Level 1:colcon.colcon_core.environment:create_file_with_runtime_dependencies(/shared/ws1_stu/install/cpp3_nav2/share/colcon-core/packages/cpp3_nav2)
[1.005s] Level 1:colcon.colcon_core.environment:create_environment_scripts_only(cpp3_nav2)
[1.005s] Level 1:colcon.colcon_core.environment:checking '/shared/ws1_stu/install/cpp3_nav2' for CMake module files
[1.005s] Level 1:colcon.colcon_core.environment:checking '/shared/ws1_stu/install/cpp3_nav2' for CMake config files
[1.005s] Level 1:colcon.colcon_core.shell:create_environment_hook('cpp3_nav2', 'cmake_prefix_path')
[1.006s] INFO:colcon.colcon_core.shell:Creating environment hook '/shared/ws1_stu/install/cpp3_nav2/share/cpp3_nav2/hook/cmake_prefix_path.ps1'
[1.006s] INFO:colcon.colcon_core.shell:Creating environment descriptor '/shared/ws1_stu/install/cpp3_nav2/share/cpp3_nav2/hook/cmake_prefix_path.dsv'
[1.006s] INFO:colcon.colcon_core.shell:Creating environment hook '/shared/ws1_stu/install/cpp3_nav2/share/cpp3_nav2/hook/cmake_prefix_path.sh'
[1.007s] Level 1:colcon.colcon_core.environment:checking '/shared/ws1_stu/install/cpp3_nav2/bin'
[1.007s] Level 1:colcon.colcon_core.environment:checking '/shared/ws1_stu/install/cpp3_nav2/lib/pkgconfig/cpp3_nav2.pc'
[1.007s] Level 1:colcon.colcon_core.environment:checking '/shared/ws1_stu/install/cpp3_nav2/lib/python3.10/site-packages'
[1.007s] Level 1:colcon.colcon_core.environment:checking '/shared/ws1_stu/install/cpp3_nav2/bin'
[1.008s] INFO:colcon.colcon_core.shell:Creating package script '/shared/ws1_stu/install/cpp3_nav2/share/cpp3_nav2/package.ps1'
[1.008s] INFO:colcon.colcon_core.shell:Creating package descriptor '/shared/ws1_stu/install/cpp3_nav2/share/cpp3_nav2/package.dsv'
[1.008s] INFO:colcon.colcon_core.shell:Creating package script '/shared/ws1_stu/install/cpp3_nav2/share/cpp3_nav2/package.sh'
[1.009s] INFO:colcon.colcon_core.shell:Creating package script '/shared/ws1_stu/install/cpp3_nav2/share/cpp3_nav2/package.bash'
[1.009s] INFO:colcon.colcon_core.shell:Creating package script '/shared/ws1_stu/install/cpp3_nav2/share/cpp3_nav2/package.zsh'
[1.009s] Level 1:colcon.colcon_core.environment:create_file_with_runtime_dependencies(/shared/ws1_stu/install/cpp3_nav2/share/colcon-core/packages/cpp3_nav2)
[1.010s] Level 1:colcon.colcon_core.environment:create_environment_scripts_only(cpp2_slam)
[1.010s] Level 1:colcon.colcon_core.environment:checking '/shared/ws1_stu/install/cpp2_slam' for CMake module files
[1.011s] Level 1:colcon.colcon_core.environment:checking '/shared/ws1_stu/install/cpp2_slam' for CMake config files
[1.011s] DEBUG:colcon.colcon_core.event_handler.log_command:Invoked command in '/shared/ws1_stu/build/cpp2_slam' returned '0': CMAKE_PREFIX_PATH=${CMAKE_PREFIX_PATH}:/shared/ws1_stu/install/py2_autopartol:/shared/ws1_stu/install/py1_car_application:/shared/ws1_stu/install/autopartol_car:/opt/ros/humble /usr/bin/cmake --install /shared/ws1_stu/build/cpp2_slam
[1.011s] Level 1:colcon.colcon_core.shell:create_environment_hook('cpp2_slam', 'cmake_prefix_path')
[1.012s] INFO:colcon.colcon_core.shell:Creating environment hook '/shared/ws1_stu/install/cpp2_slam/share/cpp2_slam/hook/cmake_prefix_path.ps1'
[1.012s] INFO:colcon.colcon_core.shell:Creating environment descriptor '/shared/ws1_stu/install/cpp2_slam/share/cpp2_slam/hook/cmake_prefix_path.dsv'
[1.012s] INFO:colcon.colcon_core.shell:Creating environment hook '/shared/ws1_stu/install/cpp2_slam/share/cpp2_slam/hook/cmake_prefix_path.sh'
[1.013s] Level 1:colcon.colcon_core.environment:checking '/shared/ws1_stu/install/cpp2_slam/bin'
[1.013s] Level 1:colcon.colcon_core.environment:checking '/shared/ws1_stu/install/cpp2_slam/lib/pkgconfig/cpp2_slam.pc'
[1.013s] Level 1:colcon.colcon_core.environment:checking '/shared/ws1_stu/install/cpp2_slam/lib/python3.10/site-packages'
[1.013s] Level 1:colcon.colcon_core.environment:checking '/shared/ws1_stu/install/cpp2_slam/bin'
[1.014s] INFO:colcon.colcon_core.shell:Creating package script '/shared/ws1_stu/install/cpp2_slam/share/cpp2_slam/package.ps1'
[1.014s] INFO:colcon.colcon_core.shell:Creating package descriptor '/shared/ws1_stu/install/cpp2_slam/share/cpp2_slam/package.dsv'
[1.014s] INFO:colcon.colcon_core.shell:Creating package script '/shared/ws1_stu/install/cpp2_slam/share/cpp2_slam/package.sh'
[1.015s] INFO:colcon.colcon_core.shell:Creating package script '/shared/ws1_stu/install/cpp2_slam/share/cpp2_slam/package.bash'
[1.015s] INFO:colcon.colcon_core.shell:Creating package script '/shared/ws1_stu/install/cpp2_slam/share/cpp2_slam/package.zsh'
[1.015s] Level 1:colcon.colcon_core.environment:create_file_with_runtime_dependencies(/shared/ws1_stu/install/cpp2_slam/share/colcon-core/packages/cpp2_slam)
[1.016s] Level 1:colcon.colcon_core.environment:create_environment_scripts_only(cpp2_slam)
[1.016s] Level 1:colcon.colcon_core.environment:checking '/shared/ws1_stu/install/cpp2_slam' for CMake module files
[1.016s] Level 1:colcon.colcon_core.environment:checking '/shared/ws1_stu/install/cpp2_slam' for CMake config files
[1.017s] Level 1:colcon.colcon_core.shell:create_environment_hook('cpp2_slam', 'cmake_prefix_path')
[1.017s] INFO:colcon.colcon_core.shell:Creating environment hook '/shared/ws1_stu/install/cpp2_slam/share/cpp2_slam/hook/cmake_prefix_path.ps1'
[1.017s] INFO:colcon.colcon_core.shell:Creating environment descriptor '/shared/ws1_stu/install/cpp2_slam/share/cpp2_slam/hook/cmake_prefix_path.dsv'
[1.018s] INFO:colcon.colcon_core.shell:Creating environment hook '/shared/ws1_stu/install/cpp2_slam/share/cpp2_slam/hook/cmake_prefix_path.sh'
[1.018s] Level 1:colcon.colcon_core.environment:checking '/shared/ws1_stu/install/cpp2_slam/bin'
[1.018s] Level 1:colcon.colcon_core.environment:checking '/shared/ws1_stu/install/cpp2_slam/lib/pkgconfig/cpp2_slam.pc'
[1.018s] Level 1:colcon.colcon_core.environment:checking '/shared/ws1_stu/install/cpp2_slam/lib/python3.10/site-packages'
[1.019s] Level 1:colcon.colcon_core.environment:checking '/shared/ws1_stu/install/cpp2_slam/bin'
[1.019s] INFO:colcon.colcon_core.shell:Creating package script '/shared/ws1_stu/install/cpp2_slam/share/cpp2_slam/package.ps1'
[1.020s] INFO:colcon.colcon_core.shell:Creating package descriptor '/shared/ws1_stu/install/cpp2_slam/share/cpp2_slam/package.dsv'
[1.020s] INFO:colcon.colcon_core.shell:Creating package script '/shared/ws1_stu/install/cpp2_slam/share/cpp2_slam/package.sh'
[1.020s] INFO:colcon.colcon_core.shell:Creating package script '/shared/ws1_stu/install/cpp2_slam/share/cpp2_slam/package.bash'
[1.021s] INFO:colcon.colcon_core.shell:Creating package script '/shared/ws1_stu/install/cpp2_slam/share/cpp2_slam/package.zsh'
[1.021s] Level 1:colcon.colcon_core.environment:create_file_with_runtime_dependencies(/shared/ws1_stu/install/cpp2_slam/share/colcon-core/packages/cpp2_slam)
[1.253s] DEBUG:colcon.colcon_core.event_handler.log_command:Invoking command in '/shared/ws1_stu/src/autopartol_car': PYTHONPATH=/shared/ws1_stu/build/autopartol_car/prefix_override:/usr/lib/python3/dist-packages/colcon_core/task/python/colcon_distutils_commands:/shared/ws1_stu/install/autopartol_car/lib/python3.10/site-packages:${PYTHONPATH} /usr/bin/python3 -W ignore:setup.py install is deprecated -W ignore:easy_install command is deprecated setup.py egg_info --egg-base ../../build/autopartol_car build --build-base /shared/ws1_stu/build/autopartol_car/build install --record /shared/ws1_stu/build/autopartol_car/install.log --single-version-externally-managed install_data
[1.257s] DEBUG:colcon.colcon_core.event_handler.log_command:Invoking command in '/shared/ws1_stu/src/py1_car_application': PYTHONPATH=/shared/ws1_stu/build/py1_car_application/prefix_override:/usr/lib/python3/dist-packages/colcon_core/task/python/colcon_distutils_commands:/shared/ws1_stu/install/py1_car_application/lib/python3.10/site-packages:${PYTHONPATH} /usr/bin/python3 -W ignore:setup.py install is deprecated -W ignore:easy_install command is deprecated setup.py egg_info --egg-base ../../build/py1_car_application build --build-base /shared/ws1_stu/build/py1_car_application/build install --record /shared/ws1_stu/build/py1_car_application/install.log --single-version-externally-managed install_data
[1.289s] DEBUG:colcon.colcon_core.event_handler.log_command:Invoking command in '/shared/ws1_stu/src/py2_autopartol': PYTHONPATH=/shared/ws1_stu/build/py2_autopartol/prefix_override:/usr/lib/python3/dist-packages/colcon_core/task/python/colcon_distutils_commands:/shared/ws1_stu/install/py2_autopartol/lib/python3.10/site-packages:${PYTHONPATH} /usr/bin/python3 -W ignore:setup.py install is deprecated -W ignore:easy_install command is deprecated setup.py egg_info --egg-base ../../build/py2_autopartol build --build-base /shared/ws1_stu/build/py2_autopartol/build install --record /shared/ws1_stu/build/py2_autopartol/install.log --single-version-externally-managed install_data
[1.521s] Level 1:colcon.colcon_core.environment:checking '/shared/ws1_stu/install/py1_car_application' for CMake module files
[1.521s] DEBUG:colcon.colcon_core.event_handler.log_command:Invoked command in '/shared/ws1_stu/src/py1_car_application' returned '0': PYTHONPATH=/shared/ws1_stu/build/py1_car_application/prefix_override:/usr/lib/python3/dist-packages/colcon_core/task/python/colcon_distutils_commands:/shared/ws1_stu/install/py1_car_application/lib/python3.10/site-packages:${PYTHONPATH} /usr/bin/python3 -W ignore:setup.py install is deprecated -W ignore:easy_install command is deprecated setup.py egg_info --egg-base ../../build/py1_car_application build --build-base /shared/ws1_stu/build/py1_car_application/build install --record /shared/ws1_stu/build/py1_car_application/install.log --single-version-externally-managed install_data
[1.522s] Level 1:colcon.colcon_core.environment:checking '/shared/ws1_stu/install/py1_car_application' for CMake config files
[1.522s] Level 1:colcon.colcon_core.environment:checking '/shared/ws1_stu/install/py1_car_application/lib'
[1.522s] Level 1:colcon.colcon_core.environment:checking '/shared/ws1_stu/install/py1_car_application/bin'
[1.522s] Level 1:colcon.colcon_core.environment:checking '/shared/ws1_stu/install/py1_car_application/lib/pkgconfig/py1_car_application.pc'
[1.522s] Level 1:colcon.colcon_core.environment:checking '/shared/ws1_stu/install/py1_car_application/lib/python3.10/site-packages'
[1.522s] Level 1:colcon.colcon_core.shell:create_environment_hook('py1_car_application', 'pythonpath')
[1.523s] INFO:colcon.colcon_core.shell:Creating environment hook '/shared/ws1_stu/install/py1_car_application/share/py1_car_application/hook/pythonpath.ps1'
[1.523s] INFO:colcon.colcon_core.shell:Creating environment descriptor '/shared/ws1_stu/install/py1_car_application/share/py1_car_application/hook/pythonpath.dsv'
[1.523s] INFO:colcon.colcon_core.shell:Creating environment hook '/shared/ws1_stu/install/py1_car_application/share/py1_car_application/hook/pythonpath.sh'
[1.524s] Level 1:colcon.colcon_core.environment:checking '/shared/ws1_stu/install/py1_car_application/bin'
[1.524s] Level 1:colcon.colcon_core.environment:create_environment_scripts_only(py1_car_application)
[1.524s] INFO:colcon.colcon_core.shell:Creating package script '/shared/ws1_stu/install/py1_car_application/share/py1_car_application/package.ps1'
[1.525s] INFO:colcon.colcon_core.shell:Creating package descriptor '/shared/ws1_stu/install/py1_car_application/share/py1_car_application/package.dsv'
[1.525s] INFO:colcon.colcon_core.shell:Creating package script '/shared/ws1_stu/install/py1_car_application/share/py1_car_application/package.sh'
[1.526s] INFO:colcon.colcon_core.shell:Creating package script '/shared/ws1_stu/install/py1_car_application/share/py1_car_application/package.bash'
[1.526s] INFO:colcon.colcon_core.shell:Creating package script '/shared/ws1_stu/install/py1_car_application/share/py1_car_application/package.zsh'
[1.526s] Level 1:colcon.colcon_core.environment:create_file_with_runtime_dependencies(/shared/ws1_stu/install/py1_car_application/share/colcon-core/packages/py1_car_application)
[1.527s] Level 1:colcon.colcon_core.environment:checking '/shared/ws1_stu/install/autopartol_car' for CMake module files
[1.528s] Level 1:colcon.colcon_core.environment:checking '/shared/ws1_stu/install/autopartol_car' for CMake config files
[1.528s] DEBUG:colcon.colcon_core.event_handler.log_command:Invoked command in '/shared/ws1_stu/src/autopartol_car' returned '0': PYTHONPATH=/shared/ws1_stu/build/autopartol_car/prefix_override:/usr/lib/python3/dist-packages/colcon_core/task/python/colcon_distutils_commands:/shared/ws1_stu/install/autopartol_car/lib/python3.10/site-packages:${PYTHONPATH} /usr/bin/python3 -W ignore:setup.py install is deprecated -W ignore:easy_install command is deprecated setup.py egg_info --egg-base ../../build/autopartol_car build --build-base /shared/ws1_stu/build/autopartol_car/build install --record /shared/ws1_stu/build/autopartol_car/install.log --single-version-externally-managed install_data
[1.529s] Level 1:colcon.colcon_core.environment:checking '/shared/ws1_stu/install/autopartol_car/lib'
[1.529s] Level 1:colcon.colcon_core.environment:checking '/shared/ws1_stu/install/autopartol_car/bin'
[1.529s] Level 1:colcon.colcon_core.environment:checking '/shared/ws1_stu/install/autopartol_car/lib/pkgconfig/autopartol_car.pc'
[1.529s] Level 1:colcon.colcon_core.environment:checking '/shared/ws1_stu/install/autopartol_car/lib/python3.10/site-packages'
[1.529s] Level 1:colcon.colcon_core.shell:create_environment_hook('autopartol_car', 'pythonpath')
[1.529s] INFO:colcon.colcon_core.shell:Creating environment hook '/shared/ws1_stu/install/autopartol_car/share/autopartol_car/hook/pythonpath.ps1'
[1.530s] INFO:colcon.colcon_core.shell:Creating environment descriptor '/shared/ws1_stu/install/autopartol_car/share/autopartol_car/hook/pythonpath.dsv'
[1.530s] INFO:colcon.colcon_core.shell:Creating environment hook '/shared/ws1_stu/install/autopartol_car/share/autopartol_car/hook/pythonpath.sh'
[1.531s] Level 1:colcon.colcon_core.environment:checking '/shared/ws1_stu/install/autopartol_car/bin'
[1.531s] Level 1:colcon.colcon_core.environment:create_environment_scripts_only(autopartol_car)
[1.531s] INFO:colcon.colcon_core.shell:Creating package script '/shared/ws1_stu/install/autopartol_car/share/autopartol_car/package.ps1'
[1.532s] INFO:colcon.colcon_core.shell:Creating package descriptor '/shared/ws1_stu/install/autopartol_car/share/autopartol_car/package.dsv'
[1.532s] INFO:colcon.colcon_core.shell:Creating package script '/shared/ws1_stu/install/autopartol_car/share/autopartol_car/package.sh'
[1.532s] INFO:colcon.colcon_core.shell:Creating package script '/shared/ws1_stu/install/autopartol_car/share/autopartol_car/package.bash'
[1.533s] INFO:colcon.colcon_core.shell:Creating package script '/shared/ws1_stu/install/autopartol_car/share/autopartol_car/package.zsh'
[1.533s] Level 1:colcon.colcon_core.environment:create_file_with_runtime_dependencies(/shared/ws1_stu/install/autopartol_car/share/colcon-core/packages/autopartol_car)
[1.554s] Level 1:colcon.colcon_core.environment:checking '/shared/ws1_stu/install/py2_autopartol' for CMake module files
[1.555s] DEBUG:colcon.colcon_core.event_handler.log_command:Invoked command in '/shared/ws1_stu/src/py2_autopartol' returned '0': PYTHONPATH=/shared/ws1_stu/build/py2_autopartol/prefix_override:/usr/lib/python3/dist-packages/colcon_core/task/python/colcon_distutils_commands:/shared/ws1_stu/install/py2_autopartol/lib/python3.10/site-packages:${PYTHONPATH} /usr/bin/python3 -W ignore:setup.py install is deprecated -W ignore:easy_install command is deprecated setup.py egg_info --egg-base ../../build/py2_autopartol build --build-base /shared/ws1_stu/build/py2_autopartol/build install --record /shared/ws1_stu/build/py2_autopartol/install.log --single-version-externally-managed install_data
[1.555s] Level 1:colcon.colcon_core.environment:checking '/shared/ws1_stu/install/py2_autopartol' for CMake config files
[1.556s] Level 1:colcon.colcon_core.environment:checking '/shared/ws1_stu/install/py2_autopartol/lib'
[1.556s] Level 1:colcon.colcon_core.environment:checking '/shared/ws1_stu/install/py2_autopartol/bin'
[1.556s] Level 1:colcon.colcon_core.environment:checking '/shared/ws1_stu/install/py2_autopartol/lib/pkgconfig/py2_autopartol.pc'
[1.556s] Level 1:colcon.colcon_core.environment:checking '/shared/ws1_stu/install/py2_autopartol/lib/python3.10/site-packages'
[1.556s] Level 1:colcon.colcon_core.shell:create_environment_hook('py2_autopartol', 'pythonpath')
[1.557s] INFO:colcon.colcon_core.shell:Creating environment hook '/shared/ws1_stu/install/py2_autopartol/share/py2_autopartol/hook/pythonpath.ps1'
[1.557s] INFO:colcon.colcon_core.shell:Creating environment descriptor '/shared/ws1_stu/install/py2_autopartol/share/py2_autopartol/hook/pythonpath.dsv'
[1.557s] INFO:colcon.colcon_core.shell:Creating environment hook '/shared/ws1_stu/install/py2_autopartol/share/py2_autopartol/hook/pythonpath.sh'
[1.558s] Level 1:colcon.colcon_core.environment:checking '/shared/ws1_stu/install/py2_autopartol/bin'
[1.558s] Level 1:colcon.colcon_core.environment:create_environment_scripts_only(py2_autopartol)
[1.559s] INFO:colcon.colcon_core.shell:Creating package script '/shared/ws1_stu/install/py2_autopartol/share/py2_autopartol/package.ps1'
[1.559s] INFO:colcon.colcon_core.shell:Creating package descriptor '/shared/ws1_stu/install/py2_autopartol/share/py2_autopartol/package.dsv'
[1.559s] INFO:colcon.colcon_core.shell:Creating package script '/shared/ws1_stu/install/py2_autopartol/share/py2_autopartol/package.sh'
[1.560s] INFO:colcon.colcon_core.shell:Creating package script '/shared/ws1_stu/install/py2_autopartol/share/py2_autopartol/package.bash'
[1.560s] INFO:colcon.colcon_core.shell:Creating package script '/shared/ws1_stu/install/py2_autopartol/share/py2_autopartol/package.zsh'
[1.560s] Level 1:colcon.colcon_core.environment:create_file_with_runtime_dependencies(/shared/ws1_stu/install/py2_autopartol/share/colcon-core/packages/py2_autopartol)
[1.561s] DEBUG:colcon.colcon_parallel_executor.executor.parallel:closing loop
[1.561s] DEBUG:colcon.colcon_parallel_executor.executor.parallel:loop closed
[1.561s] DEBUG:colcon.colcon_parallel_executor.executor.parallel:run_until_complete finished with '0'
[1.561s] DEBUG:colcon.colcon_core.event_reactor:joining thread
[1.567s] INFO:colcon.colcon_core.plugin_system:Skipping extension 'colcon_notification.desktop_notification.notify_send': Could not find 'notify-send'
[1.567s] INFO:colcon.colcon_core.plugin_system:Skipping extension 'colcon_notification.desktop_notification.terminal_notifier': Not used on non-Darwin systems
[1.567s] INFO:colcon.colcon_core.plugin_system:Skipping extension 'colcon_notification.desktop_notification.win32': Not used on non-Windows systems
[1.567s] INFO:colcon.colcon_notification.desktop_notification:Sending desktop notification using 'notify2'
[1.570s] DEBUG:colcon.colcon_notification.desktop_notification.notify2:Failed to initialize notify2: org.freedesktop.DBus.Error.Spawn.ExecFailed: /usr/bin/dbus-launch terminated abnormally without any error message
[1.570s] DEBUG:colcon.colcon_core.event_reactor:joined thread
[1.571s] INFO:colcon.colcon_core.shell:Creating prefix script '/shared/ws1_stu/install/local_setup.ps1'
[1.572s] INFO:colcon.colcon_core.shell:Creating prefix util module '/shared/ws1_stu/install/_local_setup_util_ps1.py'
[1.573s] INFO:colcon.colcon_core.shell:Creating prefix chain script '/shared/ws1_stu/install/setup.ps1'
[1.574s] INFO:colcon.colcon_core.shell:Creating prefix script '/shared/ws1_stu/install/local_setup.sh'
[1.575s] INFO:colcon.colcon_core.shell:Creating prefix util module '/shared/ws1_stu/install/_local_setup_util_sh.py'
[1.575s] INFO:colcon.colcon_core.shell:Creating prefix chain script '/shared/ws1_stu/install/setup.sh'
[1.576s] INFO:colcon.colcon_core.shell:Creating prefix script '/shared/ws1_stu/install/local_setup.bash'
[1.576s] INFO:colcon.colcon_core.shell:Creating prefix chain script '/shared/ws1_stu/install/setup.bash'
[1.578s] INFO:colcon.colcon_core.shell:Creating prefix script '/shared/ws1_stu/install/local_setup.zsh'
[1.578s] INFO:colcon.colcon_core.shell:Creating prefix chain script '/shared/ws1_stu/install/setup.zsh'
