[0.014s] Invoking command in '/home/hzc/linux/ros2/stu/ws02_tools/build/cpp8_urdf_plus': CMAKE_PREFIX_PATH=${CMAKE_PREFIX_PATH}:/home/hzc/linux/ros2/stu/ws02_tools/install/py6_service_face:/home/hzc/linux/ros2/stu/ws02_tools/install/py5_exercise:/home/hzc/linux/ros2/stu/ws02_tools/install/py4_tf_listener:/home/hzc/linux/ros2/stu/ws02_tools/install/py3_tf_broadcaster:/home/hzc/linux/ros2/stu/ws02_tools/install/py2_rosbag:/home/hzc/linux/ros2/stu/ws02_tools/install/py1_launch:/opt/ros/lyrical DEBUGINFOD_URLS=https://debuginfod.ubuntu.com /usr/bin/cmake --build /home/hzc/linux/ros2/stu/ws02_tools/build/cpp8_urdf_plus -- -j12 -l12
[0.046s] -- Found ament_cmake: 2.8.7 (/opt/ros/lyrical/share/ament_cmake/cmake)
[0.258s] -- Found ament_lint_auto: 0.20.6 (/opt/ros/lyrical/share/ament_lint_auto/cmake)
[0.358s] -- Added test 'flake8' to check Python code syntax and style conventions
[0.358s] -- Configured 'flake8' exclude dirs and/or files: 
[0.358s] -- Added test 'lint_cmake' to check CMake code style
[0.359s] -- Added test 'pep257' to check Python code against some of the docstring style conventions in PEP 257
[0.361s] -- Added test 'xmllint' to check XML markup files
[0.362s] -- Configuring done (0.3s)
[0.369s] -- Generating done (0.0s)
[0.371s] -- Build files have been written to: /home/hzc/linux/ros2/stu/ws02_tools/build/cpp8_urdf_plus
[0.395s] Invoked command in '/home/hzc/linux/ros2/stu/ws02_tools/build/cpp8_urdf_plus' returned '0': CMAKE_PREFIX_PATH=${CMAKE_PREFIX_PATH}:/home/hzc/linux/ros2/stu/ws02_tools/install/py6_service_face:/home/hzc/linux/ros2/stu/ws02_tools/install/py5_exercise:/home/hzc/linux/ros2/stu/ws02_tools/install/py4_tf_listener:/home/hzc/linux/ros2/stu/ws02_tools/install/py3_tf_broadcaster:/home/hzc/linux/ros2/stu/ws02_tools/install/py2_rosbag:/home/hzc/linux/ros2/stu/ws02_tools/install/py1_launch:/opt/ros/lyrical DEBUGINFOD_URLS=https://debuginfod.ubuntu.com /usr/bin/cmake --build /home/hzc/linux/ros2/stu/ws02_tools/build/cpp8_urdf_plus -- -j12 -l12
[0.405s] Invoking command in '/home/hzc/linux/ros2/stu/ws02_tools/build/cpp8_urdf_plus': CMAKE_PREFIX_PATH=${CMAKE_PREFIX_PATH}:/home/hzc/linux/ros2/stu/ws02_tools/install/py6_service_face:/home/hzc/linux/ros2/stu/ws02_tools/install/py5_exercise:/home/hzc/linux/ros2/stu/ws02_tools/install/py4_tf_listener:/home/hzc/linux/ros2/stu/ws02_tools/install/py3_tf_broadcaster:/home/hzc/linux/ros2/stu/ws02_tools/install/py2_rosbag:/home/hzc/linux/ros2/stu/ws02_tools/install/py1_launch:/opt/ros/lyrical DEBUGINFOD_URLS=https://debuginfod.ubuntu.com /usr/bin/cmake --install /home/hzc/linux/ros2/stu/ws02_tools/build/cpp8_urdf_plus
[0.414s] -- Install configuration: ""
[0.414s] -- Up-to-date: /home/hzc/linux/ros2/stu/ws02_tools/install/cpp8_urdf_plus/share/cpp8_urdf_plus/launch
[0.414s] -- Up-to-date: /home/hzc/linux/ros2/stu/ws02_tools/install/cpp8_urdf_plus/share/cpp8_urdf_plus/launch/display_robot.launch.py
[0.415s] -- Up-to-date: /home/hzc/linux/ros2/stu/ws02_tools/install/cpp8_urdf_plus/share/cpp8_urdf_plus/launch/gazebo_sim.launch.py
[0.415s] -- Up-to-date: /home/hzc/linux/ros2/stu/ws02_tools/install/cpp8_urdf_plus/share/cpp8_urdf_plus/urdf
[0.415s] -- Up-to-date: /home/hzc/linux/ros2/stu/ws02_tools/install/cpp8_urdf_plus/share/cpp8_urdf_plus/urdf/first_rebot.urdf
[0.415s] -- Up-to-date: /home/hzc/linux/ros2/stu/ws02_tools/install/cpp8_urdf_plus/share/cpp8_urdf_plus/urdf/first_rebot.xacro
[0.415s] -- Up-to-date: /home/hzc/linux/ros2/stu/ws02_tools/install/cpp8_urdf_plus/share/cpp8_urdf_plus/urdf/fishbot
[0.415s] -- Up-to-date: /home/hzc/linux/ros2/stu/ws02_tools/install/cpp8_urdf_plus/share/cpp8_urdf_plus/urdf/fishbot/sensor
[0.415s] -- Up-to-date: /home/hzc/linux/ros2/stu/ws02_tools/install/cpp8_urdf_plus/share/cpp8_urdf_plus/urdf/fishbot/sensor/camera.urdf.xacro
[0.415s] -- Up-to-date: /home/hzc/linux/ros2/stu/ws02_tools/install/cpp8_urdf_plus/share/cpp8_urdf_plus/urdf/fishbot/sensor/laser.urdf.xacro
[0.415s] -- Up-to-date: /home/hzc/linux/ros2/stu/ws02_tools/install/cpp8_urdf_plus/share/cpp8_urdf_plus/urdf/fishbot/sensor/imu.urdf.xacro
[0.415s] -- Up-to-date: /home/hzc/linux/ros2/stu/ws02_tools/install/cpp8_urdf_plus/share/cpp8_urdf_plus/urdf/fishbot/actuator
[0.415s] -- Up-to-date: /home/hzc/linux/ros2/stu/ws02_tools/install/cpp8_urdf_plus/share/cpp8_urdf_plus/urdf/fishbot/actuator/wheel.urdf.xacro
[0.415s] -- Up-to-date: /home/hzc/linux/ros2/stu/ws02_tools/install/cpp8_urdf_plus/share/cpp8_urdf_plus/urdf/fishbot/actuator/caster.urdf.xacro
[0.415s] -- Up-to-date: /home/hzc/linux/ros2/stu/ws02_tools/install/cpp8_urdf_plus/share/cpp8_urdf_plus/urdf/fishbot/base.urdf.xacro
[0.415s] -- Up-to-date: /home/hzc/linux/ros2/stu/ws02_tools/install/cpp8_urdf_plus/share/cpp8_urdf_plus/urdf/fishbot/common_inertia.xacro
[0.415s] -- Up-to-date: /home/hzc/linux/ros2/stu/ws02_tools/install/cpp8_urdf_plus/share/cpp8_urdf_plus/urdf/fishbot/fishbot.urdf.xacro
[0.415s] -- Up-to-date: /home/hzc/linux/ros2/stu/ws02_tools/install/cpp8_urdf_plus/share/cpp8_urdf_plus/urdf/first_robot.pdf
[0.415s] -- Up-to-date: /home/hzc/linux/ros2/stu/ws02_tools/install/cpp8_urdf_plus/share/cpp8_urdf_plus/urdf/first_robot.gv
[0.415s] -- Up-to-date: /home/hzc/linux/ros2/stu/ws02_tools/install/cpp8_urdf_plus/share/cpp8_urdf_plus/config
[0.416s] -- Up-to-date: /home/hzc/linux/ros2/stu/ws02_tools/install/cpp8_urdf_plus/share/cpp8_urdf_plus/config/robot_model.rviz
[0.416s] [31mCMake Error at cmake_install.cmake:46 (file):
[0.416s]   file INSTALL cannot find
[0.416s]   "/home/hzc/linux/ros2/stu/ws02_tools/src/cpp8_urdf_plus/wworld": No such
[0.416s]   file or directory.
[0.416s] 
[0.416s] [0m
[0.416s] Invoked command in '/home/hzc/linux/ros2/stu/ws02_tools/build/cpp8_urdf_plus' returned '1': CMAKE_PREFIX_PATH=${CMAKE_PREFIX_PATH}:/home/hzc/linux/ros2/stu/ws02_tools/install/py6_service_face:/home/hzc/linux/ros2/stu/ws02_tools/install/py5_exercise:/home/hzc/linux/ros2/stu/ws02_tools/install/py4_tf_listener:/home/hzc/linux/ros2/stu/ws02_tools/install/py3_tf_broadcaster:/home/hzc/linux/ros2/stu/ws02_tools/install/py2_rosbag:/home/hzc/linux/ros2/stu/ws02_tools/install/py1_launch:/opt/ros/lyrical DEBUGINFOD_URLS=https://debuginfod.ubuntu.com /usr/bin/cmake --install /home/hzc/linux/ros2/stu/ws02_tools/build/cpp8_urdf_plus
