running egg_info
creating ../../build/py04_param/py04_param.egg-info
writing ../../build/py04_param/py04_param.egg-info/PKG-INFO
writing dependency_links to ../../build/py04_param/py04_param.egg-info/dependency_links.txt
writing entry points to ../../build/py04_param/py04_param.egg-info/entry_points.txt
writing requirements to ../../build/py04_param/py04_param.egg-info/requires.txt
writing top-level names to ../../build/py04_param/py04_param.egg-info/top_level.txt
writing manifest file '../../build/py04_param/py04_param.egg-info/SOURCES.txt'
reading manifest file '../../build/py04_param/py04_param.egg-info/SOURCES.txt'
writing manifest file '../../build/py04_param/py04_param.egg-info/SOURCES.txt'
running build
running build_py
creating /home/hzc/linux/ros2/stu/ws01_plubming/build/py04_param/build/lib/py04_param
copying py04_param/demo0_param.py -> /home/hzc/linux/ros2/stu/ws01_plubming/build/py04_param/build/lib/py04_param
copying py04_param/__init__.py -> /home/hzc/linux/ros2/stu/ws01_plubming/build/py04_param/build/lib/py04_param
copying py04_param/py.typed -> /home/hzc/linux/ros2/stu/ws01_plubming/build/py04_param/build/lib/py04_param
running install
running install_lib
creating /home/hzc/linux/ros2/stu/ws01_plubming/install/py04_param/lib/python3.14/site-packages/py04_param
copying /home/hzc/linux/ros2/stu/ws01_plubming/build/py04_param/build/lib/py04_param/demo0_param.py -> /home/hzc/linux/ros2/stu/ws01_plubming/install/py04_param/lib/python3.14/site-packages/py04_param
copying /home/hzc/linux/ros2/stu/ws01_plubming/build/py04_param/build/lib/py04_param/py.typed -> /home/hzc/linux/ros2/stu/ws01_plubming/install/py04_param/lib/python3.14/site-packages/py04_param
copying /home/hzc/linux/ros2/stu/ws01_plubming/build/py04_param/build/lib/py04_param/__init__.py -> /home/hzc/linux/ros2/stu/ws01_plubming/install/py04_param/lib/python3.14/site-packages/py04_param
byte-compiling /home/hzc/linux/ros2/stu/ws01_plubming/install/py04_param/lib/python3.14/site-packages/py04_param/demo0_param.py to demo0_param.cpython-314.pyc
byte-compiling /home/hzc/linux/ros2/stu/ws01_plubming/install/py04_param/lib/python3.14/site-packages/py04_param/__init__.py to __init__.cpython-314.pyc
running install_data
creating /home/hzc/linux/ros2/stu/ws01_plubming/install/py04_param/share/ament_index/resource_index/packages
copying resource/py04_param -> /home/hzc/linux/ros2/stu/ws01_plubming/install/py04_param/share/ament_index/resource_index/packages
copying package.xml -> /home/hzc/linux/ros2/stu/ws01_plubming/install/py04_param/share/py04_param
running install_egg_info
Copying ../../build/py04_param/py04_param.egg-info to /home/hzc/linux/ros2/stu/ws01_plubming/install/py04_param/lib/python3.14/site-packages/py04_param-0.0.0-py3.14.egg-info
running install_scripts
Installing demo0_param script to /home/hzc/linux/ros2/stu/ws01_plubming/install/py04_param/lib/py04_param
writing list of installed files to '/home/hzc/linux/ros2/stu/ws01_plubming/build/py04_param/install.log'
