[0.847s] Invoking command in '/home/hzc/linux/ros2/stu/ws01_plubming/src/py04_param': DEBUGINFOD_URLS=https://debuginfod.ubuntu.com PYTHONPATH=/home/hzc/linux/ros2/stu/ws01_plubming/build/py04_param/prefix_override:/usr/lib/python3/dist-packages/colcon_core/task/python/colcon_distutils_commands:/home/hzc/linux/ros2/stu/ws01_plubming/install/py04_param/lib/python3.14/site-packages:${PYTHONPATH} /usr/bin/python3 -W ignore:setup.py install is deprecated -W ignore:easy_install command is deprecated setup.py egg_info --egg-base ../../build/py04_param build --build-base /home/hzc/linux/ros2/stu/ws01_plubming/build/py04_param/build install --record /home/hzc/linux/ros2/stu/ws01_plubming/build/py04_param/install.log --single-version-externally-managed install_data
[1.131s] running egg_info
[1.151s] creating ../../build/py04_param/py04_param.egg-info
[1.151s] writing ../../build/py04_param/py04_param.egg-info/PKG-INFO
[1.151s] writing dependency_links to ../../build/py04_param/py04_param.egg-info/dependency_links.txt
[1.152s] writing entry points to ../../build/py04_param/py04_param.egg-info/entry_points.txt
[1.152s] writing requirements to ../../build/py04_param/py04_param.egg-info/requires.txt
[1.152s] writing top-level names to ../../build/py04_param/py04_param.egg-info/top_level.txt
[1.152s] writing manifest file '../../build/py04_param/py04_param.egg-info/SOURCES.txt'
[1.201s] reading manifest file '../../build/py04_param/py04_param.egg-info/SOURCES.txt'
[1.203s] writing manifest file '../../build/py04_param/py04_param.egg-info/SOURCES.txt'
[1.203s] running build
[1.203s] running build_py
[1.203s] creating /home/hzc/linux/ros2/stu/ws01_plubming/build/py04_param/build/lib/py04_param
[1.203s] copying py04_param/demo0_param.py -> /home/hzc/linux/ros2/stu/ws01_plubming/build/py04_param/build/lib/py04_param
[1.204s] copying py04_param/__init__.py -> /home/hzc/linux/ros2/stu/ws01_plubming/build/py04_param/build/lib/py04_param
[1.204s] copying py04_param/py.typed -> /home/hzc/linux/ros2/stu/ws01_plubming/build/py04_param/build/lib/py04_param
[1.204s] running install
[1.211s] running install_lib
[1.235s] creating /home/hzc/linux/ros2/stu/ws01_plubming/install/py04_param/lib/python3.14/site-packages/py04_param
[1.236s] copying /home/hzc/linux/ros2/stu/ws01_plubming/build/py04_param/build/lib/py04_param/demo0_param.py -> /home/hzc/linux/ros2/stu/ws01_plubming/install/py04_param/lib/python3.14/site-packages/py04_param
[1.236s] copying /home/hzc/linux/ros2/stu/ws01_plubming/build/py04_param/build/lib/py04_param/py.typed -> /home/hzc/linux/ros2/stu/ws01_plubming/install/py04_param/lib/python3.14/site-packages/py04_param
[1.236s] copying /home/hzc/linux/ros2/stu/ws01_plubming/build/py04_param/build/lib/py04_param/__init__.py -> /home/hzc/linux/ros2/stu/ws01_plubming/install/py04_param/lib/python3.14/site-packages/py04_param
[1.236s] byte-compiling /home/hzc/linux/ros2/stu/ws01_plubming/install/py04_param/lib/python3.14/site-packages/py04_param/demo0_param.py to demo0_param.cpython-314.pyc
[1.237s] byte-compiling /home/hzc/linux/ros2/stu/ws01_plubming/install/py04_param/lib/python3.14/site-packages/py04_param/__init__.py to __init__.cpython-314.pyc
[1.237s] running install_data
[1.237s] creating /home/hzc/linux/ros2/stu/ws01_plubming/install/py04_param/share/ament_index/resource_index/packages
[1.237s] copying resource/py04_param -> /home/hzc/linux/ros2/stu/ws01_plubming/install/py04_param/share/ament_index/resource_index/packages
[1.238s] copying package.xml -> /home/hzc/linux/ros2/stu/ws01_plubming/install/py04_param/share/py04_param
[1.238s] running install_egg_info
[1.261s] Copying ../../build/py04_param/py04_param.egg-info to /home/hzc/linux/ros2/stu/ws01_plubming/install/py04_param/lib/python3.14/site-packages/py04_param-0.0.0-py3.14.egg-info
[1.263s] running install_scripts
[1.384s] Installing demo0_param script to /home/hzc/linux/ros2/stu/ws01_plubming/install/py04_param/lib/py04_param
[1.384s] writing list of installed files to '/home/hzc/linux/ros2/stu/ws01_plubming/build/py04_param/install.log'
[1.439s] Invoked command in '/home/hzc/linux/ros2/stu/ws01_plubming/src/py04_param' returned '0': DEBUGINFOD_URLS=https://debuginfod.ubuntu.com PYTHONPATH=/home/hzc/linux/ros2/stu/ws01_plubming/build/py04_param/prefix_override:/usr/lib/python3/dist-packages/colcon_core/task/python/colcon_distutils_commands:/home/hzc/linux/ros2/stu/ws01_plubming/install/py04_param/lib/python3.14/site-packages:${PYTHONPATH} /usr/bin/python3 -W ignore:setup.py install is deprecated -W ignore:easy_install command is deprecated setup.py egg_info --egg-base ../../build/py04_param build --build-base /home/hzc/linux/ros2/stu/ws01_plubming/build/py04_param/build install --record /home/hzc/linux/ros2/stu/ws01_plubming/build/py04_param/install.log --single-version-externally-managed install_data
