[1.932s] Invoking command in '/home/hzc/linux/ros2/stu/ws02_tools/src/py2_rosbag': DEBUGINFOD_URLS=https://debuginfod.ubuntu.com PYTHONPATH=/home/hzc/linux/ros2/stu/ws02_tools/build/py2_rosbag/prefix_override:/usr/lib/python3/dist-packages/colcon_core/task/python/colcon_distutils_commands:/home/hzc/linux/ros2/stu/ws02_tools/install/py2_rosbag/lib/python3.14/site-packages:${PYTHONPATH} /usr/bin/python3 -W ignore:setup.py install is deprecated -W ignore:easy_install command is deprecated setup.py egg_info --egg-base ../../build/py2_rosbag build --build-base /home/hzc/linux/ros2/stu/ws02_tools/build/py2_rosbag/build install --record /home/hzc/linux/ros2/stu/ws02_tools/build/py2_rosbag/install.log --single-version-externally-managed install_data
[2.280s] running egg_info
[2.301s] writing ../../build/py2_rosbag/py2_rosbag.egg-info/PKG-INFO
[2.302s] writing dependency_links to ../../build/py2_rosbag/py2_rosbag.egg-info/dependency_links.txt
[2.302s] writing entry points to ../../build/py2_rosbag/py2_rosbag.egg-info/entry_points.txt
[2.302s] writing requirements to ../../build/py2_rosbag/py2_rosbag.egg-info/requires.txt
[2.302s] writing top-level names to ../../build/py2_rosbag/py2_rosbag.egg-info/top_level.txt
[2.348s] reading manifest file '../../build/py2_rosbag/py2_rosbag.egg-info/SOURCES.txt'
[2.349s] writing manifest file '../../build/py2_rosbag/py2_rosbag.egg-info/SOURCES.txt'
[2.349s] running build
[2.350s] running build_py
[2.350s] copying py2_rosbag/__init__.py -> /home/hzc/linux/ros2/stu/ws02_tools/build/py2_rosbag/build/lib/py2_rosbag
[2.350s] copying py2_rosbag/demo1_writer_py.py -> /home/hzc/linux/ros2/stu/ws02_tools/build/py2_rosbag/build/lib/py2_rosbag
[2.350s] copying py2_rosbag/py.typed -> /home/hzc/linux/ros2/stu/ws02_tools/build/py2_rosbag/build/lib/py2_rosbag
[2.351s] running install
[2.355s] running install_lib
[2.379s] running install_data
[2.379s] copying resource/py2_rosbag -> /home/hzc/linux/ros2/stu/ws02_tools/install/py2_rosbag/share/ament_index/resource_index/packages
[2.379s] copying package.xml -> /home/hzc/linux/ros2/stu/ws02_tools/install/py2_rosbag/share/py2_rosbag
[2.379s] running install_egg_info
[2.400s] removing '/home/hzc/linux/ros2/stu/ws02_tools/install/py2_rosbag/lib/python3.14/site-packages/py2_rosbag-0.0.0-py3.14.egg-info' (and everything under it)
[2.401s] Copying ../../build/py2_rosbag/py2_rosbag.egg-info to /home/hzc/linux/ros2/stu/ws02_tools/install/py2_rosbag/lib/python3.14/site-packages/py2_rosbag-0.0.0-py3.14.egg-info
[2.402s] running install_scripts
[2.521s] Installing demo1_writer_py script to /home/hzc/linux/ros2/stu/ws02_tools/install/py2_rosbag/lib/py2_rosbag
[2.521s] writing list of installed files to '/home/hzc/linux/ros2/stu/ws02_tools/build/py2_rosbag/install.log'
[2.620s] Invoked command in '/home/hzc/linux/ros2/stu/ws02_tools/src/py2_rosbag' returned '0': DEBUGINFOD_URLS=https://debuginfod.ubuntu.com PYTHONPATH=/home/hzc/linux/ros2/stu/ws02_tools/build/py2_rosbag/prefix_override:/usr/lib/python3/dist-packages/colcon_core/task/python/colcon_distutils_commands:/home/hzc/linux/ros2/stu/ws02_tools/install/py2_rosbag/lib/python3.14/site-packages:${PYTHONPATH} /usr/bin/python3 -W ignore:setup.py install is deprecated -W ignore:easy_install command is deprecated setup.py egg_info --egg-base ../../build/py2_rosbag build --build-base /home/hzc/linux/ros2/stu/ws02_tools/build/py2_rosbag/build install --record /home/hzc/linux/ros2/stu/ws02_tools/build/py2_rosbag/install.log --single-version-externally-managed install_data
