-- Install configuration: ""
-- Up-to-date: /home/hzc/linux/ros2/stu/ws02_tools/install/cpp1_launch/share/cpp1_launch/launch
-- Up-to-date: /home/hzc/linux/ros2/stu/ws02_tools/install/cpp1_launch/share/cpp1_launch/launch/yaml
-- Up-to-date: /home/hzc/linux/ros2/stu/ws02_tools/install/cpp1_launch/share/cpp1_launch/launch/yaml/yaml1_helloword_launch.yaml
-- Up-to-date: /home/hzc/linux/ros2/stu/ws02_tools/install/cpp1_launch/share/cpp1_launch/launch/py
-- Up-to-date: /home/hzc/linux/ros2/stu/ws02_tools/install/cpp1_launch/share/cpp1_launch/launch/py/py1_helloword_launch.py
-- Up-to-date: /home/hzc/linux/ros2/stu/ws02_tools/install/cpp1_launch/share/cpp1_launch/launch/py/py5_include_launch.py
-- Up-to-date: /home/hzc/linux/ros2/stu/ws02_tools/install/cpp1_launch/share/cpp1_launch/launch/py/py4_args_launch.py
-- Up-to-date: /home/hzc/linux/ros2/stu/ws02_tools/install/cpp1_launch/share/cpp1_launch/launch/py/py6_group_launch.py
-- Up-to-date: /home/hzc/linux/ros2/stu/ws02_tools/install/cpp1_launch/share/cpp1_launch/launch/py/py3_cmd_launch.py
-- Installing: /home/hzc/linux/ros2/stu/ws02_tools/install/cpp1_launch/share/cpp1_launch/launch/py/py7_event_launch.py
-- Up-to-date: /home/hzc/linux/ros2/stu/ws02_tools/install/cpp1_launch/share/cpp1_launch/launch/py/py2_node_launch.py
-- Up-to-date: /home/hzc/linux/ros2/stu/ws02_tools/install/cpp1_launch/share/cpp1_launch/launch/xml
-- Up-to-date: /home/hzc/linux/ros2/stu/ws02_tools/install/cpp1_launch/share/cpp1_launch/launch/xml/xml1_helloword_launch.xml
-- Up-to-date: /home/hzc/linux/ros2/stu/ws02_tools/install/cpp1_launch/share/cpp1_launch/config
-- Up-to-date: /home/hzc/linux/ros2/stu/ws02_tools/install/cpp1_launch/share/cpp1_launch/config/hzc.yaml
-- Up-to-date: /home/hzc/linux/ros2/stu/ws02_tools/install/cpp1_launch/share/ament_index/resource_index/package_run_dependencies/cpp1_launch
-- Up-to-date: /home/hzc/linux/ros2/stu/ws02_tools/install/cpp1_launch/share/ament_index/resource_index/parent_prefix_path/cpp1_launch
-- Up-to-date: /home/hzc/linux/ros2/stu/ws02_tools/install/cpp1_launch/share/cpp1_launch/environment/ament_prefix_path.sh
-- Up-to-date: /home/hzc/linux/ros2/stu/ws02_tools/install/cpp1_launch/share/cpp1_launch/environment/ament_prefix_path.dsv
-- Up-to-date: /home/hzc/linux/ros2/stu/ws02_tools/install/cpp1_launch/share/cpp1_launch/environment/path.sh
-- Up-to-date: /home/hzc/linux/ros2/stu/ws02_tools/install/cpp1_launch/share/cpp1_launch/environment/path.dsv
-- Up-to-date: /home/hzc/linux/ros2/stu/ws02_tools/install/cpp1_launch/share/cpp1_launch/local_setup.bash
-- Up-to-date: /home/hzc/linux/ros2/stu/ws02_tools/install/cpp1_launch/share/cpp1_launch/local_setup.fish
-- Up-to-date: /home/hzc/linux/ros2/stu/ws02_tools/install/cpp1_launch/share/cpp1_launch/local_setup.sh
-- Up-to-date: /home/hzc/linux/ros2/stu/ws02_tools/install/cpp1_launch/share/cpp1_launch/local_setup.zsh
-- Up-to-date: /home/hzc/linux/ros2/stu/ws02_tools/install/cpp1_launch/share/cpp1_launch/local_setup.dsv
-- Installing: /home/hzc/linux/ros2/stu/ws02_tools/install/cpp1_launch/share/cpp1_launch/package.dsv
-- Up-to-date: /home/hzc/linux/ros2/stu/ws02_tools/install/cpp1_launch/share/ament_index/resource_index/packages/cpp1_launch
-- Up-to-date: /home/hzc/linux/ros2/stu/ws02_tools/install/cpp1_launch/share/cpp1_launch/cmake/cpp1_launchConfig.cmake
-- Up-to-date: /home/hzc/linux/ros2/stu/ws02_tools/install/cpp1_launch/share/cpp1_launch/cmake/cpp1_launchConfig-version.cmake
-- Up-to-date: /home/hzc/linux/ros2/stu/ws02_tools/install/cpp1_launch/share/cpp1_launch/package.xml
