[0.014s] Invoking command in '/home/hzc/linux/ros2/stu/ws01_plubming/build/cpp04_param': CMAKE_PREFIX_PATH=${CMAKE_PREFIX_PATH}:/home/hzc/linux/ros2/stu/ws01_plubming/install/py04_param:/home/hzc/linux/ros2/stu/ws01_plubming/install/py03_action:/home/hzc/linux/ros2/stu/ws01_plubming/install/py02_seriver:/home/hzc/linux/ros2/stu/ws01_plubming/install/py01_topic:/opt/ros/lyrical DEBUGINFOD_URLS=https://debuginfod.ubuntu.com /usr/bin/cmake --build /home/hzc/linux/ros2/stu/ws01_plubming/build/cpp04_param -- -j16 -l16
[0.082s] [ 66%] Built target demo1_param_client
[0.082s] [ 66%] Built target demo0_param
[0.101s] [ 83%] [32mBuilding CXX object CMakeFiles/demo1_param_server.dir/src/demo1_param_server.cpp.o[0m
[3.638s] [100%] [1m[32mLinking CXX executable demo1_param_server[0m
[3.777s] [100%] Built target demo1_param_server
[3.793s] Invoked command in '/home/hzc/linux/ros2/stu/ws01_plubming/build/cpp04_param' returned '0': CMAKE_PREFIX_PATH=${CMAKE_PREFIX_PATH}:/home/hzc/linux/ros2/stu/ws01_plubming/install/py04_param:/home/hzc/linux/ros2/stu/ws01_plubming/install/py03_action:/home/hzc/linux/ros2/stu/ws01_plubming/install/py02_seriver:/home/hzc/linux/ros2/stu/ws01_plubming/install/py01_topic:/opt/ros/lyrical DEBUGINFOD_URLS=https://debuginfod.ubuntu.com /usr/bin/cmake --build /home/hzc/linux/ros2/stu/ws01_plubming/build/cpp04_param -- -j16 -l16
[3.806s] Invoking command in '/home/hzc/linux/ros2/stu/ws01_plubming/build/cpp04_param': CMAKE_PREFIX_PATH=${CMAKE_PREFIX_PATH}:/home/hzc/linux/ros2/stu/ws01_plubming/install/py04_param:/home/hzc/linux/ros2/stu/ws01_plubming/install/py03_action:/home/hzc/linux/ros2/stu/ws01_plubming/install/py02_seriver:/home/hzc/linux/ros2/stu/ws01_plubming/install/py01_topic:/opt/ros/lyrical DEBUGINFOD_URLS=https://debuginfod.ubuntu.com /usr/bin/cmake --install /home/hzc/linux/ros2/stu/ws01_plubming/build/cpp04_param
[3.816s] -- Install configuration: ""
[3.816s] -- Up-to-date: /home/hzc/linux/ros2/stu/ws01_plubming/install/cpp04_param/lib/cpp04_param/demo0_param
[3.816s] -- Up-to-date: /home/hzc/linux/ros2/stu/ws01_plubming/install/cpp04_param/lib/cpp04_param/demo1_param_client
[3.817s] -- Installing: /home/hzc/linux/ros2/stu/ws01_plubming/install/cpp04_param/lib/cpp04_param/demo1_param_server
[3.818s] -- Set non-toolchain portion of runtime path of "/home/hzc/linux/ros2/stu/ws01_plubming/install/cpp04_param/lib/cpp04_param/demo1_param_server" to ""
[3.819s] -- Up-to-date: /home/hzc/linux/ros2/stu/ws01_plubming/install/cpp04_param/share/ament_index/resource_index/package_run_dependencies/cpp04_param
[3.820s] -- Up-to-date: /home/hzc/linux/ros2/stu/ws01_plubming/install/cpp04_param/share/ament_index/resource_index/parent_prefix_path/cpp04_param
[3.820s] -- Up-to-date: /home/hzc/linux/ros2/stu/ws01_plubming/install/cpp04_param/share/cpp04_param/environment/ament_prefix_path.sh
[3.820s] -- Up-to-date: /home/hzc/linux/ros2/stu/ws01_plubming/install/cpp04_param/share/cpp04_param/environment/ament_prefix_path.dsv
[3.820s] -- Up-to-date: /home/hzc/linux/ros2/stu/ws01_plubming/install/cpp04_param/share/cpp04_param/environment/path.sh
[3.820s] -- Up-to-date: /home/hzc/linux/ros2/stu/ws01_plubming/install/cpp04_param/share/cpp04_param/environment/path.dsv
[3.820s] -- Up-to-date: /home/hzc/linux/ros2/stu/ws01_plubming/install/cpp04_param/share/cpp04_param/local_setup.bash
[3.820s] -- Up-to-date: /home/hzc/linux/ros2/stu/ws01_plubming/install/cpp04_param/share/cpp04_param/local_setup.fish
[3.820s] -- Up-to-date: /home/hzc/linux/ros2/stu/ws01_plubming/install/cpp04_param/share/cpp04_param/local_setup.sh
[3.821s] -- Up-to-date: /home/hzc/linux/ros2/stu/ws01_plubming/install/cpp04_param/share/cpp04_param/local_setup.zsh
[3.821s] -- Up-to-date: /home/hzc/linux/ros2/stu/ws01_plubming/install/cpp04_param/share/cpp04_param/local_setup.dsv
[3.821s] -- Installing: /home/hzc/linux/ros2/stu/ws01_plubming/install/cpp04_param/share/cpp04_param/package.dsv
[3.821s] -- Up-to-date: /home/hzc/linux/ros2/stu/ws01_plubming/install/cpp04_param/share/ament_index/resource_index/packages/cpp04_param
[3.821s] -- Up-to-date: /home/hzc/linux/ros2/stu/ws01_plubming/install/cpp04_param/share/cpp04_param/cmake/cpp04_paramConfig.cmake
[3.821s] -- Up-to-date: /home/hzc/linux/ros2/stu/ws01_plubming/install/cpp04_param/share/cpp04_param/cmake/cpp04_paramConfig-version.cmake
[3.822s] -- Up-to-date: /home/hzc/linux/ros2/stu/ws01_plubming/install/cpp04_param/share/cpp04_param/package.xml
[3.823s] Invoked command in '/home/hzc/linux/ros2/stu/ws01_plubming/build/cpp04_param' returned '0': CMAKE_PREFIX_PATH=${CMAKE_PREFIX_PATH}:/home/hzc/linux/ros2/stu/ws01_plubming/install/py04_param:/home/hzc/linux/ros2/stu/ws01_plubming/install/py03_action:/home/hzc/linux/ros2/stu/ws01_plubming/install/py02_seriver:/home/hzc/linux/ros2/stu/ws01_plubming/install/py01_topic:/opt/ros/lyrical DEBUGINFOD_URLS=https://debuginfod.ubuntu.com /usr/bin/cmake --install /home/hzc/linux/ros2/stu/ws01_plubming/build/cpp04_param
