[0.014s] Invoking command in '/home/hzc/linux/ros2/stu/ws02_tools/build/cpp5_exercise': CMAKE_PREFIX_PATH=${CMAKE_PREFIX_PATH}:/home/hzc/linux/ros2/stu/ws02_tools/install/py5_exercise:/home/hzc/linux/ros2/stu/ws02_tools/install/py3_tf_broadcaster:/home/hzc/linux/ros2/stu/ws02_tools/install/py1_launch:/opt/ros/lyrical DEBUGINFOD_URLS=https://debuginfod.ubuntu.com /usr/bin/cmake --build /home/hzc/linux/ros2/stu/ws02_tools/build/cpp5_exercise -- -j16 -l16
[0.080s] [ 66%] Built target exer2_tf_broadcaster
[0.080s] [ 66%] Built target exer3_tf_listener
[0.099s] [ 83%] [32mBuilding CXX object CMakeFiles/exer1_spawn.dir/src/exer1_spawn.cpp.o[0m
[4.559s] [100%] [1m[32mLinking CXX executable exer1_spawn[0m
[4.742s] [100%] Built target exer1_spawn
[4.758s] Invoked command in '/home/hzc/linux/ros2/stu/ws02_tools/build/cpp5_exercise' returned '0': CMAKE_PREFIX_PATH=${CMAKE_PREFIX_PATH}:/home/hzc/linux/ros2/stu/ws02_tools/install/py5_exercise:/home/hzc/linux/ros2/stu/ws02_tools/install/py3_tf_broadcaster:/home/hzc/linux/ros2/stu/ws02_tools/install/py1_launch:/opt/ros/lyrical DEBUGINFOD_URLS=https://debuginfod.ubuntu.com /usr/bin/cmake --build /home/hzc/linux/ros2/stu/ws02_tools/build/cpp5_exercise -- -j16 -l16
[4.771s] Invoking command in '/home/hzc/linux/ros2/stu/ws02_tools/build/cpp5_exercise': CMAKE_PREFIX_PATH=${CMAKE_PREFIX_PATH}:/home/hzc/linux/ros2/stu/ws02_tools/install/py5_exercise:/home/hzc/linux/ros2/stu/ws02_tools/install/py3_tf_broadcaster:/home/hzc/linux/ros2/stu/ws02_tools/install/py1_launch:/opt/ros/lyrical DEBUGINFOD_URLS=https://debuginfod.ubuntu.com /usr/bin/cmake --install /home/hzc/linux/ros2/stu/ws02_tools/build/cpp5_exercise
[4.780s] -- Install configuration: ""
[4.780s] -- Installing: /home/hzc/linux/ros2/stu/ws02_tools/install/cpp5_exercise/lib/cpp5_exercise/exer1_spawn
[4.782s] -- Set non-toolchain portion of runtime path of "/home/hzc/linux/ros2/stu/ws02_tools/install/cpp5_exercise/lib/cpp5_exercise/exer1_spawn" to ""
[4.782s] -- Up-to-date: /home/hzc/linux/ros2/stu/ws02_tools/install/cpp5_exercise/lib/cpp5_exercise/exer2_tf_broadcaster
[4.782s] -- Up-to-date: /home/hzc/linux/ros2/stu/ws02_tools/install/cpp5_exercise/lib/cpp5_exercise/exer3_tf_listener
[4.782s] -- Up-to-date: /home/hzc/linux/ros2/stu/ws02_tools/install/cpp5_exercise/share/cpp5_exercise/launch
[4.783s] -- Up-to-date: /home/hzc/linux/ros2/stu/ws02_tools/install/cpp5_exercise/share/ament_index/resource_index/package_run_dependencies/cpp5_exercise
[4.783s] -- Up-to-date: /home/hzc/linux/ros2/stu/ws02_tools/install/cpp5_exercise/share/ament_index/resource_index/parent_prefix_path/cpp5_exercise
[4.783s] -- Up-to-date: /home/hzc/linux/ros2/stu/ws02_tools/install/cpp5_exercise/share/cpp5_exercise/environment/ament_prefix_path.sh
[4.783s] -- Up-to-date: /home/hzc/linux/ros2/stu/ws02_tools/install/cpp5_exercise/share/cpp5_exercise/environment/ament_prefix_path.dsv
[4.783s] -- Up-to-date: /home/hzc/linux/ros2/stu/ws02_tools/install/cpp5_exercise/share/cpp5_exercise/environment/path.sh
[4.783s] -- Up-to-date: /home/hzc/linux/ros2/stu/ws02_tools/install/cpp5_exercise/share/cpp5_exercise/environment/path.dsv
[4.783s] -- Up-to-date: /home/hzc/linux/ros2/stu/ws02_tools/install/cpp5_exercise/share/cpp5_exercise/local_setup.bash
[4.784s] -- Up-to-date: /home/hzc/linux/ros2/stu/ws02_tools/install/cpp5_exercise/share/cpp5_exercise/local_setup.fish
[4.784s] -- Up-to-date: /home/hzc/linux/ros2/stu/ws02_tools/install/cpp5_exercise/share/cpp5_exercise/local_setup.sh
[4.784s] -- Up-to-date: /home/hzc/linux/ros2/stu/ws02_tools/install/cpp5_exercise/share/cpp5_exercise/local_setup.zsh
[4.784s] -- Up-to-date: /home/hzc/linux/ros2/stu/ws02_tools/install/cpp5_exercise/share/cpp5_exercise/local_setup.dsv
[4.784s] -- Installing: /home/hzc/linux/ros2/stu/ws02_tools/install/cpp5_exercise/share/cpp5_exercise/package.dsv
[4.784s] -- Up-to-date: /home/hzc/linux/ros2/stu/ws02_tools/install/cpp5_exercise/share/ament_index/resource_index/packages/cpp5_exercise
[4.784s] -- Up-to-date: /home/hzc/linux/ros2/stu/ws02_tools/install/cpp5_exercise/share/cpp5_exercise/cmake/cpp5_exerciseConfig.cmake
[4.784s] -- Up-to-date: /home/hzc/linux/ros2/stu/ws02_tools/install/cpp5_exercise/share/cpp5_exercise/cmake/cpp5_exerciseConfig-version.cmake
[4.784s] -- Up-to-date: /home/hzc/linux/ros2/stu/ws02_tools/install/cpp5_exercise/share/cpp5_exercise/package.xml
[4.786s] Invoked command in '/home/hzc/linux/ros2/stu/ws02_tools/build/cpp5_exercise' returned '0': CMAKE_PREFIX_PATH=${CMAKE_PREFIX_PATH}:/home/hzc/linux/ros2/stu/ws02_tools/install/py5_exercise:/home/hzc/linux/ros2/stu/ws02_tools/install/py3_tf_broadcaster:/home/hzc/linux/ros2/stu/ws02_tools/install/py1_launch:/opt/ros/lyrical DEBUGINFOD_URLS=https://debuginfod.ubuntu.com /usr/bin/cmake --install /home/hzc/linux/ros2/stu/ws02_tools/build/cpp5_exercise
