[0.091s] DEBUG:colcon:Command line arguments: ['/usr/bin/colcon', 'build']
[0.092s] DEBUG:colcon:Parsed command line arguments: Namespace(log_base=None, log_level=None, verb_name='build', build_base='build', install_base='install', merge_install=False, symlink_install=False, test_result_base=None, continue_on_error=False, executor='parallel', parallel_workers=12, event_handlers=None, ignore_user_meta=False, metas=['./colcon.meta'], base_paths=['.'], packages_ignore=None, packages_ignore_regex=None, paths=None, packages_up_to=None, packages_up_to_regex=None, packages_above=None, packages_above_and_dependencies=None, packages_above_depth=None, packages_select_by_dep=None, packages_skip_by_dep=None, packages_skip_up_to=None, packages_select_build_failed=False, packages_skip_build_finished=False, packages_select_test_failures=False, packages_skip_test_passed=False, packages_select=None, packages_skip=None, packages_select_regex=None, packages_skip_regex=None, packages_start=None, packages_end=None, cmake_args=None, cmake_target=None, cmake_target_skip_unavailable=False, cmake_clean_cache=False, cmake_clean_first=False, cmake_force_configure=False, ament_cmake_args=None, catkin_cmake_args=None, catkin_skip_building_tests=False, mixin_files=None, mixin=None, verb_parser=<colcon_mixin.mixin.mixin_argument.MixinArgumentDecorator object at 0x7de16947be50>, verb_extension=<colcon_core.verb.build.BuildVerb object at 0x7de16947b1f0>, main=<bound method BuildVerb.main of <colcon_core.verb.build.BuildVerb object at 0x7de16947b1f0>>, mixin_verb=('build',))
[0.209s] Level 1:colcon.colcon_core.package_discovery:discover_packages(colcon_meta) check parameters
[0.210s] INFO:colcon.colcon_metadata.package_discovery.colcon_meta:Using configuration from '/root/.colcon/metadata/default/Gazebo.meta'
[0.210s] INFO:colcon.colcon_metadata.package_discovery.colcon_meta:Using configuration from '/root/.colcon/metadata/default/fastdds.meta'
[0.211s] INFO:colcon.colcon_metadata.package_discovery.colcon_meta:Using configuration from '/root/.colcon/metadata/default/fastrtps.meta'
[0.211s] Level 1:colcon.colcon_core.package_discovery:discover_packages(recursive) check parameters
[0.211s] Level 1:colcon.colcon_core.package_discovery:discover_packages(ignore) check parameters
[0.211s] Level 1:colcon.colcon_core.package_discovery:discover_packages(path) check parameters
[0.211s] Level 1:colcon.colcon_core.package_discovery:discover_packages(colcon_meta) discover
[0.211s] Level 1:colcon.colcon_core.package_discovery:discover_packages(recursive) discover
[0.211s] INFO:colcon.colcon_core.package_discovery:Crawling recursively for packages in '/shared/ws1_stu'
[0.211s] Level 1:colcon.colcon_core.package_identification:_identify(.) by extensions ['ignore', 'ignore_ament_install']
[0.211s] Level 1:colcon.colcon_core.package_identification:_identify(.) by extension 'ignore'
[0.211s] Level 1:colcon.colcon_core.package_identification:_identify(.) by extension 'ignore_ament_install'
[0.211s] Level 1:colcon.colcon_core.package_identification:_identify(.) by extensions ['colcon_pkg']
[0.211s] Level 1:colcon.colcon_core.package_identification:_identify(.) by extension 'colcon_pkg'
[0.211s] Level 1:colcon.colcon_core.package_identification:_identify(.) by extensions ['colcon_meta']
[0.211s] Level 1:colcon.colcon_core.package_identification:_identify(.) by extension 'colcon_meta'
[0.211s] Level 1:colcon.colcon_core.package_identification:_identify(.) by extensions ['ros']
[0.211s] Level 1:colcon.colcon_core.package_identification:_identify(.) by extension 'ros'
[0.221s] Level 1:colcon.colcon_core.package_identification:_identify(.) by extensions ['cmake', 'python']
[0.221s] Level 1:colcon.colcon_core.package_identification:_identify(.) by extension 'cmake'
[0.221s] Level 1:colcon.colcon_core.package_identification:_identify(.) by extension 'python'
[0.221s] Level 1:colcon.colcon_core.package_identification:_identify(.) by extensions ['python_setup_py']
[0.221s] Level 1:colcon.colcon_core.package_identification:_identify(.) by extension 'python_setup_py'
[0.221s] Level 1:colcon.colcon_core.package_identification:_identify(build) by extensions ['ignore', 'ignore_ament_install']
[0.221s] Level 1:colcon.colcon_core.package_identification:_identify(build) by extension 'ignore'
[0.221s] Level 1:colcon.colcon_core.package_identification:_identify(build) ignored
[0.221s] Level 1:colcon.colcon_core.package_identification:_identify(install) by extensions ['ignore', 'ignore_ament_install']
[0.221s] Level 1:colcon.colcon_core.package_identification:_identify(install) by extension 'ignore'
[0.221s] Level 1:colcon.colcon_core.package_identification:_identify(install) ignored
[0.221s] Level 1:colcon.colcon_core.package_identification:_identify(log) by extensions ['ignore', 'ignore_ament_install']
[0.221s] Level 1:colcon.colcon_core.package_identification:_identify(log) by extension 'ignore'
[0.221s] Level 1:colcon.colcon_core.package_identification:_identify(log) ignored
[0.222s] Level 1:colcon.colcon_core.package_identification:_identify(src) by extensions ['ignore', 'ignore_ament_install']
[0.222s] Level 1:colcon.colcon_core.package_identification:_identify(src) by extension 'ignore'
[0.222s] Level 1:colcon.colcon_core.package_identification:_identify(src) by extension 'ignore_ament_install'
[0.222s] Level 1:colcon.colcon_core.package_identification:_identify(src) by extensions ['colcon_pkg']
[0.222s] Level 1:colcon.colcon_core.package_identification:_identify(src) by extension 'colcon_pkg'
[0.222s] Level 1:colcon.colcon_core.package_identification:_identify(src) by extensions ['colcon_meta']
[0.222s] Level 1:colcon.colcon_core.package_identification:_identify(src) by extension 'colcon_meta'
[0.222s] Level 1:colcon.colcon_core.package_identification:_identify(src) by extensions ['ros']
[0.222s] Level 1:colcon.colcon_core.package_identification:_identify(src) by extension 'ros'
[0.222s] Level 1:colcon.colcon_core.package_identification:_identify(src) by extensions ['cmake', 'python']
[0.222s] Level 1:colcon.colcon_core.package_identification:_identify(src) by extension 'cmake'
[0.222s] Level 1:colcon.colcon_core.package_identification:_identify(src) by extension 'python'
[0.222s] Level 1:colcon.colcon_core.package_identification:_identify(src) by extensions ['python_setup_py']
[0.222s] Level 1:colcon.colcon_core.package_identification:_identify(src) by extension 'python_setup_py'
[0.222s] Level 1:colcon.colcon_core.package_identification:_identify(src/cpp1_gazebo) by extensions ['ignore', 'ignore_ament_install']
[0.222s] Level 1:colcon.colcon_core.package_identification:_identify(src/cpp1_gazebo) by extension 'ignore'
[0.222s] Level 1:colcon.colcon_core.package_identification:_identify(src/cpp1_gazebo) by extension 'ignore_ament_install'
[0.222s] Level 1:colcon.colcon_core.package_identification:_identify(src/cpp1_gazebo) by extensions ['colcon_pkg']
[0.222s] Level 1:colcon.colcon_core.package_identification:_identify(src/cpp1_gazebo) by extension 'colcon_pkg'
[0.222s] Level 1:colcon.colcon_core.package_identification:_identify(src/cpp1_gazebo) by extensions ['colcon_meta']
[0.222s] Level 1:colcon.colcon_core.package_identification:_identify(src/cpp1_gazebo) by extension 'colcon_meta'
[0.222s] Level 1:colcon.colcon_core.package_identification:_identify(src/cpp1_gazebo) by extensions ['ros']
[0.222s] Level 1:colcon.colcon_core.package_identification:_identify(src/cpp1_gazebo) by extension 'ros'
[0.224s] DEBUG:colcon.colcon_core.package_identification:Package 'src/cpp1_gazebo' with type 'ros.ament_cmake' and name 'cpp1_gazebo'
[0.224s] Level 1:colcon.colcon_core.package_identification:_identify(src/cpp2_slam) by extensions ['ignore', 'ignore_ament_install']
[0.224s] Level 1:colcon.colcon_core.package_identification:_identify(src/cpp2_slam) by extension 'ignore'
[0.225s] Level 1:colcon.colcon_core.package_identification:_identify(src/cpp2_slam) by extension 'ignore_ament_install'
[0.225s] Level 1:colcon.colcon_core.package_identification:_identify(src/cpp2_slam) by extensions ['colcon_pkg']
[0.225s] Level 1:colcon.colcon_core.package_identification:_identify(src/cpp2_slam) by extension 'colcon_pkg'
[0.225s] Level 1:colcon.colcon_core.package_identification:_identify(src/cpp2_slam) by extensions ['colcon_meta']
[0.225s] Level 1:colcon.colcon_core.package_identification:_identify(src/cpp2_slam) by extension 'colcon_meta'
[0.225s] Level 1:colcon.colcon_core.package_identification:_identify(src/cpp2_slam) by extensions ['ros']
[0.225s] Level 1:colcon.colcon_core.package_identification:_identify(src/cpp2_slam) by extension 'ros'
[0.225s] DEBUG:colcon.colcon_core.package_identification:Package 'src/cpp2_slam' with type 'ros.ament_cmake' and name 'cpp2_slam'
[0.225s] Level 1:colcon.colcon_core.package_identification:_identify(src/cpp3_nav2) by extensions ['ignore', 'ignore_ament_install']
[0.225s] Level 1:colcon.colcon_core.package_identification:_identify(src/cpp3_nav2) by extension 'ignore'
[0.225s] Level 1:colcon.colcon_core.package_identification:_identify(src/cpp3_nav2) by extension 'ignore_ament_install'
[0.225s] Level 1:colcon.colcon_core.package_identification:_identify(src/cpp3_nav2) by extensions ['colcon_pkg']
[0.225s] Level 1:colcon.colcon_core.package_identification:_identify(src/cpp3_nav2) by extension 'colcon_pkg'
[0.225s] Level 1:colcon.colcon_core.package_identification:_identify(src/cpp3_nav2) by extensions ['colcon_meta']
[0.225s] Level 1:colcon.colcon_core.package_identification:_identify(src/cpp3_nav2) by extension 'colcon_meta'
[0.225s] Level 1:colcon.colcon_core.package_identification:_identify(src/cpp3_nav2) by extensions ['ros']
[0.225s] Level 1:colcon.colcon_core.package_identification:_identify(src/cpp3_nav2) by extension 'ros'
[0.226s] DEBUG:colcon.colcon_core.package_identification:Package 'src/cpp3_nav2' with type 'ros.ament_cmake' and name 'cpp3_nav2'
[0.226s] Level 1:colcon.colcon_core.package_discovery:discover_packages(recursive) using defaults
[0.226s] Level 1:colcon.colcon_core.package_discovery:discover_packages(ignore) discover
[0.226s] Level 1:colcon.colcon_core.package_discovery:discover_packages(ignore) using defaults
[0.226s] Level 1:colcon.colcon_core.package_discovery:discover_packages(path) discover
[0.226s] Level 1:colcon.colcon_core.package_discovery:discover_packages(path) using defaults
[0.241s] Level 5:colcon.colcon_core.verb:set package 'cpp1_gazebo' build argument 'cmake_args' from command line to 'None'
[0.241s] Level 5:colcon.colcon_core.verb:set package 'cpp1_gazebo' build argument 'cmake_target' from command line to 'None'
[0.241s] Level 5:colcon.colcon_core.verb:set package 'cpp1_gazebo' build argument 'cmake_target_skip_unavailable' from command line to 'False'
[0.241s] Level 5:colcon.colcon_core.verb:set package 'cpp1_gazebo' build argument 'cmake_clean_cache' from command line to 'False'
[0.241s] Level 5:colcon.colcon_core.verb:set package 'cpp1_gazebo' build argument 'cmake_clean_first' from command line to 'False'
[0.241s] Level 5:colcon.colcon_core.verb:set package 'cpp1_gazebo' build argument 'cmake_force_configure' from command line to 'False'
[0.241s] Level 5:colcon.colcon_core.verb:set package 'cpp1_gazebo' build argument 'ament_cmake_args' from command line to 'None'
[0.241s] Level 5:colcon.colcon_core.verb:set package 'cpp1_gazebo' build argument 'catkin_cmake_args' from command line to 'None'
[0.241s] Level 5:colcon.colcon_core.verb:set package 'cpp1_gazebo' build argument 'catkin_skip_building_tests' from command line to 'False'
[0.241s] DEBUG:colcon.colcon_core.verb:Building package 'cpp1_gazebo' with the following arguments: {'ament_cmake_args': None, 'build_base': '/shared/ws1_stu/build/cpp1_gazebo', 'catkin_cmake_args': None, 'catkin_skip_building_tests': False, 'cmake_args': None, 'cmake_clean_cache': False, 'cmake_clean_first': False, 'cmake_force_configure': False, 'cmake_target': None, 'cmake_target_skip_unavailable': False, 'install_base': '/shared/ws1_stu/install/cpp1_gazebo', 'merge_install': False, 'path': '/shared/ws1_stu/src/cpp1_gazebo', 'symlink_install': False, 'test_result_base': None}
[0.241s] Level 5:colcon.colcon_core.verb:set package 'cpp2_slam' build argument 'cmake_args' from command line to 'None'
[0.241s] Level 5:colcon.colcon_core.verb:set package 'cpp2_slam' build argument 'cmake_target' from command line to 'None'
[0.241s] Level 5:colcon.colcon_core.verb:set package 'cpp2_slam' build argument 'cmake_target_skip_unavailable' from command line to 'False'
[0.241s] Level 5:colcon.colcon_core.verb:set package 'cpp2_slam' build argument 'cmake_clean_cache' from command line to 'False'
[0.241s] Level 5:colcon.colcon_core.verb:set package 'cpp2_slam' build argument 'cmake_clean_first' from command line to 'False'
[0.241s] Level 5:colcon.colcon_core.verb:set package 'cpp2_slam' build argument 'cmake_force_configure' from command line to 'False'
[0.241s] Level 5:colcon.colcon_core.verb:set package 'cpp2_slam' build argument 'ament_cmake_args' from command line to 'None'
[0.241s] Level 5:colcon.colcon_core.verb:set package 'cpp2_slam' build argument 'catkin_cmake_args' from command line to 'None'
[0.241s] Level 5:colcon.colcon_core.verb:set package 'cpp2_slam' build argument 'catkin_skip_building_tests' from command line to 'False'
[0.241s] DEBUG:colcon.colcon_core.verb:Building package 'cpp2_slam' with the following arguments: {'ament_cmake_args': None, 'build_base': '/shared/ws1_stu/build/cpp2_slam', 'catkin_cmake_args': None, 'catkin_skip_building_tests': False, 'cmake_args': None, 'cmake_clean_cache': False, 'cmake_clean_first': False, 'cmake_force_configure': False, 'cmake_target': None, 'cmake_target_skip_unavailable': False, 'install_base': '/shared/ws1_stu/install/cpp2_slam', 'merge_install': False, 'path': '/shared/ws1_stu/src/cpp2_slam', 'symlink_install': False, 'test_result_base': None}
[0.242s] Level 5:colcon.colcon_core.verb:set package 'cpp3_nav2' build argument 'cmake_args' from command line to 'None'
[0.242s] Level 5:colcon.colcon_core.verb:set package 'cpp3_nav2' build argument 'cmake_target' from command line to 'None'
[0.242s] Level 5:colcon.colcon_core.verb:set package 'cpp3_nav2' build argument 'cmake_target_skip_unavailable' from command line to 'False'
[0.242s] Level 5:colcon.colcon_core.verb:set package 'cpp3_nav2' build argument 'cmake_clean_cache' from command line to 'False'
[0.242s] Level 5:colcon.colcon_core.verb:set package 'cpp3_nav2' build argument 'cmake_clean_first' from command line to 'False'
[0.242s] Level 5:colcon.colcon_core.verb:set package 'cpp3_nav2' build argument 'cmake_force_configure' from command line to 'False'
[0.242s] Level 5:colcon.colcon_core.verb:set package 'cpp3_nav2' build argument 'ament_cmake_args' from command line to 'None'
[0.242s] Level 5:colcon.colcon_core.verb:set package 'cpp3_nav2' build argument 'catkin_cmake_args' from command line to 'None'
[0.242s] Level 5:colcon.colcon_core.verb:set package 'cpp3_nav2' build argument 'catkin_skip_building_tests' from command line to 'False'
[0.242s] DEBUG:colcon.colcon_core.verb:Building package 'cpp3_nav2' with the following arguments: {'ament_cmake_args': None, 'build_base': '/shared/ws1_stu/build/cpp3_nav2', 'catkin_cmake_args': None, 'catkin_skip_building_tests': False, 'cmake_args': None, 'cmake_clean_cache': False, 'cmake_clean_first': False, 'cmake_force_configure': False, 'cmake_target': None, 'cmake_target_skip_unavailable': False, 'install_base': '/shared/ws1_stu/install/cpp3_nav2', 'merge_install': False, 'path': '/shared/ws1_stu/src/cpp3_nav2', 'symlink_install': False, 'test_result_base': None}
[0.242s] INFO:colcon.colcon_core.executor:Executing jobs using 'parallel' executor
[0.243s] DEBUG:colcon.colcon_parallel_executor.executor.parallel:run_until_complete
[0.243s] INFO:colcon.colcon_ros.task.ament_cmake.build:Building ROS package in '/shared/ws1_stu/src/cpp1_gazebo' with build type 'ament_cmake'
[0.243s] INFO:colcon.colcon_cmake.task.cmake.build:Building CMake package in '/shared/ws1_stu/src/cpp1_gazebo'
[0.245s] INFO:colcon.colcon_core.plugin_system:Skipping extension 'colcon_core.shell.bat': Not used on non-Windows systems
[0.245s] INFO:colcon.colcon_core.shell:Skip shell extension 'powershell' for command environment: Not usable outside of PowerShell
[0.245s] DEBUG:colcon.colcon_core.shell:Skip shell extension 'dsv' for command environment
[0.250s] INFO:colcon.colcon_ros.task.ament_cmake.build:Building ROS package in '/shared/ws1_stu/src/cpp2_slam' with build type 'ament_cmake'
[0.250s] INFO:colcon.colcon_cmake.task.cmake.build:Building CMake package in '/shared/ws1_stu/src/cpp2_slam'
[0.250s] INFO:colcon.colcon_core.shell:Skip shell extension 'powershell' for command environment: Not usable outside of PowerShell
[0.250s] DEBUG:colcon.colcon_core.shell:Skip shell extension 'dsv' for command environment
[0.255s] INFO:colcon.colcon_ros.task.ament_cmake.build:Building ROS package in '/shared/ws1_stu/src/cpp3_nav2' with build type 'ament_cmake'
[0.255s] INFO:colcon.colcon_cmake.task.cmake.build:Building CMake package in '/shared/ws1_stu/src/cpp3_nav2'
[0.255s] INFO:colcon.colcon_core.shell:Skip shell extension 'powershell' for command environment: Not usable outside of PowerShell
[0.255s] DEBUG:colcon.colcon_core.shell:Skip shell extension 'dsv' for command environment
[0.263s] DEBUG:colcon.colcon_core.event_handler.log_command:Invoking command in '/shared/ws1_stu/build/cpp1_gazebo': CMAKE_PREFIX_PATH=${CMAKE_PREFIX_PATH}:/opt/ros/humble /usr/bin/cmake --build /shared/ws1_stu/build/cpp1_gazebo -- -j12 -l12
[0.268s] DEBUG:colcon.colcon_core.event_handler.log_command:Invoking command in '/shared/ws1_stu/build/cpp2_slam': CMAKE_PREFIX_PATH=${CMAKE_PREFIX_PATH}:/opt/ros/humble /usr/bin/cmake --build /shared/ws1_stu/build/cpp2_slam -- -j12 -l12
[0.270s] DEBUG:colcon.colcon_core.event_handler.log_command:Invoking command in '/shared/ws1_stu/build/cpp3_nav2': CMAKE_PREFIX_PATH=${CMAKE_PREFIX_PATH}:/opt/ros/humble /usr/bin/cmake --build /shared/ws1_stu/build/cpp3_nav2 -- -j12 -l12
[0.301s] DEBUG:colcon.colcon_core.event_handler.log_command:Invoked command in '/shared/ws1_stu/build/cpp1_gazebo' returned '0': CMAKE_PREFIX_PATH=${CMAKE_PREFIX_PATH}:/opt/ros/humble /usr/bin/cmake --build /shared/ws1_stu/build/cpp1_gazebo -- -j12 -l12
[0.310s] DEBUG:colcon.colcon_core.event_handler.log_command:Invoking command in '/shared/ws1_stu/build/cpp1_gazebo': CMAKE_PREFIX_PATH=${CMAKE_PREFIX_PATH}:/opt/ros/humble /usr/bin/cmake --install /shared/ws1_stu/build/cpp1_gazebo
[0.311s] DEBUG:colcon.colcon_core.event_handler.log_command:Invoked command in '/shared/ws1_stu/build/cpp3_nav2' returned '0': CMAKE_PREFIX_PATH=${CMAKE_PREFIX_PATH}:/opt/ros/humble /usr/bin/cmake --build /shared/ws1_stu/build/cpp3_nav2 -- -j12 -l12
[0.313s] DEBUG:colcon.colcon_core.event_handler.log_command:Invoking command in '/shared/ws1_stu/build/cpp3_nav2': CMAKE_PREFIX_PATH=${CMAKE_PREFIX_PATH}:/opt/ros/humble /usr/bin/cmake --install /shared/ws1_stu/build/cpp3_nav2
[0.314s] DEBUG:colcon.colcon_core.event_handler.log_command:Invoked command in '/shared/ws1_stu/build/cpp2_slam' returned '0': CMAKE_PREFIX_PATH=${CMAKE_PREFIX_PATH}:/opt/ros/humble /usr/bin/cmake --build /shared/ws1_stu/build/cpp2_slam -- -j12 -l12
[0.315s] DEBUG:colcon.colcon_core.event_handler.log_command:Invoking command in '/shared/ws1_stu/build/cpp2_slam': CMAKE_PREFIX_PATH=${CMAKE_PREFIX_PATH}:/opt/ros/humble /usr/bin/cmake --install /shared/ws1_stu/build/cpp2_slam
[0.324s] Level 1:colcon.colcon_core.environment:create_environment_scripts_only(cpp3_nav2)
[0.330s] Level 1:colcon.colcon_core.environment:checking '/shared/ws1_stu/install/cpp3_nav2' for CMake module files
[0.331s] Level 1:colcon.colcon_core.environment:checking '/shared/ws1_stu/install/cpp3_nav2' for CMake config files
[0.332s] Level 1:colcon.colcon_core.shell:create_environment_hook('cpp3_nav2', 'cmake_prefix_path')
[0.332s] INFO:colcon.colcon_core.shell:Creating environment hook '/shared/ws1_stu/install/cpp3_nav2/share/cpp3_nav2/hook/cmake_prefix_path.ps1'
[0.333s] DEBUG:colcon.colcon_core.event_handler.log_command:Invoked command in '/shared/ws1_stu/build/cpp3_nav2' returned '0': CMAKE_PREFIX_PATH=${CMAKE_PREFIX_PATH}:/opt/ros/humble /usr/bin/cmake --install /shared/ws1_stu/build/cpp3_nav2
[0.334s] INFO:colcon.colcon_core.shell:Creating environment descriptor '/shared/ws1_stu/install/cpp3_nav2/share/cpp3_nav2/hook/cmake_prefix_path.dsv'
[0.335s] INFO:colcon.colcon_core.shell:Creating environment hook '/shared/ws1_stu/install/cpp3_nav2/share/cpp3_nav2/hook/cmake_prefix_path.sh'
[0.350s] Level 1:colcon.colcon_core.environment:checking '/shared/ws1_stu/install/cpp3_nav2/bin'
[0.350s] Level 1:colcon.colcon_core.environment:checking '/shared/ws1_stu/install/cpp3_nav2/lib/pkgconfig/cpp3_nav2.pc'
[0.352s] Level 1:colcon.colcon_core.environment:checking '/shared/ws1_stu/install/cpp3_nav2/lib/python3.10/site-packages'
[0.353s] Level 1:colcon.colcon_core.environment:checking '/shared/ws1_stu/install/cpp3_nav2/bin'
[0.353s] INFO:colcon.colcon_core.shell:Creating package script '/shared/ws1_stu/install/cpp3_nav2/share/cpp3_nav2/package.ps1'
[0.354s] INFO:colcon.colcon_core.shell:Creating package descriptor '/shared/ws1_stu/install/cpp3_nav2/share/cpp3_nav2/package.dsv'
[0.355s] INFO:colcon.colcon_core.shell:Creating package script '/shared/ws1_stu/install/cpp3_nav2/share/cpp3_nav2/package.sh'
[0.356s] INFO:colcon.colcon_core.shell:Creating package script '/shared/ws1_stu/install/cpp3_nav2/share/cpp3_nav2/package.bash'
[0.357s] INFO:colcon.colcon_core.shell:Creating package script '/shared/ws1_stu/install/cpp3_nav2/share/cpp3_nav2/package.zsh'
[0.358s] Level 1:colcon.colcon_core.environment:create_file_with_runtime_dependencies(/shared/ws1_stu/install/cpp3_nav2/share/colcon-core/packages/cpp3_nav2)
[0.359s] Level 1:colcon.colcon_core.environment:create_environment_scripts_only(cpp3_nav2)
[0.359s] Level 1:colcon.colcon_core.environment:checking '/shared/ws1_stu/install/cpp3_nav2' for CMake module files
[0.360s] Level 1:colcon.colcon_core.environment:checking '/shared/ws1_stu/install/cpp3_nav2' for CMake config files
[0.360s] Level 1:colcon.colcon_core.shell:create_environment_hook('cpp3_nav2', 'cmake_prefix_path')
[0.361s] INFO:colcon.colcon_core.shell:Creating environment hook '/shared/ws1_stu/install/cpp3_nav2/share/cpp3_nav2/hook/cmake_prefix_path.ps1'
[0.361s] INFO:colcon.colcon_core.shell:Creating environment descriptor '/shared/ws1_stu/install/cpp3_nav2/share/cpp3_nav2/hook/cmake_prefix_path.dsv'
[0.361s] INFO:colcon.colcon_core.shell:Creating environment hook '/shared/ws1_stu/install/cpp3_nav2/share/cpp3_nav2/hook/cmake_prefix_path.sh'
[0.362s] Level 1:colcon.colcon_core.environment:checking '/shared/ws1_stu/install/cpp3_nav2/bin'
[0.362s] Level 1:colcon.colcon_core.environment:checking '/shared/ws1_stu/install/cpp3_nav2/lib/pkgconfig/cpp3_nav2.pc'
[0.362s] Level 1:colcon.colcon_core.environment:checking '/shared/ws1_stu/install/cpp3_nav2/lib/python3.10/site-packages'
[0.363s] Level 1:colcon.colcon_core.environment:checking '/shared/ws1_stu/install/cpp3_nav2/bin'
[0.363s] INFO:colcon.colcon_core.shell:Creating package script '/shared/ws1_stu/install/cpp3_nav2/share/cpp3_nav2/package.ps1'
[0.363s] INFO:colcon.colcon_core.shell:Creating package descriptor '/shared/ws1_stu/install/cpp3_nav2/share/cpp3_nav2/package.dsv'
[0.364s] INFO:colcon.colcon_core.shell:Creating package script '/shared/ws1_stu/install/cpp3_nav2/share/cpp3_nav2/package.sh'
[0.364s] INFO:colcon.colcon_core.shell:Creating package script '/shared/ws1_stu/install/cpp3_nav2/share/cpp3_nav2/package.bash'
[0.364s] INFO:colcon.colcon_core.shell:Creating package script '/shared/ws1_stu/install/cpp3_nav2/share/cpp3_nav2/package.zsh'
[0.365s] Level 1:colcon.colcon_core.environment:create_file_with_runtime_dependencies(/shared/ws1_stu/install/cpp3_nav2/share/colcon-core/packages/cpp3_nav2)
[0.366s] Level 1:colcon.colcon_core.environment:create_environment_scripts_only(cpp2_slam)
[0.366s] Level 1:colcon.colcon_core.environment:checking '/shared/ws1_stu/install/cpp2_slam' for CMake module files
[0.367s] DEBUG:colcon.colcon_core.event_handler.log_command:Invoked command in '/shared/ws1_stu/build/cpp2_slam' returned '0': CMAKE_PREFIX_PATH=${CMAKE_PREFIX_PATH}:/opt/ros/humble /usr/bin/cmake --install /shared/ws1_stu/build/cpp2_slam
[0.367s] Level 1:colcon.colcon_core.environment:checking '/shared/ws1_stu/install/cpp2_slam' for CMake config files
[0.367s] Level 1:colcon.colcon_core.shell:create_environment_hook('cpp2_slam', 'cmake_prefix_path')
[0.367s] INFO:colcon.colcon_core.shell:Creating environment hook '/shared/ws1_stu/install/cpp2_slam/share/cpp2_slam/hook/cmake_prefix_path.ps1'
[0.368s] INFO:colcon.colcon_core.shell:Creating environment descriptor '/shared/ws1_stu/install/cpp2_slam/share/cpp2_slam/hook/cmake_prefix_path.dsv'
[0.368s] INFO:colcon.colcon_core.shell:Creating environment hook '/shared/ws1_stu/install/cpp2_slam/share/cpp2_slam/hook/cmake_prefix_path.sh'
[0.369s] Level 1:colcon.colcon_core.environment:checking '/shared/ws1_stu/install/cpp2_slam/bin'
[0.369s] Level 1:colcon.colcon_core.environment:checking '/shared/ws1_stu/install/cpp2_slam/lib/pkgconfig/cpp2_slam.pc'
[0.369s] Level 1:colcon.colcon_core.environment:checking '/shared/ws1_stu/install/cpp2_slam/lib/python3.10/site-packages'
[0.369s] Level 1:colcon.colcon_core.environment:checking '/shared/ws1_stu/install/cpp2_slam/bin'
[0.369s] INFO:colcon.colcon_core.shell:Creating package script '/shared/ws1_stu/install/cpp2_slam/share/cpp2_slam/package.ps1'
[0.370s] INFO:colcon.colcon_core.shell:Creating package descriptor '/shared/ws1_stu/install/cpp2_slam/share/cpp2_slam/package.dsv'
[0.370s] INFO:colcon.colcon_core.shell:Creating package script '/shared/ws1_stu/install/cpp2_slam/share/cpp2_slam/package.sh'
[0.371s] INFO:colcon.colcon_core.shell:Creating package script '/shared/ws1_stu/install/cpp2_slam/share/cpp2_slam/package.bash'
[0.371s] INFO:colcon.colcon_core.shell:Creating package script '/shared/ws1_stu/install/cpp2_slam/share/cpp2_slam/package.zsh'
[0.371s] Level 1:colcon.colcon_core.environment:create_file_with_runtime_dependencies(/shared/ws1_stu/install/cpp2_slam/share/colcon-core/packages/cpp2_slam)
[0.372s] Level 1:colcon.colcon_core.environment:create_environment_scripts_only(cpp2_slam)
[0.372s] Level 1:colcon.colcon_core.environment:checking '/shared/ws1_stu/install/cpp2_slam' for CMake module files
[0.372s] Level 1:colcon.colcon_core.environment:checking '/shared/ws1_stu/install/cpp2_slam' for CMake config files
[0.372s] Level 1:colcon.colcon_core.shell:create_environment_hook('cpp2_slam', 'cmake_prefix_path')
[0.372s] INFO:colcon.colcon_core.shell:Creating environment hook '/shared/ws1_stu/install/cpp2_slam/share/cpp2_slam/hook/cmake_prefix_path.ps1'
[0.373s] INFO:colcon.colcon_core.shell:Creating environment descriptor '/shared/ws1_stu/install/cpp2_slam/share/cpp2_slam/hook/cmake_prefix_path.dsv'
[0.373s] INFO:colcon.colcon_core.shell:Creating environment hook '/shared/ws1_stu/install/cpp2_slam/share/cpp2_slam/hook/cmake_prefix_path.sh'
[0.373s] Level 1:colcon.colcon_core.environment:checking '/shared/ws1_stu/install/cpp2_slam/bin'
[0.374s] Level 1:colcon.colcon_core.environment:checking '/shared/ws1_stu/install/cpp2_slam/lib/pkgconfig/cpp2_slam.pc'
[0.374s] Level 1:colcon.colcon_core.environment:checking '/shared/ws1_stu/install/cpp2_slam/lib/python3.10/site-packages'
[0.374s] Level 1:colcon.colcon_core.environment:checking '/shared/ws1_stu/install/cpp2_slam/bin'
[0.374s] INFO:colcon.colcon_core.shell:Creating package script '/shared/ws1_stu/install/cpp2_slam/share/cpp2_slam/package.ps1'
[0.375s] INFO:colcon.colcon_core.shell:Creating package descriptor '/shared/ws1_stu/install/cpp2_slam/share/cpp2_slam/package.dsv'
[0.375s] INFO:colcon.colcon_core.shell:Creating package script '/shared/ws1_stu/install/cpp2_slam/share/cpp2_slam/package.sh'
[0.375s] INFO:colcon.colcon_core.shell:Creating package script '/shared/ws1_stu/install/cpp2_slam/share/cpp2_slam/package.bash'
[0.376s] INFO:colcon.colcon_core.shell:Creating package script '/shared/ws1_stu/install/cpp2_slam/share/cpp2_slam/package.zsh'
[0.376s] Level 1:colcon.colcon_core.environment:create_file_with_runtime_dependencies(/shared/ws1_stu/install/cpp2_slam/share/colcon-core/packages/cpp2_slam)
[0.376s] Level 1:colcon.colcon_core.environment:create_environment_scripts_only(cpp1_gazebo)
[0.377s] Level 1:colcon.colcon_core.environment:checking '/shared/ws1_stu/install/cpp1_gazebo' for CMake module files
[0.377s] DEBUG:colcon.colcon_core.event_handler.log_command:Invoked command in '/shared/ws1_stu/build/cpp1_gazebo' returned '0': CMAKE_PREFIX_PATH=${CMAKE_PREFIX_PATH}:/opt/ros/humble /usr/bin/cmake --install /shared/ws1_stu/build/cpp1_gazebo
[0.380s] Level 1:colcon.colcon_core.environment:checking '/shared/ws1_stu/install/cpp1_gazebo' for CMake config files
[0.380s] Level 1:colcon.colcon_core.shell:create_environment_hook('cpp1_gazebo', 'cmake_prefix_path')
[0.381s] INFO:colcon.colcon_core.shell:Creating environment hook '/shared/ws1_stu/install/cpp1_gazebo/share/cpp1_gazebo/hook/cmake_prefix_path.ps1'
[0.381s] INFO:colcon.colcon_core.shell:Creating environment descriptor '/shared/ws1_stu/install/cpp1_gazebo/share/cpp1_gazebo/hook/cmake_prefix_path.dsv'
[0.381s] INFO:colcon.colcon_core.shell:Creating environment hook '/shared/ws1_stu/install/cpp1_gazebo/share/cpp1_gazebo/hook/cmake_prefix_path.sh'
[0.382s] Level 1:colcon.colcon_core.environment:checking '/shared/ws1_stu/install/cpp1_gazebo/bin'
[0.382s] Level 1:colcon.colcon_core.environment:checking '/shared/ws1_stu/install/cpp1_gazebo/lib/pkgconfig/cpp1_gazebo.pc'
[0.382s] Level 1:colcon.colcon_core.environment:checking '/shared/ws1_stu/install/cpp1_gazebo/lib/python3.10/site-packages'
[0.382s] Level 1:colcon.colcon_core.environment:checking '/shared/ws1_stu/install/cpp1_gazebo/bin'
[0.383s] INFO:colcon.colcon_core.shell:Creating package script '/shared/ws1_stu/install/cpp1_gazebo/share/cpp1_gazebo/package.ps1'
[0.383s] INFO:colcon.colcon_core.shell:Creating package descriptor '/shared/ws1_stu/install/cpp1_gazebo/share/cpp1_gazebo/package.dsv'
[0.384s] INFO:colcon.colcon_core.shell:Creating package script '/shared/ws1_stu/install/cpp1_gazebo/share/cpp1_gazebo/package.sh'
[0.384s] INFO:colcon.colcon_core.shell:Creating package script '/shared/ws1_stu/install/cpp1_gazebo/share/cpp1_gazebo/package.bash'
[0.384s] INFO:colcon.colcon_core.shell:Creating package script '/shared/ws1_stu/install/cpp1_gazebo/share/cpp1_gazebo/package.zsh'
[0.385s] Level 1:colcon.colcon_core.environment:create_file_with_runtime_dependencies(/shared/ws1_stu/install/cpp1_gazebo/share/colcon-core/packages/cpp1_gazebo)
[0.385s] Level 1:colcon.colcon_core.environment:create_environment_scripts_only(cpp1_gazebo)
[0.385s] Level 1:colcon.colcon_core.environment:checking '/shared/ws1_stu/install/cpp1_gazebo' for CMake module files
[0.386s] Level 1:colcon.colcon_core.environment:checking '/shared/ws1_stu/install/cpp1_gazebo' for CMake config files
[0.386s] Level 1:colcon.colcon_core.shell:create_environment_hook('cpp1_gazebo', 'cmake_prefix_path')
[0.386s] INFO:colcon.colcon_core.shell:Creating environment hook '/shared/ws1_stu/install/cpp1_gazebo/share/cpp1_gazebo/hook/cmake_prefix_path.ps1'
[0.387s] INFO:colcon.colcon_core.shell:Creating environment descriptor '/shared/ws1_stu/install/cpp1_gazebo/share/cpp1_gazebo/hook/cmake_prefix_path.dsv'
[0.387s] INFO:colcon.colcon_core.shell:Creating environment hook '/shared/ws1_stu/install/cpp1_gazebo/share/cpp1_gazebo/hook/cmake_prefix_path.sh'
[0.387s] Level 1:colcon.colcon_core.environment:checking '/shared/ws1_stu/install/cpp1_gazebo/bin'
[0.387s] Level 1:colcon.colcon_core.environment:checking '/shared/ws1_stu/install/cpp1_gazebo/lib/pkgconfig/cpp1_gazebo.pc'
[0.388s] Level 1:colcon.colcon_core.environment:checking '/shared/ws1_stu/install/cpp1_gazebo/lib/python3.10/site-packages'
[0.388s] Level 1:colcon.colcon_core.environment:checking '/shared/ws1_stu/install/cpp1_gazebo/bin'
[0.388s] INFO:colcon.colcon_core.shell:Creating package script '/shared/ws1_stu/install/cpp1_gazebo/share/cpp1_gazebo/package.ps1'
[0.389s] INFO:colcon.colcon_core.shell:Creating package descriptor '/shared/ws1_stu/install/cpp1_gazebo/share/cpp1_gazebo/package.dsv'
[0.389s] INFO:colcon.colcon_core.shell:Creating package script '/shared/ws1_stu/install/cpp1_gazebo/share/cpp1_gazebo/package.sh'
[0.390s] INFO:colcon.colcon_core.shell:Creating package script '/shared/ws1_stu/install/cpp1_gazebo/share/cpp1_gazebo/package.bash'
[0.390s] INFO:colcon.colcon_core.shell:Creating package script '/shared/ws1_stu/install/cpp1_gazebo/share/cpp1_gazebo/package.zsh'
[0.390s] Level 1:colcon.colcon_core.environment:create_file_with_runtime_dependencies(/shared/ws1_stu/install/cpp1_gazebo/share/colcon-core/packages/cpp1_gazebo)
[0.391s] DEBUG:colcon.colcon_parallel_executor.executor.parallel:closing loop
[0.391s] DEBUG:colcon.colcon_parallel_executor.executor.parallel:loop closed
[0.391s] DEBUG:colcon.colcon_parallel_executor.executor.parallel:run_until_complete finished with '0'
[0.391s] DEBUG:colcon.colcon_core.event_reactor:joining thread
[0.396s] INFO:colcon.colcon_core.plugin_system:Skipping extension 'colcon_notification.desktop_notification.notify_send': Could not find 'notify-send'
[0.396s] INFO:colcon.colcon_core.plugin_system:Skipping extension 'colcon_notification.desktop_notification.terminal_notifier': Not used on non-Darwin systems
[0.396s] INFO:colcon.colcon_core.plugin_system:Skipping extension 'colcon_notification.desktop_notification.win32': Not used on non-Windows systems
[0.396s] INFO:colcon.colcon_notification.desktop_notification:Sending desktop notification using 'notify2'
[0.400s] DEBUG:colcon.colcon_notification.desktop_notification.notify2:Failed to initialize notify2: org.freedesktop.DBus.Error.Spawn.ExecFailed: /usr/bin/dbus-launch terminated abnormally without any error message
[0.400s] DEBUG:colcon.colcon_core.event_reactor:joined thread
[0.401s] INFO:colcon.colcon_core.shell:Creating prefix script '/shared/ws1_stu/install/local_setup.ps1'
[0.402s] INFO:colcon.colcon_core.shell:Creating prefix util module '/shared/ws1_stu/install/_local_setup_util_ps1.py'
[0.403s] INFO:colcon.colcon_core.shell:Creating prefix chain script '/shared/ws1_stu/install/setup.ps1'
[0.404s] INFO:colcon.colcon_core.shell:Creating prefix script '/shared/ws1_stu/install/local_setup.sh'
[0.404s] INFO:colcon.colcon_core.shell:Creating prefix util module '/shared/ws1_stu/install/_local_setup_util_sh.py'
[0.405s] INFO:colcon.colcon_core.shell:Creating prefix chain script '/shared/ws1_stu/install/setup.sh'
[0.406s] INFO:colcon.colcon_core.shell:Creating prefix script '/shared/ws1_stu/install/local_setup.bash'
[0.406s] INFO:colcon.colcon_core.shell:Creating prefix chain script '/shared/ws1_stu/install/setup.bash'
[0.407s] INFO:colcon.colcon_core.shell:Creating prefix script '/shared/ws1_stu/install/local_setup.zsh'
[0.408s] INFO:colcon.colcon_core.shell:Creating prefix chain script '/shared/ws1_stu/install/setup.zsh'
