running egg_info
writing ../../build/py2_autopartol/py2_autopartol.egg-info/PKG-INFO
writing dependency_links to ../../build/py2_autopartol/py2_autopartol.egg-info/dependency_links.txt
writing entry points to ../../build/py2_autopartol/py2_autopartol.egg-info/entry_points.txt
writing requirements to ../../build/py2_autopartol/py2_autopartol.egg-info/requires.txt
writing top-level names to ../../build/py2_autopartol/py2_autopartol.egg-info/top_level.txt
reading manifest file '../../build/py2_autopartol/py2_autopartol.egg-info/SOURCES.txt'
adding license file 'LICENSE'
writing manifest file '../../build/py2_autopartol/py2_autopartol.egg-info/SOURCES.txt'
running build
running build_py
running install
running install_lib
running install_data
running install_egg_info
removing '/shared/ws2_pluginlib/install/py2_autopartol/lib/python3.10/site-packages/py2_autopartol-0.0.0-py3.10.egg-info' (and everything under it)
Copying ../../build/py2_autopartol/py2_autopartol.egg-info to /shared/ws2_pluginlib/install/py2_autopartol/lib/python3.10/site-packages/py2_autopartol-0.0.0-py3.10.egg-info
running install_scripts
Installing partol_node script to /shared/ws2_pluginlib/install/py2_autopartol/lib/py2_autopartol
Installing speaker script to /shared/ws2_pluginlib/install/py2_autopartol/lib/py2_autopartol
writing list of installed files to '/shared/ws2_pluginlib/build/py2_autopartol/install.log'
