[1.074s] Invoking command in '/shared/ws2_pluginlib/src/py2_autopartol': PYTHONPATH=/shared/ws2_pluginlib/build/py2_autopartol/prefix_override:/usr/lib/python3/dist-packages/colcon_core/task/python/colcon_distutils_commands:/shared/ws2_pluginlib/install/py2_autopartol/lib/python3.10/site-packages:${PYTHONPATH} /usr/bin/python3 -W ignore:setup.py install is deprecated -W ignore:easy_install command is deprecated setup.py egg_info --egg-base ../../build/py2_autopartol build --build-base /shared/ws2_pluginlib/build/py2_autopartol/build install --record /shared/ws2_pluginlib/build/py2_autopartol/install.log --single-version-externally-managed install_data
[1.333s] running egg_info
[1.334s] writing ../../build/py2_autopartol/py2_autopartol.egg-info/PKG-INFO
[1.334s] writing dependency_links to ../../build/py2_autopartol/py2_autopartol.egg-info/dependency_links.txt
[1.334s] writing entry points to ../../build/py2_autopartol/py2_autopartol.egg-info/entry_points.txt
[1.334s] writing requirements to ../../build/py2_autopartol/py2_autopartol.egg-info/requires.txt
[1.335s] writing top-level names to ../../build/py2_autopartol/py2_autopartol.egg-info/top_level.txt
[1.336s] reading manifest file '../../build/py2_autopartol/py2_autopartol.egg-info/SOURCES.txt'
[1.337s] adding license file 'LICENSE'
[1.337s] writing manifest file '../../build/py2_autopartol/py2_autopartol.egg-info/SOURCES.txt'
[1.337s] running build
[1.337s] running build_py
[1.338s] running install
[1.338s] running install_lib
[1.339s] running install_data
[1.339s] running install_egg_info
[1.341s] removing '/shared/ws2_pluginlib/install/py2_autopartol/lib/python3.10/site-packages/py2_autopartol-0.0.0-py3.10.egg-info' (and everything under it)
[1.342s] Copying ../../build/py2_autopartol/py2_autopartol.egg-info to /shared/ws2_pluginlib/install/py2_autopartol/lib/python3.10/site-packages/py2_autopartol-0.0.0-py3.10.egg-info
[1.343s] running install_scripts
[1.363s] Installing partol_node script to /shared/ws2_pluginlib/install/py2_autopartol/lib/py2_autopartol
[1.363s] Installing speaker script to /shared/ws2_pluginlib/install/py2_autopartol/lib/py2_autopartol
[1.363s] writing list of installed files to '/shared/ws2_pluginlib/build/py2_autopartol/install.log'
[1.393s] Invoked command in '/shared/ws2_pluginlib/src/py2_autopartol' returned '0': PYTHONPATH=/shared/ws2_pluginlib/build/py2_autopartol/prefix_override:/usr/lib/python3/dist-packages/colcon_core/task/python/colcon_distutils_commands:/shared/ws2_pluginlib/install/py2_autopartol/lib/python3.10/site-packages:${PYTHONPATH} /usr/bin/python3 -W ignore:setup.py install is deprecated -W ignore:easy_install command is deprecated setup.py egg_info --egg-base ../../build/py2_autopartol build --build-base /shared/ws2_pluginlib/build/py2_autopartol/build install --record /shared/ws2_pluginlib/build/py2_autopartol/install.log --single-version-externally-managed install_data
