running egg_info
writing ../../build/py6_service_face/py6_service_face.egg-info/PKG-INFO
writing dependency_links to ../../build/py6_service_face/py6_service_face.egg-info/dependency_links.txt
writing entry points to ../../build/py6_service_face/py6_service_face.egg-info/entry_points.txt
writing requirements to ../../build/py6_service_face/py6_service_face.egg-info/requires.txt
writing top-level names to ../../build/py6_service_face/py6_service_face.egg-info/top_level.txt
reading manifest file '../../build/py6_service_face/py6_service_face.egg-info/SOURCES.txt'
adding license file 'LICENSE'
writing manifest file '../../build/py6_service_face/py6_service_face.egg-info/SOURCES.txt'
running build
running build_py
copying py6_service_face/__init__.py -> /home/hzc/linux/ros2/stu/ws02_tools/build/py6_service_face/build/lib/py6_service_face
copying py6_service_face/learn_face_detect.py -> /home/hzc/linux/ros2/stu/ws02_tools/build/py6_service_face/build/lib/py6_service_face
copying py6_service_face/face_detect_node.py -> /home/hzc/linux/ros2/stu/ws02_tools/build/py6_service_face/build/lib/py6_service_face
copying py6_service_face/py.typed -> /home/hzc/linux/ros2/stu/ws02_tools/build/py6_service_face/build/lib/py6_service_face
running install
running install_lib
running install_data
copying resource/py6_service_face -> /home/hzc/linux/ros2/stu/ws02_tools/install/py6_service_face/share/ament_index/resource_index/packages
copying package.xml -> /home/hzc/linux/ros2/stu/ws02_tools/install/py6_service_face/share/py6_service_face
copying resource/image.jpg -> /home/hzc/linux/ros2/stu/ws02_tools/install/py6_service_face/share/py6_service_face/resource
copying resource/image1.jpg -> /home/hzc/linux/ros2/stu/ws02_tools/install/py6_service_face/share/py6_service_face/resource
running install_egg_info
removing '/home/hzc/linux/ros2/stu/ws02_tools/install/py6_service_face/lib/python3.14/site-packages/py6_service_face-0.0.0-py3.14.egg-info' (and everything under it)
Copying ../../build/py6_service_face/py6_service_face.egg-info to /home/hzc/linux/ros2/stu/ws02_tools/install/py6_service_face/lib/python3.14/site-packages/py6_service_face-0.0.0-py3.14.egg-info
running install_scripts
Installing face_detect_node script to /home/hzc/linux/ros2/stu/ws02_tools/install/py6_service_face/lib/py6_service_face
Installing learn_face_detect script to /home/hzc/linux/ros2/stu/ws02_tools/install/py6_service_face/lib/py6_service_face
writing list of installed files to '/home/hzc/linux/ros2/stu/ws02_tools/build/py6_service_face/install.log'
