running egg_info
creating ../../build/py1_car_application/py1_car_application.egg-info
writing ../../build/py1_car_application/py1_car_application.egg-info/PKG-INFO
writing dependency_links to ../../build/py1_car_application/py1_car_application.egg-info/dependency_links.txt
writing entry points to ../../build/py1_car_application/py1_car_application.egg-info/entry_points.txt
writing requirements to ../../build/py1_car_application/py1_car_application.egg-info/requires.txt
writing top-level names to ../../build/py1_car_application/py1_car_application.egg-info/top_level.txt
writing manifest file '../../build/py1_car_application/py1_car_application.egg-info/SOURCES.txt'
reading manifest file '../../build/py1_car_application/py1_car_application.egg-info/SOURCES.txt'
adding license file 'LICENSE'
writing manifest file '../../build/py1_car_application/py1_car_application.egg-info/SOURCES.txt'
running build
running build_py
creating /shared/ws1_stu/build/py1_car_application/build
creating /shared/ws1_stu/build/py1_car_application/build/lib
creating /shared/ws1_stu/build/py1_car_application/build/lib/py1_car_application
copying py1_car_application/car_init_pose.py -> /shared/ws1_stu/build/py1_car_application/build/lib/py1_car_application
copying py1_car_application/__init__.py -> /shared/ws1_stu/build/py1_car_application/build/lib/py1_car_application
running install
running install_lib
creating /shared/ws1_stu/install/py1_car_application/lib/python3.10/site-packages/py1_car_application
copying /shared/ws1_stu/build/py1_car_application/build/lib/py1_car_application/car_init_pose.py -> /shared/ws1_stu/install/py1_car_application/lib/python3.10/site-packages/py1_car_application
copying /shared/ws1_stu/build/py1_car_application/build/lib/py1_car_application/__init__.py -> /shared/ws1_stu/install/py1_car_application/lib/python3.10/site-packages/py1_car_application
byte-compiling /shared/ws1_stu/install/py1_car_application/lib/python3.10/site-packages/py1_car_application/car_init_pose.py to car_init_pose.cpython-310.pyc
byte-compiling /shared/ws1_stu/install/py1_car_application/lib/python3.10/site-packages/py1_car_application/__init__.py to __init__.cpython-310.pyc
running install_data
creating /shared/ws1_stu/install/py1_car_application/share/ament_index
creating /shared/ws1_stu/install/py1_car_application/share/ament_index/resource_index
creating /shared/ws1_stu/install/py1_car_application/share/ament_index/resource_index/packages
copying resource/py1_car_application -> /shared/ws1_stu/install/py1_car_application/share/ament_index/resource_index/packages
copying package.xml -> /shared/ws1_stu/install/py1_car_application/share/py1_car_application
running install_egg_info
Copying ../../build/py1_car_application/py1_car_application.egg-info to /shared/ws1_stu/install/py1_car_application/lib/python3.10/site-packages/py1_car_application-0.0.0-py3.10.egg-info
running install_scripts
Installing car_init_pose script to /shared/ws1_stu/install/py1_car_application/lib/py1_car_application
writing list of installed files to '/shared/ws1_stu/build/py1_car_application/install.log'
