[0.013s] Invoking command in '/home/hzc/linux/ros2/stu/ws02_tools/build/cpp1_launch': CMAKE_PREFIX_PATH=${CMAKE_PREFIX_PATH}:/home/hzc/linux/ros2/stu/ws02_tools/install/py1_launch:/opt/ros/lyrical DEBUGINFOD_URLS=https://debuginfod.ubuntu.com /usr/bin/cmake --build /home/hzc/linux/ros2/stu/ws02_tools/build/cpp1_launch -- -j16 -l16
[0.048s] -- Found ament_cmake: 2.8.7 (/opt/ros/lyrical/share/ament_cmake/cmake)
[0.257s] -- Found rclcpp: 32.0.0 (/opt/ros/lyrical/share/rclcpp/cmake)
[0.290s] -- Found rosidl_generator_c: 5.2.0 (/opt/ros/lyrical/share/rosidl_generator_c/cmake)
[0.296s] -- Found rosidl_generator_cpp: 5.2.0 (/opt/ros/lyrical/share/rosidl_generator_cpp/cmake)
[0.307s] -- Using all available rosidl_typesupport_c: rosidl_typesupport_fastrtps_c;rosidl_typesupport_introspection_c
[0.319s] -- Using all available rosidl_typesupport_cpp: rosidl_typesupport_fastrtps_cpp;rosidl_typesupport_introspection_cpp
[0.384s] -- Found rmw_implementation_cmake: 7.10.1 (/opt/ros/lyrical/share/rmw_implementation_cmake/cmake)
[0.386s] -- Found rmw_fastrtps_cpp: 9.4.8 (/opt/ros/lyrical/share/rmw_fastrtps_cpp/cmake)
[0.417s] -- Using RMW implementation 'rmw_fastrtps_cpp' as default
[0.487s] -- Found ament_lint_auto: 0.20.6 (/opt/ros/lyrical/share/ament_lint_auto/cmake)
[0.590s] -- Added test 'flake8' to check Python code syntax and style conventions
[0.590s] -- Configured 'flake8' exclude dirs and/or files: 
[0.590s] -- Added test 'lint_cmake' to check CMake code style
[0.591s] -- Added test 'pep257' to check Python code against some of the docstring style conventions in PEP 257
[0.592s] -- Added test 'xmllint' to check XML markup files
[0.594s] -- Configuring done (0.6s)
[0.602s] -- Generating done (0.0s)
[0.627s] -- Build files have been written to: /home/hzc/linux/ros2/stu/ws02_tools/build/cpp1_launch
[0.653s] Invoked command in '/home/hzc/linux/ros2/stu/ws02_tools/build/cpp1_launch' returned '0': CMAKE_PREFIX_PATH=${CMAKE_PREFIX_PATH}:/home/hzc/linux/ros2/stu/ws02_tools/install/py1_launch:/opt/ros/lyrical DEBUGINFOD_URLS=https://debuginfod.ubuntu.com /usr/bin/cmake --build /home/hzc/linux/ros2/stu/ws02_tools/build/cpp1_launch -- -j16 -l16
[0.663s] Invoking command in '/home/hzc/linux/ros2/stu/ws02_tools/build/cpp1_launch': CMAKE_PREFIX_PATH=${CMAKE_PREFIX_PATH}:/home/hzc/linux/ros2/stu/ws02_tools/install/py1_launch:/opt/ros/lyrical DEBUGINFOD_URLS=https://debuginfod.ubuntu.com /usr/bin/cmake --install /home/hzc/linux/ros2/stu/ws02_tools/build/cpp1_launch
[0.672s] -- Install configuration: ""
[0.672s] -- Up-to-date: /home/hzc/linux/ros2/stu/ws02_tools/install/cpp1_launch/share/cpp1_launch/launch
[0.672s] -- Up-to-date: /home/hzc/linux/ros2/stu/ws02_tools/install/cpp1_launch/share/cpp1_launch/launch/yaml
[0.672s] -- Up-to-date: /home/hzc/linux/ros2/stu/ws02_tools/install/cpp1_launch/share/cpp1_launch/launch/yaml/yaml1_helloword_launch.yaml
[0.672s] -- Up-to-date: /home/hzc/linux/ros2/stu/ws02_tools/install/cpp1_launch/share/cpp1_launch/launch/py
[0.672s] -- Up-to-date: /home/hzc/linux/ros2/stu/ws02_tools/install/cpp1_launch/share/cpp1_launch/launch/py/py1_helloword_launch.py
[0.672s] -- Up-to-date: /home/hzc/linux/ros2/stu/ws02_tools/install/cpp1_launch/share/cpp1_launch/launch/py/py2_node_launch.py
[0.673s] -- Up-to-date: /home/hzc/linux/ros2/stu/ws02_tools/install/cpp1_launch/share/cpp1_launch/launch/xml
[0.673s] -- Up-to-date: /home/hzc/linux/ros2/stu/ws02_tools/install/cpp1_launch/share/cpp1_launch/launch/xml/xml1_helloword_launch.xml
[0.673s] -- Installing: /home/hzc/linux/ros2/stu/ws02_tools/install/cpp1_launch/share/cpp1_launch/config
[0.673s] -- Installing: /home/hzc/linux/ros2/stu/ws02_tools/install/cpp1_launch/share/cpp1_launch/config/hzc.yaml
[0.673s] -- Up-to-date: /home/hzc/linux/ros2/stu/ws02_tools/install/cpp1_launch/share/ament_index/resource_index/package_run_dependencies/cpp1_launch
[0.673s] -- Up-to-date: /home/hzc/linux/ros2/stu/ws02_tools/install/cpp1_launch/share/ament_index/resource_index/parent_prefix_path/cpp1_launch
[0.673s] -- Up-to-date: /home/hzc/linux/ros2/stu/ws02_tools/install/cpp1_launch/share/cpp1_launch/environment/ament_prefix_path.sh
[0.673s] -- Up-to-date: /home/hzc/linux/ros2/stu/ws02_tools/install/cpp1_launch/share/cpp1_launch/environment/ament_prefix_path.dsv
[0.673s] -- Up-to-date: /home/hzc/linux/ros2/stu/ws02_tools/install/cpp1_launch/share/cpp1_launch/environment/path.sh
[0.673s] -- Up-to-date: /home/hzc/linux/ros2/stu/ws02_tools/install/cpp1_launch/share/cpp1_launch/environment/path.dsv
[0.673s] -- Up-to-date: /home/hzc/linux/ros2/stu/ws02_tools/install/cpp1_launch/share/cpp1_launch/local_setup.bash
[0.674s] -- Up-to-date: /home/hzc/linux/ros2/stu/ws02_tools/install/cpp1_launch/share/cpp1_launch/local_setup.fish
[0.674s] -- Up-to-date: /home/hzc/linux/ros2/stu/ws02_tools/install/cpp1_launch/share/cpp1_launch/local_setup.sh
[0.674s] -- Up-to-date: /home/hzc/linux/ros2/stu/ws02_tools/install/cpp1_launch/share/cpp1_launch/local_setup.zsh
[0.674s] -- Up-to-date: /home/hzc/linux/ros2/stu/ws02_tools/install/cpp1_launch/share/cpp1_launch/local_setup.dsv
[0.674s] -- Installing: /home/hzc/linux/ros2/stu/ws02_tools/install/cpp1_launch/share/cpp1_launch/package.dsv
[0.674s] -- Up-to-date: /home/hzc/linux/ros2/stu/ws02_tools/install/cpp1_launch/share/ament_index/resource_index/packages/cpp1_launch
[0.674s] -- Up-to-date: /home/hzc/linux/ros2/stu/ws02_tools/install/cpp1_launch/share/cpp1_launch/cmake/cpp1_launchConfig.cmake
[0.674s] -- Up-to-date: /home/hzc/linux/ros2/stu/ws02_tools/install/cpp1_launch/share/cpp1_launch/cmake/cpp1_launchConfig-version.cmake
[0.674s] -- Up-to-date: /home/hzc/linux/ros2/stu/ws02_tools/install/cpp1_launch/share/cpp1_launch/package.xml
[0.675s] Invoked command in '/home/hzc/linux/ros2/stu/ws02_tools/build/cpp1_launch' returned '0': CMAKE_PREFIX_PATH=${CMAKE_PREFIX_PATH}:/home/hzc/linux/ros2/stu/ws02_tools/install/py1_launch:/opt/ros/lyrical DEBUGINFOD_URLS=https://debuginfod.ubuntu.com /usr/bin/cmake --install /home/hzc/linux/ros2/stu/ws02_tools/build/cpp1_launch
