[0.015s] Invoking command in '/home/hzc/linux/ros2/stu/ws01_plubming/build/cpp04_param': CMAKE_PREFIX_PATH=${CMAKE_PREFIX_PATH}:/home/hzc/linux/ros2/stu/ws01_plubming/install/py03_action:/home/hzc/linux/ros2/stu/ws01_plubming/install/py02_seriver:/home/hzc/linux/ros2/stu/ws01_plubming/install/py01_topic:/opt/ros/lyrical DEBUGINFOD_URLS=https://debuginfod.ubuntu.com /usr/bin/cmake --build /home/hzc/linux/ros2/stu/ws01_plubming/build/cpp04_param -- -j16 -l16
[0.105s] [ 50%] [32mBuilding CXX object CMakeFiles/demo0_param.dir/src/demo0_param.cpp.o[0m
[3.840s] [100%] [1m[32mLinking CXX executable demo0_param[0m
[3.987s] [100%] Built target demo0_param
[4.004s] Invoked command in '/home/hzc/linux/ros2/stu/ws01_plubming/build/cpp04_param' returned '0': CMAKE_PREFIX_PATH=${CMAKE_PREFIX_PATH}:/home/hzc/linux/ros2/stu/ws01_plubming/install/py03_action:/home/hzc/linux/ros2/stu/ws01_plubming/install/py02_seriver:/home/hzc/linux/ros2/stu/ws01_plubming/install/py01_topic:/opt/ros/lyrical DEBUGINFOD_URLS=https://debuginfod.ubuntu.com /usr/bin/cmake --build /home/hzc/linux/ros2/stu/ws01_plubming/build/cpp04_param -- -j16 -l16
[4.017s] Invoking command in '/home/hzc/linux/ros2/stu/ws01_plubming/build/cpp04_param': CMAKE_PREFIX_PATH=${CMAKE_PREFIX_PATH}:/home/hzc/linux/ros2/stu/ws01_plubming/install/py03_action:/home/hzc/linux/ros2/stu/ws01_plubming/install/py02_seriver:/home/hzc/linux/ros2/stu/ws01_plubming/install/py01_topic:/opt/ros/lyrical DEBUGINFOD_URLS=https://debuginfod.ubuntu.com /usr/bin/cmake --install /home/hzc/linux/ros2/stu/ws01_plubming/build/cpp04_param
[4.027s] -- Install configuration: ""
[4.027s] -- Installing: /home/hzc/linux/ros2/stu/ws01_plubming/install/cpp04_param/lib/cpp04_param/demo0_param
[4.029s] -- Set non-toolchain portion of runtime path of "/home/hzc/linux/ros2/stu/ws01_plubming/install/cpp04_param/lib/cpp04_param/demo0_param" to ""
[4.029s] -- Up-to-date: /home/hzc/linux/ros2/stu/ws01_plubming/install/cpp04_param/share/ament_index/resource_index/package_run_dependencies/cpp04_param
[4.030s] -- Up-to-date: /home/hzc/linux/ros2/stu/ws01_plubming/install/cpp04_param/share/ament_index/resource_index/parent_prefix_path/cpp04_param
[4.030s] -- Up-to-date: /home/hzc/linux/ros2/stu/ws01_plubming/install/cpp04_param/share/cpp04_param/environment/ament_prefix_path.sh
[4.030s] -- Up-to-date: /home/hzc/linux/ros2/stu/ws01_plubming/install/cpp04_param/share/cpp04_param/environment/ament_prefix_path.dsv
[4.030s] -- Up-to-date: /home/hzc/linux/ros2/stu/ws01_plubming/install/cpp04_param/share/cpp04_param/environment/path.sh
[4.030s] -- Up-to-date: /home/hzc/linux/ros2/stu/ws01_plubming/install/cpp04_param/share/cpp04_param/environment/path.dsv
[4.030s] -- Up-to-date: /home/hzc/linux/ros2/stu/ws01_plubming/install/cpp04_param/share/cpp04_param/local_setup.bash
[4.030s] -- Up-to-date: /home/hzc/linux/ros2/stu/ws01_plubming/install/cpp04_param/share/cpp04_param/local_setup.fish
[4.030s] -- Up-to-date: /home/hzc/linux/ros2/stu/ws01_plubming/install/cpp04_param/share/cpp04_param/local_setup.sh
[4.031s] -- Up-to-date: /home/hzc/linux/ros2/stu/ws01_plubming/install/cpp04_param/share/cpp04_param/local_setup.zsh
[4.031s] -- Up-to-date: /home/hzc/linux/ros2/stu/ws01_plubming/install/cpp04_param/share/cpp04_param/local_setup.dsv
[4.031s] -- Installing: /home/hzc/linux/ros2/stu/ws01_plubming/install/cpp04_param/share/cpp04_param/package.dsv
[4.031s] -- Up-to-date: /home/hzc/linux/ros2/stu/ws01_plubming/install/cpp04_param/share/ament_index/resource_index/packages/cpp04_param
[4.031s] -- Up-to-date: /home/hzc/linux/ros2/stu/ws01_plubming/install/cpp04_param/share/cpp04_param/cmake/cpp04_paramConfig.cmake
[4.031s] -- Up-to-date: /home/hzc/linux/ros2/stu/ws01_plubming/install/cpp04_param/share/cpp04_param/cmake/cpp04_paramConfig-version.cmake
[4.031s] -- Up-to-date: /home/hzc/linux/ros2/stu/ws01_plubming/install/cpp04_param/share/cpp04_param/package.xml
[4.032s] Invoked command in '/home/hzc/linux/ros2/stu/ws01_plubming/build/cpp04_param' returned '0': CMAKE_PREFIX_PATH=${CMAKE_PREFIX_PATH}:/home/hzc/linux/ros2/stu/ws01_plubming/install/py03_action:/home/hzc/linux/ros2/stu/ws01_plubming/install/py02_seriver:/home/hzc/linux/ros2/stu/ws01_plubming/install/py01_topic:/opt/ros/lyrical DEBUGINFOD_URLS=https://debuginfod.ubuntu.com /usr/bin/cmake --install /home/hzc/linux/ros2/stu/ws01_plubming/build/cpp04_param
