[0.241s] Invoking command in '/shared/ws1_stu/build/cpp3_nav2': CMAKE_PREFIX_PATH=${CMAKE_PREFIX_PATH}:/shared/ws1_stu/install/py2_autopartol:/shared/ws1_stu/install/autopartol_car:/shared/ws1_stu/install/py1_car_application:/opt/ros/humble /usr/bin/cmake --build /shared/ws1_stu/build/cpp3_nav2 -- -j12 -l12
[0.685s] Invoked command in '/shared/ws1_stu/build/cpp3_nav2' returned '0': CMAKE_PREFIX_PATH=${CMAKE_PREFIX_PATH}:/shared/ws1_stu/install/py2_autopartol:/shared/ws1_stu/install/autopartol_car:/shared/ws1_stu/install/py1_car_application:/opt/ros/humble /usr/bin/cmake --build /shared/ws1_stu/build/cpp3_nav2 -- -j12 -l12
[0.687s] Invoking command in '/shared/ws1_stu/build/cpp3_nav2': CMAKE_PREFIX_PATH=${CMAKE_PREFIX_PATH}:/shared/ws1_stu/install/py2_autopartol:/shared/ws1_stu/install/autopartol_car:/shared/ws1_stu/install/py1_car_application:/opt/ros/humble /usr/bin/cmake --install /shared/ws1_stu/build/cpp3_nav2
[0.720s] -- Install configuration: ""
[0.720s] -- Up-to-date: /shared/ws1_stu/install/cpp3_nav2/share/cpp3_nav2/launch
[0.721s] -- Up-to-date: /shared/ws1_stu/install/cpp3_nav2/share/cpp3_nav2/launch/navigation2.launch.py
[0.721s] -- Up-to-date: /shared/ws1_stu/install/cpp3_nav2/share/cpp3_nav2/config
[0.721s] -- Up-to-date: /shared/ws1_stu/install/cpp3_nav2/share/cpp3_nav2/config/nav2_params.yaml
[0.721s] -- Up-to-date: /shared/ws1_stu/install/cpp3_nav2/share/cpp3_nav2/maps
[0.722s] -- Up-to-date: /shared/ws1_stu/install/cpp3_nav2/share/cpp3_nav2/maps/room (副本).pgm
[0.722s] -- Up-to-date: /shared/ws1_stu/install/cpp3_nav2/share/cpp3_nav2/maps/room.pgm
[0.722s] -- Up-to-date: /shared/ws1_stu/install/cpp3_nav2/share/cpp3_nav2/maps/room.yaml
[0.722s] -- Up-to-date: /shared/ws1_stu/install/cpp3_nav2/share/cpp3_nav2/rviz
[0.723s] -- Up-to-date: /shared/ws1_stu/install/cpp3_nav2/share/cpp3_nav2/rviz/nav2_default_view.rviz
[0.723s] -- Up-to-date: /shared/ws1_stu/install/cpp3_nav2/share/ament_index/resource_index/package_run_dependencies/cpp3_nav2
[0.723s] -- Up-to-date: /shared/ws1_stu/install/cpp3_nav2/share/ament_index/resource_index/parent_prefix_path/cpp3_nav2
[0.723s] -- Up-to-date: /shared/ws1_stu/install/cpp3_nav2/share/cpp3_nav2/environment/ament_prefix_path.sh
[0.723s] -- Up-to-date: /shared/ws1_stu/install/cpp3_nav2/share/cpp3_nav2/environment/ament_prefix_path.dsv
[0.723s] -- Up-to-date: /shared/ws1_stu/install/cpp3_nav2/share/cpp3_nav2/environment/path.sh
[0.724s] -- Up-to-date: /shared/ws1_stu/install/cpp3_nav2/share/cpp3_nav2/environment/path.dsv
[0.725s] -- Up-to-date: /shared/ws1_stu/install/cpp3_nav2/share/cpp3_nav2/local_setup.bash
[0.725s] -- Up-to-date: /shared/ws1_stu/install/cpp3_nav2/share/cpp3_nav2/local_setup.sh
[0.725s] -- Up-to-date: /shared/ws1_stu/install/cpp3_nav2/share/cpp3_nav2/local_setup.zsh
[0.725s] -- Up-to-date: /shared/ws1_stu/install/cpp3_nav2/share/cpp3_nav2/local_setup.dsv
[0.725s] -- Installing: /shared/ws1_stu/install/cpp3_nav2/share/cpp3_nav2/package.dsv
[0.725s] -- Up-to-date: /shared/ws1_stu/install/cpp3_nav2/share/ament_index/resource_index/packages/cpp3_nav2
[0.725s] -- Up-to-date: /shared/ws1_stu/install/cpp3_nav2/share/cpp3_nav2/cmake/cpp3_nav2Config.cmake
[0.725s] -- Up-to-date: /shared/ws1_stu/install/cpp3_nav2/share/cpp3_nav2/cmake/cpp3_nav2Config-version.cmake
[0.726s] -- Up-to-date: /shared/ws1_stu/install/cpp3_nav2/share/cpp3_nav2/package.xml
[0.743s] Invoked command in '/shared/ws1_stu/build/cpp3_nav2' returned '0': CMAKE_PREFIX_PATH=${CMAKE_PREFIX_PATH}:/shared/ws1_stu/install/py2_autopartol:/shared/ws1_stu/install/autopartol_car:/shared/ws1_stu/install/py1_car_application:/opt/ros/humble /usr/bin/cmake --install /shared/ws1_stu/build/cpp3_nav2
