[0.021s] Invoking command in '/home/hzc/linux/ros2/stu/ws01_plubming/build/cpp07_exercise': CMAKE_PREFIX_PATH=/home/hzc/linux/ros2/stu/ws01_plubming/install/base_interfeces:/home/hzc/linux/ros2/stu/ws01_plubming/install/cpp07_exercise:/home/hzc/linux/ros2/stu/ws01_plubming/install/cpp06_time:/home/hzc/linux/ros2/stu/ws01_plubming/install/tutorails_plumbing:/home/hzc/linux/ros2/stu/ws01_plubming/install/cpp05_names:/home/hzc/linux/ros2/stu/ws01_plubming/install/cpp04_param:/home/hzc/linux/ros2/stu/ws01_plubming/install/cpp03_action:/home/hzc/linux/ros2/stu/ws01_plubming/install/cpp02_service:/home/hzc/linux/ros2/stu/ws01_plubming/install/cpp01_topic:/opt/ros/lyrical/opt/gz_sim_vendor:/opt/ros/lyrical/opt/gz_sensors_vendor:/opt/ros/lyrical/opt/gz_gui_vendor:/opt/ros/lyrical/opt/gz_transport_vendor:/opt/ros/lyrical/opt/gz_physics_vendor:/opt/ros/lyrical/opt/sdformat_vendor:/opt/ros/lyrical/opt/gz_rendering_vendor:/opt/ros/lyrical/opt/gz_plugin_vendor:/opt/ros/lyrical/opt/gz_fuel_tools_vendor:/opt/ros/lyrical/opt/gz_msgs_vendor:/opt/ros/lyrical/opt/gz_common_vendor:/opt/ros/lyrical/opt/gz_math_vendor:/opt/ros/lyrical/opt/gz_utils_vendor:/opt/ros/lyrical/opt/gz_tools_vendor:/opt/ros/lyrical/opt/gz_ogre_next_vendor:/opt/ros/lyrical/opt/gz_dartsim_vendor:/opt/ros/lyrical/opt/gz_cmake_vendor:/home/hzc/linux/ros2/stu/ws01_plubming/install/py06_timer:/home/hzc/linux/ros2/stu/ws01_plubming/install/py05_names:/home/hzc/linux/ros2/stu/ws01_plubming/install/py04_param:/home/hzc/linux/ros2/stu/ws01_plubming/install/py03_action:/home/hzc/linux/ros2/stu/ws01_plubming/install/py02_seriver:/home/hzc/linux/ros2/stu/ws01_plubming/install/py01_topic:/opt/ros/lyrical DEBUGINFOD_URLS=https://debuginfod.ubuntu.com PYTHONPATH=/home/hzc/linux/ros2/stu/ws01_plubming/install/base_interfeces/lib/python3.14/site-packages:/home/hzc/linux/ros2/stu/ws01_plubming/install/py06_timer/lib/python3.14/site-packages:/home/hzc/linux/ros2/stu/ws01_plubming/install/py05_names/lib/python3.14/site-packages:/home/hzc/linux/ros2/stu/ws01_plubming/install/py04_param/lib/python3.14/site-packages:/home/hzc/linux/ros2/stu/ws01_plubming/install/py03_action/lib/python3.14/site-packages:/home/hzc/linux/ros2/stu/ws01_plubming/install/py02_seriver/lib/python3.14/site-packages:/home/hzc/linux/ros2/stu/ws01_plubming/install/py01_topic/lib/python3.14/site-packages:/opt/ros/lyrical/opt/gz_sim_vendor/lib/python:/opt/ros/lyrical/opt/gz_transport_vendor/lib/python:/opt/ros/lyrical/opt/sdformat_vendor/lib/python:/opt/ros/lyrical/opt/gz_msgs_vendor/lib/python:/opt/ros/lyrical/opt/gz_math_vendor/lib/python:/opt/ros/lyrical/lib/python3.14/site-packages /usr/bin/cmake --build /home/hzc/linux/ros2/stu/ws01_plubming/build/cpp07_exercise -- -j16 -l16
[0.091s] [ 33%] Built target exer1_pub_sub
[0.092s] [ 66%] Built target exer1_server
[0.110s] [ 83%] [32mBuilding CXX object CMakeFiles/exer1_client.dir/src/exer1_client.cpp.o[0m
[2.440s] In file included from [01m[K/opt/ros/lyrical/include/rclcpp/rclcpp/copy_all_parameter_values.hpp:27[m[K,
[2.440s]                  from [01m[K/opt/ros/lyrical/include/rclcpp/rclcpp/rclcpp.hpp:173[m[K,
[2.440s]                  from [01m[K/home/hzc/linux/ros2/stu/ws01_plubming/src/cpp07_exercise/src/exer1_client.cpp:11[m[K:
[2.440s] [01m[K/home/hzc/linux/ros2/stu/ws01_plubming/src/cpp07_exercise/src/exer1_client.cpp:[m[K In member function ‘[01m[Kbool ExerClient::[01;32m[Kconnect_server[m[K()[m[K’:
[2.441s] [01m[K/home/hzc/linux/ros2/stu/ws01_plubming/src/cpp07_exercise/src/exer1_client.cpp:29:47:[m[K [01;31m[Kerror: [m[Ktoo many arguments to function ‘[01m[Krclcpp::Logger rclcpp::[01;32m[Kget_logger[m[K(const std::string&)[m[K’
[2.441s]    29 |                 RCLCPP_INFO([01;31m[Krclcpp::get_logger("rclcpp","节点被强制退出")[m[K);
[2.441s]       |                             [01;31m[K~~~~~~~~~~~~~~~~~~^~~~~~~~~~~~~~~~~~~~~~~~~~~[m[K
[2.441s] In file included from [01m[K/opt/ros/lyrical/include/rclcpp/rclcpp/copy_all_parameter_values.hpp:26[m[K:
[2.441s] [01m[K/opt/ros/lyrical/include/rclcpp/rclcpp/logger.hpp:108:17:[m[K [01;36m[Knote: [m[Kdeclared here
[2.441s]   108 |   friend Logger [01;36m[Krclcpp[m[K::get_logger(const std::string & name);
[2.441s]       |                 [01;36m[K^~~~~~[m[K
[2.441s] [01m[K/home/hzc/linux/ros2/stu/ws01_plubming/src/cpp07_exercise/src/exer1_client.cpp:29:47:[m[K [01;31m[Kerror: [m[Ktoo many arguments to function ‘[01m[Krclcpp::Logger rclcpp::[01;32m[Kget_logger[m[K(const std::string&)[m[K’
[2.441s]    29 |                 RCLCPP_INFO([01;31m[Krclcpp::get_logger("rclcpp","节点被强制退出")[m[K);
[2.441s]       |                             [01;31m[K~~~~~~~~~~~~~~~~~~^~~~~~~~~~~~~~~~~~~~~~~~~~~[m[K
[2.441s] [01m[K/opt/ros/lyrical/include/rclcpp/rclcpp/logger.hpp:108:17:[m[K [01;36m[Knote: [m[Kdeclared here
[2.441s]   108 |   friend Logger [01;36m[Krclcpp[m[K::get_logger(const std::string & name);
[2.441s]       |                 [01;36m[K^~~~~~[m[K
[2.442s] In file included from [01m[K/opt/ros/lyrical/include/rclcpp/rclcpp/logging.hpp:22[m[K:
[2.442s] [01m[K/home/hzc/linux/ros2/stu/ws01_plubming/src/cpp07_exercise/src/exer1_client.cpp:29:47:[m[K [01;31m[Kerror: [m[Ktoo many arguments to function ‘[01m[Krclcpp::Logger rclcpp::[01;32m[Kget_logger[m[K(const std::string&)[m[K’
[2.442s]    29 |                 RCLCPP_INFO([01;31m[Krclcpp::get_logger("rclcpp","节点被强制退出")[m[K);
[2.442s]       |                             [01;31m[K~~~~~~~~~~~~~~~~~~^~~~~~~~~~~~~~~~~~~~~~~~~~~[m[K
[2.442s] [01m[K/opt/ros/lyrical/include/rclcpp/rclcpp/logger.hpp:108:17:[m[K [01;36m[Knote: [m[Kdeclared here
[2.442s]   108 |   friend Logger [01;36m[Krclcpp[m[K::get_logger(const std::string & name);
[2.442s]       |                 [01;36m[K^~~~~~[m[K
[2.442s] [01m[K/home/hzc/linux/ros2/stu/ws01_plubming/src/cpp07_exercise/src/exer1_client.cpp:29:47:[m[K [01;31m[Kerror: [m[Ktoo many arguments to function ‘[01m[Krclcpp::Logger rclcpp::[01;32m[Kget_logger[m[K(const std::string&)[m[K’
[2.442s]    29 |                 RCLCPP_INFO([01;31m[Krclcpp::get_logger("rclcpp","节点被强制退出")[m[K);
[2.442s]       |                             [01;31m[K~~~~~~~~~~~~~~~~~~^~~~~~~~~~~~~~~~~~~~~~~~~~~[m[K
[2.442s] [01m[K/opt/ros/lyrical/include/rclcpp/rclcpp/logger.hpp:108:17:[m[K [01;36m[Knote: [m[Kdeclared here
[2.442s]   108 |   friend Logger [01;36m[Krclcpp[m[K::get_logger(const std::string & name);
[2.442s]       |                 [01;36m[K^~~~~~[m[K
[2.443s] [01m[K/home/hzc/linux/ros2/stu/ws01_plubming/src/cpp07_exercise/src/exer1_client.cpp:29:17:[m[K [01;31m[Kerror: [m[Kexpected primary-expression before ‘[01m[K)[m[K’ token
[2.443s]    29 |                 [01;31m[KRCLCPP_INFO[m[K(rclcpp::get_logger("rclcpp","节点被强制退出"));
[2.443s]       |                 [01;31m[K^~~~~~~~~~~[m[K
[3.948s] [01m[K/home/hzc/linux/ros2/stu/ws01_plubming/src/cpp07_exercise/src/exer1_client.cpp:34:5:[m[K [01;35m[Kwarning: [m[Kcontrol reaches end of non-void function [[01;35m[K]8;;https://gcc.gnu.org/onlinedocs/gcc-15.2.0/gcc/Warning-Options.html#index-Wno-return-type-Wreturn-type]8;;[m[K]
[3.948s]    34 |     [01;35m[K}[m[K
[3.948s]       |     [01;35m[K^[m[K
[4.030s] gmake[2]: *** [CMakeFiles/exer1_client.dir/build.make:79：CMakeFiles/exer1_client.dir/src/exer1_client.cpp.o] 错误 1
[4.030s] gmake[1]: *** [CMakeFiles/Makefile2:223：CMakeFiles/exer1_client.dir/all] 错误 2
[4.030s] gmake: *** [Makefile:146：all] 错误 2
[4.033s] Invoked command in '/home/hzc/linux/ros2/stu/ws01_plubming/build/cpp07_exercise' returned '2': CMAKE_PREFIX_PATH=/home/hzc/linux/ros2/stu/ws01_plubming/install/base_interfeces:/home/hzc/linux/ros2/stu/ws01_plubming/install/cpp07_exercise:/home/hzc/linux/ros2/stu/ws01_plubming/install/cpp06_time:/home/hzc/linux/ros2/stu/ws01_plubming/install/tutorails_plumbing:/home/hzc/linux/ros2/stu/ws01_plubming/install/cpp05_names:/home/hzc/linux/ros2/stu/ws01_plubming/install/cpp04_param:/home/hzc/linux/ros2/stu/ws01_plubming/install/cpp03_action:/home/hzc/linux/ros2/stu/ws01_plubming/install/cpp02_service:/home/hzc/linux/ros2/stu/ws01_plubming/install/cpp01_topic:/opt/ros/lyrical/opt/gz_sim_vendor:/opt/ros/lyrical/opt/gz_sensors_vendor:/opt/ros/lyrical/opt/gz_gui_vendor:/opt/ros/lyrical/opt/gz_transport_vendor:/opt/ros/lyrical/opt/gz_physics_vendor:/opt/ros/lyrical/opt/sdformat_vendor:/opt/ros/lyrical/opt/gz_rendering_vendor:/opt/ros/lyrical/opt/gz_plugin_vendor:/opt/ros/lyrical/opt/gz_fuel_tools_vendor:/opt/ros/lyrical/opt/gz_msgs_vendor:/opt/ros/lyrical/opt/gz_common_vendor:/opt/ros/lyrical/opt/gz_math_vendor:/opt/ros/lyrical/opt/gz_utils_vendor:/opt/ros/lyrical/opt/gz_tools_vendor:/opt/ros/lyrical/opt/gz_ogre_next_vendor:/opt/ros/lyrical/opt/gz_dartsim_vendor:/opt/ros/lyrical/opt/gz_cmake_vendor:/home/hzc/linux/ros2/stu/ws01_plubming/install/py06_timer:/home/hzc/linux/ros2/stu/ws01_plubming/install/py05_names:/home/hzc/linux/ros2/stu/ws01_plubming/install/py04_param:/home/hzc/linux/ros2/stu/ws01_plubming/install/py03_action:/home/hzc/linux/ros2/stu/ws01_plubming/install/py02_seriver:/home/hzc/linux/ros2/stu/ws01_plubming/install/py01_topic:/opt/ros/lyrical DEBUGINFOD_URLS=https://debuginfod.ubuntu.com PYTHONPATH=/home/hzc/linux/ros2/stu/ws01_plubming/install/base_interfeces/lib/python3.14/site-packages:/home/hzc/linux/ros2/stu/ws01_plubming/install/py06_timer/lib/python3.14/site-packages:/home/hzc/linux/ros2/stu/ws01_plubming/install/py05_names/lib/python3.14/site-packages:/home/hzc/linux/ros2/stu/ws01_plubming/install/py04_param/lib/python3.14/site-packages:/home/hzc/linux/ros2/stu/ws01_plubming/install/py03_action/lib/python3.14/site-packages:/home/hzc/linux/ros2/stu/ws01_plubming/install/py02_seriver/lib/python3.14/site-packages:/home/hzc/linux/ros2/stu/ws01_plubming/install/py01_topic/lib/python3.14/site-packages:/opt/ros/lyrical/opt/gz_sim_vendor/lib/python:/opt/ros/lyrical/opt/gz_transport_vendor/lib/python:/opt/ros/lyrical/opt/sdformat_vendor/lib/python:/opt/ros/lyrical/opt/gz_msgs_vendor/lib/python:/opt/ros/lyrical/opt/gz_math_vendor/lib/python:/opt/ros/lyrical/lib/python3.14/site-packages /usr/bin/cmake --build /home/hzc/linux/ros2/stu/ws01_plubming/build/cpp07_exercise -- -j16 -l16
