[0.763s] Invoking command in '/home/hzc/linux/ros2/stu/ws01_plubming/src/py04_param': DEBUGINFOD_URLS=https://debuginfod.ubuntu.com PYTHONPATH=/home/hzc/linux/ros2/stu/ws01_plubming/build/py04_param/prefix_override:/usr/lib/python3/dist-packages/colcon_core/task/python/colcon_distutils_commands:/home/hzc/linux/ros2/stu/ws01_plubming/install/py04_param/lib/python3.14/site-packages:${PYTHONPATH} /usr/bin/python3 -W ignore:setup.py install is deprecated -W ignore:easy_install command is deprecated setup.py egg_info --egg-base ../../build/py04_param build --build-base /home/hzc/linux/ros2/stu/ws01_plubming/build/py04_param/build install --record /home/hzc/linux/ros2/stu/ws01_plubming/build/py04_param/install.log --single-version-externally-managed install_data
[1.045s] running egg_info
[1.064s] writing ../../build/py04_param/py04_param.egg-info/PKG-INFO
[1.065s] writing dependency_links to ../../build/py04_param/py04_param.egg-info/dependency_links.txt
[1.065s] writing entry points to ../../build/py04_param/py04_param.egg-info/entry_points.txt
[1.065s] writing requirements to ../../build/py04_param/py04_param.egg-info/requires.txt
[1.066s] writing top-level names to ../../build/py04_param/py04_param.egg-info/top_level.txt
[1.111s] reading manifest file '../../build/py04_param/py04_param.egg-info/SOURCES.txt'
[1.112s] writing manifest file '../../build/py04_param/py04_param.egg-info/SOURCES.txt'
[1.112s] running build
[1.112s] running build_py
[1.113s] copying py04_param/demo0_param.py -> /home/hzc/linux/ros2/stu/ws01_plubming/build/py04_param/build/lib/py04_param
[1.113s] copying py04_param/__init__.py -> /home/hzc/linux/ros2/stu/ws01_plubming/build/py04_param/build/lib/py04_param
[1.113s] copying py04_param/demo1_param_server.py -> /home/hzc/linux/ros2/stu/ws01_plubming/build/py04_param/build/lib/py04_param
[1.113s] copying py04_param/py.typed -> /home/hzc/linux/ros2/stu/ws01_plubming/build/py04_param/build/lib/py04_param
[1.114s] running install
[1.118s] running install_lib
[1.139s] copying /home/hzc/linux/ros2/stu/ws01_plubming/build/py04_param/build/lib/py04_param/demo1_param_server.py -> /home/hzc/linux/ros2/stu/ws01_plubming/install/py04_param/lib/python3.14/site-packages/py04_param
[1.140s] byte-compiling /home/hzc/linux/ros2/stu/ws01_plubming/install/py04_param/lib/python3.14/site-packages/py04_param/demo1_param_server.py to demo1_param_server.cpython-314.pyc
[1.141s] running install_data
[1.141s] copying resource/py04_param -> /home/hzc/linux/ros2/stu/ws01_plubming/install/py04_param/share/ament_index/resource_index/packages
[1.141s] copying package.xml -> /home/hzc/linux/ros2/stu/ws01_plubming/install/py04_param/share/py04_param
[1.141s] running install_egg_info
[1.161s] removing '/home/hzc/linux/ros2/stu/ws01_plubming/install/py04_param/lib/python3.14/site-packages/py04_param-0.0.0-py3.14.egg-info' (and everything under it)
[1.161s] Copying ../../build/py04_param/py04_param.egg-info to /home/hzc/linux/ros2/stu/ws01_plubming/install/py04_param/lib/python3.14/site-packages/py04_param-0.0.0-py3.14.egg-info
[1.162s] running install_scripts
[1.269s] Installing demo0_param script to /home/hzc/linux/ros2/stu/ws01_plubming/install/py04_param/lib/py04_param
[1.269s] Installing demo1_param_server script to /home/hzc/linux/ros2/stu/ws01_plubming/install/py04_param/lib/py04_param
[1.270s] writing list of installed files to '/home/hzc/linux/ros2/stu/ws01_plubming/build/py04_param/install.log'
[1.309s] Invoked command in '/home/hzc/linux/ros2/stu/ws01_plubming/src/py04_param' returned '0': DEBUGINFOD_URLS=https://debuginfod.ubuntu.com PYTHONPATH=/home/hzc/linux/ros2/stu/ws01_plubming/build/py04_param/prefix_override:/usr/lib/python3/dist-packages/colcon_core/task/python/colcon_distutils_commands:/home/hzc/linux/ros2/stu/ws01_plubming/install/py04_param/lib/python3.14/site-packages:${PYTHONPATH} /usr/bin/python3 -W ignore:setup.py install is deprecated -W ignore:easy_install command is deprecated setup.py egg_info --egg-base ../../build/py04_param build --build-base /home/hzc/linux/ros2/stu/ws01_plubming/build/py04_param/build install --record /home/hzc/linux/ros2/stu/ws01_plubming/build/py04_param/install.log --single-version-externally-managed install_data
