[0.891s] Invoking command in '/home/hzc/linux/ros2/stu/ws01_plubming/src/py03_action': CMAKE_PREFIX_PATH=/home/hzc/linux/ros2/stu/ws01_plubming/install/base_interfeces:/home/hzc/linux/ros2/stu/ws01_plubming/install/cpp03_action:/home/hzc/linux/ros2/stu/ws01_plubming/install/cpp02_service:/home/hzc/linux/ros2/stu/ws01_plubming/install/cpp01_topic:/opt/ros/lyrical/opt/gz_sim_vendor:/opt/ros/lyrical/opt/gz_sensors_vendor:/opt/ros/lyrical/opt/gz_gui_vendor:/opt/ros/lyrical/opt/gz_transport_vendor:/opt/ros/lyrical/opt/gz_physics_vendor:/opt/ros/lyrical/opt/sdformat_vendor:/opt/ros/lyrical/opt/gz_rendering_vendor:/opt/ros/lyrical/opt/gz_plugin_vendor:/opt/ros/lyrical/opt/gz_fuel_tools_vendor:/opt/ros/lyrical/opt/gz_msgs_vendor:/opt/ros/lyrical/opt/gz_common_vendor:/opt/ros/lyrical/opt/gz_math_vendor:/opt/ros/lyrical/opt/gz_utils_vendor:/opt/ros/lyrical/opt/gz_tools_vendor:/opt/ros/lyrical/opt/gz_ogre_next_vendor:/opt/ros/lyrical/opt/gz_dartsim_vendor:/opt/ros/lyrical/opt/gz_cmake_vendor DEBUGINFOD_URLS=https://debuginfod.ubuntu.com PYTHONPATH=/home/hzc/linux/ros2/stu/ws01_plubming/build/py03_action/prefix_override:/usr/lib/python3/dist-packages/colcon_core/task/python/colcon_distutils_commands:/home/hzc/linux/ros2/stu/ws01_plubming/install/py03_action/lib/python3.14/site-packages:/home/hzc/linux/ros2/stu/ws01_plubming/install/base_interfeces/lib/python3.14/site-packages:/home/hzc/linux/ros2/stu/ws01_plubming/install/py03_action/lib/python3.14/site-packages:/home/hzc/linux/ros2/stu/ws01_plubming/install/py02_seriver/lib/python3.14/site-packages:/home/hzc/linux/ros2/stu/ws01_plubming/install/py01_topic/lib/python3.14/site-packages:/opt/ros/lyrical/opt/gz_sim_vendor/lib/python:/opt/ros/lyrical/opt/gz_transport_vendor/lib/python:/opt/ros/lyrical/opt/sdformat_vendor/lib/python:/opt/ros/lyrical/opt/gz_msgs_vendor/lib/python:/opt/ros/lyrical/opt/gz_math_vendor/lib/python:/opt/ros/lyrical/lib/python3.14/site-packages /usr/bin/python3 -W ignore:setup.py install is deprecated -W ignore:easy_install command is deprecated setup.py egg_info --egg-base ../../build/py03_action build --build-base /home/hzc/linux/ros2/stu/ws01_plubming/build/py03_action/build install --record /home/hzc/linux/ros2/stu/ws01_plubming/build/py03_action/install.log --single-version-externally-managed install_data
[1.182s] running egg_info
[1.202s] writing ../../build/py03_action/py03_action.egg-info/PKG-INFO
[1.203s] writing dependency_links to ../../build/py03_action/py03_action.egg-info/dependency_links.txt
[1.203s] writing entry points to ../../build/py03_action/py03_action.egg-info/entry_points.txt
[1.204s] writing requirements to ../../build/py03_action/py03_action.egg-info/requires.txt
[1.204s] writing top-level names to ../../build/py03_action/py03_action.egg-info/top_level.txt
[1.248s] reading manifest file '../../build/py03_action/py03_action.egg-info/SOURCES.txt'
[1.250s] writing manifest file '../../build/py03_action/py03_action.egg-info/SOURCES.txt'
[1.250s] running build
[1.250s] running build_py
[1.251s] copying py03_action/demo1_action_server_py.py -> /home/hzc/linux/ros2/stu/ws01_plubming/build/py03_action/build/lib/py03_action
[1.251s] copying py03_action/__init__.py -> /home/hzc/linux/ros2/stu/ws01_plubming/build/py03_action/build/lib/py03_action
[1.251s] copying py03_action/demo1_action_client_py.py -> /home/hzc/linux/ros2/stu/ws01_plubming/build/py03_action/build/lib/py03_action
[1.251s] copying py03_action/py.typed -> /home/hzc/linux/ros2/stu/ws01_plubming/build/py03_action/build/lib/py03_action
[1.252s] running install
[1.258s] running install_lib
[1.282s] copying /home/hzc/linux/ros2/stu/ws01_plubming/build/py03_action/build/lib/py03_action/demo1_action_server_py.py -> /home/hzc/linux/ros2/stu/ws01_plubming/install/py03_action/lib/python3.14/site-packages/py03_action
[1.283s] byte-compiling /home/hzc/linux/ros2/stu/ws01_plubming/install/py03_action/lib/python3.14/site-packages/py03_action/demo1_action_server_py.py to demo1_action_server_py.cpython-314.pyc
[1.283s] running install_data
[1.284s] copying resource/py03_action -> /home/hzc/linux/ros2/stu/ws01_plubming/install/py03_action/share/ament_index/resource_index/packages
[1.284s] copying package.xml -> /home/hzc/linux/ros2/stu/ws01_plubming/install/py03_action/share/py03_action
[1.286s] running install_egg_info
[1.305s] removing '/home/hzc/linux/ros2/stu/ws01_plubming/install/py03_action/lib/python3.14/site-packages/py03_action-0.0.0-py3.14.egg-info' (and everything under it)
[1.305s] Copying ../../build/py03_action/py03_action.egg-info to /home/hzc/linux/ros2/stu/ws01_plubming/install/py03_action/lib/python3.14/site-packages/py03_action-0.0.0-py3.14.egg-info
[1.307s] running install_scripts
[1.422s] Installing demo1_action_client_py script to /home/hzc/linux/ros2/stu/ws01_plubming/install/py03_action/lib/py03_action
[1.422s] Installing demo1_action_server_py script to /home/hzc/linux/ros2/stu/ws01_plubming/install/py03_action/lib/py03_action
[1.423s] writing list of installed files to '/home/hzc/linux/ros2/stu/ws01_plubming/build/py03_action/install.log'
[1.474s] Invoked command in '/home/hzc/linux/ros2/stu/ws01_plubming/src/py03_action' returned '0': CMAKE_PREFIX_PATH=/home/hzc/linux/ros2/stu/ws01_plubming/install/base_interfeces:/home/hzc/linux/ros2/stu/ws01_plubming/install/cpp03_action:/home/hzc/linux/ros2/stu/ws01_plubming/install/cpp02_service:/home/hzc/linux/ros2/stu/ws01_plubming/install/cpp01_topic:/opt/ros/lyrical/opt/gz_sim_vendor:/opt/ros/lyrical/opt/gz_sensors_vendor:/opt/ros/lyrical/opt/gz_gui_vendor:/opt/ros/lyrical/opt/gz_transport_vendor:/opt/ros/lyrical/opt/gz_physics_vendor:/opt/ros/lyrical/opt/sdformat_vendor:/opt/ros/lyrical/opt/gz_rendering_vendor:/opt/ros/lyrical/opt/gz_plugin_vendor:/opt/ros/lyrical/opt/gz_fuel_tools_vendor:/opt/ros/lyrical/opt/gz_msgs_vendor:/opt/ros/lyrical/opt/gz_common_vendor:/opt/ros/lyrical/opt/gz_math_vendor:/opt/ros/lyrical/opt/gz_utils_vendor:/opt/ros/lyrical/opt/gz_tools_vendor:/opt/ros/lyrical/opt/gz_ogre_next_vendor:/opt/ros/lyrical/opt/gz_dartsim_vendor:/opt/ros/lyrical/opt/gz_cmake_vendor DEBUGINFOD_URLS=https://debuginfod.ubuntu.com PYTHONPATH=/home/hzc/linux/ros2/stu/ws01_plubming/build/py03_action/prefix_override:/usr/lib/python3/dist-packages/colcon_core/task/python/colcon_distutils_commands:/home/hzc/linux/ros2/stu/ws01_plubming/install/py03_action/lib/python3.14/site-packages:/home/hzc/linux/ros2/stu/ws01_plubming/install/base_interfeces/lib/python3.14/site-packages:/home/hzc/linux/ros2/stu/ws01_plubming/install/py03_action/lib/python3.14/site-packages:/home/hzc/linux/ros2/stu/ws01_plubming/install/py02_seriver/lib/python3.14/site-packages:/home/hzc/linux/ros2/stu/ws01_plubming/install/py01_topic/lib/python3.14/site-packages:/opt/ros/lyrical/opt/gz_sim_vendor/lib/python:/opt/ros/lyrical/opt/gz_transport_vendor/lib/python:/opt/ros/lyrical/opt/sdformat_vendor/lib/python:/opt/ros/lyrical/opt/gz_msgs_vendor/lib/python:/opt/ros/lyrical/opt/gz_math_vendor/lib/python:/opt/ros/lyrical/lib/python3.14/site-packages /usr/bin/python3 -W ignore:setup.py install is deprecated -W ignore:easy_install command is deprecated setup.py egg_info --egg-base ../../build/py03_action build --build-base /home/hzc/linux/ros2/stu/ws01_plubming/build/py03_action/build install --record /home/hzc/linux/ros2/stu/ws01_plubming/build/py03_action/install.log --single-version-externally-managed install_data
