running egg_info
writing ../../build/py06_timer/py06_timer.egg-info/PKG-INFO
writing dependency_links to ../../build/py06_timer/py06_timer.egg-info/dependency_links.txt
writing entry points to ../../build/py06_timer/py06_timer.egg-info/entry_points.txt
writing requirements to ../../build/py06_timer/py06_timer.egg-info/requires.txt
writing top-level names to ../../build/py06_timer/py06_timer.egg-info/top_level.txt
reading manifest file '../../build/py06_timer/py06_timer.egg-info/SOURCES.txt'
writing manifest file '../../build/py06_timer/py06_timer.egg-info/SOURCES.txt'
running build
running build_py
copying py06_timer/deme1_timer_py.py -> /home/hzc/linux/ros2/stu/ws01_plubming/build/py06_timer/build/lib/py06_timer
copying py06_timer/__init__.py -> /home/hzc/linux/ros2/stu/ws01_plubming/build/py06_timer/build/lib/py06_timer
copying py06_timer/py.typed -> /home/hzc/linux/ros2/stu/ws01_plubming/build/py06_timer/build/lib/py06_timer
running install
running install_lib
running install_data
copying resource/py06_timer -> /home/hzc/linux/ros2/stu/ws01_plubming/install/py06_timer/share/ament_index/resource_index/packages
copying package.xml -> /home/hzc/linux/ros2/stu/ws01_plubming/install/py06_timer/share/py06_timer
running install_egg_info
removing '/home/hzc/linux/ros2/stu/ws01_plubming/install/py06_timer/lib/python3.14/site-packages/py06_timer-0.0.0-py3.14.egg-info' (and everything under it)
Copying ../../build/py06_timer/py06_timer.egg-info to /home/hzc/linux/ros2/stu/ws01_plubming/install/py06_timer/lib/python3.14/site-packages/py06_timer-0.0.0-py3.14.egg-info
running install_scripts
Installing deme1_timer_py script to /home/hzc/linux/ros2/stu/ws01_plubming/install/py06_timer/lib/py06_timer
writing list of installed files to '/home/hzc/linux/ros2/stu/ws01_plubming/build/py06_timer/install.log'
