[0.821s] Invoking command in '/home/hzc/linux/ros2/stu/ws01_plubming/src/py06_timer': DEBUGINFOD_URLS=https://debuginfod.ubuntu.com PYTHONPATH=/home/hzc/linux/ros2/stu/ws01_plubming/build/py06_timer/prefix_override:/usr/lib/python3/dist-packages/colcon_core/task/python/colcon_distutils_commands:/home/hzc/linux/ros2/stu/ws01_plubming/install/py06_timer/lib/python3.14/site-packages:${PYTHONPATH} /usr/bin/python3 -W ignore:setup.py install is deprecated -W ignore:easy_install command is deprecated setup.py egg_info --egg-base ../../build/py06_timer build --build-base /home/hzc/linux/ros2/stu/ws01_plubming/build/py06_timer/build install --record /home/hzc/linux/ros2/stu/ws01_plubming/build/py06_timer/install.log --single-version-externally-managed install_data
[1.116s] running egg_info
[1.138s] writing ../../build/py06_timer/py06_timer.egg-info/PKG-INFO
[1.139s] writing dependency_links to ../../build/py06_timer/py06_timer.egg-info/dependency_links.txt
[1.139s] writing entry points to ../../build/py06_timer/py06_timer.egg-info/entry_points.txt
[1.139s] writing requirements to ../../build/py06_timer/py06_timer.egg-info/requires.txt
[1.139s] writing top-level names to ../../build/py06_timer/py06_timer.egg-info/top_level.txt
[1.187s] reading manifest file '../../build/py06_timer/py06_timer.egg-info/SOURCES.txt'
[1.189s] writing manifest file '../../build/py06_timer/py06_timer.egg-info/SOURCES.txt'
[1.189s] running build
[1.189s] running build_py
[1.189s] copying py06_timer/deme1_timer_py.py -> /home/hzc/linux/ros2/stu/ws01_plubming/build/py06_timer/build/lib/py06_timer
[1.189s] copying py06_timer/__init__.py -> /home/hzc/linux/ros2/stu/ws01_plubming/build/py06_timer/build/lib/py06_timer
[1.190s] copying py06_timer/py.typed -> /home/hzc/linux/ros2/stu/ws01_plubming/build/py06_timer/build/lib/py06_timer
[1.190s] running install
[1.194s] running install_lib
[1.218s] running install_data
[1.218s] copying resource/py06_timer -> /home/hzc/linux/ros2/stu/ws01_plubming/install/py06_timer/share/ament_index/resource_index/packages
[1.218s] copying package.xml -> /home/hzc/linux/ros2/stu/ws01_plubming/install/py06_timer/share/py06_timer
[1.218s] running install_egg_info
[1.242s] removing '/home/hzc/linux/ros2/stu/ws01_plubming/install/py06_timer/lib/python3.14/site-packages/py06_timer-0.0.0-py3.14.egg-info' (and everything under it)
[1.242s] Copying ../../build/py06_timer/py06_timer.egg-info to /home/hzc/linux/ros2/stu/ws01_plubming/install/py06_timer/lib/python3.14/site-packages/py06_timer-0.0.0-py3.14.egg-info
[1.244s] running install_scripts
[1.359s] Installing deme1_timer_py script to /home/hzc/linux/ros2/stu/ws01_plubming/install/py06_timer/lib/py06_timer
[1.359s] writing list of installed files to '/home/hzc/linux/ros2/stu/ws01_plubming/build/py06_timer/install.log'
[1.394s] Invoked command in '/home/hzc/linux/ros2/stu/ws01_plubming/src/py06_timer' returned '0': DEBUGINFOD_URLS=https://debuginfod.ubuntu.com PYTHONPATH=/home/hzc/linux/ros2/stu/ws01_plubming/build/py06_timer/prefix_override:/usr/lib/python3/dist-packages/colcon_core/task/python/colcon_distutils_commands:/home/hzc/linux/ros2/stu/ws01_plubming/install/py06_timer/lib/python3.14/site-packages:${PYTHONPATH} /usr/bin/python3 -W ignore:setup.py install is deprecated -W ignore:easy_install command is deprecated setup.py egg_info --egg-base ../../build/py06_timer build --build-base /home/hzc/linux/ros2/stu/ws01_plubming/build/py06_timer/build install --record /home/hzc/linux/ros2/stu/ws01_plubming/build/py06_timer/install.log --single-version-externally-managed install_data
