[0.011s] Invoking command in '/shared/ws1_stu/build/cpp1_gazebo': CMAKE_PREFIX_PATH=${CMAKE_PREFIX_PATH}:/opt/ros/humble /usr/bin/cmake /shared/ws1_stu/src/cpp1_gazebo -DCMAKE_INSTALL_PREFIX=/shared/ws1_stu/install/cpp1_gazebo
[0.022s] -- Found ament_cmake: 1.3.14 (/opt/ros/humble/share/ament_cmake/cmake)
[0.120s] -- Override CMake install command with custom implementation using symlinks instead of copying resources
[0.126s] -- Found ament_lint_auto: 0.12.15 (/opt/ros/humble/share/ament_lint_auto/cmake)
[0.182s] -- Added test 'flake8' to check Python code syntax and style conventions
[0.183s] -- Added test 'lint_cmake' to check CMake code style
[0.183s] -- Added test 'pep257' to check Python code against some of the docstring style conventions in PEP 257
[0.185s] -- Added test 'xmllint' to check XML markup files
[0.186s] -- Configuring done
[0.189s] -- Generating done
[0.190s] -- Build files have been written to: /shared/ws1_stu/build/cpp1_gazebo
[0.193s] Invoked command in '/shared/ws1_stu/build/cpp1_gazebo' returned '0': CMAKE_PREFIX_PATH=${CMAKE_PREFIX_PATH}:/opt/ros/humble /usr/bin/cmake /shared/ws1_stu/src/cpp1_gazebo -DCMAKE_INSTALL_PREFIX=/shared/ws1_stu/install/cpp1_gazebo
[0.195s] Invoking command in '/shared/ws1_stu/build/cpp1_gazebo': CMAKE_PREFIX_PATH=${CMAKE_PREFIX_PATH}:/opt/ros/humble /usr/bin/cmake --build /shared/ws1_stu/build/cpp1_gazebo -- -j12 -l12
[0.232s] Invoked command in '/shared/ws1_stu/build/cpp1_gazebo' returned '0': CMAKE_PREFIX_PATH=${CMAKE_PREFIX_PATH}:/opt/ros/humble /usr/bin/cmake --build /shared/ws1_stu/build/cpp1_gazebo -- -j12 -l12
[0.241s] Invoking command in '/shared/ws1_stu/build/cpp1_gazebo': CMAKE_PREFIX_PATH=${CMAKE_PREFIX_PATH}:/opt/ros/humble /usr/bin/cmake --install /shared/ws1_stu/build/cpp1_gazebo
[0.247s] -- Install configuration: ""
[0.247s] -- Execute custom install script
[0.248s] -- Up-to-date symlink: /shared/ws1_stu/install/cpp1_gazebo/share/cpp1_gazebo/urdf/car/actuator/caster.urdf.xacro
[0.248s] -- Up-to-date symlink: /shared/ws1_stu/install/cpp1_gazebo/share/cpp1_gazebo/urdf/car/actuator/wheel.urdf.xacro
[0.248s] -- Up-to-date symlink: /shared/ws1_stu/install/cpp1_gazebo/share/cpp1_gazebo/urdf/car/base.urdf.xacro
[0.248s] -- Up-to-date symlink: /shared/ws1_stu/install/cpp1_gazebo/share/cpp1_gazebo/urdf/car/car.urdf.xacro
[0.248s] -- Up-to-date symlink: /shared/ws1_stu/install/cpp1_gazebo/share/cpp1_gazebo/urdf/car/common_inertia.xacro
[0.248s] -- Up-to-date symlink: /shared/ws1_stu/install/cpp1_gazebo/share/cpp1_gazebo/urdf/car/plugins/gazebo_control_plugin.xacro
[0.248s] -- Up-to-date symlink: /shared/ws1_stu/install/cpp1_gazebo/share/cpp1_gazebo/urdf/car/plugins/gazebo_sensor_plugin.xacro
[0.248s] -- Up-to-date symlink: /shared/ws1_stu/install/cpp1_gazebo/share/cpp1_gazebo/urdf/car/sensor/camera.urdf.xacro
[0.249s] -- Up-to-date symlink: /shared/ws1_stu/install/cpp1_gazebo/share/cpp1_gazebo/urdf/car/sensor/imu.urdf.xacro
[0.249s] -- Up-to-date symlink: /shared/ws1_stu/install/cpp1_gazebo/share/cpp1_gazebo/urdf/car/sensor/laser.urdf.xacro
[0.249s] -- Up-to-date symlink: /shared/ws1_stu/install/cpp1_gazebo/share/cpp1_gazebo/urdf/first_rebot.urdf
[0.249s] -- Up-to-date symlink: /shared/ws1_stu/install/cpp1_gazebo/share/cpp1_gazebo/urdf/first_rebot.xacro
[0.249s] -- Up-to-date symlink: /shared/ws1_stu/install/cpp1_gazebo/share/cpp1_gazebo/launch/display_robot.launch.py
[0.249s] -- Up-to-date symlink: /shared/ws1_stu/install/cpp1_gazebo/share/cpp1_gazebo/launch/gazebo_sim.launch.py
[0.249s] -- Up-to-date symlink: /shared/ws1_stu/install/cpp1_gazebo/share/cpp1_gazebo/config/display_mode.rviz
[0.250s] -- Up-to-date symlink: /shared/ws1_stu/install/cpp1_gazebo/share/cpp1_gazebo/world/custom_home.world
[0.250s] -- Up-to-date symlink: /shared/ws1_stu/install/cpp1_gazebo/share/cpp1_gazebo/world/home/model.config
[0.250s] -- Up-to-date symlink: /shared/ws1_stu/install/cpp1_gazebo/share/cpp1_gazebo/world/home/model.sdf
[0.250s] -- Up-to-date symlink: /shared/ws1_stu/install/cpp1_gazebo/share/ament_index/resource_index/package_run_dependencies/cpp1_gazebo
[0.250s] -- Up-to-date symlink: /shared/ws1_stu/install/cpp1_gazebo/share/ament_index/resource_index/parent_prefix_path/cpp1_gazebo
[0.250s] -- Up-to-date symlink: /shared/ws1_stu/install/cpp1_gazebo/share/cpp1_gazebo/environment/ament_prefix_path.sh
[0.250s] -- Up-to-date symlink: /shared/ws1_stu/install/cpp1_gazebo/share/cpp1_gazebo/environment/ament_prefix_path.dsv
[0.250s] -- Up-to-date symlink: /shared/ws1_stu/install/cpp1_gazebo/share/cpp1_gazebo/environment/path.sh
[0.251s] -- Up-to-date symlink: /shared/ws1_stu/install/cpp1_gazebo/share/cpp1_gazebo/environment/path.dsv
[0.251s] -- Up-to-date symlink: /shared/ws1_stu/install/cpp1_gazebo/share/cpp1_gazebo/local_setup.bash
[0.251s] -- Up-to-date symlink: /shared/ws1_stu/install/cpp1_gazebo/share/cpp1_gazebo/local_setup.sh
[0.251s] -- Up-to-date symlink: /shared/ws1_stu/install/cpp1_gazebo/share/cpp1_gazebo/local_setup.zsh
[0.251s] -- Up-to-date symlink: /shared/ws1_stu/install/cpp1_gazebo/share/cpp1_gazebo/local_setup.dsv
[0.251s] -- Symlinking: /shared/ws1_stu/install/cpp1_gazebo/share/cpp1_gazebo/package.dsv
[0.259s] -- Up-to-date symlink: /shared/ws1_stu/install/cpp1_gazebo/share/ament_index/resource_index/packages/cpp1_gazebo
[0.259s] -- Up-to-date symlink: /shared/ws1_stu/install/cpp1_gazebo/share/cpp1_gazebo/cmake/cpp1_gazeboConfig.cmake
[0.259s] -- Up-to-date symlink: /shared/ws1_stu/install/cpp1_gazebo/share/cpp1_gazebo/cmake/cpp1_gazeboConfig-version.cmake
[0.259s] -- Up-to-date symlink: /shared/ws1_stu/install/cpp1_gazebo/share/cpp1_gazebo/package.xml
[0.261s] Invoked command in '/shared/ws1_stu/build/cpp1_gazebo' returned '0': CMAKE_PREFIX_PATH=${CMAKE_PREFIX_PATH}:/opt/ros/humble /usr/bin/cmake --install /shared/ws1_stu/build/cpp1_gazebo
