[0.033s] Invoking command in '/shared/ws1_stu/build/cpp2_slam': CMAKE_PREFIX_PATH=${CMAKE_PREFIX_PATH}:/shared/ws1_stu/install/py1_car_application:/opt/ros/humble /usr/bin/cmake --build /shared/ws1_stu/build/cpp2_slam -- -j12 -l12
[0.318s] Invoked command in '/shared/ws1_stu/build/cpp2_slam' returned '0': CMAKE_PREFIX_PATH=${CMAKE_PREFIX_PATH}:/shared/ws1_stu/install/py1_car_application:/opt/ros/humble /usr/bin/cmake --build /shared/ws1_stu/build/cpp2_slam -- -j12 -l12
[0.330s] Invoking command in '/shared/ws1_stu/build/cpp2_slam': CMAKE_PREFIX_PATH=${CMAKE_PREFIX_PATH}:/shared/ws1_stu/install/py1_car_application:/opt/ros/humble /usr/bin/cmake --install /shared/ws1_stu/build/cpp2_slam
[0.339s] -- Install configuration: ""
[0.343s] -- Up-to-date: /shared/ws1_stu/install/cpp2_slam/share/cpp2_slam/urdf
[0.343s] -- Up-to-date: /shared/ws1_stu/install/cpp2_slam/share/cpp2_slam/urdf/first_rebot.urdf
[0.343s] -- Up-to-date: /shared/ws1_stu/install/cpp2_slam/share/cpp2_slam/urdf/first_rebot.xacro
[0.343s] -- Up-to-date: /shared/ws1_stu/install/cpp2_slam/share/cpp2_slam/urdf/car
[0.344s] -- Up-to-date: /shared/ws1_stu/install/cpp2_slam/share/cpp2_slam/urdf/car/plugins
[0.344s] -- Up-to-date: /shared/ws1_stu/install/cpp2_slam/share/cpp2_slam/urdf/car/plugins/gazebo_sensor_plugin.xacro
[0.346s] -- Up-to-date: /shared/ws1_stu/install/cpp2_slam/share/cpp2_slam/urdf/car/plugins/gazebo_control_plugin.xacro
[0.346s] -- Up-to-date: /shared/ws1_stu/install/cpp2_slam/share/cpp2_slam/urdf/car/sensor
[0.347s] -- Up-to-date: /shared/ws1_stu/install/cpp2_slam/share/cpp2_slam/urdf/car/sensor/camera.urdf.xacro
[0.347s] -- Up-to-date: /shared/ws1_stu/install/cpp2_slam/share/cpp2_slam/urdf/car/sensor/laser.urdf.xacro
[0.348s] -- Up-to-date: /shared/ws1_stu/install/cpp2_slam/share/cpp2_slam/urdf/car/sensor/imu.urdf.xacro
[0.348s] -- Up-to-date: /shared/ws1_stu/install/cpp2_slam/share/cpp2_slam/urdf/car/actuator
[0.348s] -- Up-to-date: /shared/ws1_stu/install/cpp2_slam/share/cpp2_slam/urdf/car/actuator/wheel.urdf.xacro
[0.348s] -- Up-to-date: /shared/ws1_stu/install/cpp2_slam/share/cpp2_slam/urdf/car/actuator/caster.urdf.xacro
[0.348s] -- Up-to-date: /shared/ws1_stu/install/cpp2_slam/share/cpp2_slam/urdf/car/car.urdf.xacro
[0.349s] -- Up-to-date: /shared/ws1_stu/install/cpp2_slam/share/cpp2_slam/urdf/car/base.urdf.xacro
[0.349s] -- Up-to-date: /shared/ws1_stu/install/cpp2_slam/share/cpp2_slam/urdf/car/car_ros2_control.xacro
[0.349s] -- Up-to-date: /shared/ws1_stu/install/cpp2_slam/share/cpp2_slam/urdf/car/common_inertia.xacro
[0.349s] -- Up-to-date: /shared/ws1_stu/install/cpp2_slam/share/cpp2_slam/launch
[0.349s] -- Up-to-date: /shared/ws1_stu/install/cpp2_slam/share/cpp2_slam/launch/display_robot.launch.py
[0.350s] -- Up-to-date: /shared/ws1_stu/install/cpp2_slam/share/cpp2_slam/launch/gazebo_sim.launch.py
[0.350s] -- Up-to-date: /shared/ws1_stu/install/cpp2_slam/share/cpp2_slam/config
[0.351s] -- Up-to-date: /shared/ws1_stu/install/cpp2_slam/share/cpp2_slam/config/car_ros2_controller.yaml
[0.353s] -- Up-to-date: /shared/ws1_stu/install/cpp2_slam/share/cpp2_slam/config/display_mode.rviz
[0.353s] -- Up-to-date: /shared/ws1_stu/install/cpp2_slam/share/cpp2_slam/world
[0.353s] -- Up-to-date: /shared/ws1_stu/install/cpp2_slam/share/cpp2_slam/world/custom_home1.world
[0.353s] -- Up-to-date: /shared/ws1_stu/install/cpp2_slam/share/cpp2_slam/world/home
[0.353s] -- Up-to-date: /shared/ws1_stu/install/cpp2_slam/share/cpp2_slam/world/home/model.config
[0.353s] -- Up-to-date: /shared/ws1_stu/install/cpp2_slam/share/cpp2_slam/world/home/model.sdf
[0.353s] -- Up-to-date: /shared/ws1_stu/install/cpp2_slam/share/cpp2_slam/world/custom_home.world
[0.353s] -- Up-to-date: /shared/ws1_stu/install/cpp2_slam/share/ament_index/resource_index/package_run_dependencies/cpp2_slam
[0.354s] -- Up-to-date: /shared/ws1_stu/install/cpp2_slam/share/ament_index/resource_index/parent_prefix_path/cpp2_slam
[0.354s] -- Up-to-date: /shared/ws1_stu/install/cpp2_slam/share/cpp2_slam/environment/ament_prefix_path.sh
[0.355s] -- Up-to-date: /shared/ws1_stu/install/cpp2_slam/share/cpp2_slam/environment/ament_prefix_path.dsv
[0.355s] -- Up-to-date: /shared/ws1_stu/install/cpp2_slam/share/cpp2_slam/environment/path.sh
[0.355s] -- Up-to-date: /shared/ws1_stu/install/cpp2_slam/share/cpp2_slam/environment/path.dsv
[0.356s] -- Up-to-date: /shared/ws1_stu/install/cpp2_slam/share/cpp2_slam/local_setup.bash
[0.356s] -- Up-to-date: /shared/ws1_stu/install/cpp2_slam/share/cpp2_slam/local_setup.sh
[0.356s] -- Up-to-date: /shared/ws1_stu/install/cpp2_slam/share/cpp2_slam/local_setup.zsh
[0.356s] -- Up-to-date: /shared/ws1_stu/install/cpp2_slam/share/cpp2_slam/local_setup.dsv
[0.357s] -- Installing: /shared/ws1_stu/install/cpp2_slam/share/cpp2_slam/package.dsv
[0.359s] -- Up-to-date: /shared/ws1_stu/install/cpp2_slam/share/ament_index/resource_index/packages/cpp2_slam
[0.360s] -- Up-to-date: /shared/ws1_stu/install/cpp2_slam/share/cpp2_slam/cmake/cpp2_slamConfig.cmake
[0.362s] -- Up-to-date: /shared/ws1_stu/install/cpp2_slam/share/cpp2_slam/cmake/cpp2_slamConfig-version.cmake
[0.363s] -- Up-to-date: /shared/ws1_stu/install/cpp2_slam/share/cpp2_slam/package.xml
[0.369s] Invoked command in '/shared/ws1_stu/build/cpp2_slam' returned '0': CMAKE_PREFIX_PATH=${CMAKE_PREFIX_PATH}:/shared/ws1_stu/install/py1_car_application:/opt/ros/humble /usr/bin/cmake --install /shared/ws1_stu/build/cpp2_slam
