[0.013s] Invoking command in '/home/hzc/linux/ros2/stu/ws01_plubming/build/cpp02_service': CMAKE_PREFIX_PATH=${CMAKE_PREFIX_PATH}:/home/hzc/linux/ros2/stu/ws01_plubming/install/py02_seriver:/home/hzc/linux/ros2/stu/ws01_plubming/install/py01_topic:/opt/ros/lyrical DEBUGINFOD_URLS=https://debuginfod.ubuntu.com /usr/bin/cmake --build /home/hzc/linux/ros2/stu/ws01_plubming/build/cpp02_service -- -j16 -l16
[0.082s] [ 50%] Built target demo1_server
[0.102s] [ 75%] [32mBuilding CXX object CMakeFiles/demo1_client.dir/src/demo1_client.cpp.o[0m
[4.773s] [100%] [1m[32mLinking CXX executable demo1_client[0m
[4.956s] [100%] Built target demo1_client
[4.973s] Invoked command in '/home/hzc/linux/ros2/stu/ws01_plubming/build/cpp02_service' returned '0': CMAKE_PREFIX_PATH=${CMAKE_PREFIX_PATH}:/home/hzc/linux/ros2/stu/ws01_plubming/install/py02_seriver:/home/hzc/linux/ros2/stu/ws01_plubming/install/py01_topic:/opt/ros/lyrical DEBUGINFOD_URLS=https://debuginfod.ubuntu.com /usr/bin/cmake --build /home/hzc/linux/ros2/stu/ws01_plubming/build/cpp02_service -- -j16 -l16
[4.988s] Invoking command in '/home/hzc/linux/ros2/stu/ws01_plubming/build/cpp02_service': CMAKE_PREFIX_PATH=${CMAKE_PREFIX_PATH}:/home/hzc/linux/ros2/stu/ws01_plubming/install/py02_seriver:/home/hzc/linux/ros2/stu/ws01_plubming/install/py01_topic:/opt/ros/lyrical DEBUGINFOD_URLS=https://debuginfod.ubuntu.com /usr/bin/cmake --install /home/hzc/linux/ros2/stu/ws01_plubming/build/cpp02_service
[4.999s] -- Install configuration: ""
[5.000s] -- Up-to-date: /home/hzc/linux/ros2/stu/ws01_plubming/install/cpp02_service/lib/cpp02_service/demo1_server
[5.001s] -- Installing: /home/hzc/linux/ros2/stu/ws01_plubming/install/cpp02_service/lib/cpp02_service/demo1_client
[5.001s] -- Set non-toolchain portion of runtime path of "/home/hzc/linux/ros2/stu/ws01_plubming/install/cpp02_service/lib/cpp02_service/demo1_client" to ""
[5.001s] -- Up-to-date: /home/hzc/linux/ros2/stu/ws01_plubming/install/cpp02_service/share/ament_index/resource_index/package_run_dependencies/cpp02_service
[5.002s] -- Up-to-date: /home/hzc/linux/ros2/stu/ws01_plubming/install/cpp02_service/share/ament_index/resource_index/parent_prefix_path/cpp02_service
[5.002s] -- Up-to-date: /home/hzc/linux/ros2/stu/ws01_plubming/install/cpp02_service/share/cpp02_service/environment/ament_prefix_path.sh
[5.002s] -- Up-to-date: /home/hzc/linux/ros2/stu/ws01_plubming/install/cpp02_service/share/cpp02_service/environment/ament_prefix_path.dsv
[5.002s] -- Up-to-date: /home/hzc/linux/ros2/stu/ws01_plubming/install/cpp02_service/share/cpp02_service/environment/path.sh
[5.002s] -- Up-to-date: /home/hzc/linux/ros2/stu/ws01_plubming/install/cpp02_service/share/cpp02_service/environment/path.dsv
[5.002s] -- Up-to-date: /home/hzc/linux/ros2/stu/ws01_plubming/install/cpp02_service/share/cpp02_service/local_setup.bash
[5.002s] -- Up-to-date: /home/hzc/linux/ros2/stu/ws01_plubming/install/cpp02_service/share/cpp02_service/local_setup.fish
[5.003s] -- Up-to-date: /home/hzc/linux/ros2/stu/ws01_plubming/install/cpp02_service/share/cpp02_service/local_setup.sh
[5.003s] -- Up-to-date: /home/hzc/linux/ros2/stu/ws01_plubming/install/cpp02_service/share/cpp02_service/local_setup.zsh
[5.003s] -- Up-to-date: /home/hzc/linux/ros2/stu/ws01_plubming/install/cpp02_service/share/cpp02_service/local_setup.dsv
[5.003s] -- Installing: /home/hzc/linux/ros2/stu/ws01_plubming/install/cpp02_service/share/cpp02_service/package.dsv
[5.003s] -- Up-to-date: /home/hzc/linux/ros2/stu/ws01_plubming/install/cpp02_service/share/ament_index/resource_index/packages/cpp02_service
[5.003s] -- Up-to-date: /home/hzc/linux/ros2/stu/ws01_plubming/install/cpp02_service/share/cpp02_service/cmake/cpp02_serviceConfig.cmake
[5.003s] -- Up-to-date: /home/hzc/linux/ros2/stu/ws01_plubming/install/cpp02_service/share/cpp02_service/cmake/cpp02_serviceConfig-version.cmake
[5.003s] -- Up-to-date: /home/hzc/linux/ros2/stu/ws01_plubming/install/cpp02_service/share/cpp02_service/package.xml
[5.006s] Invoked command in '/home/hzc/linux/ros2/stu/ws01_plubming/build/cpp02_service' returned '0': CMAKE_PREFIX_PATH=${CMAKE_PREFIX_PATH}:/home/hzc/linux/ros2/stu/ws01_plubming/install/py02_seriver:/home/hzc/linux/ros2/stu/ws01_plubming/install/py01_topic:/opt/ros/lyrical DEBUGINFOD_URLS=https://debuginfod.ubuntu.com /usr/bin/cmake --install /home/hzc/linux/ros2/stu/ws01_plubming/build/cpp02_service
