[0.041s] Invoking command in '/home/hzc/linux/ros2/stu/ws02_tools/build/cpp8_urdf_plus': CMAKE_PREFIX_PATH=${CMAKE_PREFIX_PATH}:/opt/ros/lyrical DEBUGINFOD_URLS=https://debuginfod.ubuntu.com /usr/bin/cmake --build /home/hzc/linux/ros2/stu/ws02_tools/build/cpp8_urdf_plus -- -j12 -l12
[0.667s] Invoked command in '/home/hzc/linux/ros2/stu/ws02_tools/build/cpp8_urdf_plus' returned '0': CMAKE_PREFIX_PATH=${CMAKE_PREFIX_PATH}:/opt/ros/lyrical DEBUGINFOD_URLS=https://debuginfod.ubuntu.com /usr/bin/cmake --build /home/hzc/linux/ros2/stu/ws02_tools/build/cpp8_urdf_plus -- -j12 -l12
[0.668s] Invoking command in '/home/hzc/linux/ros2/stu/ws02_tools/build/cpp8_urdf_plus': CMAKE_PREFIX_PATH=${CMAKE_PREFIX_PATH}:/opt/ros/lyrical DEBUGINFOD_URLS=https://debuginfod.ubuntu.com /usr/bin/cmake --install /home/hzc/linux/ros2/stu/ws02_tools/build/cpp8_urdf_plus
[1.048s] -- Install configuration: ""
[1.048s] -- Up-to-date: /home/hzc/linux/ros2/stu/ws02_tools/install/cpp8_urdf_plus/share/cpp8_urdf_plus/launch
[1.049s] -- Up-to-date: /home/hzc/linux/ros2/stu/ws02_tools/install/cpp8_urdf_plus/share/cpp8_urdf_plus/launch/display_robot.launch.py
[1.049s] -- Up-to-date: /home/hzc/linux/ros2/stu/ws02_tools/install/cpp8_urdf_plus/share/cpp8_urdf_plus/urdf
[1.049s] -- Up-to-date: /home/hzc/linux/ros2/stu/ws02_tools/install/cpp8_urdf_plus/share/cpp8_urdf_plus/urdf/first_rebot.urdf
[1.049s] -- Up-to-date: /home/hzc/linux/ros2/stu/ws02_tools/install/cpp8_urdf_plus/share/cpp8_urdf_plus/urdf/first_rebot.xacro
[1.049s] -- Installing: /home/hzc/linux/ros2/stu/ws02_tools/install/cpp8_urdf_plus/share/cpp8_urdf_plus/urdf/fishbot
[1.049s] -- Installing: /home/hzc/linux/ros2/stu/ws02_tools/install/cpp8_urdf_plus/share/cpp8_urdf_plus/urdf/fishbot/sensor
[1.049s] -- Installing: /home/hzc/linux/ros2/stu/ws02_tools/install/cpp8_urdf_plus/share/cpp8_urdf_plus/urdf/fishbot/sensor/camera.urdf.xacro
[1.049s] -- Installing: /home/hzc/linux/ros2/stu/ws02_tools/install/cpp8_urdf_plus/share/cpp8_urdf_plus/urdf/fishbot/sensor/laser.urdf.xacro
[1.049s] -- Installing: /home/hzc/linux/ros2/stu/ws02_tools/install/cpp8_urdf_plus/share/cpp8_urdf_plus/urdf/fishbot/sensor/imu.urdf.xacro
[1.049s] -- Installing: /home/hzc/linux/ros2/stu/ws02_tools/install/cpp8_urdf_plus/share/cpp8_urdf_plus/urdf/fishbot/base_urdf.xacro
[1.049s] -- Installing: /home/hzc/linux/ros2/stu/ws02_tools/install/cpp8_urdf_plus/share/cpp8_urdf_plus/urdf/fishbot/fishbot.urdf.xacro
[1.050s] -- Up-to-date: /home/hzc/linux/ros2/stu/ws02_tools/install/cpp8_urdf_plus/share/cpp8_urdf_plus/urdf/first_robot.pdf
[1.051s] -- Up-to-date: /home/hzc/linux/ros2/stu/ws02_tools/install/cpp8_urdf_plus/share/cpp8_urdf_plus/urdf/first_robot.gv
[1.053s] -- Up-to-date: /home/hzc/linux/ros2/stu/ws02_tools/install/cpp8_urdf_plus/share/cpp8_urdf_plus/config
[1.053s] -- Up-to-date: /home/hzc/linux/ros2/stu/ws02_tools/install/cpp8_urdf_plus/share/cpp8_urdf_plus/config/robot_model.rviz
[1.054s] -- Up-to-date: /home/hzc/linux/ros2/stu/ws02_tools/install/cpp8_urdf_plus/share/ament_index/resource_index/package_run_dependencies/cpp8_urdf_plus
[1.054s] -- Up-to-date: /home/hzc/linux/ros2/stu/ws02_tools/install/cpp8_urdf_plus/share/ament_index/resource_index/parent_prefix_path/cpp8_urdf_plus
[1.055s] -- Up-to-date: /home/hzc/linux/ros2/stu/ws02_tools/install/cpp8_urdf_plus/share/cpp8_urdf_plus/environment/ament_prefix_path.sh
[1.055s] -- Up-to-date: /home/hzc/linux/ros2/stu/ws02_tools/install/cpp8_urdf_plus/share/cpp8_urdf_plus/environment/ament_prefix_path.dsv
[1.056s] -- Up-to-date: /home/hzc/linux/ros2/stu/ws02_tools/install/cpp8_urdf_plus/share/cpp8_urdf_plus/environment/path.sh
[1.056s] -- Up-to-date: /home/hzc/linux/ros2/stu/ws02_tools/install/cpp8_urdf_plus/share/cpp8_urdf_plus/environment/path.dsv
[1.056s] -- Up-to-date: /home/hzc/linux/ros2/stu/ws02_tools/install/cpp8_urdf_plus/share/cpp8_urdf_plus/local_setup.bash
[1.057s] -- Up-to-date: /home/hzc/linux/ros2/stu/ws02_tools/install/cpp8_urdf_plus/share/cpp8_urdf_plus/local_setup.fish
[1.057s] -- Up-to-date: /home/hzc/linux/ros2/stu/ws02_tools/install/cpp8_urdf_plus/share/cpp8_urdf_plus/local_setup.sh
[1.058s] -- Up-to-date: /home/hzc/linux/ros2/stu/ws02_tools/install/cpp8_urdf_plus/share/cpp8_urdf_plus/local_setup.zsh
[1.058s] -- Up-to-date: /home/hzc/linux/ros2/stu/ws02_tools/install/cpp8_urdf_plus/share/cpp8_urdf_plus/local_setup.dsv
[1.058s] -- Installing: /home/hzc/linux/ros2/stu/ws02_tools/install/cpp8_urdf_plus/share/cpp8_urdf_plus/package.dsv
[1.058s] -- Up-to-date: /home/hzc/linux/ros2/stu/ws02_tools/install/cpp8_urdf_plus/share/ament_index/resource_index/packages/cpp8_urdf_plus
[1.058s] -- Up-to-date: /home/hzc/linux/ros2/stu/ws02_tools/install/cpp8_urdf_plus/share/cpp8_urdf_plus/cmake/cpp8_urdf_plusConfig.cmake
[1.064s] -- Up-to-date: /home/hzc/linux/ros2/stu/ws02_tools/install/cpp8_urdf_plus/share/cpp8_urdf_plus/cmake/cpp8_urdf_plusConfig-version.cmake
[1.064s] -- Up-to-date: /home/hzc/linux/ros2/stu/ws02_tools/install/cpp8_urdf_plus/share/cpp8_urdf_plus/package.xml
[1.080s] Invoked command in '/home/hzc/linux/ros2/stu/ws02_tools/build/cpp8_urdf_plus' returned '0': CMAKE_PREFIX_PATH=${CMAKE_PREFIX_PATH}:/opt/ros/lyrical DEBUGINFOD_URLS=https://debuginfod.ubuntu.com /usr/bin/cmake --install /home/hzc/linux/ros2/stu/ws02_tools/build/cpp8_urdf_plus
