[ 40%] Built target exer1_client
[ 40%] Built target exer1_server
[ 60%] Built target exer2_action_client
[ 80%] Built target exer1_pub_sub
[ 90%] [32mBuilding CXX object CMakeFiles/exer2_action_server.dir/src/exer2_action_server.cpp.o[0m
[100%] [1m[32mLinking CXX executable exer2_action_server[0m
[100%] Built target exer2_action_server
-- Install configuration: ""
-- Up-to-date: /home/hzc/linux/ros2/stu/ws01_plubming/install/cpp07_exercise/lib/cpp07_exercise/exer1_pub_sub
-- Up-to-date: /home/hzc/linux/ros2/stu/ws01_plubming/install/cpp07_exercise/lib/cpp07_exercise/exer1_server
-- Up-to-date: /home/hzc/linux/ros2/stu/ws01_plubming/install/cpp07_exercise/lib/cpp07_exercise/exer1_client
-- Up-to-date: /home/hzc/linux/ros2/stu/ws01_plubming/install/cpp07_exercise/lib/cpp07_exercise/exer2_action_client
-- Installing: /home/hzc/linux/ros2/stu/ws01_plubming/install/cpp07_exercise/lib/cpp07_exercise/exer2_action_server
-- Set non-toolchain portion of runtime path of "/home/hzc/linux/ros2/stu/ws01_plubming/install/cpp07_exercise/lib/cpp07_exercise/exer2_action_server" to ""
-- Up-to-date: /home/hzc/linux/ros2/stu/ws01_plubming/install/cpp07_exercise/share/cpp07_exercise/launch
-- Up-to-date: /home/hzc/linux/ros2/stu/ws01_plubming/install/cpp07_exercise/share/cpp07_exercise/launch/exer1_pub_sub_launch.py
-- Up-to-date: /home/hzc/linux/ros2/stu/ws01_plubming/install/cpp07_exercise/share/cpp07_exercise/launch/exer2_server_launch.py
-- Up-to-date: /home/hzc/linux/ros2/stu/ws01_plubming/install/cpp07_exercise/share/cpp07_exercise/launch/exer1_server_launch.py
-- Up-to-date: /home/hzc/linux/ros2/stu/ws01_plubming/install/cpp07_exercise/share/cpp07_exercise/launch/exer1_client_launch.py
-- Up-to-date: /home/hzc/linux/ros2/stu/ws01_plubming/install/cpp07_exercise/share/cpp07_exercise/launch/exer2_client_launch.py
-- Up-to-date: /home/hzc/linux/ros2/stu/ws01_plubming/install/cpp07_exercise/share/ament_index/resource_index/package_run_dependencies/cpp07_exercise
-- Up-to-date: /home/hzc/linux/ros2/stu/ws01_plubming/install/cpp07_exercise/share/ament_index/resource_index/parent_prefix_path/cpp07_exercise
-- Up-to-date: /home/hzc/linux/ros2/stu/ws01_plubming/install/cpp07_exercise/share/cpp07_exercise/environment/ament_prefix_path.sh
-- Up-to-date: /home/hzc/linux/ros2/stu/ws01_plubming/install/cpp07_exercise/share/cpp07_exercise/environment/ament_prefix_path.dsv
-- Up-to-date: /home/hzc/linux/ros2/stu/ws01_plubming/install/cpp07_exercise/share/cpp07_exercise/environment/path.sh
-- Up-to-date: /home/hzc/linux/ros2/stu/ws01_plubming/install/cpp07_exercise/share/cpp07_exercise/environment/path.dsv
-- Up-to-date: /home/hzc/linux/ros2/stu/ws01_plubming/install/cpp07_exercise/share/cpp07_exercise/local_setup.bash
-- Up-to-date: /home/hzc/linux/ros2/stu/ws01_plubming/install/cpp07_exercise/share/cpp07_exercise/local_setup.fish
-- Up-to-date: /home/hzc/linux/ros2/stu/ws01_plubming/install/cpp07_exercise/share/cpp07_exercise/local_setup.sh
-- Up-to-date: /home/hzc/linux/ros2/stu/ws01_plubming/install/cpp07_exercise/share/cpp07_exercise/local_setup.zsh
-- Up-to-date: /home/hzc/linux/ros2/stu/ws01_plubming/install/cpp07_exercise/share/cpp07_exercise/local_setup.dsv
-- Installing: /home/hzc/linux/ros2/stu/ws01_plubming/install/cpp07_exercise/share/cpp07_exercise/package.dsv
-- Up-to-date: /home/hzc/linux/ros2/stu/ws01_plubming/install/cpp07_exercise/share/ament_index/resource_index/packages/cpp07_exercise
-- Up-to-date: /home/hzc/linux/ros2/stu/ws01_plubming/install/cpp07_exercise/share/cpp07_exercise/cmake/cpp07_exerciseConfig.cmake
-- Up-to-date: /home/hzc/linux/ros2/stu/ws01_plubming/install/cpp07_exercise/share/cpp07_exercise/cmake/cpp07_exerciseConfig-version.cmake
-- Up-to-date: /home/hzc/linux/ros2/stu/ws01_plubming/install/cpp07_exercise/share/cpp07_exercise/package.xml
